2026-05-14 11:09:46,850 INFO CSMF2.step_1_1_1.run :: STEP-1_1 run | tag=nice_s2_n0.10_seed0_e5b5e7fc9c78 | cfg=StepCfg(data_root='./mnist_data', scale=2, blur_sigma=1.0, noise_sigma=0.1, batch_size=128, expert='nice', dim=784, cond_width=128, h_dim=256, flow_hidden=256, use_film=True, cache_h=True, use_v2_conditioner=True, film_depth=2, film_hidden=128, film_use_gelu=True, realnvp_n_couplings=6, realnvp_s_max=2.0, glow_n_steps=8, glow_coupling_hidden=256, glow_s_max=2.0, glow_squeeze=True, glow_n_levels=1, glow_image_c=1, glow_image_h=28, glow_image_w=28, glow_film_gain_init=0.3, lr=0.001, epochs=30, weight_decay=0.0, grad_clip=5.0, shuffle_loss_lambda=0.0, shuffle_loss_margin=0.5, h_std_penalty_mu=0.0, h_std_target=0.05, cond_y_residual_alpha_init=0.0, latent_moment_lambda=0.1, latent_ks_target=0.1, fwd_rel_target=0.5, resume_from=None, seed=0, out_root='./CSMF2/experiments/step_1_1_1/results', log_every=50, sanity_every_epoch=True)
2026-05-14 11:09:46,919 INFO CSMF2.step_1_1_1.run :: [run] data sizes: train=55000  val=5000 (per-epoch)  test=10000 (final-only)
2026-05-14 11:09:46,978 INFO CSMF2.step_1_1_1.run :: [y_sanity] y.std(dim=0).mean() = 0.1512  shape=(128, 1, 14, 14)
2026-05-14 11:09:54,640 INFO CSMF2.step_1_1_1.run :: [h] epoch=0 step=50 total=0.07639 batch=0.00074
2026-05-14 11:09:54,641 INFO CSMF2.step_1_1_1.run :: [lat] epoch=0 step=50 mean_l2=0.02906 std_l2=3.06669
2026-05-14 11:09:54,716 INFO CSMF2.step_1_1_1.run :: epoch=0 step=50/429 train_nll=-495.002
2026-05-14 11:10:02,591 INFO CSMF2.step_1_1_1.run :: [h] epoch=0 step=100 total=0.15079 batch=0.00192
2026-05-14 11:10:02,591 INFO CSMF2.step_1_1_1.run :: [lat] epoch=0 step=100 mean_l2=0.03342 std_l2=0.75021
2026-05-14 11:10:02,658 INFO CSMF2.step_1_1_1.run :: epoch=0 step=100/429 train_nll=-726.670
2026-05-14 11:10:10,469 INFO CSMF2.step_1_1_1.run :: [h] epoch=0 step=150 total=0.23255 batch=0.00390
2026-05-14 11:10:10,470 INFO CSMF2.step_1_1_1.run :: [lat] epoch=0 step=150 mean_l2=0.04537 std_l2=0.51453
2026-05-14 11:10:10,538 INFO CSMF2.step_1_1_1.run :: epoch=0 step=150/429 train_nll=-847.672
2026-05-14 11:10:18,357 INFO CSMF2.step_1_1_1.run :: [h] epoch=0 step=200 total=0.25716 batch=0.00483
2026-05-14 11:10:18,358 INFO CSMF2.step_1_1_1.run :: [lat] epoch=0 step=200 mean_l2=0.02976 std_l2=0.40748
2026-05-14 11:10:18,430 INFO CSMF2.step_1_1_1.run :: epoch=0 step=200/429 train_nll=-926.135
2026-05-14 11:10:26,282 INFO CSMF2.step_1_1_1.run :: [h] epoch=0 step=250 total=0.26677 batch=0.00301
2026-05-14 11:10:26,282 INFO CSMF2.step_1_1_1.run :: [lat] epoch=0 step=250 mean_l2=0.02554 std_l2=0.38764
2026-05-14 11:10:26,347 INFO CSMF2.step_1_1_1.run :: epoch=0 step=250/429 train_nll=-983.399
2026-05-14 11:10:34,251 INFO CSMF2.step_1_1_1.run :: [h] epoch=0 step=300 total=0.27490 batch=0.00259
2026-05-14 11:10:34,251 INFO CSMF2.step_1_1_1.run :: [lat] epoch=0 step=300 mean_l2=0.02301 std_l2=0.35717
2026-05-14 11:10:34,316 INFO CSMF2.step_1_1_1.run :: epoch=0 step=300/429 train_nll=-1027.649
2026-05-14 11:10:42,242 INFO CSMF2.step_1_1_1.run :: [h] epoch=0 step=350 total=0.28953 batch=0.00133
2026-05-14 11:10:42,242 INFO CSMF2.step_1_1_1.run :: [lat] epoch=0 step=350 mean_l2=0.02043 std_l2=0.36225
2026-05-14 11:10:42,308 INFO CSMF2.step_1_1_1.run :: epoch=0 step=350/429 train_nll=-1063.617
2026-05-14 11:10:50,110 INFO CSMF2.step_1_1_1.run :: [h] epoch=0 step=400 total=0.29286 batch=0.00103
2026-05-14 11:10:50,111 INFO CSMF2.step_1_1_1.run :: [lat] epoch=0 step=400 mean_l2=0.03011 std_l2=0.38993
2026-05-14 11:10:50,188 INFO CSMF2.step_1_1_1.run :: epoch=0 step=400/429 train_nll=-1094.531
2026-05-14 11:10:58,165 INFO CSMF2.step_1_1_1.run :: epoch=0  train_nll=-1110.310  val_nll=-1334.897  t=71.2s
2026-05-14 11:10:58,165 INFO CSMF2.step_1_1_1.run :: [h_std] total=0.22704 batch=0.00276 (no penalty)
2026-05-14 11:10:58,165 INFO CSMF2.step_1_1_1.run :: [lat_epoch] mean_l2=0.08813 std_l2=1.08710 lambda=0.100
2026-05-14 11:10:58,165 INFO CSMF2.step_1_1_1.run :: [grad] cond=21.0993 film_gain=0.0000
2026-05-14 11:11:09,538 INFO CSMF2.step_1_1_1.run :: [h] epoch=1 step=50 total=0.29470 batch=0.00142
2026-05-14 11:11:09,538 INFO CSMF2.step_1_1_1.run :: [lat] epoch=1 step=50 mean_l2=0.03276 std_l2=0.37641
2026-05-14 11:11:09,603 INFO CSMF2.step_1_1_1.run :: epoch=1 step=50/429 train_nll=-1347.039
2026-05-14 11:11:17,345 INFO CSMF2.step_1_1_1.run :: [h] epoch=1 step=100 total=0.29860 batch=0.00168
2026-05-14 11:11:17,345 INFO CSMF2.step_1_1_1.run :: [lat] epoch=1 step=100 mean_l2=0.02794 std_l2=0.37702
2026-05-14 11:11:17,411 INFO CSMF2.step_1_1_1.run :: epoch=1 step=100/429 train_nll=-1358.662
2026-05-14 11:11:25,250 INFO CSMF2.step_1_1_1.run :: [h] epoch=1 step=150 total=0.29904 batch=0.00170
2026-05-14 11:11:25,250 INFO CSMF2.step_1_1_1.run :: [lat] epoch=1 step=150 mean_l2=0.02634 std_l2=0.35753
2026-05-14 11:11:25,316 INFO CSMF2.step_1_1_1.run :: epoch=1 step=150/429 train_nll=-1370.722
2026-05-14 11:11:33,151 INFO CSMF2.step_1_1_1.run :: [h] epoch=1 step=200 total=0.30183 batch=0.00202
2026-05-14 11:11:33,151 INFO CSMF2.step_1_1_1.run :: [lat] epoch=1 step=200 mean_l2=0.03236 std_l2=0.38780
2026-05-14 11:11:33,220 INFO CSMF2.step_1_1_1.run :: epoch=1 step=200/429 train_nll=-1380.706
2026-05-14 11:11:41,165 INFO CSMF2.step_1_1_1.run :: [h] epoch=1 step=250 total=0.29730 batch=0.00255
2026-05-14 11:11:41,165 INFO CSMF2.step_1_1_1.run :: [lat] epoch=1 step=250 mean_l2=0.03849 std_l2=0.37737
2026-05-14 11:11:41,236 INFO CSMF2.step_1_1_1.run :: epoch=1 step=250/429 train_nll=-1390.908
2026-05-14 11:11:49,437 INFO CSMF2.step_1_1_1.run :: [h] epoch=1 step=300 total=0.31095 batch=0.00305
2026-05-14 11:11:49,438 INFO CSMF2.step_1_1_1.run :: [lat] epoch=1 step=300 mean_l2=0.03047 std_l2=0.33940
2026-05-14 11:11:49,510 INFO CSMF2.step_1_1_1.run :: epoch=1 step=300/429 train_nll=-1400.688
2026-05-14 11:11:57,861 INFO CSMF2.step_1_1_1.run :: [h] epoch=1 step=350 total=0.30478 batch=0.00428
2026-05-14 11:11:57,861 INFO CSMF2.step_1_1_1.run :: [lat] epoch=1 step=350 mean_l2=0.02635 std_l2=0.38979
2026-05-14 11:11:57,935 INFO CSMF2.step_1_1_1.run :: epoch=1 step=350/429 train_nll=-1410.641
2026-05-14 11:12:06,487 INFO CSMF2.step_1_1_1.run :: [h] epoch=1 step=400 total=0.30379 batch=0.00565
2026-05-14 11:12:06,488 INFO CSMF2.step_1_1_1.run :: [lat] epoch=1 step=400 mean_l2=0.02999 std_l2=0.37550
2026-05-14 11:12:06,580 INFO CSMF2.step_1_1_1.run :: epoch=1 step=400/429 train_nll=-1420.163
2026-05-14 11:12:14,825 INFO CSMF2.step_1_1_1.run :: epoch=1  train_nll=-1425.540  val_nll=-1505.657  t=72.8s
2026-05-14 11:12:14,825 INFO CSMF2.step_1_1_1.run :: [h_std] total=0.30002 batch=0.00280 (no penalty)
2026-05-14 11:12:14,825 INFO CSMF2.step_1_1_1.run :: [lat_epoch] mean_l2=0.02989 std_l2=0.37410 lambda=0.100
2026-05-14 11:12:14,825 INFO CSMF2.step_1_1_1.run :: [grad] cond=22.7240 film_gain=0.0000
2026-05-14 11:12:26,566 INFO CSMF2.step_1_1_1.run :: [h] epoch=2 step=50 total=0.29796 batch=0.00722
2026-05-14 11:12:26,567 INFO CSMF2.step_1_1_1.run :: [lat] epoch=2 step=50 mean_l2=0.02730 std_l2=0.37005
2026-05-14 11:12:26,656 INFO CSMF2.step_1_1_1.run :: epoch=2 step=50/429 train_nll=-1511.868
2026-05-14 11:12:34,870 INFO CSMF2.step_1_1_1.run :: [h] epoch=2 step=100 total=0.29687 batch=0.00954
2026-05-14 11:12:34,870 INFO CSMF2.step_1_1_1.run :: [lat] epoch=2 step=100 mean_l2=0.02904 std_l2=0.36132
2026-05-14 11:12:34,960 INFO CSMF2.step_1_1_1.run :: epoch=2 step=100/429 train_nll=-1520.400
2026-05-14 11:12:43,221 INFO CSMF2.step_1_1_1.run :: [h] epoch=2 step=150 total=0.29813 batch=0.00885
2026-05-14 11:12:43,222 INFO CSMF2.step_1_1_1.run :: [lat] epoch=2 step=150 mean_l2=0.03539 std_l2=0.33393
2026-05-14 11:12:43,312 INFO CSMF2.step_1_1_1.run :: epoch=2 step=150/429 train_nll=-1529.039
2026-05-14 11:12:51,413 INFO CSMF2.step_1_1_1.run :: [h] epoch=2 step=200 total=0.29622 batch=0.01031
2026-05-14 11:12:51,414 INFO CSMF2.step_1_1_1.run :: [lat] epoch=2 step=200 mean_l2=0.02781 std_l2=0.36988
2026-05-14 11:12:51,486 INFO CSMF2.step_1_1_1.run :: epoch=2 step=200/429 train_nll=-1536.227
2026-05-14 11:12:59,664 INFO CSMF2.step_1_1_1.run :: [h] epoch=2 step=250 total=0.29952 batch=0.00710
2026-05-14 11:12:59,665 INFO CSMF2.step_1_1_1.run :: [lat] epoch=2 step=250 mean_l2=0.04029 std_l2=0.35281
2026-05-14 11:12:59,737 INFO CSMF2.step_1_1_1.run :: epoch=2 step=250/429 train_nll=-1543.286
2026-05-14 11:13:07,896 INFO CSMF2.step_1_1_1.run :: [h] epoch=2 step=300 total=0.29467 batch=0.01140
2026-05-14 11:13:07,896 INFO CSMF2.step_1_1_1.run :: [lat] epoch=2 step=300 mean_l2=0.04802 std_l2=0.30685
2026-05-14 11:13:07,968 INFO CSMF2.step_1_1_1.run :: epoch=2 step=300/429 train_nll=-1550.003
2026-05-14 11:13:16,115 INFO CSMF2.step_1_1_1.run :: [h] epoch=2 step=350 total=0.30056 batch=0.01111
2026-05-14 11:13:16,116 INFO CSMF2.step_1_1_1.run :: [lat] epoch=2 step=350 mean_l2=0.03746 std_l2=0.36426
2026-05-14 11:13:16,187 INFO CSMF2.step_1_1_1.run :: epoch=2 step=350/429 train_nll=-1557.295
2026-05-14 11:13:24,310 INFO CSMF2.step_1_1_1.run :: [h] epoch=2 step=400 total=0.29987 batch=0.01111
2026-05-14 11:13:24,311 INFO CSMF2.step_1_1_1.run :: [lat] epoch=2 step=400 mean_l2=0.04001 std_l2=0.34241
2026-05-14 11:13:24,383 INFO CSMF2.step_1_1_1.run :: epoch=2 step=400/429 train_nll=-1564.023
2026-05-14 11:13:32,403 INFO CSMF2.step_1_1_1.run :: epoch=2  train_nll=-1568.040  val_nll=-1628.512  t=73.9s
2026-05-14 11:13:32,403 INFO CSMF2.step_1_1_1.run :: [h_std] total=0.29813 batch=0.00938 (no penalty)
2026-05-14 11:13:32,403 INFO CSMF2.step_1_1_1.run :: [lat_epoch] mean_l2=0.03484 std_l2=0.35399 lambda=0.100
2026-05-14 11:13:32,403 INFO CSMF2.step_1_1_1.run :: [grad] cond=7.0892 film_gain=0.0000
2026-05-14 11:13:44,115 INFO CSMF2.step_1_1_1.run :: [h] epoch=3 step=50 total=0.28900 batch=0.01470
2026-05-14 11:13:44,115 INFO CSMF2.step_1_1_1.run :: [lat] epoch=3 step=50 mean_l2=0.04048 std_l2=0.34535
2026-05-14 11:13:44,186 INFO CSMF2.step_1_1_1.run :: epoch=3 step=50/429 train_nll=-1630.619
2026-05-14 11:13:52,261 INFO CSMF2.step_1_1_1.run :: [h] epoch=3 step=100 total=0.29355 batch=0.01572
2026-05-14 11:13:52,261 INFO CSMF2.step_1_1_1.run :: [lat] epoch=3 step=100 mean_l2=0.03974 std_l2=0.33027
2026-05-14 11:13:52,334 INFO CSMF2.step_1_1_1.run :: epoch=3 step=100/429 train_nll=-1636.974
2026-05-14 11:14:00,467 INFO CSMF2.step_1_1_1.run :: [h] epoch=3 step=150 total=0.29914 batch=0.01417
2026-05-14 11:14:00,468 INFO CSMF2.step_1_1_1.run :: [lat] epoch=3 step=150 mean_l2=0.05083 std_l2=0.30411
2026-05-14 11:14:00,539 INFO CSMF2.step_1_1_1.run :: epoch=3 step=150/429 train_nll=-1644.428
2026-05-14 11:14:08,753 INFO CSMF2.step_1_1_1.run :: [h] epoch=3 step=200 total=0.29267 batch=0.01868
2026-05-14 11:14:08,754 INFO CSMF2.step_1_1_1.run :: [lat] epoch=3 step=200 mean_l2=0.03518 std_l2=0.34313
2026-05-14 11:14:08,845 INFO CSMF2.step_1_1_1.run :: epoch=3 step=200/429 train_nll=-1649.663
2026-05-14 11:14:17,100 INFO CSMF2.step_1_1_1.run :: [h] epoch=3 step=250 total=0.28553 batch=0.01868
2026-05-14 11:14:17,100 INFO CSMF2.step_1_1_1.run :: [lat] epoch=3 step=250 mean_l2=0.04196 std_l2=0.33079
2026-05-14 11:14:17,173 INFO CSMF2.step_1_1_1.run :: epoch=3 step=250/429 train_nll=-1655.232
2026-05-14 11:14:25,292 INFO CSMF2.step_1_1_1.run :: [h] epoch=3 step=300 total=0.29637 batch=0.02044
2026-05-14 11:14:25,292 INFO CSMF2.step_1_1_1.run :: [lat] epoch=3 step=300 mean_l2=0.04267 std_l2=0.29208
2026-05-14 11:14:25,363 INFO CSMF2.step_1_1_1.run :: epoch=3 step=300/429 train_nll=-1660.559
2026-05-14 11:14:33,628 INFO CSMF2.step_1_1_1.run :: [h] epoch=3 step=350 total=0.29735 batch=0.02144
2026-05-14 11:14:33,629 INFO CSMF2.step_1_1_1.run :: [lat] epoch=3 step=350 mean_l2=0.03445 std_l2=0.33671
2026-05-14 11:14:33,721 INFO CSMF2.step_1_1_1.run :: epoch=3 step=350/429 train_nll=-1666.396
2026-05-14 11:14:41,913 INFO CSMF2.step_1_1_1.run :: [h] epoch=3 step=400 total=0.28706 batch=0.03627
2026-05-14 11:14:41,914 INFO CSMF2.step_1_1_1.run :: [lat] epoch=3 step=400 mean_l2=0.04425 std_l2=0.31600
2026-05-14 11:14:41,985 INFO CSMF2.step_1_1_1.run :: epoch=3 step=400/429 train_nll=-1671.332
2026-05-14 11:14:50,126 INFO CSMF2.step_1_1_1.run :: epoch=3  train_nll=-1674.579  val_nll=-1717.475  t=73.9s
2026-05-14 11:14:50,126 INFO CSMF2.step_1_1_1.run :: [h_std] total=0.29162 batch=0.01940 (no penalty)
2026-05-14 11:14:50,126 INFO CSMF2.step_1_1_1.run :: [lat_epoch] mean_l2=0.04056 std_l2=0.32658 lambda=0.100
2026-05-14 11:14:50,126 INFO CSMF2.step_1_1_1.run :: [grad] cond=36.9023 film_gain=0.0000
2026-05-14 11:15:01,737 INFO CSMF2.step_1_1_1.run :: [h] epoch=4 step=50 total=0.28459 batch=0.04247
2026-05-14 11:15:01,737 INFO CSMF2.step_1_1_1.run :: [lat] epoch=4 step=50 mean_l2=0.03422 std_l2=0.32524
2026-05-14 11:15:01,808 INFO CSMF2.step_1_1_1.run :: epoch=4 step=50/429 train_nll=-1721.749
2026-05-14 11:15:10,146 INFO CSMF2.step_1_1_1.run :: [h] epoch=4 step=100 total=0.28851 batch=0.05180
2026-05-14 11:15:10,147 INFO CSMF2.step_1_1_1.run :: [lat] epoch=4 step=100 mean_l2=0.02817 std_l2=0.31221
2026-05-14 11:15:10,218 INFO CSMF2.step_1_1_1.run :: epoch=4 step=100/429 train_nll=-1726.906
2026-05-14 11:15:18,417 INFO CSMF2.step_1_1_1.run :: [h] epoch=4 step=150 total=0.28346 batch=0.04503
2026-05-14 11:15:18,417 INFO CSMF2.step_1_1_1.run :: [lat] epoch=4 step=150 mean_l2=0.04315 std_l2=0.28359
2026-05-14 11:15:18,488 INFO CSMF2.step_1_1_1.run :: epoch=4 step=150/429 train_nll=-1733.137
2026-05-14 11:15:26,732 INFO CSMF2.step_1_1_1.run :: [h] epoch=4 step=200 total=0.28176 batch=0.06030
2026-05-14 11:15:26,733 INFO CSMF2.step_1_1_1.run :: [lat] epoch=4 step=200 mean_l2=0.05629 std_l2=0.31923
2026-05-14 11:15:26,804 INFO CSMF2.step_1_1_1.run :: epoch=4 step=200/429 train_nll=-1737.198
2026-05-14 11:15:34,950 INFO CSMF2.step_1_1_1.run :: [h] epoch=4 step=250 total=0.28749 batch=0.04563
2026-05-14 11:15:34,951 INFO CSMF2.step_1_1_1.run :: [lat] epoch=4 step=250 mean_l2=0.03775 std_l2=0.31879
2026-05-14 11:15:35,022 INFO CSMF2.step_1_1_1.run :: epoch=4 step=250/429 train_nll=-1741.897
2026-05-14 11:15:43,223 INFO CSMF2.step_1_1_1.run :: [h] epoch=4 step=300 total=0.28429 batch=0.05384
2026-05-14 11:15:43,223 INFO CSMF2.step_1_1_1.run :: [lat] epoch=4 step=300 mean_l2=0.04633 std_l2=0.27944
2026-05-14 11:15:43,295 INFO CSMF2.step_1_1_1.run :: epoch=4 step=300/429 train_nll=-1745.932
2026-05-14 11:15:51,447 INFO CSMF2.step_1_1_1.run :: [h] epoch=4 step=350 total=0.27268 batch=0.05775
2026-05-14 11:15:51,447 INFO CSMF2.step_1_1_1.run :: [lat] epoch=4 step=350 mean_l2=0.04644 std_l2=0.31262
2026-05-14 11:15:51,519 INFO CSMF2.step_1_1_1.run :: epoch=4 step=350/429 train_nll=-1750.246
2026-05-14 11:15:59,732 INFO CSMF2.step_1_1_1.run :: [h] epoch=4 step=400 total=0.28396 batch=0.06544
2026-05-14 11:15:59,732 INFO CSMF2.step_1_1_1.run :: [lat] epoch=4 step=400 mean_l2=0.04480 std_l2=0.30177
2026-05-14 11:15:59,821 INFO CSMF2.step_1_1_1.run :: epoch=4 step=400/429 train_nll=-1754.170
2026-05-14 11:16:08,200 INFO CSMF2.step_1_1_1.run :: epoch=4  train_nll=-1756.699  val_nll=-1796.575  t=74.3s
2026-05-14 11:16:08,200 INFO CSMF2.step_1_1_1.run :: [h_std] total=0.28455 batch=0.05197 (no penalty)
2026-05-14 11:16:08,200 INFO CSMF2.step_1_1_1.run :: [lat_epoch] mean_l2=0.04811 std_l2=0.30567 lambda=0.100
2026-05-14 11:16:08,200 INFO CSMF2.step_1_1_1.run :: [grad] cond=5.7834 film_gain=0.0000
2026-05-14 11:16:20,012 INFO CSMF2.step_1_1_1.run :: [h] epoch=5 step=50 total=0.27497 batch=0.05978
2026-05-14 11:16:20,013 INFO CSMF2.step_1_1_1.run :: [lat] epoch=5 step=50 mean_l2=0.04922 std_l2=0.31088
2026-05-14 11:16:20,084 INFO CSMF2.step_1_1_1.run :: epoch=5 step=50/429 train_nll=-1794.274
2026-05-14 11:16:28,468 INFO CSMF2.step_1_1_1.run :: [h] epoch=5 step=100 total=0.27613 batch=0.07034
2026-05-14 11:16:28,468 INFO CSMF2.step_1_1_1.run :: [lat] epoch=5 step=100 mean_l2=0.06478 std_l2=0.31479
2026-05-14 11:16:28,540 INFO CSMF2.step_1_1_1.run :: epoch=5 step=100/429 train_nll=-1797.302
2026-05-14 11:16:36,936 INFO CSMF2.step_1_1_1.run :: [h] epoch=5 step=150 total=0.27058 batch=0.06177
2026-05-14 11:16:36,937 INFO CSMF2.step_1_1_1.run :: [lat] epoch=5 step=150 mean_l2=0.04563 std_l2=0.28074
2026-05-14 11:16:37,025 INFO CSMF2.step_1_1_1.run :: epoch=5 step=150/429 train_nll=-1802.200
2026-05-14 11:16:45,224 INFO CSMF2.step_1_1_1.run :: [h] epoch=5 step=200 total=0.27443 batch=0.07188
2026-05-14 11:16:45,224 INFO CSMF2.step_1_1_1.run :: [lat] epoch=5 step=200 mean_l2=0.04339 std_l2=0.30678
2026-05-14 11:16:45,295 INFO CSMF2.step_1_1_1.run :: epoch=5 step=200/429 train_nll=-1806.165
2026-05-14 11:16:53,516 INFO CSMF2.step_1_1_1.run :: [h] epoch=5 step=250 total=0.27798 batch=0.05961
2026-05-14 11:16:53,517 INFO CSMF2.step_1_1_1.run :: [lat] epoch=5 step=250 mean_l2=0.04456 std_l2=0.32921
2026-05-14 11:16:53,588 INFO CSMF2.step_1_1_1.run :: epoch=5 step=250/429 train_nll=-1810.770
2026-05-14 11:17:01,782 INFO CSMF2.step_1_1_1.run :: [h] epoch=5 step=300 total=0.27411 batch=0.06555
2026-05-14 11:17:01,783 INFO CSMF2.step_1_1_1.run :: [lat] epoch=5 step=300 mean_l2=0.06328 std_l2=0.29558
2026-05-14 11:17:01,872 INFO CSMF2.step_1_1_1.run :: epoch=5 step=300/429 train_nll=-1814.589
2026-05-14 11:17:10,043 INFO CSMF2.step_1_1_1.run :: [h] epoch=5 step=350 total=0.27312 batch=0.06809
2026-05-14 11:17:10,044 INFO CSMF2.step_1_1_1.run :: [lat] epoch=5 step=350 mean_l2=0.05324 std_l2=0.31472
2026-05-14 11:17:10,115 INFO CSMF2.step_1_1_1.run :: epoch=5 step=350/429 train_nll=-1818.782
2026-05-14 11:17:18,294 INFO CSMF2.step_1_1_1.run :: [h] epoch=5 step=400 total=0.27249 batch=0.07214
2026-05-14 11:17:18,294 INFO CSMF2.step_1_1_1.run :: [lat] epoch=5 step=400 mean_l2=0.04113 std_l2=0.29018
2026-05-14 11:17:18,366 INFO CSMF2.step_1_1_1.run :: epoch=5 step=400/429 train_nll=-1822.018
2026-05-14 11:17:26,669 INFO CSMF2.step_1_1_1.run :: epoch=5  train_nll=-1824.102  val_nll=-1859.599  t=74.7s
2026-05-14 11:17:26,669 INFO CSMF2.step_1_1_1.run :: [h_std] total=0.27307 batch=0.06609 (no penalty)
2026-05-14 11:17:26,669 INFO CSMF2.step_1_1_1.run :: [lat_epoch] mean_l2=0.05446 std_l2=0.29765 lambda=0.100
2026-05-14 11:17:26,669 INFO CSMF2.step_1_1_1.run :: [grad] cond=60.4379 film_gain=0.0000
2026-05-14 11:17:38,403 INFO CSMF2.step_1_1_1.run :: [h] epoch=6 step=50 total=0.26790 batch=0.06816
2026-05-14 11:17:38,404 INFO CSMF2.step_1_1_1.run :: [lat] epoch=6 step=50 mean_l2=0.05790 std_l2=0.30391
2026-05-14 11:17:38,495 INFO CSMF2.step_1_1_1.run :: epoch=6 step=50/429 train_nll=-1857.777
2026-05-14 11:17:46,679 INFO CSMF2.step_1_1_1.run :: [h] epoch=6 step=100 total=0.27268 batch=0.08081
2026-05-14 11:17:46,679 INFO CSMF2.step_1_1_1.run :: [lat] epoch=6 step=100 mean_l2=0.05229 std_l2=0.35172
2026-05-14 11:17:46,752 INFO CSMF2.step_1_1_1.run :: epoch=6 step=100/429 train_nll=-1862.355
2026-05-14 11:17:55,040 INFO CSMF2.step_1_1_1.run :: [h] epoch=6 step=150 total=0.26680 batch=0.07066
2026-05-14 11:17:55,041 INFO CSMF2.step_1_1_1.run :: [lat] epoch=6 step=150 mean_l2=0.05848 std_l2=0.31138
2026-05-14 11:17:55,114 INFO CSMF2.step_1_1_1.run :: epoch=6 step=150/429 train_nll=-1868.443
2026-05-14 11:18:03,220 INFO CSMF2.step_1_1_1.run :: [h] epoch=6 step=200 total=0.26640 batch=0.07949
2026-05-14 11:18:03,220 INFO CSMF2.step_1_1_1.run :: [lat] epoch=6 step=200 mean_l2=0.05269 std_l2=0.30001
2026-05-14 11:18:03,292 INFO CSMF2.step_1_1_1.run :: epoch=6 step=200/429 train_nll=-1870.340
2026-05-14 11:18:11,465 INFO CSMF2.step_1_1_1.run :: [h] epoch=6 step=250 total=0.26517 batch=0.06759
2026-05-14 11:18:11,465 INFO CSMF2.step_1_1_1.run :: [lat] epoch=6 step=250 mean_l2=0.06529 std_l2=0.38688
2026-05-14 11:18:11,539 INFO CSMF2.step_1_1_1.run :: epoch=6 step=250/429 train_nll=-1872.808
2026-05-14 11:18:19,790 INFO CSMF2.step_1_1_1.run :: [h] epoch=6 step=300 total=0.26379 batch=0.07710
2026-05-14 11:18:19,790 INFO CSMF2.step_1_1_1.run :: [lat] epoch=6 step=300 mean_l2=0.05172 std_l2=0.34266
2026-05-14 11:18:19,861 INFO CSMF2.step_1_1_1.run :: epoch=6 step=300/429 train_nll=-1875.133
2026-05-14 11:18:28,256 INFO CSMF2.step_1_1_1.run :: [h] epoch=6 step=350 total=0.26261 batch=0.08113
2026-05-14 11:18:28,256 INFO CSMF2.step_1_1_1.run :: [lat] epoch=6 step=350 mean_l2=0.05631 std_l2=0.32110
2026-05-14 11:18:28,328 INFO CSMF2.step_1_1_1.run :: epoch=6 step=350/429 train_nll=-1878.395
2026-05-14 11:18:36,531 INFO CSMF2.step_1_1_1.run :: [h] epoch=6 step=400 total=0.26392 batch=0.09018
2026-05-14 11:18:36,532 INFO CSMF2.step_1_1_1.run :: [lat] epoch=6 step=400 mean_l2=0.06014 std_l2=0.30635
2026-05-14 11:18:36,605 INFO CSMF2.step_1_1_1.run :: epoch=6 step=400/429 train_nll=-1880.947
2026-05-14 11:18:44,746 INFO CSMF2.step_1_1_1.run :: epoch=6  train_nll=-1882.641  val_nll=-1904.822  t=74.3s
2026-05-14 11:18:44,746 INFO CSMF2.step_1_1_1.run :: [h_std] total=0.26530 batch=0.07608 (no penalty)
2026-05-14 11:18:44,746 INFO CSMF2.step_1_1_1.run :: [lat_epoch] mean_l2=0.05863 std_l2=0.30665 lambda=0.100
2026-05-14 11:18:44,746 INFO CSMF2.step_1_1_1.run :: [grad] cond=45.6300 film_gain=0.0000
2026-05-14 11:18:56,535 INFO CSMF2.step_1_1_1.run :: [h] epoch=7 step=50 total=0.25857 batch=0.07966
2026-05-14 11:18:56,535 INFO CSMF2.step_1_1_1.run :: [lat] epoch=7 step=50 mean_l2=0.05327 std_l2=0.31021
2026-05-14 11:18:56,607 INFO CSMF2.step_1_1_1.run :: epoch=7 step=50/429 train_nll=-1907.131
2026-05-14 11:19:04,813 INFO CSMF2.step_1_1_1.run :: [h] epoch=7 step=100 total=0.26558 batch=0.09023
2026-05-14 11:19:04,814 INFO CSMF2.step_1_1_1.run :: [lat] epoch=7 step=100 mean_l2=0.05771 std_l2=0.41426
2026-05-14 11:19:04,885 INFO CSMF2.step_1_1_1.run :: epoch=7 step=100/429 train_nll=-1911.226
2026-05-14 11:19:12,999 INFO CSMF2.step_1_1_1.run :: [h] epoch=7 step=150 total=0.25329 batch=0.08850
2026-05-14 11:19:13,000 INFO CSMF2.step_1_1_1.run :: [lat] epoch=7 step=150 mean_l2=0.06416 std_l2=0.34740
2026-05-14 11:19:13,071 INFO CSMF2.step_1_1_1.run :: epoch=7 step=150/429 train_nll=-1914.915
2026-05-14 11:19:21,197 INFO CSMF2.step_1_1_1.run :: [h] epoch=7 step=200 total=0.25655 batch=0.09263
2026-05-14 11:19:21,198 INFO CSMF2.step_1_1_1.run :: [lat] epoch=7 step=200 mean_l2=0.05592 std_l2=0.30503
2026-05-14 11:19:21,287 INFO CSMF2.step_1_1_1.run :: epoch=7 step=200/429 train_nll=-1917.167
2026-05-14 11:19:29,347 INFO CSMF2.step_1_1_1.run :: [h] epoch=7 step=250 total=0.25518 batch=0.08103
2026-05-14 11:19:29,348 INFO CSMF2.step_1_1_1.run :: [lat] epoch=7 step=250 mean_l2=0.05995 std_l2=0.47849
2026-05-14 11:19:29,420 INFO CSMF2.step_1_1_1.run :: epoch=7 step=250/429 train_nll=-1920.602
2026-05-14 11:19:37,492 INFO CSMF2.step_1_1_1.run :: [h] epoch=7 step=300 total=0.24966 batch=0.08764
2026-05-14 11:19:37,492 INFO CSMF2.step_1_1_1.run :: [lat] epoch=7 step=300 mean_l2=0.05920 std_l2=0.42588
2026-05-14 11:19:37,581 INFO CSMF2.step_1_1_1.run :: epoch=7 step=300/429 train_nll=-1922.674
2026-05-14 11:19:45,689 INFO CSMF2.step_1_1_1.run :: [h] epoch=7 step=350 total=0.25383 batch=0.09085
2026-05-14 11:19:45,690 INFO CSMF2.step_1_1_1.run :: [lat] epoch=7 step=350 mean_l2=0.05689 std_l2=0.33714
2026-05-14 11:19:45,779 INFO CSMF2.step_1_1_1.run :: epoch=7 step=350/429 train_nll=-1926.597
2026-05-14 11:19:54,093 INFO CSMF2.step_1_1_1.run :: [h] epoch=7 step=400 total=0.25397 batch=0.09420
2026-05-14 11:19:54,093 INFO CSMF2.step_1_1_1.run :: [lat] epoch=7 step=400 mean_l2=0.06989 std_l2=0.33185
2026-05-14 11:19:54,165 INFO CSMF2.step_1_1_1.run :: epoch=7 step=400/429 train_nll=-1928.688
2026-05-14 11:20:02,669 INFO CSMF2.step_1_1_1.run :: epoch=7  train_nll=-1930.356  val_nll=-1957.627  t=74.1s
2026-05-14 11:20:02,669 INFO CSMF2.step_1_1_1.run :: [h_std] total=0.25577 batch=0.08846 (no penalty)
2026-05-14 11:20:02,669 INFO CSMF2.step_1_1_1.run :: [lat_epoch] mean_l2=0.06409 std_l2=0.32999 lambda=0.100
2026-05-14 11:20:02,669 INFO CSMF2.step_1_1_1.run :: [grad] cond=15.3503 film_gain=0.0000
2026-05-14 11:20:14,165 INFO CSMF2.step_1_1_1.run :: [h] epoch=8 step=50 total=0.24955 batch=0.09167
2026-05-14 11:20:14,165 INFO CSMF2.step_1_1_1.run :: [lat] epoch=8 step=50 mean_l2=0.07242 std_l2=0.32264
2026-05-14 11:20:14,236 INFO CSMF2.step_1_1_1.run :: epoch=8 step=50/429 train_nll=-1952.644
2026-05-14 11:20:22,299 INFO CSMF2.step_1_1_1.run :: [h] epoch=8 step=100 total=0.25674 batch=0.09810
2026-05-14 11:20:22,299 INFO CSMF2.step_1_1_1.run :: [lat] epoch=8 step=100 mean_l2=0.06663 std_l2=0.51546
2026-05-14 11:20:22,371 INFO CSMF2.step_1_1_1.run :: epoch=8 step=100/429 train_nll=-1956.993
2026-05-14 11:20:30,542 INFO CSMF2.step_1_1_1.run :: [h] epoch=8 step=150 total=0.24736 batch=0.09421
2026-05-14 11:20:30,543 INFO CSMF2.step_1_1_1.run :: [lat] epoch=8 step=150 mean_l2=0.06507 std_l2=0.39341
2026-05-14 11:20:30,633 INFO CSMF2.step_1_1_1.run :: epoch=8 step=150/429 train_nll=-1961.550
2026-05-14 11:20:38,955 INFO CSMF2.step_1_1_1.run :: [h] epoch=8 step=200 total=0.24878 batch=0.09954
2026-05-14 11:20:38,956 INFO CSMF2.step_1_1_1.run :: [lat] epoch=8 step=200 mean_l2=0.05691 std_l2=0.31540
2026-05-14 11:20:39,030 INFO CSMF2.step_1_1_1.run :: epoch=8 step=200/429 train_nll=-1963.024
2026-05-14 11:20:47,205 INFO CSMF2.step_1_1_1.run :: [h] epoch=8 step=250 total=0.24571 batch=0.08951
2026-05-14 11:20:47,206 INFO CSMF2.step_1_1_1.run :: [lat] epoch=8 step=250 mean_l2=0.06985 std_l2=0.60084
2026-05-14 11:20:47,297 INFO CSMF2.step_1_1_1.run :: epoch=8 step=250/429 train_nll=-1965.442
2026-05-14 11:20:55,447 INFO CSMF2.step_1_1_1.run :: [h] epoch=8 step=300 total=0.24494 batch=0.08949
2026-05-14 11:20:55,448 INFO CSMF2.step_1_1_1.run :: [lat] epoch=8 step=300 mean_l2=0.05740 std_l2=0.54554
2026-05-14 11:20:55,537 INFO CSMF2.step_1_1_1.run :: epoch=8 step=300/429 train_nll=-1968.293
2026-05-14 11:21:03,653 INFO CSMF2.step_1_1_1.run :: [h] epoch=8 step=350 total=0.24476 batch=0.09432
2026-05-14 11:21:03,654 INFO CSMF2.step_1_1_1.run :: [lat] epoch=8 step=350 mean_l2=0.05234 std_l2=0.38416
2026-05-14 11:21:03,727 INFO CSMF2.step_1_1_1.run :: epoch=8 step=350/429 train_nll=-1971.561
2026-05-14 11:21:12,032 INFO CSMF2.step_1_1_1.run :: [h] epoch=8 step=400 total=0.24267 batch=0.09750
2026-05-14 11:21:12,033 INFO CSMF2.step_1_1_1.run :: [lat] epoch=8 step=400 mean_l2=0.07324 std_l2=0.38889
2026-05-14 11:21:12,104 INFO CSMF2.step_1_1_1.run :: epoch=8 step=400/429 train_nll=-1972.420
2026-05-14 11:21:20,416 INFO CSMF2.step_1_1_1.run :: epoch=8  train_nll=-1974.102  val_nll=-1996.078  t=74.1s
2026-05-14 11:21:20,416 INFO CSMF2.step_1_1_1.run :: [h_std] total=0.24709 batch=0.09424 (no penalty)
2026-05-14 11:21:20,416 INFO CSMF2.step_1_1_1.run :: [lat_epoch] mean_l2=0.06810 std_l2=0.37061 lambda=0.100
2026-05-14 11:21:20,416 INFO CSMF2.step_1_1_1.run :: [grad] cond=58.9995 film_gain=0.0000
2026-05-14 11:21:31,980 INFO CSMF2.step_1_1_1.run :: [h] epoch=9 step=50 total=0.24159 batch=0.09408
2026-05-14 11:21:31,981 INFO CSMF2.step_1_1_1.run :: [lat] epoch=9 step=50 mean_l2=0.06004 std_l2=0.33243
2026-05-14 11:21:32,060 INFO CSMF2.step_1_1_1.run :: epoch=9 step=50/429 train_nll=-1997.474
2026-05-14 11:21:40,270 INFO CSMF2.step_1_1_1.run :: [h] epoch=9 step=100 total=0.24819 batch=0.10444
2026-05-14 11:21:40,271 INFO CSMF2.step_1_1_1.run :: [lat] epoch=9 step=100 mean_l2=0.05738 std_l2=0.63463
2026-05-14 11:21:40,361 INFO CSMF2.step_1_1_1.run :: epoch=9 step=100/429 train_nll=-1999.623
2026-05-14 11:21:48,590 INFO CSMF2.step_1_1_1.run :: [h] epoch=9 step=150 total=0.23884 batch=0.09878
2026-05-14 11:21:48,591 INFO CSMF2.step_1_1_1.run :: [lat] epoch=9 step=150 mean_l2=0.06406 std_l2=0.44463
2026-05-14 11:21:48,674 INFO CSMF2.step_1_1_1.run :: epoch=9 step=150/429 train_nll=-2002.957
2026-05-14 11:21:56,858 INFO CSMF2.step_1_1_1.run :: [h] epoch=9 step=200 total=0.24078 batch=0.10167
2026-05-14 11:21:56,858 INFO CSMF2.step_1_1_1.run :: [lat] epoch=9 step=200 mean_l2=0.06144 std_l2=0.32993
2026-05-14 11:21:56,948 INFO CSMF2.step_1_1_1.run :: epoch=9 step=200/429 train_nll=-2003.711
2026-05-14 11:22:05,182 INFO CSMF2.step_1_1_1.run :: [h] epoch=9 step=250 total=0.23720 batch=0.09617
2026-05-14 11:22:05,182 INFO CSMF2.step_1_1_1.run :: [lat] epoch=9 step=250 mean_l2=0.07655 std_l2=0.77456
2026-05-14 11:22:05,254 INFO CSMF2.step_1_1_1.run :: epoch=9 step=250/429 train_nll=-2005.933
2026-05-14 11:22:13,498 INFO CSMF2.step_1_1_1.run :: [h] epoch=9 step=300 total=0.23640 batch=0.10061
2026-05-14 11:22:13,498 INFO CSMF2.step_1_1_1.run :: [lat] epoch=9 step=300 mean_l2=0.05363 std_l2=0.72230
2026-05-14 11:22:13,567 INFO CSMF2.step_1_1_1.run :: epoch=9 step=300/429 train_nll=-2007.503
2026-05-14 11:22:21,846 INFO CSMF2.step_1_1_1.run :: [h] epoch=9 step=350 total=0.24128 batch=0.10503
2026-05-14 11:22:21,846 INFO CSMF2.step_1_1_1.run :: [lat] epoch=9 step=350 mean_l2=0.08409 std_l2=0.46147
2026-05-14 11:22:21,918 INFO CSMF2.step_1_1_1.run :: epoch=9 step=350/429 train_nll=-2010.957
2026-05-14 11:22:30,135 INFO CSMF2.step_1_1_1.run :: [h] epoch=9 step=400 total=0.23684 batch=0.10423
2026-05-14 11:22:30,136 INFO CSMF2.step_1_1_1.run :: [lat] epoch=9 step=400 mean_l2=0.06716 std_l2=0.50067
2026-05-14 11:22:30,226 INFO CSMF2.step_1_1_1.run :: epoch=9 step=400/429 train_nll=-2011.716
2026-05-14 11:22:38,383 INFO CSMF2.step_1_1_1.run :: epoch=9  train_nll=-2013.178  val_nll=-2028.005  t=74.3s
2026-05-14 11:22:38,383 INFO CSMF2.step_1_1_1.run :: [h_std] total=0.23989 batch=0.10081 (no penalty)
2026-05-14 11:22:38,383 INFO CSMF2.step_1_1_1.run :: [lat_epoch] mean_l2=0.07026 std_l2=0.42371 lambda=0.100
2026-05-14 11:22:38,383 INFO CSMF2.step_1_1_1.run :: [grad] cond=46.1284 film_gain=0.0000
2026-05-14 11:22:50,097 INFO CSMF2.step_1_1_1.run :: [h] epoch=10 step=50 total=0.23590 batch=0.10731
2026-05-14 11:22:50,097 INFO CSMF2.step_1_1_1.run :: [lat] epoch=10 step=50 mean_l2=0.06063 std_l2=0.34241
2026-05-14 11:22:50,169 INFO CSMF2.step_1_1_1.run :: epoch=10 step=50/429 train_nll=-2029.807
2026-05-14 11:22:58,315 INFO CSMF2.step_1_1_1.run :: [h] epoch=10 step=100 total=0.24166 batch=0.11423
2026-05-14 11:22:58,315 INFO CSMF2.step_1_1_1.run :: [lat] epoch=10 step=100 mean_l2=0.07363 std_l2=0.74351
2026-05-14 11:22:58,405 INFO CSMF2.step_1_1_1.run :: epoch=10 step=100/429 train_nll=-2032.603
2026-05-14 11:23:06,729 INFO CSMF2.step_1_1_1.run :: [h] epoch=10 step=150 total=0.23567 batch=0.11339
2026-05-14 11:23:06,730 INFO CSMF2.step_1_1_1.run :: [lat] epoch=10 step=150 mean_l2=0.07401 std_l2=0.46790
2026-05-14 11:23:06,801 INFO CSMF2.step_1_1_1.run :: epoch=10 step=150/429 train_nll=-2037.061
2026-05-14 11:23:14,893 INFO CSMF2.step_1_1_1.run :: [h] epoch=10 step=200 total=0.23686 batch=0.11628
2026-05-14 11:23:14,893 INFO CSMF2.step_1_1_1.run :: [lat] epoch=10 step=200 mean_l2=0.07039 std_l2=0.34005
2026-05-14 11:23:14,983 INFO CSMF2.step_1_1_1.run :: epoch=10 step=200/429 train_nll=-2038.367
2026-05-14 11:23:23,156 INFO CSMF2.step_1_1_1.run :: [h] epoch=10 step=250 total=0.23334 batch=0.10921
2026-05-14 11:23:23,156 INFO CSMF2.step_1_1_1.run :: [lat] epoch=10 step=250 mean_l2=0.06419 std_l2=0.91628
2026-05-14 11:23:23,228 INFO CSMF2.step_1_1_1.run :: epoch=10 step=250/429 train_nll=-2040.140
2026-05-14 11:23:31,376 INFO CSMF2.step_1_1_1.run :: [h] epoch=10 step=300 total=0.23709 batch=0.11969
2026-05-14 11:23:31,376 INFO CSMF2.step_1_1_1.run :: [lat] epoch=10 step=300 mean_l2=0.07144 std_l2=1.04323
2026-05-14 11:23:31,448 INFO CSMF2.step_1_1_1.run :: epoch=10 step=300/429 train_nll=-2041.342
2026-05-14 11:23:39,553 INFO CSMF2.step_1_1_1.run :: [h] epoch=10 step=350 total=0.23687 batch=0.11990
2026-05-14 11:23:39,553 INFO CSMF2.step_1_1_1.run :: [lat] epoch=10 step=350 mean_l2=0.08334 std_l2=0.57606
2026-05-14 11:23:39,625 INFO CSMF2.step_1_1_1.run :: epoch=10 step=350/429 train_nll=-2044.169
2026-05-14 11:23:47,780 INFO CSMF2.step_1_1_1.run :: [h] epoch=10 step=400 total=0.23486 batch=0.12267
2026-05-14 11:23:47,780 INFO CSMF2.step_1_1_1.run :: [lat] epoch=10 step=400 mean_l2=0.08814 std_l2=0.63777
2026-05-14 11:23:47,852 INFO CSMF2.step_1_1_1.run :: epoch=10 step=400/429 train_nll=-2044.517
2026-05-14 11:23:56,257 INFO CSMF2.step_1_1_1.run :: epoch=10  train_nll=-2045.691  val_nll=-2066.214  t=74.2s
2026-05-14 11:23:56,257 INFO CSMF2.step_1_1_1.run :: [h_std] total=0.23612 batch=0.11529 (no penalty)
2026-05-14 11:23:56,257 INFO CSMF2.step_1_1_1.run :: [lat_epoch] mean_l2=0.07565 std_l2=0.48602 lambda=0.100
2026-05-14 11:23:56,257 INFO CSMF2.step_1_1_1.run :: [grad] cond=32.5979 film_gain=0.0000
2026-05-14 11:24:07,999 INFO CSMF2.step_1_1_1.run :: [h] epoch=11 step=50 total=0.23437 batch=0.12612
2026-05-14 11:24:08,000 INFO CSMF2.step_1_1_1.run :: [lat] epoch=11 step=50 mean_l2=0.06362 std_l2=0.34302
2026-05-14 11:24:08,073 INFO CSMF2.step_1_1_1.run :: epoch=11 step=50/429 train_nll=-2062.703
2026-05-14 11:24:16,390 INFO CSMF2.step_1_1_1.run :: [h] epoch=11 step=100 total=0.23731 batch=0.13418
2026-05-14 11:24:16,391 INFO CSMF2.step_1_1_1.run :: [lat] epoch=11 step=100 mean_l2=0.06855 std_l2=0.86881
2026-05-14 11:24:16,464 INFO CSMF2.step_1_1_1.run :: epoch=11 step=100/429 train_nll=-2063.683
2026-05-14 11:24:24,669 INFO CSMF2.step_1_1_1.run :: [h] epoch=11 step=150 total=0.23421 batch=0.13275
2026-05-14 11:24:24,669 INFO CSMF2.step_1_1_1.run :: [lat] epoch=11 step=150 mean_l2=0.07290 std_l2=0.52341
2026-05-14 11:24:24,742 INFO CSMF2.step_1_1_1.run :: epoch=11 step=150/429 train_nll=-2068.709
2026-05-14 11:24:33,021 INFO CSMF2.step_1_1_1.run :: [h] epoch=11 step=200 total=0.23390 batch=0.13438
2026-05-14 11:24:33,021 INFO CSMF2.step_1_1_1.run :: [lat] epoch=11 step=200 mean_l2=0.07462 std_l2=0.33807
2026-05-14 11:24:33,091 INFO CSMF2.step_1_1_1.run :: epoch=11 step=200/429 train_nll=-2069.571
2026-05-14 11:24:41,423 INFO CSMF2.step_1_1_1.run :: [h] epoch=11 step=250 total=0.22691 batch=0.12721
2026-05-14 11:24:41,424 INFO CSMF2.step_1_1_1.run :: [lat] epoch=11 step=250 mean_l2=0.07327 std_l2=1.04131
2026-05-14 11:24:41,497 INFO CSMF2.step_1_1_1.run :: epoch=11 step=250/429 train_nll=-2069.999
2026-05-14 11:24:49,707 INFO CSMF2.step_1_1_1.run :: [h] epoch=11 step=300 total=0.23071 batch=0.13233
2026-05-14 11:24:49,707 INFO CSMF2.step_1_1_1.run :: [lat] epoch=11 step=300 mean_l2=0.07785 std_l2=1.37535
2026-05-14 11:24:49,799 INFO CSMF2.step_1_1_1.run :: epoch=11 step=300/429 train_nll=-2070.879
2026-05-14 11:24:58,046 INFO CSMF2.step_1_1_1.run :: [h] epoch=11 step=350 total=0.23139 batch=0.13225
2026-05-14 11:24:58,046 INFO CSMF2.step_1_1_1.run :: [lat] epoch=11 step=350 mean_l2=0.06892 std_l2=0.72264
2026-05-14 11:24:58,115 INFO CSMF2.step_1_1_1.run :: epoch=11 step=350/429 train_nll=-2074.162
2026-05-14 11:25:06,309 INFO CSMF2.step_1_1_1.run :: [h] epoch=11 step=400 total=0.22989 batch=0.13415
2026-05-14 11:25:06,309 INFO CSMF2.step_1_1_1.run :: [lat] epoch=11 step=400 mean_l2=0.06916 std_l2=0.81181
2026-05-14 11:25:06,383 INFO CSMF2.step_1_1_1.run :: epoch=11 step=400/429 train_nll=-2074.994
2026-05-14 11:25:14,806 INFO CSMF2.step_1_1_1.run :: epoch=11  train_nll=-2076.094  val_nll=-2085.272  t=74.8s
2026-05-14 11:25:14,806 INFO CSMF2.step_1_1_1.run :: [h_std] total=0.23273 batch=0.13091 (no penalty)
2026-05-14 11:25:14,806 INFO CSMF2.step_1_1_1.run :: [lat_epoch] mean_l2=0.07800 std_l2=0.55239 lambda=0.100
2026-05-14 11:25:14,806 INFO CSMF2.step_1_1_1.run :: [grad] cond=78.2195 film_gain=0.0000
2026-05-14 11:25:26,390 INFO CSMF2.step_1_1_1.run :: [h] epoch=12 step=50 total=0.23038 batch=0.13706
2026-05-14 11:25:26,390 INFO CSMF2.step_1_1_1.run :: [lat] epoch=12 step=50 mean_l2=0.09228 std_l2=0.32754
2026-05-14 11:25:26,463 INFO CSMF2.step_1_1_1.run :: epoch=12 step=50/429 train_nll=-2089.727
2026-05-14 11:25:34,715 INFO CSMF2.step_1_1_1.run :: [h] epoch=12 step=100 total=0.22943 batch=0.13661
2026-05-14 11:25:34,715 INFO CSMF2.step_1_1_1.run :: [lat] epoch=12 step=100 mean_l2=0.06844 std_l2=0.95779
2026-05-14 11:25:34,787 INFO CSMF2.step_1_1_1.run :: epoch=12 step=100/429 train_nll=-2092.271
2026-05-14 11:25:43,065 INFO CSMF2.step_1_1_1.run :: [h] epoch=12 step=150 total=0.22717 batch=0.13792
2026-05-14 11:25:43,065 INFO CSMF2.step_1_1_1.run :: [lat] epoch=12 step=150 mean_l2=0.07315 std_l2=0.54689
2026-05-14 11:25:43,137 INFO CSMF2.step_1_1_1.run :: epoch=12 step=150/429 train_nll=-2097.049
2026-05-14 11:25:51,356 INFO CSMF2.step_1_1_1.run :: [h] epoch=12 step=200 total=0.22747 batch=0.14053
2026-05-14 11:25:51,357 INFO CSMF2.step_1_1_1.run :: [lat] epoch=12 step=200 mean_l2=0.07580 std_l2=0.34736
2026-05-14 11:25:51,448 INFO CSMF2.step_1_1_1.run :: epoch=12 step=200/429 train_nll=-2097.453
2026-05-14 11:25:59,713 INFO CSMF2.step_1_1_1.run :: [h] epoch=12 step=250 total=0.21997 batch=0.13312
2026-05-14 11:25:59,713 INFO CSMF2.step_1_1_1.run :: [lat] epoch=12 step=250 mean_l2=0.08793 std_l2=1.08484
2026-05-14 11:25:59,785 INFO CSMF2.step_1_1_1.run :: epoch=12 step=250/429 train_nll=-2098.309
2026-05-14 11:26:08,086 INFO CSMF2.step_1_1_1.run :: [h] epoch=12 step=300 total=0.22782 batch=0.14246
2026-05-14 11:26:08,086 INFO CSMF2.step_1_1_1.run :: [lat] epoch=12 step=300 mean_l2=0.06902 std_l2=1.78076
2026-05-14 11:26:08,158 INFO CSMF2.step_1_1_1.run :: epoch=12 step=300/429 train_nll=-2099.090
2026-05-14 11:26:16,408 INFO CSMF2.step_1_1_1.run :: [h] epoch=12 step=350 total=0.22297 batch=0.13550
2026-05-14 11:26:16,408 INFO CSMF2.step_1_1_1.run :: [lat] epoch=12 step=350 mean_l2=0.07763 std_l2=0.87160
2026-05-14 11:26:16,500 INFO CSMF2.step_1_1_1.run :: epoch=12 step=350/429 train_nll=-2102.267
2026-05-14 11:26:24,671 INFO CSMF2.step_1_1_1.run :: [h] epoch=12 step=400 total=0.22220 batch=0.13644
2026-05-14 11:26:24,671 INFO CSMF2.step_1_1_1.run :: [lat] epoch=12 step=400 mean_l2=0.05972 std_l2=1.05931
2026-05-14 11:26:24,743 INFO CSMF2.step_1_1_1.run :: epoch=12 step=400/429 train_nll=-2102.609
2026-05-14 11:26:33,032 INFO CSMF2.step_1_1_1.run :: epoch=12  train_nll=-2103.564  val_nll=-2113.883  t=74.4s
2026-05-14 11:26:33,032 INFO CSMF2.step_1_1_1.run :: [h_std] total=0.22599 batch=0.13729 (no penalty)
2026-05-14 11:26:33,032 INFO CSMF2.step_1_1_1.run :: [lat_epoch] mean_l2=0.08031 std_l2=0.62420 lambda=0.100
2026-05-14 11:26:33,032 INFO CSMF2.step_1_1_1.run :: [grad] cond=40.6482 film_gain=0.0000
2026-05-14 11:26:44,842 INFO CSMF2.step_1_1_1.run :: [h] epoch=13 step=50 total=0.22456 batch=0.14051
2026-05-14 11:26:44,843 INFO CSMF2.step_1_1_1.run :: [lat] epoch=13 step=50 mean_l2=0.07985 std_l2=0.34073
2026-05-14 11:26:44,935 INFO CSMF2.step_1_1_1.run :: epoch=13 step=50/429 train_nll=-2114.631
2026-05-14 11:26:53,160 INFO CSMF2.step_1_1_1.run :: [h] epoch=13 step=100 total=0.22048 batch=0.13972
2026-05-14 11:26:53,160 INFO CSMF2.step_1_1_1.run :: [lat] epoch=13 step=100 mean_l2=0.07831 std_l2=1.00556
2026-05-14 11:26:53,233 INFO CSMF2.step_1_1_1.run :: epoch=13 step=100/429 train_nll=-2116.100
2026-05-14 11:27:01,477 INFO CSMF2.step_1_1_1.run :: [h] epoch=13 step=150 total=0.21918 batch=0.14055
2026-05-14 11:27:01,477 INFO CSMF2.step_1_1_1.run :: [lat] epoch=13 step=150 mean_l2=0.06177 std_l2=0.53779
2026-05-14 11:27:01,550 INFO CSMF2.step_1_1_1.run :: epoch=13 step=150/429 train_nll=-2120.421
2026-05-14 11:27:09,802 INFO CSMF2.step_1_1_1.run :: [h] epoch=13 step=200 total=0.22111 batch=0.14526
2026-05-14 11:27:09,803 INFO CSMF2.step_1_1_1.run :: [lat] epoch=13 step=200 mean_l2=0.05928 std_l2=0.33811
2026-05-14 11:27:09,895 INFO CSMF2.step_1_1_1.run :: epoch=13 step=200/429 train_nll=-2120.662
2026-05-14 11:27:18,216 INFO CSMF2.step_1_1_1.run :: [h] epoch=13 step=250 total=0.21319 batch=0.13421
2026-05-14 11:27:18,216 INFO CSMF2.step_1_1_1.run :: [lat] epoch=13 step=250 mean_l2=0.08224 std_l2=1.12849
2026-05-14 11:27:18,289 INFO CSMF2.step_1_1_1.run :: epoch=13 step=250/429 train_nll=-2122.205
2026-05-14 11:27:26,530 INFO CSMF2.step_1_1_1.run :: [h] epoch=13 step=300 total=0.22245 batch=0.14798
2026-05-14 11:27:26,531 INFO CSMF2.step_1_1_1.run :: [lat] epoch=13 step=300 mean_l2=0.06784 std_l2=2.22237
2026-05-14 11:27:26,623 INFO CSMF2.step_1_1_1.run :: epoch=13 step=300/429 train_nll=-2123.430
2026-05-14 11:27:34,875 INFO CSMF2.step_1_1_1.run :: [h] epoch=13 step=350 total=0.21669 batch=0.13902
2026-05-14 11:27:34,875 INFO CSMF2.step_1_1_1.run :: [lat] epoch=13 step=350 mean_l2=0.08539 std_l2=1.03555
2026-05-14 11:27:34,948 INFO CSMF2.step_1_1_1.run :: epoch=13 step=350/429 train_nll=-2126.674
2026-05-14 11:27:43,209 INFO CSMF2.step_1_1_1.run :: [h] epoch=13 step=400 total=0.21299 batch=0.13920
2026-05-14 11:27:43,210 INFO CSMF2.step_1_1_1.run :: [lat] epoch=13 step=400 mean_l2=0.08241 std_l2=1.27362
2026-05-14 11:27:43,283 INFO CSMF2.step_1_1_1.run :: epoch=13 step=400/429 train_nll=-2126.883
2026-05-14 11:27:51,412 INFO CSMF2.step_1_1_1.run :: epoch=13  train_nll=-2127.889  val_nll=-2136.994  t=74.6s
2026-05-14 11:27:51,412 INFO CSMF2.step_1_1_1.run :: [h_std] total=0.21862 batch=0.14034 (no penalty)
2026-05-14 11:27:51,412 INFO CSMF2.step_1_1_1.run :: [lat_epoch] mean_l2=0.08215 std_l2=0.69964 lambda=0.100
2026-05-14 11:27:51,412 INFO CSMF2.step_1_1_1.run :: [grad] cond=55.6313 film_gain=0.0000
2026-05-14 11:28:03,258 INFO CSMF2.step_1_1_1.run :: [h] epoch=14 step=50 total=0.21695 batch=0.14066
2026-05-14 11:28:03,259 INFO CSMF2.step_1_1_1.run :: [lat] epoch=14 step=50 mean_l2=0.07044 std_l2=0.32649
2026-05-14 11:28:03,332 INFO CSMF2.step_1_1_1.run :: epoch=14 step=50/429 train_nll=-2140.485
2026-05-14 11:28:11,472 INFO CSMF2.step_1_1_1.run :: [h] epoch=14 step=100 total=0.21133 batch=0.13857
2026-05-14 11:28:11,472 INFO CSMF2.step_1_1_1.run :: [lat] epoch=14 step=100 mean_l2=0.08252 std_l2=1.07994
2026-05-14 11:28:11,546 INFO CSMF2.step_1_1_1.run :: epoch=14 step=100/429 train_nll=-2140.742
2026-05-14 11:28:19,761 INFO CSMF2.step_1_1_1.run :: [h] epoch=14 step=150 total=0.21168 batch=0.13994
2026-05-14 11:28:19,762 INFO CSMF2.step_1_1_1.run :: [lat] epoch=14 step=150 mean_l2=0.10632 std_l2=0.50119
2026-05-14 11:28:19,834 INFO CSMF2.step_1_1_1.run :: epoch=14 step=150/429 train_nll=-2144.777
2026-05-14 11:28:28,008 INFO CSMF2.step_1_1_1.run :: [h] epoch=14 step=200 total=0.21247 batch=0.14345
2026-05-14 11:28:28,008 INFO CSMF2.step_1_1_1.run :: [lat] epoch=14 step=200 mean_l2=0.08876 std_l2=0.32550
2026-05-14 11:28:28,081 INFO CSMF2.step_1_1_1.run :: epoch=14 step=200/429 train_nll=-2144.207
2026-05-14 11:28:36,362 INFO CSMF2.step_1_1_1.run :: [h] epoch=14 step=250 total=0.20647 batch=0.13565
2026-05-14 11:28:36,363 INFO CSMF2.step_1_1_1.run :: [lat] epoch=14 step=250 mean_l2=0.08382 std_l2=1.12143
2026-05-14 11:28:36,435 INFO CSMF2.step_1_1_1.run :: epoch=14 step=250/429 train_nll=-2144.762
2026-05-14 11:28:44,624 INFO CSMF2.step_1_1_1.run :: [h] epoch=14 step=300 total=0.21253 batch=0.14304
2026-05-14 11:28:44,624 INFO CSMF2.step_1_1_1.run :: [lat] epoch=14 step=300 mean_l2=0.08982 std_l2=2.58790
2026-05-14 11:28:44,697 INFO CSMF2.step_1_1_1.run :: epoch=14 step=300/429 train_nll=-2145.802
2026-05-14 11:28:52,915 INFO CSMF2.step_1_1_1.run :: [h] epoch=14 step=350 total=0.20745 batch=0.13653
2026-05-14 11:28:52,915 INFO CSMF2.step_1_1_1.run :: [lat] epoch=14 step=350 mean_l2=0.08597 std_l2=1.18040
2026-05-14 11:28:52,989 INFO CSMF2.step_1_1_1.run :: epoch=14 step=350/429 train_nll=-2148.196
2026-05-14 11:29:01,105 INFO CSMF2.step_1_1_1.run :: [h] epoch=14 step=400 total=0.20227 batch=0.13572
2026-05-14 11:29:01,106 INFO CSMF2.step_1_1_1.run :: [lat] epoch=14 step=400 mean_l2=0.09807 std_l2=1.52934
2026-05-14 11:29:01,175 INFO CSMF2.step_1_1_1.run :: epoch=14 step=400/429 train_nll=-2148.316
2026-05-14 11:29:09,294 INFO CSMF2.step_1_1_1.run :: epoch=14  train_nll=-2149.209  val_nll=-2147.200  t=74.1s
2026-05-14 11:29:09,294 INFO CSMF2.step_1_1_1.run :: [h_std] total=0.20991 batch=0.13906 (no penalty)
2026-05-14 11:29:09,294 INFO CSMF2.step_1_1_1.run :: [lat_epoch] mean_l2=0.08364 std_l2=0.76947 lambda=0.100
2026-05-14 11:29:09,294 INFO CSMF2.step_1_1_1.run :: [grad] cond=87.6420 film_gain=0.0000
2026-05-14 11:29:20,960 INFO CSMF2.step_1_1_1.run :: [h] epoch=15 step=50 total=0.20591 batch=0.13567
2026-05-14 11:29:20,961 INFO CSMF2.step_1_1_1.run :: [lat] epoch=15 step=50 mean_l2=0.07224 std_l2=0.30937
2026-05-14 11:29:21,034 INFO CSMF2.step_1_1_1.run :: epoch=15 step=50/429 train_nll=-2158.186
2026-05-14 11:29:29,292 INFO CSMF2.step_1_1_1.run :: [h] epoch=15 step=100 total=0.20421 batch=0.13697
2026-05-14 11:29:29,293 INFO CSMF2.step_1_1_1.run :: [lat] epoch=15 step=100 mean_l2=0.06903 std_l2=1.08539
2026-05-14 11:29:29,386 INFO CSMF2.step_1_1_1.run :: epoch=15 step=100/429 train_nll=-2158.588
2026-05-14 11:29:37,702 INFO CSMF2.step_1_1_1.run :: [h] epoch=15 step=150 total=0.20315 batch=0.13888
2026-05-14 11:29:37,703 INFO CSMF2.step_1_1_1.run :: [lat] epoch=15 step=150 mean_l2=0.09325 std_l2=0.44678
2026-05-14 11:29:37,776 INFO CSMF2.step_1_1_1.run :: epoch=15 step=150/429 train_nll=-2163.173
2026-05-14 11:29:46,096 INFO CSMF2.step_1_1_1.run :: [h] epoch=15 step=200 total=0.20454 batch=0.14256
2026-05-14 11:29:46,097 INFO CSMF2.step_1_1_1.run :: [lat] epoch=15 step=200 mean_l2=0.08434 std_l2=0.34537
2026-05-14 11:29:46,169 INFO CSMF2.step_1_1_1.run :: epoch=15 step=200/429 train_nll=-2162.982
2026-05-14 11:29:54,425 INFO CSMF2.step_1_1_1.run :: [h] epoch=15 step=250 total=0.19907 batch=0.13514
2026-05-14 11:29:54,425 INFO CSMF2.step_1_1_1.run :: [lat] epoch=15 step=250 mean_l2=0.09753 std_l2=1.01229
2026-05-14 11:29:54,499 INFO CSMF2.step_1_1_1.run :: epoch=15 step=250/429 train_nll=-2163.730
2026-05-14 11:30:02,772 INFO CSMF2.step_1_1_1.run :: [h] epoch=15 step=300 total=0.20251 batch=0.13845
2026-05-14 11:30:02,773 INFO CSMF2.step_1_1_1.run :: [lat] epoch=15 step=300 mean_l2=0.07822 std_l2=2.94614
2026-05-14 11:30:02,846 INFO CSMF2.step_1_1_1.run :: epoch=15 step=300/429 train_nll=-2164.133
2026-05-14 11:30:11,103 INFO CSMF2.step_1_1_1.run :: [h] epoch=15 step=350 total=0.19544 batch=0.13091
2026-05-14 11:30:11,104 INFO CSMF2.step_1_1_1.run :: [lat] epoch=15 step=350 mean_l2=0.08249 std_l2=1.22968
2026-05-14 11:30:11,177 INFO CSMF2.step_1_1_1.run :: epoch=15 step=350/429 train_nll=-2166.676
2026-05-14 11:30:19,417 INFO CSMF2.step_1_1_1.run :: [h] epoch=15 step=400 total=0.19456 batch=0.13364
2026-05-14 11:30:19,417 INFO CSMF2.step_1_1_1.run :: [lat] epoch=15 step=400 mean_l2=0.08561 std_l2=1.85125
2026-05-14 11:30:19,491 INFO CSMF2.step_1_1_1.run :: epoch=15 step=400/429 train_nll=-2166.759
2026-05-14 11:30:27,878 INFO CSMF2.step_1_1_1.run :: epoch=15  train_nll=-2167.381  val_nll=-2159.298  t=75.0s
2026-05-14 11:30:27,878 INFO CSMF2.step_1_1_1.run :: [h_std] total=0.20108 batch=0.13621 (no penalty)
2026-05-14 11:30:27,878 INFO CSMF2.step_1_1_1.run :: [lat_epoch] mean_l2=0.08458 std_l2=0.82884 lambda=0.100
2026-05-14 11:30:27,878 INFO CSMF2.step_1_1_1.run :: [grad] cond=166.8538 film_gain=0.0000
2026-05-14 11:30:39,614 INFO CSMF2.step_1_1_1.run :: [h] epoch=16 step=50 total=0.19820 batch=0.13603
2026-05-14 11:30:39,614 INFO CSMF2.step_1_1_1.run :: [lat] epoch=16 step=50 mean_l2=0.07865 std_l2=0.32704
2026-05-14 11:30:39,687 INFO CSMF2.step_1_1_1.run :: epoch=16 step=50/429 train_nll=-2173.782
2026-05-14 11:30:48,055 INFO CSMF2.step_1_1_1.run :: [h] epoch=16 step=100 total=0.19486 batch=0.13237
2026-05-14 11:30:48,055 INFO CSMF2.step_1_1_1.run :: [lat] epoch=16 step=100 mean_l2=0.07515 std_l2=1.16208
2026-05-14 11:30:48,128 INFO CSMF2.step_1_1_1.run :: epoch=16 step=100/429 train_nll=-2175.383
2026-05-14 11:30:56,574 INFO CSMF2.step_1_1_1.run :: [h] epoch=16 step=150 total=0.19582 batch=0.13570
2026-05-14 11:30:56,574 INFO CSMF2.step_1_1_1.run :: [lat] epoch=16 step=150 mean_l2=0.10382 std_l2=0.44087
2026-05-14 11:30:56,647 INFO CSMF2.step_1_1_1.run :: epoch=16 step=150/429 train_nll=-2179.245
2026-05-14 11:31:04,972 INFO CSMF2.step_1_1_1.run :: [h] epoch=16 step=200 total=0.19406 batch=0.13640
2026-05-14 11:31:04,972 INFO CSMF2.step_1_1_1.run :: [lat] epoch=16 step=200 mean_l2=0.11711 std_l2=0.33676
2026-05-14 11:31:05,046 INFO CSMF2.step_1_1_1.run :: epoch=16 step=200/429 train_nll=-2179.131
2026-05-14 11:31:13,344 INFO CSMF2.step_1_1_1.run :: [h] epoch=16 step=250 total=0.19072 batch=0.13047
2026-05-14 11:31:13,345 INFO CSMF2.step_1_1_1.run :: [lat] epoch=16 step=250 mean_l2=0.08411 std_l2=0.97915
2026-05-14 11:31:13,439 INFO CSMF2.step_1_1_1.run :: epoch=16 step=250/429 train_nll=-2179.413
2026-05-14 11:31:21,738 INFO CSMF2.step_1_1_1.run :: [h] epoch=16 step=300 total=0.19477 batch=0.13678
2026-05-14 11:31:21,739 INFO CSMF2.step_1_1_1.run :: [lat] epoch=16 step=300 mean_l2=0.07267 std_l2=3.10027
2026-05-14 11:31:21,811 INFO CSMF2.step_1_1_1.run :: epoch=16 step=300/429 train_nll=-2180.137
2026-05-14 11:31:30,201 INFO CSMF2.step_1_1_1.run :: [h] epoch=16 step=350 total=0.18940 batch=0.12948
2026-05-14 11:31:30,201 INFO CSMF2.step_1_1_1.run :: [lat] epoch=16 step=350 mean_l2=0.07373 std_l2=1.35742
2026-05-14 11:31:30,274 INFO CSMF2.step_1_1_1.run :: epoch=16 step=350/429 train_nll=-2182.660
2026-05-14 11:31:38,534 INFO CSMF2.step_1_1_1.run :: [h] epoch=16 step=400 total=0.18799 batch=0.13000
2026-05-14 11:31:38,535 INFO CSMF2.step_1_1_1.run :: [lat] epoch=16 step=400 mean_l2=0.08024 std_l2=2.25647
2026-05-14 11:31:38,628 INFO CSMF2.step_1_1_1.run :: epoch=16 step=400/429 train_nll=-2183.280
2026-05-14 11:31:46,918 INFO CSMF2.step_1_1_1.run :: epoch=16  train_nll=-2183.963  val_nll=-2185.582  t=75.3s
2026-05-14 11:31:46,918 INFO CSMF2.step_1_1_1.run :: [h_std] total=0.19267 batch=0.13266 (no penalty)
2026-05-14 11:31:46,918 INFO CSMF2.step_1_1_1.run :: [lat_epoch] mean_l2=0.08487 std_l2=0.87576 lambda=0.100
2026-05-14 11:31:46,919 INFO CSMF2.step_1_1_1.run :: [grad] cond=48.2836 film_gain=0.0000
2026-05-14 11:31:58,674 INFO CSMF2.step_1_1_1.run :: [h] epoch=17 step=50 total=0.19020 batch=0.13067
2026-05-14 11:31:58,675 INFO CSMF2.step_1_1_1.run :: [lat] epoch=17 step=50 mean_l2=0.06534 std_l2=0.31074
2026-05-14 11:31:58,768 INFO CSMF2.step_1_1_1.run :: epoch=17 step=50/429 train_nll=-2192.405
2026-05-14 11:32:06,924 INFO CSMF2.step_1_1_1.run :: [h] epoch=17 step=100 total=0.18566 batch=0.12923
2026-05-14 11:32:06,924 INFO CSMF2.step_1_1_1.run :: [lat] epoch=17 step=100 mean_l2=0.07827 std_l2=1.07164
2026-05-14 11:32:07,015 INFO CSMF2.step_1_1_1.run :: epoch=17 step=100/429 train_nll=-2191.964
2026-05-14 11:32:15,282 INFO CSMF2.step_1_1_1.run :: [h] epoch=17 step=150 total=0.18563 batch=0.13047
2026-05-14 11:32:15,283 INFO CSMF2.step_1_1_1.run :: [lat] epoch=17 step=150 mean_l2=0.08598 std_l2=0.42392
2026-05-14 11:32:15,375 INFO CSMF2.step_1_1_1.run :: epoch=17 step=150/429 train_nll=-2194.424
2026-05-14 11:32:23,614 INFO CSMF2.step_1_1_1.run :: [h] epoch=17 step=200 total=0.18544 batch=0.13184
2026-05-14 11:32:23,614 INFO CSMF2.step_1_1_1.run :: [lat] epoch=17 step=200 mean_l2=0.08201 std_l2=0.32339
2026-05-14 11:32:23,706 INFO CSMF2.step_1_1_1.run :: epoch=17 step=200/429 train_nll=-2194.419
2026-05-14 11:32:31,943 INFO CSMF2.step_1_1_1.run :: [h] epoch=17 step=250 total=0.18136 batch=0.12685
2026-05-14 11:32:31,944 INFO CSMF2.step_1_1_1.run :: [lat] epoch=17 step=250 mean_l2=0.09618 std_l2=0.93494
2026-05-14 11:32:32,035 INFO CSMF2.step_1_1_1.run :: epoch=17 step=250/429 train_nll=-2194.182
2026-05-14 11:32:40,209 INFO CSMF2.step_1_1_1.run :: [h] epoch=17 step=300 total=0.18585 batch=0.13241
2026-05-14 11:32:40,209 INFO CSMF2.step_1_1_1.run :: [lat] epoch=17 step=300 mean_l2=0.08571 std_l2=3.43559
2026-05-14 11:32:40,301 INFO CSMF2.step_1_1_1.run :: epoch=17 step=300/429 train_nll=-2195.001
2026-05-14 11:32:48,515 INFO CSMF2.step_1_1_1.run :: [h] epoch=17 step=350 total=0.18073 batch=0.12712
2026-05-14 11:32:48,515 INFO CSMF2.step_1_1_1.run :: [lat] epoch=17 step=350 mean_l2=0.08775 std_l2=1.39881
2026-05-14 11:32:48,588 INFO CSMF2.step_1_1_1.run :: epoch=17 step=350/429 train_nll=-2197.642
2026-05-14 11:32:56,693 INFO CSMF2.step_1_1_1.run :: [h] epoch=17 step=400 total=0.17977 batch=0.12471
2026-05-14 11:32:56,693 INFO CSMF2.step_1_1_1.run :: [lat] epoch=17 step=400 mean_l2=0.07876 std_l2=2.42187
2026-05-14 11:32:56,786 INFO CSMF2.step_1_1_1.run :: epoch=17 step=400/429 train_nll=-2197.604
2026-05-14 11:33:05,117 INFO CSMF2.step_1_1_1.run :: epoch=17  train_nll=-2198.309  val_nll=-2193.846  t=74.5s
2026-05-14 11:33:05,117 INFO CSMF2.step_1_1_1.run :: [h_std] total=0.18441 batch=0.12910 (no penalty)
2026-05-14 11:33:05,117 INFO CSMF2.step_1_1_1.run :: [lat_epoch] mean_l2=0.08493 std_l2=0.91502 lambda=0.100
2026-05-14 11:33:05,117 INFO CSMF2.step_1_1_1.run :: [grad] cond=79.7818 film_gain=0.0000
2026-05-14 11:33:16,853 INFO CSMF2.step_1_1_1.run :: [h] epoch=18 step=50 total=0.18271 batch=0.12760
2026-05-14 11:33:16,853 INFO CSMF2.step_1_1_1.run :: [lat] epoch=18 step=50 mean_l2=0.07545 std_l2=0.26804
2026-05-14 11:33:16,927 INFO CSMF2.step_1_1_1.run :: epoch=18 step=50/429 train_nll=-2202.275
2026-05-14 11:33:25,187 INFO CSMF2.step_1_1_1.run :: [h] epoch=18 step=100 total=0.17788 batch=0.12512
2026-05-14 11:33:25,187 INFO CSMF2.step_1_1_1.run :: [lat] epoch=18 step=100 mean_l2=0.09357 std_l2=1.05469
2026-05-14 11:33:25,260 INFO CSMF2.step_1_1_1.run :: epoch=18 step=100/429 train_nll=-2203.019
2026-05-14 11:33:33,511 INFO CSMF2.step_1_1_1.run :: [h] epoch=18 step=150 total=0.17950 batch=0.12679
2026-05-14 11:33:33,511 INFO CSMF2.step_1_1_1.run :: [lat] epoch=18 step=150 mean_l2=0.07365 std_l2=0.41652
2026-05-14 11:33:33,603 INFO CSMF2.step_1_1_1.run :: epoch=18 step=150/429 train_nll=-2207.764
2026-05-14 11:33:42,164 INFO CSMF2.step_1_1_1.run :: [h] epoch=18 step=200 total=0.18012 batch=0.12943
2026-05-14 11:33:42,165 INFO CSMF2.step_1_1_1.run :: [lat] epoch=18 step=200 mean_l2=0.07827 std_l2=0.32823
2026-05-14 11:33:42,238 INFO CSMF2.step_1_1_1.run :: epoch=18 step=200/429 train_nll=-2207.540
2026-05-14 11:33:50,514 INFO CSMF2.step_1_1_1.run :: [h] epoch=18 step=250 total=0.17522 batch=0.12347
2026-05-14 11:33:50,514 INFO CSMF2.step_1_1_1.run :: [lat] epoch=18 step=250 mean_l2=0.09363 std_l2=0.87329
2026-05-14 11:33:50,588 INFO CSMF2.step_1_1_1.run :: epoch=18 step=250/429 train_nll=-2208.525
2026-05-14 11:33:58,933 INFO CSMF2.step_1_1_1.run :: [h] epoch=18 step=300 total=0.17896 batch=0.12964
2026-05-14 11:33:58,933 INFO CSMF2.step_1_1_1.run :: [lat] epoch=18 step=300 mean_l2=0.09402 std_l2=3.28009
2026-05-14 11:33:59,007 INFO CSMF2.step_1_1_1.run :: epoch=18 step=300/429 train_nll=-2208.628
2026-05-14 11:34:07,309 INFO CSMF2.step_1_1_1.run :: [h] epoch=18 step=350 total=0.17583 batch=0.12563
2026-05-14 11:34:07,309 INFO CSMF2.step_1_1_1.run :: [lat] epoch=18 step=350 mean_l2=0.08307 std_l2=1.11133
2026-05-14 11:34:07,383 INFO CSMF2.step_1_1_1.run :: epoch=18 step=350/429 train_nll=-2211.619
2026-05-14 11:34:15,526 INFO CSMF2.step_1_1_1.run :: [h] epoch=18 step=400 total=0.17322 batch=0.12431
2026-05-14 11:34:15,527 INFO CSMF2.step_1_1_1.run :: [lat] epoch=18 step=400 mean_l2=0.08905 std_l2=2.75482
2026-05-14 11:34:15,600 INFO CSMF2.step_1_1_1.run :: epoch=18 step=400/429 train_nll=-2211.192
2026-05-14 11:34:23,920 INFO CSMF2.step_1_1_1.run :: epoch=18  train_nll=-2211.676  val_nll=-2204.172  t=75.1s
2026-05-14 11:34:23,921 INFO CSMF2.step_1_1_1.run :: [h_std] total=0.17758 batch=0.12594 (no penalty)
2026-05-14 11:34:23,921 INFO CSMF2.step_1_1_1.run :: [lat_epoch] mean_l2=0.08562 std_l2=0.96521 lambda=0.100
2026-05-14 11:34:23,921 INFO CSMF2.step_1_1_1.run :: [grad] cond=63.2241 film_gain=0.0000
2026-05-14 11:34:35,721 INFO CSMF2.step_1_1_1.run :: [h] epoch=19 step=50 total=0.17301 batch=0.12300
2026-05-14 11:34:35,721 INFO CSMF2.step_1_1_1.run :: [lat] epoch=19 step=50 mean_l2=0.06794 std_l2=0.27336
2026-05-14 11:34:35,795 INFO CSMF2.step_1_1_1.run :: epoch=19 step=50/429 train_nll=-2216.906
2026-05-14 11:34:44,033 INFO CSMF2.step_1_1_1.run :: [h] epoch=19 step=100 total=0.16773 batch=0.11935
2026-05-14 11:34:44,033 INFO CSMF2.step_1_1_1.run :: [lat] epoch=19 step=100 mean_l2=0.09577 std_l2=1.21542
2026-05-14 11:34:44,107 INFO CSMF2.step_1_1_1.run :: epoch=19 step=100/429 train_nll=-2216.072
2026-05-14 11:34:52,351 INFO CSMF2.step_1_1_1.run :: [h] epoch=19 step=150 total=0.17115 batch=0.12265
2026-05-14 11:34:52,351 INFO CSMF2.step_1_1_1.run :: [lat] epoch=19 step=150 mean_l2=0.08626 std_l2=0.39222
2026-05-14 11:34:52,425 INFO CSMF2.step_1_1_1.run :: epoch=19 step=150/429 train_nll=-2220.590
2026-05-14 11:35:00,825 INFO CSMF2.step_1_1_1.run :: [h] epoch=19 step=200 total=0.17393 batch=0.12774
2026-05-14 11:35:00,826 INFO CSMF2.step_1_1_1.run :: [lat] epoch=19 step=200 mean_l2=0.07828 std_l2=0.32769
2026-05-14 11:35:00,918 INFO CSMF2.step_1_1_1.run :: epoch=19 step=200/429 train_nll=-2220.585
2026-05-14 11:35:09,126 INFO CSMF2.step_1_1_1.run :: [h] epoch=19 step=250 total=0.16584 batch=0.11667
2026-05-14 11:35:09,126 INFO CSMF2.step_1_1_1.run :: [lat] epoch=19 step=250 mean_l2=0.08744 std_l2=0.93228
2026-05-14 11:35:09,199 INFO CSMF2.step_1_1_1.run :: epoch=19 step=250/429 train_nll=-2220.634
2026-05-14 11:35:17,449 INFO CSMF2.step_1_1_1.run :: [h] epoch=19 step=300 total=0.17220 batch=0.12548
2026-05-14 11:35:17,449 INFO CSMF2.step_1_1_1.run :: [lat] epoch=19 step=300 mean_l2=0.06892 std_l2=3.48257
2026-05-14 11:35:17,522 INFO CSMF2.step_1_1_1.run :: epoch=19 step=300/429 train_nll=-2221.145
2026-05-14 11:35:25,760 INFO CSMF2.step_1_1_1.run :: [h] epoch=19 step=350 total=0.16730 batch=0.12062
2026-05-14 11:35:25,761 INFO CSMF2.step_1_1_1.run :: [lat] epoch=19 step=350 mean_l2=0.08447 std_l2=1.02803
2026-05-14 11:35:25,835 INFO CSMF2.step_1_1_1.run :: epoch=19 step=350/429 train_nll=-2223.682
2026-05-14 11:35:34,029 INFO CSMF2.step_1_1_1.run :: [h] epoch=19 step=400 total=0.16462 batch=0.11918
2026-05-14 11:35:34,030 INFO CSMF2.step_1_1_1.run :: [lat] epoch=19 step=400 mean_l2=0.09742 std_l2=2.91727
2026-05-14 11:35:34,122 INFO CSMF2.step_1_1_1.run :: epoch=19 step=400/429 train_nll=-2223.364
2026-05-14 11:35:42,490 INFO CSMF2.step_1_1_1.run :: epoch=19  train_nll=-2223.914  val_nll=-2216.354  t=74.9s
2026-05-14 11:35:42,490 INFO CSMF2.step_1_1_1.run :: [h_std] total=0.16956 batch=0.12152 (no penalty)
2026-05-14 11:35:42,490 INFO CSMF2.step_1_1_1.run :: [lat_epoch] mean_l2=0.08533 std_l2=1.00616 lambda=0.100
2026-05-14 11:35:42,490 INFO CSMF2.step_1_1_1.run :: [grad] cond=100.1220 film_gain=0.0000
2026-05-14 11:35:54,215 INFO CSMF2.step_1_1_1.run :: [h] epoch=20 step=50 total=0.16862 batch=0.12219
2026-05-14 11:35:54,215 INFO CSMF2.step_1_1_1.run :: [lat] epoch=20 step=50 mean_l2=0.07408 std_l2=0.26036
2026-05-14 11:35:54,288 INFO CSMF2.step_1_1_1.run :: epoch=20 step=50/429 train_nll=-2228.935
2026-05-14 11:36:02,725 INFO CSMF2.step_1_1_1.run :: [h] epoch=20 step=100 total=0.16466 batch=0.11938
2026-05-14 11:36:02,726 INFO CSMF2.step_1_1_1.run :: [lat] epoch=20 step=100 mean_l2=0.09604 std_l2=1.16378
2026-05-14 11:36:02,819 INFO CSMF2.step_1_1_1.run :: epoch=20 step=100/429 train_nll=-2229.712
2026-05-14 11:36:11,191 INFO CSMF2.step_1_1_1.run :: [h] epoch=20 step=150 total=0.16547 batch=0.12188
2026-05-14 11:36:11,191 INFO CSMF2.step_1_1_1.run :: [lat] epoch=20 step=150 mean_l2=0.09363 std_l2=0.38172
2026-05-14 11:36:11,264 INFO CSMF2.step_1_1_1.run :: epoch=20 step=150/429 train_nll=-2231.980
2026-05-14 11:36:19,703 INFO CSMF2.step_1_1_1.run :: [h] epoch=20 step=200 total=0.16596 batch=0.12420
2026-05-14 11:36:19,704 INFO CSMF2.step_1_1_1.run :: [lat] epoch=20 step=200 mean_l2=0.06706 std_l2=0.30777
2026-05-14 11:36:19,777 INFO CSMF2.step_1_1_1.run :: epoch=20 step=200/429 train_nll=-2231.472
2026-05-14 11:36:28,028 INFO CSMF2.step_1_1_1.run :: [h] epoch=20 step=250 total=0.16137 batch=0.11539
2026-05-14 11:36:28,028 INFO CSMF2.step_1_1_1.run :: [lat] epoch=20 step=250 mean_l2=0.07656 std_l2=0.78653
2026-05-14 11:36:28,101 INFO CSMF2.step_1_1_1.run :: epoch=20 step=250/429 train_nll=-2231.263
2026-05-14 11:36:36,443 INFO CSMF2.step_1_1_1.run :: [h] epoch=20 step=300 total=0.16545 batch=0.12290
2026-05-14 11:36:36,444 INFO CSMF2.step_1_1_1.run :: [lat] epoch=20 step=300 mean_l2=0.10287 std_l2=3.54342
2026-05-14 11:36:36,536 INFO CSMF2.step_1_1_1.run :: epoch=20 step=300/429 train_nll=-2231.641
2026-05-14 11:36:44,857 INFO CSMF2.step_1_1_1.run :: [h] epoch=20 step=350 total=0.16116 batch=0.11641
2026-05-14 11:36:44,858 INFO CSMF2.step_1_1_1.run :: [lat] epoch=20 step=350 mean_l2=0.07630 std_l2=0.60999
2026-05-14 11:36:44,931 INFO CSMF2.step_1_1_1.run :: epoch=20 step=350/429 train_nll=-2234.370
2026-05-14 11:36:53,205 INFO CSMF2.step_1_1_1.run :: [h] epoch=20 step=400 total=0.15932 batch=0.11557
2026-05-14 11:36:53,206 INFO CSMF2.step_1_1_1.run :: [lat] epoch=20 step=400 mean_l2=0.06948 std_l2=2.89760
2026-05-14 11:36:53,278 INFO CSMF2.step_1_1_1.run :: epoch=20 step=400/429 train_nll=-2234.305
2026-05-14 11:37:01,754 INFO CSMF2.step_1_1_1.run :: epoch=20  train_nll=-2235.074  val_nll=-2232.685  t=75.6s
2026-05-14 11:37:01,754 INFO CSMF2.step_1_1_1.run :: [h_std] total=0.16256 batch=0.11789 (no penalty)
2026-05-14 11:37:01,754 INFO CSMF2.step_1_1_1.run :: [lat_epoch] mean_l2=0.08495 std_l2=1.03380 lambda=0.100
2026-05-14 11:37:01,754 INFO CSMF2.step_1_1_1.run :: [grad] cond=67.5163 film_gain=0.0000
2026-05-14 11:37:13,445 INFO CSMF2.step_1_1_1.run :: [h] epoch=21 step=50 total=0.15972 batch=0.11621
2026-05-14 11:37:13,445 INFO CSMF2.step_1_1_1.run :: [lat] epoch=21 step=50 mean_l2=0.12547 std_l2=0.25297
2026-05-14 11:37:13,538 INFO CSMF2.step_1_1_1.run :: epoch=21 step=50/429 train_nll=-2243.352
2026-05-14 11:37:21,819 INFO CSMF2.step_1_1_1.run :: [h] epoch=21 step=100 total=0.15693 batch=0.11493
2026-05-14 11:37:21,819 INFO CSMF2.step_1_1_1.run :: [lat] epoch=21 step=100 mean_l2=0.08252 std_l2=1.06784
2026-05-14 11:37:21,892 INFO CSMF2.step_1_1_1.run :: epoch=21 step=100/429 train_nll=-2242.549
2026-05-14 11:37:30,129 INFO CSMF2.step_1_1_1.run :: [h] epoch=21 step=150 total=0.15664 batch=0.11492
2026-05-14 11:37:30,129 INFO CSMF2.step_1_1_1.run :: [lat] epoch=21 step=150 mean_l2=0.08914 std_l2=0.43625
2026-05-14 11:37:30,203 INFO CSMF2.step_1_1_1.run :: epoch=21 step=150/429 train_nll=-2246.035
2026-05-14 11:37:38,369 INFO CSMF2.step_1_1_1.run :: [h] epoch=21 step=200 total=0.16095 batch=0.12106
2026-05-14 11:37:38,370 INFO CSMF2.step_1_1_1.run :: [lat] epoch=21 step=200 mean_l2=0.07686 std_l2=0.30758
2026-05-14 11:37:38,463 INFO CSMF2.step_1_1_1.run :: epoch=21 step=200/429 train_nll=-2245.251
2026-05-14 11:37:46,721 INFO CSMF2.step_1_1_1.run :: [h] epoch=21 step=250 total=0.15565 batch=0.11368
2026-05-14 11:37:46,722 INFO CSMF2.step_1_1_1.run :: [lat] epoch=21 step=250 mean_l2=0.08266 std_l2=0.98360
2026-05-14 11:37:46,795 INFO CSMF2.step_1_1_1.run :: epoch=21 step=250/429 train_nll=-2245.875
2026-05-14 11:37:55,179 INFO CSMF2.step_1_1_1.run :: [h] epoch=21 step=300 total=0.15985 batch=0.11942
2026-05-14 11:37:55,179 INFO CSMF2.step_1_1_1.run :: [lat] epoch=21 step=300 mean_l2=0.08280 std_l2=3.62769
2026-05-14 11:37:55,253 INFO CSMF2.step_1_1_1.run :: epoch=21 step=300/429 train_nll=-2246.259
2026-05-14 11:38:03,590 INFO CSMF2.step_1_1_1.run :: [h] epoch=21 step=350 total=0.15391 batch=0.11269
2026-05-14 11:38:03,591 INFO CSMF2.step_1_1_1.run :: [lat] epoch=21 step=350 mean_l2=0.07947 std_l2=0.34582
2026-05-14 11:38:03,684 INFO CSMF2.step_1_1_1.run :: epoch=21 step=350/429 train_nll=-2248.262
2026-05-14 11:38:11,924 INFO CSMF2.step_1_1_1.run :: [h] epoch=21 step=400 total=0.15545 batch=0.11492
2026-05-14 11:38:11,925 INFO CSMF2.step_1_1_1.run :: [lat] epoch=21 step=400 mean_l2=0.08515 std_l2=3.29264
2026-05-14 11:38:11,998 INFO CSMF2.step_1_1_1.run :: epoch=21 step=400/429 train_nll=-2248.061
2026-05-14 11:38:20,072 INFO CSMF2.step_1_1_1.run :: epoch=21  train_nll=-2248.232  val_nll=-2231.416  t=74.7s
2026-05-14 11:38:20,072 INFO CSMF2.step_1_1_1.run :: [h_std] total=0.15659 batch=0.11486 (no penalty)
2026-05-14 11:38:20,072 INFO CSMF2.step_1_1_1.run :: [lat_epoch] mean_l2=0.08525 std_l2=1.05773 lambda=0.100
2026-05-14 11:38:20,072 INFO CSMF2.step_1_1_1.run :: [grad] cond=130.9912 film_gain=0.0000
2026-05-14 11:38:31,723 INFO CSMF2.step_1_1_1.run :: [h] epoch=22 step=50 total=0.15515 batch=0.11313
2026-05-14 11:38:31,723 INFO CSMF2.step_1_1_1.run :: [lat] epoch=22 step=50 mean_l2=0.07687 std_l2=0.27043
2026-05-14 11:38:31,797 INFO CSMF2.step_1_1_1.run :: epoch=22 step=50/429 train_nll=-2245.967
2026-05-14 11:38:40,093 INFO CSMF2.step_1_1_1.run :: [h] epoch=22 step=100 total=0.14940 batch=0.10919
2026-05-14 11:38:40,093 INFO CSMF2.step_1_1_1.run :: [lat] epoch=22 step=100 mean_l2=0.08705 std_l2=0.99382
2026-05-14 11:38:40,165 INFO CSMF2.step_1_1_1.run :: epoch=22 step=100/429 train_nll=-2248.519
2026-05-14 11:38:48,317 INFO CSMF2.step_1_1_1.run :: [h] epoch=22 step=150 total=0.15422 batch=0.11328
2026-05-14 11:38:48,317 INFO CSMF2.step_1_1_1.run :: [lat] epoch=22 step=150 mean_l2=0.08019 std_l2=0.38202
2026-05-14 11:38:48,391 INFO CSMF2.step_1_1_1.run :: epoch=22 step=150/429 train_nll=-2251.498
2026-05-14 11:38:56,651 INFO CSMF2.step_1_1_1.run :: [h] epoch=22 step=200 total=0.15352 batch=0.11392
2026-05-14 11:38:56,652 INFO CSMF2.step_1_1_1.run :: [lat] epoch=22 step=200 mean_l2=0.08471 std_l2=0.28414
2026-05-14 11:38:56,744 INFO CSMF2.step_1_1_1.run :: epoch=22 step=200/429 train_nll=-2251.474
2026-05-14 11:39:04,921 INFO CSMF2.step_1_1_1.run :: [h] epoch=22 step=250 total=0.15067 batch=0.11006
2026-05-14 11:39:04,921 INFO CSMF2.step_1_1_1.run :: [lat] epoch=22 step=250 mean_l2=0.09046 std_l2=0.65087
2026-05-14 11:39:04,995 INFO CSMF2.step_1_1_1.run :: epoch=22 step=250/429 train_nll=-2252.428
2026-05-14 11:39:13,288 INFO CSMF2.step_1_1_1.run :: [h] epoch=22 step=300 total=0.15465 batch=0.11698
2026-05-14 11:39:13,289 INFO CSMF2.step_1_1_1.run :: [lat] epoch=22 step=300 mean_l2=0.09795 std_l2=3.91550
2026-05-14 11:39:13,362 INFO CSMF2.step_1_1_1.run :: epoch=22 step=300/429 train_nll=-2253.049
2026-05-14 11:39:21,681 INFO CSMF2.step_1_1_1.run :: [h] epoch=22 step=350 total=0.14864 batch=0.10969
2026-05-14 11:39:21,681 INFO CSMF2.step_1_1_1.run :: [lat] epoch=22 step=350 mean_l2=0.07249 std_l2=0.32061
2026-05-14 11:39:21,773 INFO CSMF2.step_1_1_1.run :: epoch=22 step=350/429 train_nll=-2255.663
2026-05-14 11:39:29,945 INFO CSMF2.step_1_1_1.run :: [h] epoch=22 step=400 total=0.14913 batch=0.10974
2026-05-14 11:39:29,946 INFO CSMF2.step_1_1_1.run :: [lat] epoch=22 step=400 mean_l2=0.08975 std_l2=3.28257
2026-05-14 11:39:30,018 INFO CSMF2.step_1_1_1.run :: epoch=22 step=400/429 train_nll=-2255.446
2026-05-14 11:39:38,182 INFO CSMF2.step_1_1_1.run :: epoch=22  train_nll=-2256.073  val_nll=-2253.292  t=74.6s
2026-05-14 11:39:38,182 INFO CSMF2.step_1_1_1.run :: [h_std] total=0.15108 batch=0.11084 (no penalty)
2026-05-14 11:39:38,182 INFO CSMF2.step_1_1_1.run :: [lat_epoch] mean_l2=0.08572 std_l2=1.10638 lambda=0.100
2026-05-14 11:39:38,182 INFO CSMF2.step_1_1_1.run :: [grad] cond=154.3912 film_gain=0.0000
2026-05-14 11:39:49,930 INFO CSMF2.step_1_1_1.run :: [h] epoch=23 step=50 total=0.14894 batch=0.10818
2026-05-14 11:39:49,930 INFO CSMF2.step_1_1_1.run :: [lat] epoch=23 step=50 mean_l2=0.08064 std_l2=0.25267
2026-05-14 11:39:50,002 INFO CSMF2.step_1_1_1.run :: epoch=23 step=50/429 train_nll=-2259.585
2026-05-14 11:39:58,367 INFO CSMF2.step_1_1_1.run :: [h] epoch=23 step=100 total=0.14544 batch=0.10791
2026-05-14 11:39:58,368 INFO CSMF2.step_1_1_1.run :: [lat] epoch=23 step=100 mean_l2=0.06674 std_l2=1.04112
2026-05-14 11:39:58,440 INFO CSMF2.step_1_1_1.run :: epoch=23 step=100/429 train_nll=-2261.120
2026-05-14 11:40:06,605 INFO CSMF2.step_1_1_1.run :: [h] epoch=23 step=150 total=0.14717 batch=0.10923
2026-05-14 11:40:06,605 INFO CSMF2.step_1_1_1.run :: [lat] epoch=23 step=150 mean_l2=0.09219 std_l2=0.41770
2026-05-14 11:40:06,696 INFO CSMF2.step_1_1_1.run :: epoch=23 step=150/429 train_nll=-2265.028
2026-05-14 11:40:14,933 INFO CSMF2.step_1_1_1.run :: [h] epoch=23 step=200 total=0.14818 batch=0.11170
2026-05-14 11:40:14,933 INFO CSMF2.step_1_1_1.run :: [lat] epoch=23 step=200 mean_l2=0.08815 std_l2=0.29381
2026-05-14 11:40:15,024 INFO CSMF2.step_1_1_1.run :: epoch=23 step=200/429 train_nll=-2264.320
2026-05-14 11:40:23,232 INFO CSMF2.step_1_1_1.run :: [h] epoch=23 step=250 total=0.14574 batch=0.10783
2026-05-14 11:40:23,232 INFO CSMF2.step_1_1_1.run :: [lat] epoch=23 step=250 mean_l2=0.08320 std_l2=0.74924
2026-05-14 11:40:23,300 INFO CSMF2.step_1_1_1.run :: epoch=23 step=250/429 train_nll=-2264.911
2026-05-14 11:40:31,582 INFO CSMF2.step_1_1_1.run :: [h] epoch=23 step=300 total=0.15069 batch=0.11464
2026-05-14 11:40:31,583 INFO CSMF2.step_1_1_1.run :: [lat] epoch=23 step=300 mean_l2=0.08057 std_l2=4.01011
2026-05-14 11:40:31,655 INFO CSMF2.step_1_1_1.run :: epoch=23 step=300/429 train_nll=-2265.147
2026-05-14 11:40:40,072 INFO CSMF2.step_1_1_1.run :: [h] epoch=23 step=350 total=0.14259 batch=0.10542
2026-05-14 11:40:40,073 INFO CSMF2.step_1_1_1.run :: [lat] epoch=23 step=350 mean_l2=0.06868 std_l2=0.41995
2026-05-14 11:40:40,145 INFO CSMF2.step_1_1_1.run :: epoch=23 step=350/429 train_nll=-2268.164
2026-05-14 11:40:48,496 INFO CSMF2.step_1_1_1.run :: [h] epoch=23 step=400 total=0.14419 batch=0.10681
2026-05-14 11:40:48,497 INFO CSMF2.step_1_1_1.run :: [lat] epoch=23 step=400 mean_l2=0.07782 std_l2=3.37678
2026-05-14 11:40:48,589 INFO CSMF2.step_1_1_1.run :: epoch=23 step=400/429 train_nll=-2267.634
2026-05-14 11:40:56,925 INFO CSMF2.step_1_1_1.run :: epoch=23  train_nll=-2267.835  val_nll=-2250.356  t=75.2s
2026-05-14 11:40:56,925 INFO CSMF2.step_1_1_1.run :: [h_std] total=0.14639 batch=0.10839 (no penalty)
2026-05-14 11:40:56,925 INFO CSMF2.step_1_1_1.run :: [lat_epoch] mean_l2=0.08425 std_l2=1.12854 lambda=0.100
2026-05-14 11:40:56,925 INFO CSMF2.step_1_1_1.run :: [grad] cond=106.8872 film_gain=0.0000
2026-05-14 11:41:08,545 INFO CSMF2.step_1_1_1.run :: [h] epoch=24 step=50 total=0.14463 batch=0.10573
2026-05-14 11:41:08,546 INFO CSMF2.step_1_1_1.run :: [lat] epoch=24 step=50 mean_l2=0.08828 std_l2=0.25611
2026-05-14 11:41:08,617 INFO CSMF2.step_1_1_1.run :: epoch=24 step=50/429 train_nll=-2267.076
2026-05-14 11:41:16,926 INFO CSMF2.step_1_1_1.run :: [h] epoch=24 step=100 total=0.13969 batch=0.10329
2026-05-14 11:41:16,927 INFO CSMF2.step_1_1_1.run :: [lat] epoch=24 step=100 mean_l2=0.08393 std_l2=1.08322
2026-05-14 11:41:17,017 INFO CSMF2.step_1_1_1.run :: epoch=24 step=100/429 train_nll=-2267.357
2026-05-14 11:41:25,267 INFO CSMF2.step_1_1_1.run :: [h] epoch=24 step=150 total=0.14164 batch=0.10487
2026-05-14 11:41:25,267 INFO CSMF2.step_1_1_1.run :: [lat] epoch=24 step=150 mean_l2=0.07956 std_l2=0.41877
2026-05-14 11:41:25,338 INFO CSMF2.step_1_1_1.run :: epoch=24 step=150/429 train_nll=-2272.301
2026-05-14 11:41:33,622 INFO CSMF2.step_1_1_1.run :: [h] epoch=24 step=200 total=0.14674 batch=0.10909
2026-05-14 11:41:33,622 INFO CSMF2.step_1_1_1.run :: [lat] epoch=24 step=200 mean_l2=0.08265 std_l2=0.25877
2026-05-14 11:41:33,713 INFO CSMF2.step_1_1_1.run :: epoch=24 step=200/429 train_nll=-2271.516
2026-05-14 11:41:41,971 INFO CSMF2.step_1_1_1.run :: [h] epoch=24 step=250 total=0.14177 batch=0.10459
2026-05-14 11:41:41,971 INFO CSMF2.step_1_1_1.run :: [lat] epoch=24 step=250 mean_l2=0.08014 std_l2=1.09697
2026-05-14 11:41:42,062 INFO CSMF2.step_1_1_1.run :: epoch=24 step=250/429 train_nll=-2271.339
2026-05-14 11:41:50,336 INFO CSMF2.step_1_1_1.run :: [h] epoch=24 step=300 total=0.14373 batch=0.10841
2026-05-14 11:41:50,337 INFO CSMF2.step_1_1_1.run :: [lat] epoch=24 step=300 mean_l2=0.08607 std_l2=3.87527
2026-05-14 11:41:50,409 INFO CSMF2.step_1_1_1.run :: epoch=24 step=300/429 train_nll=-2271.695
2026-05-14 11:41:58,733 INFO CSMF2.step_1_1_1.run :: [h] epoch=24 step=350 total=0.14032 batch=0.10417
2026-05-14 11:41:58,733 INFO CSMF2.step_1_1_1.run :: [lat] epoch=24 step=350 mean_l2=0.07115 std_l2=0.85585
2026-05-14 11:41:58,808 INFO CSMF2.step_1_1_1.run :: epoch=24 step=350/429 train_nll=-2274.858
2026-05-14 11:42:07,178 INFO CSMF2.step_1_1_1.run :: [h] epoch=24 step=400 total=0.14228 batch=0.10598
2026-05-14 11:42:07,179 INFO CSMF2.step_1_1_1.run :: [lat] epoch=24 step=400 mean_l2=0.07533 std_l2=3.34794
2026-05-14 11:42:07,252 INFO CSMF2.step_1_1_1.run :: epoch=24 step=400/429 train_nll=-2275.026
2026-05-14 11:42:15,391 INFO CSMF2.step_1_1_1.run :: epoch=24  train_nll=-2275.854  val_nll=-2260.880  t=74.9s
2026-05-14 11:42:15,391 INFO CSMF2.step_1_1_1.run :: [h_std] total=0.14187 batch=0.10506 (no penalty)
2026-05-14 11:42:15,392 INFO CSMF2.step_1_1_1.run :: [lat_epoch] mean_l2=0.08426 std_l2=1.20798 lambda=0.100
2026-05-14 11:42:15,392 INFO CSMF2.step_1_1_1.run :: [grad] cond=105.8967 film_gain=0.0000
2026-05-14 11:42:26,926 INFO CSMF2.step_1_1_1.run :: [h] epoch=25 step=50 total=0.14124 batch=0.10432
2026-05-14 11:42:26,926 INFO CSMF2.step_1_1_1.run :: [lat] epoch=25 step=50 mean_l2=0.09487 std_l2=0.20879
2026-05-14 11:42:27,000 INFO CSMF2.step_1_1_1.run :: epoch=25 step=50/429 train_nll=-2278.351
2026-05-14 11:42:35,385 INFO CSMF2.step_1_1_1.run :: [h] epoch=25 step=100 total=0.13627 batch=0.10068
2026-05-14 11:42:35,386 INFO CSMF2.step_1_1_1.run :: [lat] epoch=25 step=100 mean_l2=0.08793 std_l2=0.82248
2026-05-14 11:42:35,458 INFO CSMF2.step_1_1_1.run :: epoch=25 step=100/429 train_nll=-2280.093
2026-05-14 11:42:43,627 INFO CSMF2.step_1_1_1.run :: [h] epoch=25 step=150 total=0.13757 batch=0.10190
2026-05-14 11:42:43,628 INFO CSMF2.step_1_1_1.run :: [lat] epoch=25 step=150 mean_l2=0.10416 std_l2=0.40728
2026-05-14 11:42:43,700 INFO CSMF2.step_1_1_1.run :: epoch=25 step=150/429 train_nll=-2283.294
2026-05-14 11:42:52,142 INFO CSMF2.step_1_1_1.run :: [h] epoch=25 step=200 total=0.14073 batch=0.10647
2026-05-14 11:42:52,143 INFO CSMF2.step_1_1_1.run :: [lat] epoch=25 step=200 mean_l2=0.07637 std_l2=0.26353
2026-05-14 11:42:52,214 INFO CSMF2.step_1_1_1.run :: epoch=25 step=200/429 train_nll=-2283.267
2026-05-14 11:43:00,534 INFO CSMF2.step_1_1_1.run :: [h] epoch=25 step=250 total=0.13516 batch=0.09641
2026-05-14 11:43:00,534 INFO CSMF2.step_1_1_1.run :: [lat] epoch=25 step=250 mean_l2=0.08636 std_l2=0.51771
2026-05-14 11:43:00,606 INFO CSMF2.step_1_1_1.run :: epoch=25 step=250/429 train_nll=-2281.917
2026-05-14 11:43:08,769 INFO CSMF2.step_1_1_1.run :: [h] epoch=25 step=300 total=0.14017 batch=0.10312
2026-05-14 11:43:08,769 INFO CSMF2.step_1_1_1.run :: [lat] epoch=25 step=300 mean_l2=0.08802 std_l2=4.83385
2026-05-14 11:43:08,841 INFO CSMF2.step_1_1_1.run :: epoch=25 step=300/429 train_nll=-2281.753
2026-05-14 11:43:17,067 INFO CSMF2.step_1_1_1.run :: [h] epoch=25 step=350 total=0.13553 batch=0.09806
2026-05-14 11:43:17,067 INFO CSMF2.step_1_1_1.run :: [lat] epoch=25 step=350 mean_l2=0.08223 std_l2=0.38174
2026-05-14 11:43:17,141 INFO CSMF2.step_1_1_1.run :: epoch=25 step=350/429 train_nll=-2284.300
2026-05-14 11:43:25,419 INFO CSMF2.step_1_1_1.run :: [h] epoch=25 step=400 total=0.13823 batch=0.10180
2026-05-14 11:43:25,419 INFO CSMF2.step_1_1_1.run :: [lat] epoch=25 step=400 mean_l2=0.08496 std_l2=3.57449
2026-05-14 11:43:25,492 INFO CSMF2.step_1_1_1.run :: epoch=25 step=400/429 train_nll=-2284.038
2026-05-14 11:43:33,844 INFO CSMF2.step_1_1_1.run :: epoch=25  train_nll=-2284.203  val_nll=-2273.602  t=74.9s
2026-05-14 11:43:33,844 INFO CSMF2.step_1_1_1.run :: [h_std] total=0.13775 batch=0.10113 (no penalty)
2026-05-14 11:43:33,844 INFO CSMF2.step_1_1_1.run :: [lat_epoch] mean_l2=0.08381 std_l2=1.21875 lambda=0.100
2026-05-14 11:43:33,844 INFO CSMF2.step_1_1_1.run :: [grad] cond=138.0146 film_gain=0.0000
2026-05-14 11:43:45,623 INFO CSMF2.step_1_1_1.run :: [h] epoch=26 step=50 total=0.13775 batch=0.10041
2026-05-14 11:43:45,623 INFO CSMF2.step_1_1_1.run :: [lat] epoch=26 step=50 mean_l2=0.07346 std_l2=0.20786
2026-05-14 11:43:45,697 INFO CSMF2.step_1_1_1.run :: epoch=26 step=50/429 train_nll=-2288.028
2026-05-14 11:43:54,055 INFO CSMF2.step_1_1_1.run :: [h] epoch=26 step=100 total=0.13263 batch=0.09679
2026-05-14 11:43:54,056 INFO CSMF2.step_1_1_1.run :: [lat] epoch=26 step=100 mean_l2=0.09638 std_l2=0.75471
2026-05-14 11:43:54,148 INFO CSMF2.step_1_1_1.run :: epoch=26 step=100/429 train_nll=-2287.726
2026-05-14 11:44:02,510 INFO CSMF2.step_1_1_1.run :: [h] epoch=26 step=150 total=0.13390 batch=0.09879
2026-05-14 11:44:02,510 INFO CSMF2.step_1_1_1.run :: [lat] epoch=26 step=150 mean_l2=0.08928 std_l2=0.40684
2026-05-14 11:44:02,583 INFO CSMF2.step_1_1_1.run :: epoch=26 step=150/429 train_nll=-2291.314
2026-05-14 11:44:10,914 INFO CSMF2.step_1_1_1.run :: [h] epoch=26 step=200 total=0.13667 batch=0.10164
2026-05-14 11:44:10,915 INFO CSMF2.step_1_1_1.run :: [lat] epoch=26 step=200 mean_l2=0.09247 std_l2=0.26774
2026-05-14 11:44:11,007 INFO CSMF2.step_1_1_1.run :: epoch=26 step=200/429 train_nll=-2289.280
2026-05-14 11:44:19,284 INFO CSMF2.step_1_1_1.run :: [h] epoch=26 step=250 total=0.13252 batch=0.09682
2026-05-14 11:44:19,285 INFO CSMF2.step_1_1_1.run :: [lat] epoch=26 step=250 mean_l2=0.09215 std_l2=2.77642
2026-05-14 11:44:19,358 INFO CSMF2.step_1_1_1.run :: epoch=26 step=250/429 train_nll=-2287.878
2026-05-14 11:44:27,830 INFO CSMF2.step_1_1_1.run :: [h] epoch=26 step=300 total=0.13908 batch=0.10457
2026-05-14 11:44:27,830 INFO CSMF2.step_1_1_1.run :: [lat] epoch=26 step=300 mean_l2=0.09022 std_l2=4.12592
2026-05-14 11:44:27,904 INFO CSMF2.step_1_1_1.run :: epoch=26 step=300/429 train_nll=-2287.321
2026-05-14 11:44:36,234 INFO CSMF2.step_1_1_1.run :: [h] epoch=26 step=350 total=0.13270 batch=0.09812
2026-05-14 11:44:36,234 INFO CSMF2.step_1_1_1.run :: [lat] epoch=26 step=350 mean_l2=0.06853 std_l2=0.30625
2026-05-14 11:44:36,308 INFO CSMF2.step_1_1_1.run :: epoch=26 step=350/429 train_nll=-2290.221
2026-05-14 11:44:44,657 INFO CSMF2.step_1_1_1.run :: [h] epoch=26 step=400 total=0.13420 batch=0.09912
2026-05-14 11:44:44,657 INFO CSMF2.step_1_1_1.run :: [lat] epoch=26 step=400 mean_l2=0.08302 std_l2=3.64251
2026-05-14 11:44:44,731 INFO CSMF2.step_1_1_1.run :: epoch=26 step=400/429 train_nll=-2290.061
2026-05-14 11:44:52,955 INFO CSMF2.step_1_1_1.run :: epoch=26  train_nll=-2290.376  val_nll=-2265.356  t=75.4s
2026-05-14 11:44:52,955 INFO CSMF2.step_1_1_1.run :: [h_std] total=0.13442 batch=0.09888 (no penalty)
2026-05-14 11:44:52,955 INFO CSMF2.step_1_1_1.run :: [lat_epoch] mean_l2=0.08436 std_l2=1.28110 lambda=0.100
2026-05-14 11:44:52,955 INFO CSMF2.step_1_1_1.run :: [grad] cond=131.8688 film_gain=0.0000
2026-05-14 11:45:04,823 INFO CSMF2.step_1_1_1.run :: [h] epoch=27 step=50 total=0.13319 batch=0.09804
2026-05-14 11:45:04,824 INFO CSMF2.step_1_1_1.run :: [lat] epoch=27 step=50 mean_l2=0.09381 std_l2=0.21623
2026-05-14 11:45:04,895 INFO CSMF2.step_1_1_1.run :: epoch=27 step=50/429 train_nll=-2285.628
2026-05-14 11:45:13,145 INFO CSMF2.step_1_1_1.run :: [h] epoch=27 step=100 total=0.12830 batch=0.09435
2026-05-14 11:45:13,145 INFO CSMF2.step_1_1_1.run :: [lat] epoch=27 step=100 mean_l2=0.08093 std_l2=0.84279
2026-05-14 11:45:13,218 INFO CSMF2.step_1_1_1.run :: epoch=27 step=100/429 train_nll=-2288.380
2026-05-14 11:45:21,527 INFO CSMF2.step_1_1_1.run :: [h] epoch=27 step=150 total=0.12971 batch=0.09550
2026-05-14 11:45:21,527 INFO CSMF2.step_1_1_1.run :: [lat] epoch=27 step=150 mean_l2=0.08136 std_l2=0.60767
2026-05-14 11:45:21,601 INFO CSMF2.step_1_1_1.run :: epoch=27 step=150/429 train_nll=-2293.919
2026-05-14 11:45:29,866 INFO CSMF2.step_1_1_1.run :: [h] epoch=27 step=200 total=0.13308 batch=0.10040
2026-05-14 11:45:29,866 INFO CSMF2.step_1_1_1.run :: [lat] epoch=27 step=200 mean_l2=0.07018 std_l2=0.30966
2026-05-14 11:45:29,939 INFO CSMF2.step_1_1_1.run :: epoch=27 step=200/429 train_nll=-2293.105
2026-05-14 11:45:38,243 INFO CSMF2.step_1_1_1.run :: [h] epoch=27 step=250 total=0.12887 batch=0.09337
2026-05-14 11:45:38,243 INFO CSMF2.step_1_1_1.run :: [lat] epoch=27 step=250 mean_l2=0.08112 std_l2=0.53252
2026-05-14 11:45:38,317 INFO CSMF2.step_1_1_1.run :: epoch=27 step=250/429 train_nll=-2293.242
2026-05-14 11:45:46,546 INFO CSMF2.step_1_1_1.run :: [h] epoch=27 step=300 total=0.13443 batch=0.10148
2026-05-14 11:45:46,546 INFO CSMF2.step_1_1_1.run :: [lat] epoch=27 step=300 mean_l2=0.07749 std_l2=4.47285
2026-05-14 11:45:46,637 INFO CSMF2.step_1_1_1.run :: epoch=27 step=300/429 train_nll=-2292.869
2026-05-14 11:45:54,978 INFO CSMF2.step_1_1_1.run :: [h] epoch=27 step=350 total=0.12789 batch=0.09306
2026-05-14 11:45:54,978 INFO CSMF2.step_1_1_1.run :: [lat] epoch=27 step=350 mean_l2=0.07692 std_l2=0.43119
2026-05-14 11:45:55,050 INFO CSMF2.step_1_1_1.run :: epoch=27 step=350/429 train_nll=-2295.615
2026-05-14 11:46:03,236 INFO CSMF2.step_1_1_1.run :: [h] epoch=27 step=400 total=0.13077 batch=0.09726
2026-05-14 11:46:03,236 INFO CSMF2.step_1_1_1.run :: [lat] epoch=27 step=400 mean_l2=0.06713 std_l2=3.76242
2026-05-14 11:46:03,308 INFO CSMF2.step_1_1_1.run :: epoch=27 step=400/429 train_nll=-2295.556
2026-05-14 11:46:11,579 INFO CSMF2.step_1_1_1.run :: epoch=27  train_nll=-2296.430  val_nll=-2294.449  t=75.0s
2026-05-14 11:46:11,580 INFO CSMF2.step_1_1_1.run :: [h_std] total=0.13066 batch=0.09642 (no penalty)
2026-05-14 11:46:11,580 INFO CSMF2.step_1_1_1.run :: [lat_epoch] mean_l2=0.08460 std_l2=1.26982 lambda=0.100
2026-05-14 11:46:11,580 INFO CSMF2.step_1_1_1.run :: [grad] cond=167.2347 film_gain=0.0000
2026-05-14 11:46:23,221 INFO CSMF2.step_1_1_1.run :: [h] epoch=28 step=50 total=0.12948 batch=0.09476
2026-05-14 11:46:23,221 INFO CSMF2.step_1_1_1.run :: [lat] epoch=28 step=50 mean_l2=0.07965 std_l2=0.26748
2026-05-14 11:46:23,293 INFO CSMF2.step_1_1_1.run :: epoch=28 step=50/429 train_nll=-2303.801
2026-05-14 11:46:31,415 INFO CSMF2.step_1_1_1.run :: [h] epoch=28 step=100 total=0.12609 batch=0.09317
2026-05-14 11:46:31,416 INFO CSMF2.step_1_1_1.run :: [lat] epoch=28 step=100 mean_l2=0.07208 std_l2=0.92174
2026-05-14 11:46:31,507 INFO CSMF2.step_1_1_1.run :: epoch=28 step=100/429 train_nll=-2305.125
2026-05-14 11:46:39,687 INFO CSMF2.step_1_1_1.run :: [h] epoch=28 step=150 total=0.12890 batch=0.09576
2026-05-14 11:46:39,688 INFO CSMF2.step_1_1_1.run :: [lat] epoch=28 step=150 mean_l2=0.07498 std_l2=0.41351
2026-05-14 11:46:39,759 INFO CSMF2.step_1_1_1.run :: epoch=28 step=150/429 train_nll=-2309.421
2026-05-14 11:46:47,957 INFO CSMF2.step_1_1_1.run :: [h] epoch=28 step=200 total=0.12916 batch=0.09717
2026-05-14 11:46:47,957 INFO CSMF2.step_1_1_1.run :: [lat] epoch=28 step=200 mean_l2=0.06963 std_l2=0.24826
2026-05-14 11:46:48,029 INFO CSMF2.step_1_1_1.run :: epoch=28 step=200/429 train_nll=-2308.645
2026-05-14 11:46:56,220 INFO CSMF2.step_1_1_1.run :: [h] epoch=28 step=250 total=0.12610 batch=0.09289
2026-05-14 11:46:56,220 INFO CSMF2.step_1_1_1.run :: [lat] epoch=28 step=250 mean_l2=0.09556 std_l2=0.54451
2026-05-14 11:46:56,311 INFO CSMF2.step_1_1_1.run :: epoch=28 step=250/429 train_nll=-2307.852
2026-05-14 11:47:04,469 INFO CSMF2.step_1_1_1.run :: [h] epoch=28 step=300 total=0.13066 batch=0.09833
2026-05-14 11:47:04,470 INFO CSMF2.step_1_1_1.run :: [lat] epoch=28 step=300 mean_l2=0.08798 std_l2=4.19332
2026-05-14 11:47:04,541 INFO CSMF2.step_1_1_1.run :: epoch=28 step=300/429 train_nll=-2307.239
2026-05-14 11:47:12,713 INFO CSMF2.step_1_1_1.run :: [h] epoch=28 step=350 total=0.12611 batch=0.09319
2026-05-14 11:47:12,713 INFO CSMF2.step_1_1_1.run :: [lat] epoch=28 step=350 mean_l2=0.08003 std_l2=0.32403
2026-05-14 11:47:12,781 INFO CSMF2.step_1_1_1.run :: epoch=28 step=350/429 train_nll=-2309.416
2026-05-14 11:47:21,059 INFO CSMF2.step_1_1_1.run :: [h] epoch=28 step=400 total=0.12755 batch=0.09526
2026-05-14 11:47:21,060 INFO CSMF2.step_1_1_1.run :: [lat] epoch=28 step=400 mean_l2=0.08485 std_l2=4.13549
2026-05-14 11:47:21,150 INFO CSMF2.step_1_1_1.run :: epoch=28 step=400/429 train_nll=-2309.517
2026-05-14 11:47:29,332 INFO CSMF2.step_1_1_1.run :: epoch=28  train_nll=-2310.384  val_nll=-2299.947  t=74.1s
2026-05-14 11:47:29,332 INFO CSMF2.step_1_1_1.run :: [h_std] total=0.12816 batch=0.09514 (no penalty)
2026-05-14 11:47:29,332 INFO CSMF2.step_1_1_1.run :: [lat_epoch] mean_l2=0.08180 std_l2=1.23069 lambda=0.100
2026-05-14 11:47:29,332 INFO CSMF2.step_1_1_1.run :: [grad] cond=92.0435 film_gain=0.0000
2026-05-14 11:47:40,902 INFO CSMF2.step_1_1_1.run :: [h] epoch=29 step=50 total=0.12774 batch=0.09453
2026-05-14 11:47:40,902 INFO CSMF2.step_1_1_1.run :: [lat] epoch=29 step=50 mean_l2=0.09034 std_l2=0.26231
2026-05-14 11:47:40,974 INFO CSMF2.step_1_1_1.run :: epoch=29 step=50/429 train_nll=-2311.469
2026-05-14 11:47:49,197 INFO CSMF2.step_1_1_1.run :: [h] epoch=29 step=100 total=0.12562 batch=0.09382
2026-05-14 11:47:49,198 INFO CSMF2.step_1_1_1.run :: [lat] epoch=29 step=100 mean_l2=0.07687 std_l2=0.64224
2026-05-14 11:47:49,269 INFO CSMF2.step_1_1_1.run :: epoch=29 step=100/429 train_nll=-2311.948
2026-05-14 11:47:57,363 INFO CSMF2.step_1_1_1.run :: [h] epoch=29 step=150 total=0.12466 batch=0.09281
2026-05-14 11:47:57,363 INFO CSMF2.step_1_1_1.run :: [lat] epoch=29 step=150 mean_l2=0.07472 std_l2=0.71530
2026-05-14 11:47:57,435 INFO CSMF2.step_1_1_1.run :: epoch=29 step=150/429 train_nll=-2316.272
2026-05-14 11:48:05,703 INFO CSMF2.step_1_1_1.run :: [h] epoch=29 step=200 total=0.12876 batch=0.09771
2026-05-14 11:48:05,703 INFO CSMF2.step_1_1_1.run :: [lat] epoch=29 step=200 mean_l2=0.08834 std_l2=0.26834
2026-05-14 11:48:05,775 INFO CSMF2.step_1_1_1.run :: epoch=29 step=200/429 train_nll=-2315.616
2026-05-14 11:48:13,913 INFO CSMF2.step_1_1_1.run :: [h] epoch=29 step=250 total=0.12590 batch=0.09453
2026-05-14 11:48:13,913 INFO CSMF2.step_1_1_1.run :: [lat] epoch=29 step=250 mean_l2=0.09354 std_l2=0.43033
2026-05-14 11:48:14,005 INFO CSMF2.step_1_1_1.run :: epoch=29 step=250/429 train_nll=-2314.274
2026-05-14 11:48:22,239 INFO CSMF2.step_1_1_1.run :: [h] epoch=29 step=300 total=0.12893 batch=0.09859
2026-05-14 11:48:22,239 INFO CSMF2.step_1_1_1.run :: [lat] epoch=29 step=300 mean_l2=0.08426 std_l2=4.51571
2026-05-14 11:48:22,330 INFO CSMF2.step_1_1_1.run :: epoch=29 step=300/429 train_nll=-2312.087
2026-05-14 11:48:30,621 INFO CSMF2.step_1_1_1.run :: [h] epoch=29 step=350 total=0.12294 batch=0.09112
2026-05-14 11:48:30,621 INFO CSMF2.step_1_1_1.run :: [lat] epoch=29 step=350 mean_l2=0.07624 std_l2=0.29541
2026-05-14 11:48:30,693 INFO CSMF2.step_1_1_1.run :: epoch=29 step=350/429 train_nll=-2314.077
2026-05-14 11:48:38,801 INFO CSMF2.step_1_1_1.run :: [h] epoch=29 step=400 total=0.12432 batch=0.09272
2026-05-14 11:48:38,801 INFO CSMF2.step_1_1_1.run :: [lat] epoch=29 step=400 mean_l2=0.08452 std_l2=4.08069
2026-05-14 11:48:38,873 INFO CSMF2.step_1_1_1.run :: epoch=29 step=400/429 train_nll=-2313.445
2026-05-14 11:48:47,300 INFO CSMF2.step_1_1_1.run :: epoch=29  train_nll=-2313.814  val_nll=-2296.660  t=74.3s
2026-05-14 11:48:47,301 INFO CSMF2.step_1_1_1.run :: [h_std] total=0.12496 batch=0.09313 (no penalty)
2026-05-14 11:48:47,301 INFO CSMF2.step_1_1_1.run :: [lat_epoch] mean_l2=0.08317 std_l2=1.33950 lambda=0.100
2026-05-14 11:48:47,301 INFO CSMF2.step_1_1_1.run :: [grad] cond=191.9000 film_gain=0.0000
2026-05-14 11:48:57,652 INFO CSMF2.step_1_1_1.run :: [run] FINAL test_nll (sealed 10k) = -2308.695
2026-05-14 11:48:58,208 INFO CSMF2.experiments.step_1_1_1.density_plots :: [plot_latent_density] saved -> CSMF2/experiments/step_1_1_1/results/nice_s2_n0.10_seed0_e5b5e7fc9c78/plots/latent_density.png  (ks=0.0669, mean=0.004, std=1.030)
2026-05-14 11:48:58,374 INFO CSMF2.experiments.step_1_1_1.density_plots :: [plot_cycle_density] saved -> CSMF2/experiments/step_1_1_1/results/nice_s2_n0.10_seed0_e5b5e7fc9c78/plots/cycle_density.png  (max|err|=5.007e-06 rms=5.594e-07)
2026-05-14 11:48:58,699 INFO CSMF2.experiments.step_1_1_1.density_plots :: [plot_reconstruction_panel] saved -> CSMF2/experiments/step_1_1_1/results/nice_s2_n0.10_seed0_e5b5e7fc9c78/plots/reconstruction_panel.png  rms(enc-prior)=1.255
==============================================================
[1mSTEP-1_1_1 RUN SUMMARY[0m
==============================================================
expert: nice   scale: 2   noise: 0.1   seed: 0   epochs: 30
train NLL:    -1110.31  ->    -2313.81  (Δ = -1203.50)
test  NLL:    -1334.90  ->    -2296.66

[1mHARD GATES (halt on fail)[0m
  [32m 30/30  ✓[0m  invertibility FP64 <1e-5
  [31m  0/30  ✗[0m  latent KS vs N(0,1) <0.05
  [32m 30/30  ✓[0m  cycle_max < 1e-12
  [32m 30/30  ✓[0m  h std > 1e-3
  [32m 30/30  ✓[0m  FiLM γ,β std > 1e-3 aggregate
  [32m 30/30  ✓[0m  (y,seed) max|Δh| < 1e-6
  [32m 30/30  ✓[0m  no NaN/Inf this epoch
  [32m  1/1   ✓[0m  numeric log-det (FP64, once)

[1mINFORMATIONAL (logged, non-blocking)[0m
  [32m 30/30  ✓[0m  null-control gap ≥ 0.10
  [32m 30/30  ✓[0m  h_st Δlogp slope > 1e-3
  [32m 30/30  ✓[0m  grad norm > 1e-6
  [32m 30/30  ✓[0m  fwd residual reported
--------------------------------------------------------------
[1mHARD TOTAL: 181/211[0m  (85.8%)
[1mEXIT_CRITERIA_MET:[0m [31mNO[0m
[1mREMEDY HINTS:[0m
  - hard gate failed: latent_ks (latent KS vs N(0,1) <0.05) -- check epochs [0, 1, 2, 3, 4, 5, 6, 7, 8, 9, 10, 11, 12, 13, 14, 15, 16, 17, 18, 19, 20, 21, 22, 23, 24, 25, 26, 27, 28, 29]
==============================================================
2026-05-14 11:48:58,765 INFO CSMF2.step_1_1_1.run :: STEP-1_1 run DONE  exit_ok=False  out=CSMF2/experiments/step_1_1_1/results/nice_s2_n0.10_seed0_e5b5e7fc9c78
