2026-05-14 02:08:43,342 INFO CSMF2.step_1_1_1.run :: STEP-1_1 run | tag=nice_s2_n0.00_seed0_9ff8d4b86ccd | cfg=StepCfg(data_root='./mnist_data', scale=2, blur_sigma=1.0, noise_sigma=0.0, batch_size=128, expert='nice', dim=784, cond_width=128, h_dim=256, flow_hidden=256, use_film=True, cache_h=True, use_v2_conditioner=True, film_depth=2, film_hidden=128, film_use_gelu=True, realnvp_n_couplings=6, realnvp_s_max=2.0, glow_n_steps=8, glow_coupling_hidden=256, glow_s_max=2.0, glow_squeeze=True, glow_n_levels=1, glow_image_c=1, glow_image_h=28, glow_image_w=28, glow_film_gain_init=0.3, lr=0.001, epochs=30, weight_decay=0.0, grad_clip=5.0, shuffle_loss_lambda=0.0, shuffle_loss_margin=0.5, h_std_penalty_mu=0.0, h_std_target=0.05, cond_y_residual_alpha_init=0.0, latent_moment_lambda=10.0, latent_ks_target=0.1, fwd_rel_target=0.5, resume_from=None, seed=0, out_root='./CSMF2/experiments/step_1_1_1/results', log_every=50, sanity_every_epoch=True)
2026-05-14 02:08:43,416 INFO CSMF2.step_1_1_1.run :: [run] data sizes: train=55000  val=5000 (per-epoch)  test=10000 (final-only)
2026-05-14 02:08:43,470 INFO CSMF2.step_1_1_1.run :: [y_sanity] y.std(dim=0).mean() = 0.1294  shape=(128, 1, 14, 14)
2026-05-14 02:08:49,163 INFO CSMF2.step_1_1_1.run :: [h] epoch=0 step=50 total=0.03867 batch=0.00008
2026-05-14 02:08:49,164 INFO CSMF2.step_1_1_1.run :: [lat] epoch=0 step=50 mean_l2=0.02432 std_l2=2.85579
2026-05-14 02:08:49,231 INFO CSMF2.step_1_1_1.run :: epoch=0 step=50/429 train_nll=-433.053
2026-05-14 02:08:55,004 INFO CSMF2.step_1_1_1.run :: [h] epoch=0 step=100 total=0.17669 batch=0.00151
2026-05-14 02:08:55,004 INFO CSMF2.step_1_1_1.run :: [lat] epoch=0 step=100 mean_l2=0.05346 std_l2=0.69923
2026-05-14 02:08:55,072 INFO CSMF2.step_1_1_1.run :: epoch=0 step=100/429 train_nll=-703.579
2026-05-14 02:09:00,855 INFO CSMF2.step_1_1_1.run :: [h] epoch=0 step=150 total=0.23166 batch=0.00109
2026-05-14 02:09:00,855 INFO CSMF2.step_1_1_1.run :: [lat] epoch=0 step=150 mean_l2=0.02744 std_l2=0.51953
2026-05-14 02:09:00,923 INFO CSMF2.step_1_1_1.run :: epoch=0 step=150/429 train_nll=-837.603
2026-05-14 02:09:06,705 INFO CSMF2.step_1_1_1.run :: [h] epoch=0 step=200 total=0.25230 batch=0.00120
2026-05-14 02:09:06,705 INFO CSMF2.step_1_1_1.run :: [lat] epoch=0 step=200 mean_l2=0.02642 std_l2=0.36914
2026-05-14 02:09:06,773 INFO CSMF2.step_1_1_1.run :: epoch=0 step=200/429 train_nll=-922.272
2026-05-14 02:09:12,560 INFO CSMF2.step_1_1_1.run :: [h] epoch=0 step=250 total=0.26968 batch=0.00169
2026-05-14 02:09:12,561 INFO CSMF2.step_1_1_1.run :: [lat] epoch=0 step=250 mean_l2=0.01709 std_l2=0.37434
2026-05-14 02:09:12,628 INFO CSMF2.step_1_1_1.run :: epoch=0 step=250/429 train_nll=-982.281
2026-05-14 02:09:18,418 INFO CSMF2.step_1_1_1.run :: [h] epoch=0 step=300 total=0.29059 batch=0.00248
2026-05-14 02:09:18,418 INFO CSMF2.step_1_1_1.run :: [lat] epoch=0 step=300 mean_l2=0.02137 std_l2=0.35368
2026-05-14 02:09:18,486 INFO CSMF2.step_1_1_1.run :: epoch=0 step=300/429 train_nll=-1028.790
2026-05-14 02:09:25,519 INFO CSMF2.step_1_1_1.run :: [h] epoch=0 step=350 total=0.28849 batch=0.00257
2026-05-14 02:09:25,519 INFO CSMF2.step_1_1_1.run :: [lat] epoch=0 step=350 mean_l2=0.02930 std_l2=0.38113
2026-05-14 02:09:25,595 INFO CSMF2.step_1_1_1.run :: epoch=0 step=350/429 train_nll=-1066.296
2026-05-14 02:09:33,316 INFO CSMF2.step_1_1_1.run :: [h] epoch=0 step=400 total=0.28594 batch=0.00645
2026-05-14 02:09:33,316 INFO CSMF2.step_1_1_1.run :: [lat] epoch=0 step=400 mean_l2=0.02442 std_l2=0.38392
2026-05-14 02:09:33,393 INFO CSMF2.step_1_1_1.run :: epoch=0 step=400/429 train_nll=-1098.027
2026-05-14 02:09:40,978 INFO CSMF2.step_1_1_1.run :: epoch=0  train_nll=-1114.076  val_nll=-1347.476  t=57.4s
2026-05-14 02:09:40,978 INFO CSMF2.step_1_1_1.run :: [h_std] total=0.22738 batch=0.00244 (no penalty)
2026-05-14 02:09:40,979 INFO CSMF2.step_1_1_1.run :: [lat_epoch] mean_l2=0.10386 std_l2=1.05467 lambda=10.000
2026-05-14 02:09:40,979 INFO CSMF2.step_1_1_1.run :: [grad] cond=13.7927 film_gain=0.0000
2026-05-14 02:09:50,184 INFO CSMF2.step_1_1_1.run :: [h] epoch=1 step=50 total=0.29447 batch=0.00647
2026-05-14 02:09:50,184 INFO CSMF2.step_1_1_1.run :: [lat] epoch=1 step=50 mean_l2=0.02313 std_l2=0.37462
2026-05-14 02:09:50,250 INFO CSMF2.step_1_1_1.run :: epoch=1 step=50/429 train_nll=-1354.914
2026-05-14 02:09:55,908 INFO CSMF2.step_1_1_1.run :: [h] epoch=1 step=100 total=0.30248 batch=0.00994
2026-05-14 02:09:55,908 INFO CSMF2.step_1_1_1.run :: [lat] epoch=1 step=100 mean_l2=0.02561 std_l2=0.37739
2026-05-14 02:09:55,974 INFO CSMF2.step_1_1_1.run :: epoch=1 step=100/429 train_nll=-1364.905
2026-05-14 02:10:01,654 INFO CSMF2.step_1_1_1.run :: [h] epoch=1 step=150 total=0.30523 batch=0.01094
2026-05-14 02:10:01,654 INFO CSMF2.step_1_1_1.run :: [lat] epoch=1 step=150 mean_l2=0.03062 std_l2=0.35437
2026-05-14 02:10:01,721 INFO CSMF2.step_1_1_1.run :: epoch=1 step=150/429 train_nll=-1376.797
2026-05-14 02:10:07,471 INFO CSMF2.step_1_1_1.run :: [h] epoch=1 step=200 total=0.29863 batch=0.01568
2026-05-14 02:10:07,471 INFO CSMF2.step_1_1_1.run :: [lat] epoch=1 step=200 mean_l2=0.02596 std_l2=0.39132
2026-05-14 02:10:07,540 INFO CSMF2.step_1_1_1.run :: epoch=1 step=200/429 train_nll=-1386.786
2026-05-14 02:10:13,435 INFO CSMF2.step_1_1_1.run :: [h] epoch=1 step=250 total=0.29337 batch=0.01758
2026-05-14 02:10:13,435 INFO CSMF2.step_1_1_1.run :: [lat] epoch=1 step=250 mean_l2=0.03727 std_l2=0.37324
2026-05-14 02:10:13,508 INFO CSMF2.step_1_1_1.run :: epoch=1 step=250/429 train_nll=-1396.360
2026-05-14 02:10:19,643 INFO CSMF2.step_1_1_1.run :: [h] epoch=1 step=300 total=0.29722 batch=0.01893
2026-05-14 02:10:19,644 INFO CSMF2.step_1_1_1.run :: [lat] epoch=1 step=300 mean_l2=0.02818 std_l2=0.33462
2026-05-14 02:10:19,721 INFO CSMF2.step_1_1_1.run :: epoch=1 step=300/429 train_nll=-1405.454
2026-05-14 02:10:26,117 INFO CSMF2.step_1_1_1.run :: [h] epoch=1 step=350 total=0.29864 batch=0.01899
2026-05-14 02:10:26,117 INFO CSMF2.step_1_1_1.run :: [lat] epoch=1 step=350 mean_l2=0.03854 std_l2=0.37926
2026-05-14 02:10:26,199 INFO CSMF2.step_1_1_1.run :: epoch=1 step=350/429 train_nll=-1414.674
2026-05-14 02:10:32,665 INFO CSMF2.step_1_1_1.run :: [h] epoch=1 step=400 total=0.28742 batch=0.02615
2026-05-14 02:10:32,666 INFO CSMF2.step_1_1_1.run :: [lat] epoch=1 step=400 mean_l2=0.02978 std_l2=0.37060
2026-05-14 02:10:32,747 INFO CSMF2.step_1_1_1.run :: epoch=1 step=400/429 train_nll=-1423.202
2026-05-14 02:10:38,476 INFO CSMF2.step_1_1_1.run :: epoch=1  train_nll=-1428.361  val_nll=-1506.863  t=53.7s
2026-05-14 02:10:38,476 INFO CSMF2.step_1_1_1.run :: [h_std] total=0.29682 batch=0.01510 (no penalty)
2026-05-14 02:10:38,476 INFO CSMF2.step_1_1_1.run :: [lat_epoch] mean_l2=0.02982 std_l2=0.37144 lambda=10.000
2026-05-14 02:10:38,476 INFO CSMF2.step_1_1_1.run :: [grad] cond=4.6813 film_gain=0.0000
2026-05-14 02:10:48,166 INFO CSMF2.step_1_1_1.run :: [h] epoch=2 step=50 total=0.29574 batch=0.02518
2026-05-14 02:10:48,166 INFO CSMF2.step_1_1_1.run :: [lat] epoch=2 step=50 mean_l2=0.03689 std_l2=0.35976
2026-05-14 02:10:48,243 INFO CSMF2.step_1_1_1.run :: epoch=2 step=50/429 train_nll=-1507.979
2026-05-14 02:10:54,499 INFO CSMF2.step_1_1_1.run :: [h] epoch=2 step=100 total=0.30726 batch=0.03239
2026-05-14 02:10:54,500 INFO CSMF2.step_1_1_1.run :: [lat] epoch=2 step=100 mean_l2=0.02628 std_l2=0.35820
2026-05-14 02:10:54,577 INFO CSMF2.step_1_1_1.run :: epoch=2 step=100/429 train_nll=-1516.753
2026-05-14 02:11:00,833 INFO CSMF2.step_1_1_1.run :: [h] epoch=2 step=150 total=0.29869 batch=0.03457
2026-05-14 02:11:00,833 INFO CSMF2.step_1_1_1.run :: [lat] epoch=2 step=150 mean_l2=0.02740 std_l2=0.32837
2026-05-14 02:11:00,911 INFO CSMF2.step_1_1_1.run :: epoch=2 step=150/429 train_nll=-1526.094
2026-05-14 02:11:07,172 INFO CSMF2.step_1_1_1.run :: [h] epoch=2 step=200 total=0.30421 batch=0.04618
2026-05-14 02:11:07,172 INFO CSMF2.step_1_1_1.run :: [lat] epoch=2 step=200 mean_l2=0.02765 std_l2=0.37003
2026-05-14 02:11:07,250 INFO CSMF2.step_1_1_1.run :: epoch=2 step=200/429 train_nll=-1532.904
2026-05-14 02:11:13,516 INFO CSMF2.step_1_1_1.run :: [h] epoch=2 step=250 total=0.30561 batch=0.05102
2026-05-14 02:11:13,516 INFO CSMF2.step_1_1_1.run :: [lat] epoch=2 step=250 mean_l2=0.03655 std_l2=0.35195
2026-05-14 02:11:13,594 INFO CSMF2.step_1_1_1.run :: epoch=2 step=250/429 train_nll=-1540.926
2026-05-14 02:11:19,863 INFO CSMF2.step_1_1_1.run :: [h] epoch=2 step=300 total=0.30572 batch=0.06368
2026-05-14 02:11:19,863 INFO CSMF2.step_1_1_1.run :: [lat] epoch=2 step=300 mean_l2=0.02514 std_l2=0.30667
2026-05-14 02:11:19,941 INFO CSMF2.step_1_1_1.run :: epoch=2 step=300/429 train_nll=-1547.768
2026-05-14 02:11:26,207 INFO CSMF2.step_1_1_1.run :: [h] epoch=2 step=350 total=0.29322 batch=0.06487
2026-05-14 02:11:26,208 INFO CSMF2.step_1_1_1.run :: [lat] epoch=2 step=350 mean_l2=0.03523 std_l2=0.35375
2026-05-14 02:11:26,285 INFO CSMF2.step_1_1_1.run :: epoch=2 step=350/429 train_nll=-1554.764
2026-05-14 02:11:32,550 INFO CSMF2.step_1_1_1.run :: [h] epoch=2 step=400 total=0.31114 batch=0.07780
2026-05-14 02:11:32,551 INFO CSMF2.step_1_1_1.run :: [lat] epoch=2 step=400 mean_l2=0.03675 std_l2=0.34473
2026-05-14 02:11:32,628 INFO CSMF2.step_1_1_1.run :: epoch=2 step=400/429 train_nll=-1561.505
2026-05-14 02:11:38,331 INFO CSMF2.step_1_1_1.run :: epoch=2  train_nll=-1565.495  val_nll=-1624.588  t=56.2s
2026-05-14 02:11:38,331 INFO CSMF2.step_1_1_1.run :: [h_std] total=0.29916 batch=0.04950 (no penalty)
2026-05-14 02:11:38,331 INFO CSMF2.step_1_1_1.run :: [lat_epoch] mean_l2=0.03447 std_l2=0.35076 lambda=10.000
2026-05-14 02:11:38,331 INFO CSMF2.step_1_1_1.run :: [grad] cond=46.2908 film_gain=0.0000
2026-05-14 02:11:48,107 INFO CSMF2.step_1_1_1.run :: [h] epoch=3 step=50 total=0.30459 batch=0.07554
2026-05-14 02:11:48,107 INFO CSMF2.step_1_1_1.run :: [lat] epoch=3 step=50 mean_l2=0.02847 std_l2=0.33788
2026-05-14 02:11:48,187 INFO CSMF2.step_1_1_1.run :: epoch=3 step=50/429 train_nll=-1627.110
2026-05-14 02:11:54,522 INFO CSMF2.step_1_1_1.run :: [h] epoch=3 step=100 total=0.30710 batch=0.09772
2026-05-14 02:11:54,522 INFO CSMF2.step_1_1_1.run :: [lat] epoch=3 step=100 mean_l2=0.03710 std_l2=0.33107
2026-05-14 02:11:54,602 INFO CSMF2.step_1_1_1.run :: epoch=3 step=100/429 train_nll=-1633.372
2026-05-14 02:12:00,940 INFO CSMF2.step_1_1_1.run :: [h] epoch=3 step=150 total=0.29452 batch=0.08795
2026-05-14 02:12:00,940 INFO CSMF2.step_1_1_1.run :: [lat] epoch=3 step=150 mean_l2=0.03245 std_l2=0.29303
2026-05-14 02:12:01,020 INFO CSMF2.step_1_1_1.run :: epoch=3 step=150/429 train_nll=-1640.174
2026-05-14 02:12:07,358 INFO CSMF2.step_1_1_1.run :: [h] epoch=3 step=200 total=0.30187 batch=0.09833
2026-05-14 02:12:07,358 INFO CSMF2.step_1_1_1.run :: [lat] epoch=3 step=200 mean_l2=0.04678 std_l2=0.33284
2026-05-14 02:12:07,439 INFO CSMF2.step_1_1_1.run :: epoch=3 step=200/429 train_nll=-1644.705
2026-05-14 02:12:13,785 INFO CSMF2.step_1_1_1.run :: [h] epoch=3 step=250 total=0.29829 batch=0.08274
2026-05-14 02:12:13,785 INFO CSMF2.step_1_1_1.run :: [lat] epoch=3 step=250 mean_l2=0.04769 std_l2=0.31929
2026-05-14 02:12:13,865 INFO CSMF2.step_1_1_1.run :: epoch=3 step=250/429 train_nll=-1650.309
2026-05-14 02:12:20,213 INFO CSMF2.step_1_1_1.run :: [h] epoch=3 step=300 total=0.29018 batch=0.08890
2026-05-14 02:12:20,213 INFO CSMF2.step_1_1_1.run :: [lat] epoch=3 step=300 mean_l2=0.03619 std_l2=0.28288
2026-05-14 02:12:20,294 INFO CSMF2.step_1_1_1.run :: epoch=3 step=300/429 train_nll=-1654.697
2026-05-14 02:12:26,642 INFO CSMF2.step_1_1_1.run :: [h] epoch=3 step=350 total=0.28266 batch=0.09547
2026-05-14 02:12:26,643 INFO CSMF2.step_1_1_1.run :: [lat] epoch=3 step=350 mean_l2=0.03802 std_l2=0.32989
2026-05-14 02:12:26,723 INFO CSMF2.step_1_1_1.run :: epoch=3 step=350/429 train_nll=-1660.006
2026-05-14 02:12:33,067 INFO CSMF2.step_1_1_1.run :: [h] epoch=3 step=400 total=0.29375 batch=0.09911
2026-05-14 02:12:33,067 INFO CSMF2.step_1_1_1.run :: [lat] epoch=3 step=400 mean_l2=0.03805 std_l2=0.32186
2026-05-14 02:12:33,147 INFO CSMF2.step_1_1_1.run :: epoch=3 step=400/429 train_nll=-1665.240
2026-05-14 02:12:38,877 INFO CSMF2.step_1_1_1.run :: epoch=3  train_nll=-1668.532  val_nll=-1717.623  t=56.9s
2026-05-14 02:12:38,877 INFO CSMF2.step_1_1_1.run :: [h_std] total=0.29409 batch=0.09026 (no penalty)
2026-05-14 02:12:38,877 INFO CSMF2.step_1_1_1.run :: [lat_epoch] mean_l2=0.04200 std_l2=0.32174 lambda=10.000
2026-05-14 02:12:38,877 INFO CSMF2.step_1_1_1.run :: [grad] cond=59.7062 film_gain=0.0000
2026-05-14 02:12:48,619 INFO CSMF2.step_1_1_1.run :: [h] epoch=4 step=50 total=0.29534 batch=0.09098
2026-05-14 02:12:48,620 INFO CSMF2.step_1_1_1.run :: [lat] epoch=4 step=50 mean_l2=0.04781 std_l2=0.31426
2026-05-14 02:12:48,697 INFO CSMF2.step_1_1_1.run :: epoch=4 step=50/429 train_nll=-1717.187
2026-05-14 02:12:54,924 INFO CSMF2.step_1_1_1.run :: [h] epoch=4 step=100 total=0.29699 batch=0.10466
2026-05-14 02:12:54,924 INFO CSMF2.step_1_1_1.run :: [lat] epoch=4 step=100 mean_l2=0.07298 std_l2=0.31126
2026-05-14 02:12:55,002 INFO CSMF2.step_1_1_1.run :: epoch=4 step=100/429 train_nll=-1722.026
2026-05-14 02:13:01,232 INFO CSMF2.step_1_1_1.run :: [h] epoch=4 step=150 total=0.28721 batch=0.09043
2026-05-14 02:13:01,232 INFO CSMF2.step_1_1_1.run :: [lat] epoch=4 step=150 mean_l2=0.05337 std_l2=0.27172
2026-05-14 02:13:01,310 INFO CSMF2.step_1_1_1.run :: epoch=4 step=150/429 train_nll=-1727.969
2026-05-14 02:13:07,540 INFO CSMF2.step_1_1_1.run :: [h] epoch=4 step=200 total=0.28592 batch=0.10402
2026-05-14 02:13:07,540 INFO CSMF2.step_1_1_1.run :: [lat] epoch=4 step=200 mean_l2=0.03535 std_l2=0.30589
2026-05-14 02:13:07,618 INFO CSMF2.step_1_1_1.run :: epoch=4 step=200/429 train_nll=-1730.982
2026-05-14 02:13:13,844 INFO CSMF2.step_1_1_1.run :: [h] epoch=4 step=250 total=0.28268 batch=0.09015
2026-05-14 02:13:13,844 INFO CSMF2.step_1_1_1.run :: [lat] epoch=4 step=250 mean_l2=0.05536 std_l2=0.31097
2026-05-14 02:13:13,922 INFO CSMF2.step_1_1_1.run :: epoch=4 step=250/429 train_nll=-1735.224
2026-05-14 02:13:20,150 INFO CSMF2.step_1_1_1.run :: [h] epoch=4 step=300 total=0.27431 batch=0.09860
2026-05-14 02:13:20,150 INFO CSMF2.step_1_1_1.run :: [lat] epoch=4 step=300 mean_l2=0.05141 std_l2=0.27938
2026-05-14 02:13:20,228 INFO CSMF2.step_1_1_1.run :: epoch=4 step=300/429 train_nll=-1739.173
2026-05-14 02:13:26,459 INFO CSMF2.step_1_1_1.run :: [h] epoch=4 step=350 total=0.27489 batch=0.10870
2026-05-14 02:13:26,459 INFO CSMF2.step_1_1_1.run :: [lat] epoch=4 step=350 mean_l2=0.04492 std_l2=0.30744
2026-05-14 02:13:26,537 INFO CSMF2.step_1_1_1.run :: epoch=4 step=350/429 train_nll=-1743.973
2026-05-14 02:13:32,768 INFO CSMF2.step_1_1_1.run :: [h] epoch=4 step=400 total=0.28227 batch=0.11537
2026-05-14 02:13:32,768 INFO CSMF2.step_1_1_1.run :: [lat] epoch=4 step=400 mean_l2=0.05184 std_l2=0.29958
2026-05-14 02:13:32,846 INFO CSMF2.step_1_1_1.run :: epoch=4 step=400/429 train_nll=-1747.528
2026-05-14 02:13:38,350 INFO CSMF2.step_1_1_1.run :: epoch=4  train_nll=-1749.859  val_nll=-1783.306  t=55.7s
2026-05-14 02:13:38,350 INFO CSMF2.step_1_1_1.run :: [h_std] total=0.28136 batch=0.09938 (no penalty)
2026-05-14 02:13:38,350 INFO CSMF2.step_1_1_1.run :: [lat_epoch] mean_l2=0.04927 std_l2=0.30055 lambda=10.000
2026-05-14 02:13:38,350 INFO CSMF2.step_1_1_1.run :: [grad] cond=98.9240 film_gain=0.0000
2026-05-14 02:13:47,980 INFO CSMF2.step_1_1_1.run :: [h] epoch=5 step=50 total=0.28162 batch=0.10431
2026-05-14 02:13:47,980 INFO CSMF2.step_1_1_1.run :: [lat] epoch=5 step=50 mean_l2=0.04365 std_l2=0.29703
2026-05-14 02:13:48,058 INFO CSMF2.step_1_1_1.run :: epoch=5 step=50/429 train_nll=-1786.728
2026-05-14 02:13:54,270 INFO CSMF2.step_1_1_1.run :: [h] epoch=5 step=100 total=0.28905 batch=0.11876
2026-05-14 02:13:54,271 INFO CSMF2.step_1_1_1.run :: [lat] epoch=5 step=100 mean_l2=0.03813 std_l2=0.30922
2026-05-14 02:13:54,348 INFO CSMF2.step_1_1_1.run :: epoch=5 step=100/429 train_nll=-1792.618
2026-05-14 02:14:00,556 INFO CSMF2.step_1_1_1.run :: [h] epoch=5 step=150 total=0.27067 batch=0.11285
2026-05-14 02:14:00,557 INFO CSMF2.step_1_1_1.run :: [lat] epoch=5 step=150 mean_l2=0.04517 std_l2=0.26616
2026-05-14 02:14:00,634 INFO CSMF2.step_1_1_1.run :: epoch=5 step=150/429 train_nll=-1799.087
2026-05-14 02:14:06,848 INFO CSMF2.step_1_1_1.run :: [h] epoch=5 step=200 total=0.27813 batch=0.12569
2026-05-14 02:14:06,849 INFO CSMF2.step_1_1_1.run :: [lat] epoch=5 step=200 mean_l2=0.04460 std_l2=0.29701
2026-05-14 02:14:06,926 INFO CSMF2.step_1_1_1.run :: epoch=5 step=200/429 train_nll=-1802.985
2026-05-14 02:14:13,231 INFO CSMF2.step_1_1_1.run :: [h] epoch=5 step=250 total=0.28161 batch=0.11753
2026-05-14 02:14:13,231 INFO CSMF2.step_1_1_1.run :: [lat] epoch=5 step=250 mean_l2=0.04387 std_l2=0.33620
2026-05-14 02:14:13,309 INFO CSMF2.step_1_1_1.run :: epoch=5 step=250/429 train_nll=-1807.704
2026-05-14 02:14:19,553 INFO CSMF2.step_1_1_1.run :: [h] epoch=5 step=300 total=0.27250 batch=0.11398
2026-05-14 02:14:19,554 INFO CSMF2.step_1_1_1.run :: [lat] epoch=5 step=300 mean_l2=0.05292 std_l2=0.29552
2026-05-14 02:14:19,631 INFO CSMF2.step_1_1_1.run :: epoch=5 step=300/429 train_nll=-1811.363
2026-05-14 02:14:25,873 INFO CSMF2.step_1_1_1.run :: [h] epoch=5 step=350 total=0.27190 batch=0.12418
2026-05-14 02:14:25,873 INFO CSMF2.step_1_1_1.run :: [lat] epoch=5 step=350 mean_l2=0.05527 std_l2=0.29713
2026-05-14 02:14:25,951 INFO CSMF2.step_1_1_1.run :: epoch=5 step=350/429 train_nll=-1815.303
2026-05-14 02:14:32,191 INFO CSMF2.step_1_1_1.run :: [h] epoch=5 step=400 total=0.28021 batch=0.12661
2026-05-14 02:14:32,191 INFO CSMF2.step_1_1_1.run :: [lat] epoch=5 step=400 mean_l2=0.05988 std_l2=0.28948
2026-05-14 02:14:32,268 INFO CSMF2.step_1_1_1.run :: epoch=5 step=400/429 train_nll=-1818.611
2026-05-14 02:14:37,938 INFO CSMF2.step_1_1_1.run :: epoch=5  train_nll=-1820.920  val_nll=-1854.238  t=55.9s
2026-05-14 02:14:37,938 INFO CSMF2.step_1_1_1.run :: [h_std] total=0.27553 batch=0.11729 (no penalty)
2026-05-14 02:14:37,938 INFO CSMF2.step_1_1_1.run :: [lat_epoch] mean_l2=0.05205 std_l2=0.29426 lambda=10.000
2026-05-14 02:14:37,938 INFO CSMF2.step_1_1_1.run :: [grad] cond=19.8753 film_gain=0.0000
2026-05-14 02:14:47,323 INFO CSMF2.step_1_1_1.run :: [h] epoch=6 step=50 total=0.27887 batch=0.12146
2026-05-14 02:14:47,324 INFO CSMF2.step_1_1_1.run :: [lat] epoch=6 step=50 mean_l2=0.05535 std_l2=0.29907
2026-05-14 02:14:47,395 INFO CSMF2.step_1_1_1.run :: epoch=6 step=50/429 train_nll=-1854.842
2026-05-14 02:14:53,338 INFO CSMF2.step_1_1_1.run :: [h] epoch=6 step=100 total=0.27742 batch=0.12808
2026-05-14 02:14:53,339 INFO CSMF2.step_1_1_1.run :: [lat] epoch=6 step=100 mean_l2=0.04871 std_l2=0.33880
2026-05-14 02:14:53,410 INFO CSMF2.step_1_1_1.run :: epoch=6 step=100/429 train_nll=-1856.952
2026-05-14 02:14:59,354 INFO CSMF2.step_1_1_1.run :: [h] epoch=6 step=150 total=0.26692 batch=0.12066
2026-05-14 02:14:59,354 INFO CSMF2.step_1_1_1.run :: [lat] epoch=6 step=150 mean_l2=0.04714 std_l2=0.28650
2026-05-14 02:14:59,425 INFO CSMF2.step_1_1_1.run :: epoch=6 step=150/429 train_nll=-1861.313
2026-05-14 02:15:05,363 INFO CSMF2.step_1_1_1.run :: [h] epoch=6 step=200 total=0.27155 batch=0.12926
2026-05-14 02:15:05,364 INFO CSMF2.step_1_1_1.run :: [lat] epoch=6 step=200 mean_l2=0.06943 std_l2=0.28980
2026-05-14 02:15:05,435 INFO CSMF2.step_1_1_1.run :: epoch=6 step=200/429 train_nll=-1863.952
2026-05-14 02:15:11,376 INFO CSMF2.step_1_1_1.run :: [h] epoch=6 step=250 total=0.27461 batch=0.12434
2026-05-14 02:15:11,376 INFO CSMF2.step_1_1_1.run :: [lat] epoch=6 step=250 mean_l2=0.08103 std_l2=0.36716
2026-05-14 02:15:11,447 INFO CSMF2.step_1_1_1.run :: epoch=6 step=250/429 train_nll=-1867.193
2026-05-14 02:15:17,390 INFO CSMF2.step_1_1_1.run :: [h] epoch=6 step=300 total=0.26735 batch=0.12219
2026-05-14 02:15:17,390 INFO CSMF2.step_1_1_1.run :: [lat] epoch=6 step=300 mean_l2=0.04254 std_l2=0.32615
2026-05-14 02:15:17,462 INFO CSMF2.step_1_1_1.run :: epoch=6 step=300/429 train_nll=-1870.035
2026-05-14 02:15:23,400 INFO CSMF2.step_1_1_1.run :: [h] epoch=6 step=350 total=0.26726 batch=0.12947
2026-05-14 02:15:23,400 INFO CSMF2.step_1_1_1.run :: [lat] epoch=6 step=350 mean_l2=0.07470 std_l2=0.31149
2026-05-14 02:15:23,471 INFO CSMF2.step_1_1_1.run :: epoch=6 step=350/429 train_nll=-1873.866
2026-05-14 02:15:29,411 INFO CSMF2.step_1_1_1.run :: [h] epoch=6 step=400 total=0.27475 batch=0.13010
2026-05-14 02:15:29,411 INFO CSMF2.step_1_1_1.run :: [lat] epoch=6 step=400 mean_l2=0.05514 std_l2=0.30872
2026-05-14 02:15:29,483 INFO CSMF2.step_1_1_1.run :: epoch=6 step=400/429 train_nll=-1876.856
2026-05-14 02:15:34,817 INFO CSMF2.step_1_1_1.run :: epoch=6  train_nll=-1879.140  val_nll=-1910.430  t=53.2s
2026-05-14 02:15:34,817 INFO CSMF2.step_1_1_1.run :: [h_std] total=0.26988 batch=0.12597 (no penalty)
2026-05-14 02:15:34,817 INFO CSMF2.step_1_1_1.run :: [lat_epoch] mean_l2=0.05739 std_l2=0.29855 lambda=10.000
2026-05-14 02:15:34,817 INFO CSMF2.step_1_1_1.run :: [grad] cond=13.8694 film_gain=0.0000
2026-05-14 02:15:44,176 INFO CSMF2.step_1_1_1.run :: [h] epoch=7 step=50 total=0.27014 batch=0.12729
2026-05-14 02:15:44,177 INFO CSMF2.step_1_1_1.run :: [lat] epoch=7 step=50 mean_l2=0.08176 std_l2=0.28038
2026-05-14 02:15:44,248 INFO CSMF2.step_1_1_1.run :: epoch=7 step=50/429 train_nll=-1900.695
2026-05-14 02:15:50,184 INFO CSMF2.step_1_1_1.run :: [h] epoch=7 step=100 total=0.26586 batch=0.13024
2026-05-14 02:15:50,184 INFO CSMF2.step_1_1_1.run :: [lat] epoch=7 step=100 mean_l2=0.08039 std_l2=0.37802
2026-05-14 02:15:50,255 INFO CSMF2.step_1_1_1.run :: epoch=7 step=100/429 train_nll=-1903.827
2026-05-14 02:15:56,187 INFO CSMF2.step_1_1_1.run :: [h] epoch=7 step=150 total=0.26158 batch=0.12435
2026-05-14 02:15:56,187 INFO CSMF2.step_1_1_1.run :: [lat] epoch=7 step=150 mean_l2=0.07325 std_l2=0.31004
2026-05-14 02:15:56,259 INFO CSMF2.step_1_1_1.run :: epoch=7 step=150/429 train_nll=-1910.200
2026-05-14 02:16:02,191 INFO CSMF2.step_1_1_1.run :: [h] epoch=7 step=200 total=0.26511 batch=0.13441
2026-05-14 02:16:02,192 INFO CSMF2.step_1_1_1.run :: [lat] epoch=7 step=200 mean_l2=0.06291 std_l2=0.29835
2026-05-14 02:16:02,263 INFO CSMF2.step_1_1_1.run :: epoch=7 step=200/429 train_nll=-1913.005
2026-05-14 02:16:08,195 INFO CSMF2.step_1_1_1.run :: [h] epoch=7 step=250 total=0.26323 batch=0.12518
2026-05-14 02:16:08,195 INFO CSMF2.step_1_1_1.run :: [lat] epoch=7 step=250 mean_l2=0.05027 std_l2=0.42277
2026-05-14 02:16:08,267 INFO CSMF2.step_1_1_1.run :: epoch=7 step=250/429 train_nll=-1916.383
2026-05-14 02:16:14,198 INFO CSMF2.step_1_1_1.run :: [h] epoch=7 step=300 total=0.25430 batch=0.12529
2026-05-14 02:16:14,199 INFO CSMF2.step_1_1_1.run :: [lat] epoch=7 step=300 mean_l2=0.05927 std_l2=0.37834
2026-05-14 02:16:14,270 INFO CSMF2.step_1_1_1.run :: epoch=7 step=300/429 train_nll=-1917.846
2026-05-14 02:16:20,204 INFO CSMF2.step_1_1_1.run :: [h] epoch=7 step=350 total=0.25832 batch=0.13349
2026-05-14 02:16:20,205 INFO CSMF2.step_1_1_1.run :: [lat] epoch=7 step=350 mean_l2=0.05341 std_l2=0.32294
2026-05-14 02:16:20,276 INFO CSMF2.step_1_1_1.run :: epoch=7 step=350/429 train_nll=-1921.412
2026-05-14 02:16:26,214 INFO CSMF2.step_1_1_1.run :: [h] epoch=7 step=400 total=0.26751 batch=0.13780
2026-05-14 02:16:26,214 INFO CSMF2.step_1_1_1.run :: [lat] epoch=7 step=400 mean_l2=0.06066 std_l2=0.34400
2026-05-14 02:16:26,285 INFO CSMF2.step_1_1_1.run :: epoch=7 step=400/429 train_nll=-1923.824
2026-05-14 02:16:31,772 INFO CSMF2.step_1_1_1.run :: epoch=7  train_nll=-1925.434  val_nll=-1951.290  t=53.3s
2026-05-14 02:16:31,772 INFO CSMF2.step_1_1_1.run :: [h_std] total=0.26155 batch=0.12992 (no penalty)
2026-05-14 02:16:31,772 INFO CSMF2.step_1_1_1.run :: [lat_epoch] mean_l2=0.06545 std_l2=0.31340 lambda=10.000
2026-05-14 02:16:31,772 INFO CSMF2.step_1_1_1.run :: [grad] cond=83.8267 film_gain=0.0000
2026-05-14 02:16:41,449 INFO CSMF2.step_1_1_1.run :: [h] epoch=8 step=50 total=0.26210 batch=0.13278
2026-05-14 02:16:41,450 INFO CSMF2.step_1_1_1.run :: [lat] epoch=8 step=50 mean_l2=0.06161 std_l2=0.28898
2026-05-14 02:16:41,527 INFO CSMF2.step_1_1_1.run :: epoch=8 step=50/429 train_nll=-1948.231
2026-05-14 02:16:47,772 INFO CSMF2.step_1_1_1.run :: [h] epoch=8 step=100 total=0.26119 batch=0.13708
2026-05-14 02:16:47,772 INFO CSMF2.step_1_1_1.run :: [lat] epoch=8 step=100 mean_l2=0.04523 std_l2=0.44783
2026-05-14 02:16:47,850 INFO CSMF2.step_1_1_1.run :: epoch=8 step=100/429 train_nll=-1951.616
2026-05-14 02:16:54,103 INFO CSMF2.step_1_1_1.run :: [h] epoch=8 step=150 total=0.25744 batch=0.13453
2026-05-14 02:16:54,103 INFO CSMF2.step_1_1_1.run :: [lat] epoch=8 step=150 mean_l2=0.05461 std_l2=0.34236
2026-05-14 02:16:54,181 INFO CSMF2.step_1_1_1.run :: epoch=8 step=150/429 train_nll=-1955.567
2026-05-14 02:17:00,432 INFO CSMF2.step_1_1_1.run :: [h] epoch=8 step=200 total=0.25450 batch=0.13809
2026-05-14 02:17:00,432 INFO CSMF2.step_1_1_1.run :: [lat] epoch=8 step=200 mean_l2=0.05689 std_l2=0.27751
2026-05-14 02:17:00,510 INFO CSMF2.step_1_1_1.run :: epoch=8 step=200/429 train_nll=-1957.362
2026-05-14 02:17:06,759 INFO CSMF2.step_1_1_1.run :: [h] epoch=8 step=250 total=0.25877 batch=0.13458
2026-05-14 02:17:06,759 INFO CSMF2.step_1_1_1.run :: [lat] epoch=8 step=250 mean_l2=0.06635 std_l2=0.46971
2026-05-14 02:17:06,852 INFO CSMF2.step_1_1_1.run :: epoch=8 step=250/429 train_nll=-1960.529
2026-05-14 02:17:15,179 INFO CSMF2.step_1_1_1.run :: [h] epoch=8 step=300 total=0.24908 batch=0.13441
2026-05-14 02:17:15,180 INFO CSMF2.step_1_1_1.run :: [lat] epoch=8 step=300 mean_l2=0.05842 std_l2=0.45358
2026-05-14 02:17:15,269 INFO CSMF2.step_1_1_1.run :: epoch=8 step=300/429 train_nll=-1962.975
2026-05-14 02:17:23,593 INFO CSMF2.step_1_1_1.run :: [h] epoch=8 step=350 total=0.25653 batch=0.13933
2026-05-14 02:17:23,594 INFO CSMF2.step_1_1_1.run :: [lat] epoch=8 step=350 mean_l2=0.07712 std_l2=0.38762
2026-05-14 02:17:23,683 INFO CSMF2.step_1_1_1.run :: epoch=8 step=350/429 train_nll=-1966.896
2026-05-14 02:17:32,008 INFO CSMF2.step_1_1_1.run :: [h] epoch=8 step=400 total=0.26088 batch=0.14323
2026-05-14 02:17:32,008 INFO CSMF2.step_1_1_1.run :: [lat] epoch=8 step=400 mean_l2=0.06617 std_l2=0.41061
2026-05-14 02:17:32,098 INFO CSMF2.step_1_1_1.run :: epoch=8 step=400/429 train_nll=-1968.643
2026-05-14 02:17:39,952 INFO CSMF2.step_1_1_1.run :: epoch=8  train_nll=-1970.130  val_nll=-1982.489  t=64.5s
2026-05-14 02:17:39,952 INFO CSMF2.step_1_1_1.run :: [h_std] total=0.25621 batch=0.13705 (no penalty)
2026-05-14 02:17:39,952 INFO CSMF2.step_1_1_1.run :: [lat_epoch] mean_l2=0.06662 std_l2=0.33791 lambda=10.000
2026-05-14 02:17:39,952 INFO CSMF2.step_1_1_1.run :: [grad] cond=176.4164 film_gain=0.0000
2026-05-14 02:17:49,757 INFO CSMF2.step_1_1_1.run :: [h] epoch=9 step=50 total=0.25932 batch=0.14261
2026-05-14 02:17:49,757 INFO CSMF2.step_1_1_1.run :: [lat] epoch=9 step=50 mean_l2=0.05158 std_l2=0.27757
2026-05-14 02:17:49,837 INFO CSMF2.step_1_1_1.run :: epoch=9 step=50/429 train_nll=-1989.984
2026-05-14 02:17:56,193 INFO CSMF2.step_1_1_1.run :: [h] epoch=9 step=100 total=0.26083 batch=0.14406
2026-05-14 02:17:56,193 INFO CSMF2.step_1_1_1.run :: [lat] epoch=9 step=100 mean_l2=0.06702 std_l2=0.49403
2026-05-14 02:17:56,273 INFO CSMF2.step_1_1_1.run :: epoch=9 step=100/429 train_nll=-1994.344
2026-05-14 02:18:02,624 INFO CSMF2.step_1_1_1.run :: [h] epoch=9 step=150 total=0.25312 batch=0.14094
2026-05-14 02:18:02,624 INFO CSMF2.step_1_1_1.run :: [lat] epoch=9 step=150 mean_l2=0.06312 std_l2=0.35857
2026-05-14 02:18:02,704 INFO CSMF2.step_1_1_1.run :: epoch=9 step=150/429 train_nll=-1999.125
2026-05-14 02:18:09,057 INFO CSMF2.step_1_1_1.run :: [h] epoch=9 step=200 total=0.25249 batch=0.14484
2026-05-14 02:18:09,058 INFO CSMF2.step_1_1_1.run :: [lat] epoch=9 step=200 mean_l2=0.09022 std_l2=0.27919
2026-05-14 02:18:09,138 INFO CSMF2.step_1_1_1.run :: epoch=9 step=200/429 train_nll=-2000.321
2026-05-14 02:18:15,492 INFO CSMF2.step_1_1_1.run :: [h] epoch=9 step=250 total=0.25576 batch=0.14324
2026-05-14 02:18:15,492 INFO CSMF2.step_1_1_1.run :: [lat] epoch=9 step=250 mean_l2=0.06681 std_l2=0.49942
2026-05-14 02:18:15,573 INFO CSMF2.step_1_1_1.run :: epoch=9 step=250/429 train_nll=-2002.041
2026-05-14 02:18:21,925 INFO CSMF2.step_1_1_1.run :: [h] epoch=9 step=300 total=0.25103 batch=0.14570
2026-05-14 02:18:21,925 INFO CSMF2.step_1_1_1.run :: [lat] epoch=9 step=300 mean_l2=0.06390 std_l2=0.51982
2026-05-14 02:18:22,006 INFO CSMF2.step_1_1_1.run :: epoch=9 step=300/429 train_nll=-2003.865
2026-05-14 02:18:28,360 INFO CSMF2.step_1_1_1.run :: [h] epoch=9 step=350 total=0.25322 batch=0.14883
2026-05-14 02:18:28,360 INFO CSMF2.step_1_1_1.run :: [lat] epoch=9 step=350 mean_l2=0.06662 std_l2=0.43062
2026-05-14 02:18:28,440 INFO CSMF2.step_1_1_1.run :: epoch=9 step=350/429 train_nll=-2007.434
2026-05-14 02:18:34,797 INFO CSMF2.step_1_1_1.run :: [h] epoch=9 step=400 total=0.25866 batch=0.15016
2026-05-14 02:18:34,798 INFO CSMF2.step_1_1_1.run :: [lat] epoch=9 step=400 mean_l2=0.07985 std_l2=0.54221
2026-05-14 02:18:34,878 INFO CSMF2.step_1_1_1.run :: epoch=9 step=400/429 train_nll=-2008.980
2026-05-14 02:18:40,468 INFO CSMF2.step_1_1_1.run :: epoch=9  train_nll=-2009.959  val_nll=-2029.300  t=56.8s
2026-05-14 02:18:40,468 INFO CSMF2.step_1_1_1.run :: [h_std] total=0.25357 batch=0.14468 (no penalty)
2026-05-14 02:18:40,468 INFO CSMF2.step_1_1_1.run :: [lat_epoch] mean_l2=0.06961 std_l2=0.36729 lambda=10.000
2026-05-14 02:18:40,468 INFO CSMF2.step_1_1_1.run :: [grad] cond=72.2302 film_gain=0.0000
2026-05-14 02:18:50,249 INFO CSMF2.step_1_1_1.run :: [h] epoch=10 step=50 total=0.25873 batch=0.15281
2026-05-14 02:18:50,250 INFO CSMF2.step_1_1_1.run :: [lat] epoch=10 step=50 mean_l2=0.07468 std_l2=0.28998
2026-05-14 02:18:50,330 INFO CSMF2.step_1_1_1.run :: epoch=10 step=50/429 train_nll=-2029.625
2026-05-14 02:18:56,675 INFO CSMF2.step_1_1_1.run :: [h] epoch=10 step=100 total=0.25452 batch=0.15104
2026-05-14 02:18:56,675 INFO CSMF2.step_1_1_1.run :: [lat] epoch=10 step=100 mean_l2=0.06093 std_l2=0.54275
2026-05-14 02:18:56,755 INFO CSMF2.step_1_1_1.run :: epoch=10 step=100/429 train_nll=-2031.325
2026-05-14 02:19:03,105 INFO CSMF2.step_1_1_1.run :: [h] epoch=10 step=150 total=0.24991 batch=0.14711
2026-05-14 02:19:03,105 INFO CSMF2.step_1_1_1.run :: [lat] epoch=10 step=150 mean_l2=0.07807 std_l2=0.37325
2026-05-14 02:19:03,185 INFO CSMF2.step_1_1_1.run :: epoch=10 step=150/429 train_nll=-2035.280
2026-05-14 02:19:09,531 INFO CSMF2.step_1_1_1.run :: [h] epoch=10 step=200 total=0.24832 batch=0.15021
2026-05-14 02:19:09,531 INFO CSMF2.step_1_1_1.run :: [lat] epoch=10 step=200 mean_l2=0.09050 std_l2=0.27354
2026-05-14 02:19:09,611 INFO CSMF2.step_1_1_1.run :: epoch=10 step=200/429 train_nll=-2035.847
2026-05-14 02:19:15,953 INFO CSMF2.step_1_1_1.run :: [h] epoch=10 step=250 total=0.24993 batch=0.15122
2026-05-14 02:19:15,954 INFO CSMF2.step_1_1_1.run :: [lat] epoch=10 step=250 mean_l2=0.11481 std_l2=0.48839
2026-05-14 02:19:16,034 INFO CSMF2.step_1_1_1.run :: epoch=10 step=250/429 train_nll=-2037.388
2026-05-14 02:19:22,378 INFO CSMF2.step_1_1_1.run :: [h] epoch=10 step=300 total=0.25075 batch=0.15619
2026-05-14 02:19:22,379 INFO CSMF2.step_1_1_1.run :: [lat] epoch=10 step=300 mean_l2=0.05948 std_l2=0.51549
2026-05-14 02:19:22,459 INFO CSMF2.step_1_1_1.run :: epoch=10 step=300/429 train_nll=-2037.806
2026-05-14 02:19:28,815 INFO CSMF2.step_1_1_1.run :: [h] epoch=10 step=350 total=0.25019 batch=0.15427
2026-05-14 02:19:28,815 INFO CSMF2.step_1_1_1.run :: [lat] epoch=10 step=350 mean_l2=0.07262 std_l2=0.50411
2026-05-14 02:19:28,895 INFO CSMF2.step_1_1_1.run :: epoch=10 step=350/429 train_nll=-2040.934
2026-05-14 02:19:35,244 INFO CSMF2.step_1_1_1.run :: [h] epoch=10 step=400 total=0.25288 batch=0.15286
2026-05-14 02:19:35,244 INFO CSMF2.step_1_1_1.run :: [lat] epoch=10 step=400 mean_l2=0.08068 std_l2=0.71371
2026-05-14 02:19:35,324 INFO CSMF2.step_1_1_1.run :: epoch=10 step=400/429 train_nll=-2042.711
2026-05-14 02:19:40,902 INFO CSMF2.step_1_1_1.run :: epoch=10  train_nll=-2043.900  val_nll=-2065.565  t=56.8s
2026-05-14 02:19:40,902 INFO CSMF2.step_1_1_1.run :: [h_std] total=0.25099 batch=0.15179 (no penalty)
2026-05-14 02:19:40,902 INFO CSMF2.step_1_1_1.run :: [lat_epoch] mean_l2=0.07321 std_l2=0.39479 lambda=10.000
2026-05-14 02:19:40,902 INFO CSMF2.step_1_1_1.run :: [grad] cond=86.4965 film_gain=0.0000
2026-05-14 02:19:50,669 INFO CSMF2.step_1_1_1.run :: [h] epoch=11 step=50 total=0.25579 batch=0.15820
2026-05-14 02:19:50,670 INFO CSMF2.step_1_1_1.run :: [lat] epoch=11 step=50 mean_l2=0.06814 std_l2=0.25769
2026-05-14 02:19:50,750 INFO CSMF2.step_1_1_1.run :: epoch=11 step=50/429 train_nll=-2061.791
2026-05-14 02:19:57,078 INFO CSMF2.step_1_1_1.run :: [h] epoch=11 step=100 total=0.24753 batch=0.15414
2026-05-14 02:19:57,079 INFO CSMF2.step_1_1_1.run :: [lat] epoch=11 step=100 mean_l2=0.06028 std_l2=0.55761
2026-05-14 02:19:57,158 INFO CSMF2.step_1_1_1.run :: epoch=11 step=100/429 train_nll=-2062.397
2026-05-14 02:20:03,484 INFO CSMF2.step_1_1_1.run :: [h] epoch=11 step=150 total=0.24642 batch=0.15470
2026-05-14 02:20:03,485 INFO CSMF2.step_1_1_1.run :: [lat] epoch=11 step=150 mean_l2=0.09422 std_l2=0.37882
2026-05-14 02:20:03,565 INFO CSMF2.step_1_1_1.run :: epoch=11 step=150/429 train_nll=-2065.886
2026-05-14 02:20:09,891 INFO CSMF2.step_1_1_1.run :: [h] epoch=11 step=200 total=0.24444 batch=0.15749
2026-05-14 02:20:09,892 INFO CSMF2.step_1_1_1.run :: [lat] epoch=11 step=200 mean_l2=0.07354 std_l2=0.26519
2026-05-14 02:20:09,972 INFO CSMF2.step_1_1_1.run :: epoch=11 step=200/429 train_nll=-2065.939
2026-05-14 02:20:16,295 INFO CSMF2.step_1_1_1.run :: [h] epoch=11 step=250 total=0.24664 batch=0.15484
2026-05-14 02:20:16,296 INFO CSMF2.step_1_1_1.run :: [lat] epoch=11 step=250 mean_l2=0.07308 std_l2=0.49262
2026-05-14 02:20:16,376 INFO CSMF2.step_1_1_1.run :: epoch=11 step=250/429 train_nll=-2067.727
2026-05-14 02:20:22,695 INFO CSMF2.step_1_1_1.run :: [h] epoch=11 step=300 total=0.24966 batch=0.16413
2026-05-14 02:20:22,695 INFO CSMF2.step_1_1_1.run :: [lat] epoch=11 step=300 mean_l2=0.11168 std_l2=0.51019
2026-05-14 02:20:22,775 INFO CSMF2.step_1_1_1.run :: epoch=11 step=300/429 train_nll=-2068.505
2026-05-14 02:20:29,093 INFO CSMF2.step_1_1_1.run :: [h] epoch=11 step=350 total=0.24709 batch=0.16074
2026-05-14 02:20:29,093 INFO CSMF2.step_1_1_1.run :: [lat] epoch=11 step=350 mean_l2=0.06322 std_l2=0.58336
2026-05-14 02:20:29,173 INFO CSMF2.step_1_1_1.run :: epoch=11 step=350/429 train_nll=-2071.270
2026-05-14 02:20:35,493 INFO CSMF2.step_1_1_1.run :: [h] epoch=11 step=400 total=0.24662 batch=0.15551
2026-05-14 02:20:35,493 INFO CSMF2.step_1_1_1.run :: [lat] epoch=11 step=400 mean_l2=0.07383 std_l2=0.92177
2026-05-14 02:20:35,573 INFO CSMF2.step_1_1_1.run :: epoch=11 step=400/429 train_nll=-2072.670
2026-05-14 02:20:41,139 INFO CSMF2.step_1_1_1.run :: epoch=11  train_nll=-2073.717  val_nll=-2082.110  t=56.6s
2026-05-14 02:20:41,139 INFO CSMF2.step_1_1_1.run :: [h_std] total=0.24595 batch=0.15621 (no penalty)
2026-05-14 02:20:41,139 INFO CSMF2.step_1_1_1.run :: [lat_epoch] mean_l2=0.07716 std_l2=0.41668 lambda=10.000
2026-05-14 02:20:41,139 INFO CSMF2.step_1_1_1.run :: [grad] cond=202.0564 film_gain=0.0000
2026-05-14 02:20:50,263 INFO CSMF2.step_1_1_1.run :: [h] epoch=12 step=50 total=0.24728 batch=0.15819
2026-05-14 02:20:50,264 INFO CSMF2.step_1_1_1.run :: [lat] epoch=12 step=50 mean_l2=0.07555 std_l2=0.24245
2026-05-14 02:20:50,330 INFO CSMF2.step_1_1_1.run :: epoch=12 step=50/429 train_nll=-2089.719
2026-05-14 02:20:56,067 INFO CSMF2.step_1_1_1.run :: [h] epoch=12 step=100 total=0.24083 batch=0.15752
2026-05-14 02:20:56,068 INFO CSMF2.step_1_1_1.run :: [lat] epoch=12 step=100 mean_l2=0.08955 std_l2=0.47554
2026-05-14 02:20:56,135 INFO CSMF2.step_1_1_1.run :: epoch=12 step=100/429 train_nll=-2090.495
2026-05-14 02:21:01,869 INFO CSMF2.step_1_1_1.run :: [h] epoch=12 step=150 total=0.23953 batch=0.15653
2026-05-14 02:21:01,869 INFO CSMF2.step_1_1_1.run :: [lat] epoch=12 step=150 mean_l2=0.07056 std_l2=0.36810
2026-05-14 02:21:01,936 INFO CSMF2.step_1_1_1.run :: epoch=12 step=150/429 train_nll=-2094.175
2026-05-14 02:21:07,668 INFO CSMF2.step_1_1_1.run :: [h] epoch=12 step=200 total=0.23986 batch=0.16046
2026-05-14 02:21:07,668 INFO CSMF2.step_1_1_1.run :: [lat] epoch=12 step=200 mean_l2=0.08135 std_l2=0.26702
2026-05-14 02:21:07,735 INFO CSMF2.step_1_1_1.run :: epoch=12 step=200/429 train_nll=-2094.925
2026-05-14 02:21:13,468 INFO CSMF2.step_1_1_1.run :: [h] epoch=12 step=250 total=0.23996 batch=0.15694
2026-05-14 02:21:13,468 INFO CSMF2.step_1_1_1.run :: [lat] epoch=12 step=250 mean_l2=0.07209 std_l2=0.43514
2026-05-14 02:21:13,535 INFO CSMF2.step_1_1_1.run :: epoch=12 step=250/429 train_nll=-2096.635
2026-05-14 02:21:19,341 INFO CSMF2.step_1_1_1.run :: [h] epoch=12 step=300 total=0.24264 batch=0.16607
2026-05-14 02:21:19,341 INFO CSMF2.step_1_1_1.run :: [lat] epoch=12 step=300 mean_l2=0.07353 std_l2=0.54651
2026-05-14 02:21:19,408 INFO CSMF2.step_1_1_1.run :: epoch=12 step=300/429 train_nll=-2097.806
2026-05-14 02:21:25,150 INFO CSMF2.step_1_1_1.run :: [h] epoch=12 step=350 total=0.23905 batch=0.15935
2026-05-14 02:21:25,151 INFO CSMF2.step_1_1_1.run :: [lat] epoch=12 step=350 mean_l2=0.05698 std_l2=0.61181
2026-05-14 02:21:25,217 INFO CSMF2.step_1_1_1.run :: epoch=12 step=350/429 train_nll=-2100.460
2026-05-14 02:21:30,963 INFO CSMF2.step_1_1_1.run :: [h] epoch=12 step=400 total=0.24053 batch=0.15629
2026-05-14 02:21:30,963 INFO CSMF2.step_1_1_1.run :: [lat] epoch=12 step=400 mean_l2=0.08084 std_l2=1.08528
2026-05-14 02:21:31,030 INFO CSMF2.step_1_1_1.run :: epoch=12 step=400/429 train_nll=-2101.220
2026-05-14 02:21:36,412 INFO CSMF2.step_1_1_1.run :: epoch=12  train_nll=-2102.212  val_nll=-2112.864  t=51.6s
2026-05-14 02:21:36,412 INFO CSMF2.step_1_1_1.run :: [h_std] total=0.24037 batch=0.15844 (no penalty)
2026-05-14 02:21:36,412 INFO CSMF2.step_1_1_1.run :: [lat_epoch] mean_l2=0.07877 std_l2=0.44026 lambda=10.000
2026-05-14 02:21:36,412 INFO CSMF2.step_1_1_1.run :: [grad] cond=381.6226 film_gain=0.0000
2026-05-14 02:21:45,395 INFO CSMF2.step_1_1_1.run :: [h] epoch=13 step=50 total=0.24180 batch=0.15952
2026-05-14 02:21:45,396 INFO CSMF2.step_1_1_1.run :: [lat] epoch=13 step=50 mean_l2=0.07409 std_l2=0.23541
2026-05-14 02:21:45,464 INFO CSMF2.step_1_1_1.run :: epoch=13 step=50/429 train_nll=-2118.985
2026-05-14 02:21:51,226 INFO CSMF2.step_1_1_1.run :: [h] epoch=13 step=100 total=0.23463 batch=0.15556
2026-05-14 02:21:51,226 INFO CSMF2.step_1_1_1.run :: [lat] epoch=13 step=100 mean_l2=0.08503 std_l2=0.44247
2026-05-14 02:21:51,294 INFO CSMF2.step_1_1_1.run :: epoch=13 step=100/429 train_nll=-2120.085
2026-05-14 02:21:57,058 INFO CSMF2.step_1_1_1.run :: [h] epoch=13 step=150 total=0.23583 batch=0.15745
2026-05-14 02:21:57,058 INFO CSMF2.step_1_1_1.run :: [lat] epoch=13 step=150 mean_l2=0.07336 std_l2=0.34687
2026-05-14 02:21:57,126 INFO CSMF2.step_1_1_1.run :: epoch=13 step=150/429 train_nll=-2122.989
2026-05-14 02:22:02,888 INFO CSMF2.step_1_1_1.run :: [h] epoch=13 step=200 total=0.23381 batch=0.15866
2026-05-14 02:22:02,888 INFO CSMF2.step_1_1_1.run :: [lat] epoch=13 step=200 mean_l2=0.08719 std_l2=0.24941
2026-05-14 02:22:02,956 INFO CSMF2.step_1_1_1.run :: epoch=13 step=200/429 train_nll=-2122.924
2026-05-14 02:22:08,720 INFO CSMF2.step_1_1_1.run :: [h] epoch=13 step=250 total=0.23280 batch=0.15472
2026-05-14 02:22:08,720 INFO CSMF2.step_1_1_1.run :: [lat] epoch=13 step=250 mean_l2=0.07129 std_l2=0.57280
2026-05-14 02:22:08,788 INFO CSMF2.step_1_1_1.run :: epoch=13 step=250/429 train_nll=-2124.225
2026-05-14 02:22:14,646 INFO CSMF2.step_1_1_1.run :: [h] epoch=13 step=300 total=0.23200 batch=0.15958
2026-05-14 02:22:14,646 INFO CSMF2.step_1_1_1.run :: [lat] epoch=13 step=300 mean_l2=0.09515 std_l2=0.56734
2026-05-14 02:22:14,734 INFO CSMF2.step_1_1_1.run :: epoch=13 step=300/429 train_nll=-2124.217
2026-05-14 02:22:21,086 INFO CSMF2.step_1_1_1.run :: [h] epoch=13 step=350 total=0.23200 batch=0.15605
2026-05-14 02:22:21,086 INFO CSMF2.step_1_1_1.run :: [lat] epoch=13 step=350 mean_l2=0.08223 std_l2=0.62353
2026-05-14 02:22:21,167 INFO CSMF2.step_1_1_1.run :: epoch=13 step=350/429 train_nll=-2126.998
2026-05-14 02:22:27,514 INFO CSMF2.step_1_1_1.run :: [h] epoch=13 step=400 total=0.23216 batch=0.15297
2026-05-14 02:22:27,515 INFO CSMF2.step_1_1_1.run :: [lat] epoch=13 step=400 mean_l2=0.09577 std_l2=1.22254
2026-05-14 02:22:27,595 INFO CSMF2.step_1_1_1.run :: epoch=13 step=400/429 train_nll=-2127.430
2026-05-14 02:22:33,177 INFO CSMF2.step_1_1_1.run :: epoch=13  train_nll=-2128.324  val_nll=-2134.667  t=53.3s
2026-05-14 02:22:33,177 INFO CSMF2.step_1_1_1.run :: [h_std] total=0.23416 batch=0.15750 (no penalty)
2026-05-14 02:22:33,177 INFO CSMF2.step_1_1_1.run :: [lat_epoch] mean_l2=0.07957 std_l2=0.45590 lambda=10.000
2026-05-14 02:22:33,177 INFO CSMF2.step_1_1_1.run :: [grad] cond=106.6955 film_gain=0.0000
2026-05-14 02:22:42,606 INFO CSMF2.step_1_1_1.run :: [h] epoch=14 step=50 total=0.23336 batch=0.15593
2026-05-14 02:22:42,606 INFO CSMF2.step_1_1_1.run :: [lat] epoch=14 step=50 mean_l2=0.07591 std_l2=0.22865
2026-05-14 02:22:42,683 INFO CSMF2.step_1_1_1.run :: epoch=14 step=50/429 train_nll=-2139.087
2026-05-14 02:22:48,884 INFO CSMF2.step_1_1_1.run :: [h] epoch=14 step=100 total=0.22907 batch=0.15541
2026-05-14 02:22:48,884 INFO CSMF2.step_1_1_1.run :: [lat] epoch=14 step=100 mean_l2=0.05789 std_l2=0.46986
2026-05-14 02:22:48,961 INFO CSMF2.step_1_1_1.run :: epoch=14 step=100/429 train_nll=-2142.129
2026-05-14 02:22:55,161 INFO CSMF2.step_1_1_1.run :: [h] epoch=14 step=150 total=0.23184 batch=0.15725
2026-05-14 02:22:55,161 INFO CSMF2.step_1_1_1.run :: [lat] epoch=14 step=150 mean_l2=0.09453 std_l2=0.33884
2026-05-14 02:22:55,238 INFO CSMF2.step_1_1_1.run :: epoch=14 step=150/429 train_nll=-2145.561
2026-05-14 02:23:01,439 INFO CSMF2.step_1_1_1.run :: [h] epoch=14 step=200 total=0.22888 batch=0.15595
2026-05-14 02:23:01,439 INFO CSMF2.step_1_1_1.run :: [lat] epoch=14 step=200 mean_l2=0.08441 std_l2=0.24218
2026-05-14 02:23:01,516 INFO CSMF2.step_1_1_1.run :: epoch=14 step=200/429 train_nll=-2145.127
2026-05-14 02:23:07,719 INFO CSMF2.step_1_1_1.run :: [h] epoch=14 step=250 total=0.22601 batch=0.15023
2026-05-14 02:23:07,720 INFO CSMF2.step_1_1_1.run :: [lat] epoch=14 step=250 mean_l2=0.11975 std_l2=0.48862
2026-05-14 02:23:07,796 INFO CSMF2.step_1_1_1.run :: epoch=14 step=250/429 train_nll=-2146.064
2026-05-14 02:23:14,096 INFO CSMF2.step_1_1_1.run :: [h] epoch=14 step=300 total=0.22877 batch=0.15892
2026-05-14 02:23:14,096 INFO CSMF2.step_1_1_1.run :: [lat] epoch=14 step=300 mean_l2=0.08055 std_l2=0.56223
2026-05-14 02:23:14,174 INFO CSMF2.step_1_1_1.run :: epoch=14 step=300/429 train_nll=-2146.855
2026-05-14 02:23:20,388 INFO CSMF2.step_1_1_1.run :: [h] epoch=14 step=350 total=0.22484 batch=0.15220
2026-05-14 02:23:20,388 INFO CSMF2.step_1_1_1.run :: [lat] epoch=14 step=350 mean_l2=0.06895 std_l2=0.65584
2026-05-14 02:23:20,466 INFO CSMF2.step_1_1_1.run :: epoch=14 step=350/429 train_nll=-2149.275
2026-05-14 02:23:26,674 INFO CSMF2.step_1_1_1.run :: [h] epoch=14 step=400 total=0.22500 batch=0.14980
2026-05-14 02:23:26,674 INFO CSMF2.step_1_1_1.run :: [lat] epoch=14 step=400 mean_l2=0.08729 std_l2=1.22771
2026-05-14 02:23:26,752 INFO CSMF2.step_1_1_1.run :: epoch=14 step=400/429 train_nll=-2149.852
2026-05-14 02:23:32,411 INFO CSMF2.step_1_1_1.run :: epoch=14  train_nll=-2150.892  val_nll=-2151.442  t=55.8s
2026-05-14 02:23:32,412 INFO CSMF2.step_1_1_1.run :: [h_std] total=0.22725 batch=0.15424 (no penalty)
2026-05-14 02:23:32,412 INFO CSMF2.step_1_1_1.run :: [lat_epoch] mean_l2=0.08035 std_l2=0.46697 lambda=10.000
2026-05-14 02:23:32,412 INFO CSMF2.step_1_1_1.run :: [grad] cond=147.5415 film_gain=0.0000
2026-05-14 02:23:42,054 INFO CSMF2.step_1_1_1.run :: [h] epoch=15 step=50 total=0.22619 batch=0.15127
2026-05-14 02:23:42,054 INFO CSMF2.step_1_1_1.run :: [lat] epoch=15 step=50 mean_l2=0.09362 std_l2=0.21975
2026-05-14 02:23:42,138 INFO CSMF2.step_1_1_1.run :: epoch=15 step=50/429 train_nll=-2157.804
2026-05-14 02:23:48,547 INFO CSMF2.step_1_1_1.run :: [h] epoch=15 step=100 total=0.22201 batch=0.15061
2026-05-14 02:23:48,548 INFO CSMF2.step_1_1_1.run :: [lat] epoch=15 step=100 mean_l2=0.08512 std_l2=0.41475
2026-05-14 02:23:48,629 INFO CSMF2.step_1_1_1.run :: epoch=15 step=100/429 train_nll=-2159.244
2026-05-14 02:23:55,031 INFO CSMF2.step_1_1_1.run :: [h] epoch=15 step=150 total=0.22245 batch=0.15352
2026-05-14 02:23:55,032 INFO CSMF2.step_1_1_1.run :: [lat] epoch=15 step=150 mean_l2=0.08447 std_l2=0.34011
2026-05-14 02:23:55,113 INFO CSMF2.step_1_1_1.run :: epoch=15 step=150/429 train_nll=-2164.344
2026-05-14 02:24:01,513 INFO CSMF2.step_1_1_1.run :: [h] epoch=15 step=200 total=0.22082 batch=0.15136
2026-05-14 02:24:01,513 INFO CSMF2.step_1_1_1.run :: [lat] epoch=15 step=200 mean_l2=0.09469 std_l2=0.24411
2026-05-14 02:24:01,594 INFO CSMF2.step_1_1_1.run :: epoch=15 step=200/429 train_nll=-2164.145
2026-05-14 02:24:07,982 INFO CSMF2.step_1_1_1.run :: [h] epoch=15 step=250 total=0.21856 batch=0.14794
2026-05-14 02:24:07,982 INFO CSMF2.step_1_1_1.run :: [lat] epoch=15 step=250 mean_l2=0.06822 std_l2=0.37444
2026-05-14 02:24:08,064 INFO CSMF2.step_1_1_1.run :: epoch=15 step=250/429 train_nll=-2165.049
2026-05-14 02:24:14,572 INFO CSMF2.step_1_1_1.run :: [h] epoch=15 step=300 total=0.21964 batch=0.15405
2026-05-14 02:24:14,572 INFO CSMF2.step_1_1_1.run :: [lat] epoch=15 step=300 mean_l2=0.09829 std_l2=0.59740
2026-05-14 02:24:14,653 INFO CSMF2.step_1_1_1.run :: epoch=15 step=300/429 train_nll=-2164.940
2026-05-14 02:24:21,063 INFO CSMF2.step_1_1_1.run :: [h] epoch=15 step=350 total=0.21535 batch=0.14813
2026-05-14 02:24:21,064 INFO CSMF2.step_1_1_1.run :: [lat] epoch=15 step=350 mean_l2=0.09181 std_l2=0.59870
2026-05-14 02:24:21,145 INFO CSMF2.step_1_1_1.run :: epoch=15 step=350/429 train_nll=-2167.031
2026-05-14 02:24:27,561 INFO CSMF2.step_1_1_1.run :: [h] epoch=15 step=400 total=0.21987 batch=0.14805
2026-05-14 02:24:27,561 INFO CSMF2.step_1_1_1.run :: [lat] epoch=15 step=400 mean_l2=0.10860 std_l2=1.29233
2026-05-14 02:24:27,642 INFO CSMF2.step_1_1_1.run :: epoch=15 step=400/429 train_nll=-2167.368
2026-05-14 02:24:33,423 INFO CSMF2.step_1_1_1.run :: epoch=15  train_nll=-2167.796  val_nll=-2178.037  t=57.6s
2026-05-14 02:24:33,423 INFO CSMF2.step_1_1_1.run :: [h_std] total=0.21983 batch=0.15024 (no penalty)
2026-05-14 02:24:33,423 INFO CSMF2.step_1_1_1.run :: [lat_epoch] mean_l2=0.08419 std_l2=0.47780 lambda=10.000
2026-05-14 02:24:33,423 INFO CSMF2.step_1_1_1.run :: [grad] cond=342.6613 film_gain=0.0000
2026-05-14 02:24:42,646 INFO CSMF2.step_1_1_1.run :: [h] epoch=16 step=50 total=0.21807 batch=0.14736
2026-05-14 02:24:42,646 INFO CSMF2.step_1_1_1.run :: [lat] epoch=16 step=50 mean_l2=0.08187 std_l2=0.21858
2026-05-14 02:24:42,718 INFO CSMF2.step_1_1_1.run :: epoch=16 step=50/429 train_nll=-2175.937
2026-05-14 02:24:48,699 INFO CSMF2.step_1_1_1.run :: [h] epoch=16 step=100 total=0.21501 batch=0.14652
2026-05-14 02:24:48,699 INFO CSMF2.step_1_1_1.run :: [lat] epoch=16 step=100 mean_l2=0.10827 std_l2=0.43209
2026-05-14 02:24:48,771 INFO CSMF2.step_1_1_1.run :: epoch=16 step=100/429 train_nll=-2175.458
2026-05-14 02:24:54,772 INFO CSMF2.step_1_1_1.run :: [h] epoch=16 step=150 total=0.21816 batch=0.15118
2026-05-14 02:24:54,772 INFO CSMF2.step_1_1_1.run :: [lat] epoch=16 step=150 mean_l2=0.11048 std_l2=0.33631
2026-05-14 02:24:54,845 INFO CSMF2.step_1_1_1.run :: epoch=16 step=150/429 train_nll=-2178.878
2026-05-14 02:25:00,824 INFO CSMF2.step_1_1_1.run :: [h] epoch=16 step=200 total=0.21340 batch=0.14792
2026-05-14 02:25:00,825 INFO CSMF2.step_1_1_1.run :: [lat] epoch=16 step=200 mean_l2=0.06588 std_l2=0.20414
2026-05-14 02:25:00,897 INFO CSMF2.step_1_1_1.run :: epoch=16 step=200/429 train_nll=-2178.575
2026-05-14 02:25:06,875 INFO CSMF2.step_1_1_1.run :: [h] epoch=16 step=250 total=0.21220 batch=0.14578
2026-05-14 02:25:06,875 INFO CSMF2.step_1_1_1.run :: [lat] epoch=16 step=250 mean_l2=0.08032 std_l2=0.43898
2026-05-14 02:25:06,947 INFO CSMF2.step_1_1_1.run :: epoch=16 step=250/429 train_nll=-2179.851
2026-05-14 02:25:12,932 INFO CSMF2.step_1_1_1.run :: [h] epoch=16 step=300 total=0.21252 batch=0.15101
2026-05-14 02:25:12,932 INFO CSMF2.step_1_1_1.run :: [lat] epoch=16 step=300 mean_l2=0.10188 std_l2=0.54202
2026-05-14 02:25:13,004 INFO CSMF2.step_1_1_1.run :: epoch=16 step=300/429 train_nll=-2180.350
2026-05-14 02:25:19,092 INFO CSMF2.step_1_1_1.run :: [h] epoch=16 step=350 total=0.21140 batch=0.14559
2026-05-14 02:25:19,093 INFO CSMF2.step_1_1_1.run :: [lat] epoch=16 step=350 mean_l2=0.09199 std_l2=0.64789
2026-05-14 02:25:19,165 INFO CSMF2.step_1_1_1.run :: epoch=16 step=350/429 train_nll=-2182.318
2026-05-14 02:25:25,172 INFO CSMF2.step_1_1_1.run :: [h] epoch=16 step=400 total=0.21328 batch=0.14524
2026-05-14 02:25:25,172 INFO CSMF2.step_1_1_1.run :: [lat] epoch=16 step=400 mean_l2=0.09118 std_l2=1.54364
2026-05-14 02:25:25,245 INFO CSMF2.step_1_1_1.run :: epoch=16 step=400/429 train_nll=-2182.204
2026-05-14 02:25:30,775 INFO CSMF2.step_1_1_1.run :: epoch=16  train_nll=-2182.822  val_nll=-2189.583  t=53.9s
2026-05-14 02:25:30,775 INFO CSMF2.step_1_1_1.run :: [h_std] total=0.21331 batch=0.14701 (no penalty)
2026-05-14 02:25:30,775 INFO CSMF2.step_1_1_1.run :: [lat_epoch] mean_l2=0.08537 std_l2=0.48713 lambda=10.000
2026-05-14 02:25:30,775 INFO CSMF2.step_1_1_1.run :: [grad] cond=154.4503 film_gain=0.0000
2026-05-14 02:25:40,352 INFO CSMF2.step_1_1_1.run :: [h] epoch=17 step=50 total=0.21049 batch=0.14273
2026-05-14 02:25:40,353 INFO CSMF2.step_1_1_1.run :: [lat] epoch=17 step=50 mean_l2=0.06886 std_l2=0.20668
2026-05-14 02:25:40,433 INFO CSMF2.step_1_1_1.run :: epoch=17 step=50/429 train_nll=-2193.089
2026-05-14 02:25:46,784 INFO CSMF2.step_1_1_1.run :: [h] epoch=17 step=100 total=0.20748 batch=0.14348
2026-05-14 02:25:46,784 INFO CSMF2.step_1_1_1.run :: [lat] epoch=17 step=100 mean_l2=0.08820 std_l2=0.43857
2026-05-14 02:25:46,865 INFO CSMF2.step_1_1_1.run :: epoch=17 step=100/429 train_nll=-2194.117
2026-05-14 02:25:53,211 INFO CSMF2.step_1_1_1.run :: [h] epoch=17 step=150 total=0.21006 batch=0.14719
2026-05-14 02:25:53,212 INFO CSMF2.step_1_1_1.run :: [lat] epoch=17 step=150 mean_l2=0.09598 std_l2=0.30493
2026-05-14 02:25:53,292 INFO CSMF2.step_1_1_1.run :: epoch=17 step=150/429 train_nll=-2195.729
2026-05-14 02:25:59,628 INFO CSMF2.step_1_1_1.run :: [h] epoch=17 step=200 total=0.20867 batch=0.14586
2026-05-14 02:25:59,629 INFO CSMF2.step_1_1_1.run :: [lat] epoch=17 step=200 mean_l2=0.07919 std_l2=0.18683
2026-05-14 02:25:59,709 INFO CSMF2.step_1_1_1.run :: epoch=17 step=200/429 train_nll=-2194.825
2026-05-14 02:26:06,044 INFO CSMF2.step_1_1_1.run :: [h] epoch=17 step=250 total=0.20509 batch=0.14066
2026-05-14 02:26:06,044 INFO CSMF2.step_1_1_1.run :: [lat] epoch=17 step=250 mean_l2=0.06785 std_l2=0.77663
2026-05-14 02:26:06,124 INFO CSMF2.step_1_1_1.run :: epoch=17 step=250/429 train_nll=-2195.514
2026-05-14 02:26:12,454 INFO CSMF2.step_1_1_1.run :: [h] epoch=17 step=300 total=0.20813 batch=0.14790
2026-05-14 02:26:12,454 INFO CSMF2.step_1_1_1.run :: [lat] epoch=17 step=300 mean_l2=0.07374 std_l2=0.48160
2026-05-14 02:26:12,535 INFO CSMF2.step_1_1_1.run :: epoch=17 step=300/429 train_nll=-2195.575
2026-05-14 02:26:18,872 INFO CSMF2.step_1_1_1.run :: [h] epoch=17 step=350 total=0.20336 batch=0.14240
2026-05-14 02:26:18,872 INFO CSMF2.step_1_1_1.run :: [lat] epoch=17 step=350 mean_l2=0.07918 std_l2=0.52128
2026-05-14 02:26:18,952 INFO CSMF2.step_1_1_1.run :: epoch=17 step=350/429 train_nll=-2198.196
2026-05-14 02:26:25,298 INFO CSMF2.step_1_1_1.run :: [h] epoch=17 step=400 total=0.20739 batch=0.14084
2026-05-14 02:26:25,298 INFO CSMF2.step_1_1_1.run :: [lat] epoch=17 step=400 mean_l2=0.08799 std_l2=1.58963
2026-05-14 02:26:25,379 INFO CSMF2.step_1_1_1.run :: epoch=17 step=400/429 train_nll=-2198.386
2026-05-14 02:26:30,955 INFO CSMF2.step_1_1_1.run :: epoch=17  train_nll=-2199.101  val_nll=-2209.569  t=56.7s
2026-05-14 02:26:30,956 INFO CSMF2.step_1_1_1.run :: [h_std] total=0.20646 batch=0.14293 (no penalty)
2026-05-14 02:26:30,956 INFO CSMF2.step_1_1_1.run :: [lat_epoch] mean_l2=0.08334 std_l2=0.49263 lambda=10.000
2026-05-14 02:26:30,956 INFO CSMF2.step_1_1_1.run :: [grad] cond=127.5747 film_gain=0.0000
2026-05-14 02:26:40,645 INFO CSMF2.step_1_1_1.run :: [h] epoch=18 step=50 total=0.20448 batch=0.14183
2026-05-14 02:26:40,645 INFO CSMF2.step_1_1_1.run :: [lat] epoch=18 step=50 mean_l2=0.06568 std_l2=0.19709
2026-05-14 02:26:40,726 INFO CSMF2.step_1_1_1.run :: epoch=18 step=50/429 train_nll=-2206.885
2026-05-14 02:26:47,077 INFO CSMF2.step_1_1_1.run :: [h] epoch=18 step=100 total=0.20185 batch=0.14093
2026-05-14 02:26:47,077 INFO CSMF2.step_1_1_1.run :: [lat] epoch=18 step=100 mean_l2=0.08945 std_l2=0.41416
2026-05-14 02:26:47,157 INFO CSMF2.step_1_1_1.run :: epoch=18 step=100/429 train_nll=-2207.387
2026-05-14 02:26:53,508 INFO CSMF2.step_1_1_1.run :: [h] epoch=18 step=150 total=0.20452 batch=0.14523
2026-05-14 02:26:53,508 INFO CSMF2.step_1_1_1.run :: [lat] epoch=18 step=150 mean_l2=0.07541 std_l2=0.33338
2026-05-14 02:26:53,589 INFO CSMF2.step_1_1_1.run :: epoch=18 step=150/429 train_nll=-2210.767
2026-05-14 02:26:59,940 INFO CSMF2.step_1_1_1.run :: [h] epoch=18 step=200 total=0.20296 batch=0.14362
2026-05-14 02:26:59,940 INFO CSMF2.step_1_1_1.run :: [lat] epoch=18 step=200 mean_l2=0.09475 std_l2=0.24153
2026-05-14 02:27:00,021 INFO CSMF2.step_1_1_1.run :: epoch=18 step=200/429 train_nll=-2209.425
2026-05-14 02:27:06,373 INFO CSMF2.step_1_1_1.run :: [h] epoch=18 step=250 total=0.19744 batch=0.13558
2026-05-14 02:27:06,373 INFO CSMF2.step_1_1_1.run :: [lat] epoch=18 step=250 mean_l2=0.08891 std_l2=0.53544
2026-05-14 02:27:06,454 INFO CSMF2.step_1_1_1.run :: epoch=18 step=250/429 train_nll=-2208.814
2026-05-14 02:27:12,813 INFO CSMF2.step_1_1_1.run :: [h] epoch=18 step=300 total=0.20036 batch=0.14381
2026-05-14 02:27:12,814 INFO CSMF2.step_1_1_1.run :: [lat] epoch=18 step=300 mean_l2=0.09138 std_l2=0.49068
2026-05-14 02:27:12,894 INFO CSMF2.step_1_1_1.run :: epoch=18 step=300/429 train_nll=-2208.680
2026-05-14 02:27:19,257 INFO CSMF2.step_1_1_1.run :: [h] epoch=18 step=350 total=0.19778 batch=0.13927
2026-05-14 02:27:19,258 INFO CSMF2.step_1_1_1.run :: [lat] epoch=18 step=350 mean_l2=0.09609 std_l2=0.57451
2026-05-14 02:27:19,338 INFO CSMF2.step_1_1_1.run :: epoch=18 step=350/429 train_nll=-2211.237
2026-05-14 02:27:25,775 INFO CSMF2.step_1_1_1.run :: [h] epoch=18 step=400 total=0.20137 batch=0.13892
2026-05-14 02:27:25,776 INFO CSMF2.step_1_1_1.run :: [lat] epoch=18 step=400 mean_l2=0.08357 std_l2=1.58847
2026-05-14 02:27:25,850 INFO CSMF2.step_1_1_1.run :: epoch=18 step=400/429 train_nll=-2210.858
2026-05-14 02:27:31,448 INFO CSMF2.step_1_1_1.run :: epoch=18  train_nll=-2211.433  val_nll=-2218.950  t=56.9s
2026-05-14 02:27:31,448 INFO CSMF2.step_1_1_1.run :: [h_std] total=0.20008 batch=0.13970 (no penalty)
2026-05-14 02:27:31,448 INFO CSMF2.step_1_1_1.run :: [lat_epoch] mean_l2=0.08533 std_l2=0.50145 lambda=10.000
2026-05-14 02:27:31,448 INFO CSMF2.step_1_1_1.run :: [grad] cond=154.1245 film_gain=0.0000
2026-05-14 02:27:41,073 INFO CSMF2.step_1_1_1.run :: [h] epoch=19 step=50 total=0.19967 batch=0.13792
2026-05-14 02:27:41,073 INFO CSMF2.step_1_1_1.run :: [lat] epoch=19 step=50 mean_l2=0.09378 std_l2=0.21309
2026-05-14 02:27:41,154 INFO CSMF2.step_1_1_1.run :: epoch=19 step=50/429 train_nll=-2219.300
2026-05-14 02:27:47,520 INFO CSMF2.step_1_1_1.run :: [h] epoch=19 step=100 total=0.19428 batch=0.13580
2026-05-14 02:27:47,520 INFO CSMF2.step_1_1_1.run :: [lat] epoch=19 step=100 mean_l2=0.08184 std_l2=0.41098
2026-05-14 02:27:47,601 INFO CSMF2.step_1_1_1.run :: epoch=19 step=100/429 train_nll=-2218.907
2026-05-14 02:27:53,960 INFO CSMF2.step_1_1_1.run :: [h] epoch=19 step=150 total=0.19817 batch=0.14029
2026-05-14 02:27:53,961 INFO CSMF2.step_1_1_1.run :: [lat] epoch=19 step=150 mean_l2=0.06657 std_l2=0.35323
2026-05-14 02:27:54,041 INFO CSMF2.step_1_1_1.run :: epoch=19 step=150/429 train_nll=-2221.566
2026-05-14 02:28:00,398 INFO CSMF2.step_1_1_1.run :: [h] epoch=19 step=200 total=0.19780 batch=0.14233
2026-05-14 02:28:00,398 INFO CSMF2.step_1_1_1.run :: [lat] epoch=19 step=200 mean_l2=0.08582 std_l2=0.18044
2026-05-14 02:28:00,479 INFO CSMF2.step_1_1_1.run :: epoch=19 step=200/429 train_nll=-2222.285
2026-05-14 02:28:06,837 INFO CSMF2.step_1_1_1.run :: [h] epoch=19 step=250 total=0.19142 batch=0.13219
2026-05-14 02:28:06,837 INFO CSMF2.step_1_1_1.run :: [lat] epoch=19 step=250 mean_l2=0.07926 std_l2=0.36604
2026-05-14 02:28:06,918 INFO CSMF2.step_1_1_1.run :: epoch=19 step=250/429 train_nll=-2222.577
2026-05-14 02:28:13,276 INFO CSMF2.step_1_1_1.run :: [h] epoch=19 step=300 total=0.19668 batch=0.14239
2026-05-14 02:28:13,276 INFO CSMF2.step_1_1_1.run :: [lat] epoch=19 step=300 mean_l2=0.07622 std_l2=0.38621
2026-05-14 02:28:13,357 INFO CSMF2.step_1_1_1.run :: epoch=19 step=300/429 train_nll=-2222.269
2026-05-14 02:28:19,708 INFO CSMF2.step_1_1_1.run :: [h] epoch=19 step=350 total=0.19102 batch=0.13335
2026-05-14 02:28:19,709 INFO CSMF2.step_1_1_1.run :: [lat] epoch=19 step=350 mean_l2=0.08312 std_l2=0.51633
2026-05-14 02:28:19,789 INFO CSMF2.step_1_1_1.run :: epoch=19 step=350/429 train_nll=-2224.560
2026-05-14 02:28:26,257 INFO CSMF2.step_1_1_1.run :: [h] epoch=19 step=400 total=0.19482 batch=0.13415
2026-05-14 02:28:26,258 INFO CSMF2.step_1_1_1.run :: [lat] epoch=19 step=400 mean_l2=0.07401 std_l2=1.62018
2026-05-14 02:28:26,338 INFO CSMF2.step_1_1_1.run :: epoch=19 step=400/429 train_nll=-2225.177
2026-05-14 02:28:31,939 INFO CSMF2.step_1_1_1.run :: epoch=19  train_nll=-2225.983  val_nll=-2229.941  t=57.0s
2026-05-14 02:28:31,939 INFO CSMF2.step_1_1_1.run :: [h_std] total=0.19406 batch=0.13626 (no penalty)
2026-05-14 02:28:31,939 INFO CSMF2.step_1_1_1.run :: [lat_epoch] mean_l2=0.08414 std_l2=0.49449 lambda=10.000
2026-05-14 02:28:31,939 INFO CSMF2.step_1_1_1.run :: [grad] cond=236.9362 film_gain=0.0000
2026-05-14 02:28:41,495 INFO CSMF2.step_1_1_1.run :: [h] epoch=20 step=50 total=0.19246 batch=0.13265
2026-05-14 02:28:41,495 INFO CSMF2.step_1_1_1.run :: [lat] epoch=20 step=50 mean_l2=0.08607 std_l2=0.18490
2026-05-14 02:28:41,575 INFO CSMF2.step_1_1_1.run :: epoch=20 step=50/429 train_nll=-2232.882
2026-05-14 02:28:47,912 INFO CSMF2.step_1_1_1.run :: [h] epoch=20 step=100 total=0.18945 batch=0.13243
2026-05-14 02:28:47,913 INFO CSMF2.step_1_1_1.run :: [lat] epoch=20 step=100 mean_l2=0.09110 std_l2=0.36136
2026-05-14 02:28:47,993 INFO CSMF2.step_1_1_1.run :: epoch=20 step=100/429 train_nll=-2232.781
2026-05-14 02:28:54,336 INFO CSMF2.step_1_1_1.run :: [h] epoch=20 step=150 total=0.18919 batch=0.13325
2026-05-14 02:28:54,337 INFO CSMF2.step_1_1_1.run :: [lat] epoch=20 step=150 mean_l2=0.08511 std_l2=0.33259
2026-05-14 02:28:54,417 INFO CSMF2.step_1_1_1.run :: epoch=20 step=150/429 train_nll=-2236.743
2026-05-14 02:29:00,762 INFO CSMF2.step_1_1_1.run :: [h] epoch=20 step=200 total=0.19041 batch=0.13595
2026-05-14 02:29:00,762 INFO CSMF2.step_1_1_1.run :: [lat] epoch=20 step=200 mean_l2=0.09125 std_l2=0.24098
2026-05-14 02:29:00,842 INFO CSMF2.step_1_1_1.run :: epoch=20 step=200/429 train_nll=-2236.596
2026-05-14 02:29:07,189 INFO CSMF2.step_1_1_1.run :: [h] epoch=20 step=250 total=0.18631 batch=0.12835
2026-05-14 02:29:07,189 INFO CSMF2.step_1_1_1.run :: [lat] epoch=20 step=250 mean_l2=0.07178 std_l2=0.23964
2026-05-14 02:29:07,269 INFO CSMF2.step_1_1_1.run :: epoch=20 step=250/429 train_nll=-2236.144
2026-05-14 02:29:13,619 INFO CSMF2.step_1_1_1.run :: [h] epoch=20 step=300 total=0.19102 batch=0.13810
2026-05-14 02:29:13,619 INFO CSMF2.step_1_1_1.run :: [lat] epoch=20 step=300 mean_l2=0.08567 std_l2=0.45106
2026-05-14 02:29:13,700 INFO CSMF2.step_1_1_1.run :: epoch=20 step=300/429 train_nll=-2236.148
2026-05-14 02:29:20,045 INFO CSMF2.step_1_1_1.run :: [h] epoch=20 step=350 total=0.18538 batch=0.13084
2026-05-14 02:29:20,045 INFO CSMF2.step_1_1_1.run :: [lat] epoch=20 step=350 mean_l2=0.07753 std_l2=0.47998
2026-05-14 02:29:20,126 INFO CSMF2.step_1_1_1.run :: epoch=20 step=350/429 train_nll=-2238.466
2026-05-14 02:29:26,585 INFO CSMF2.step_1_1_1.run :: [h] epoch=20 step=400 total=0.18829 batch=0.13040
2026-05-14 02:29:26,585 INFO CSMF2.step_1_1_1.run :: [lat] epoch=20 step=400 mean_l2=0.07723 std_l2=1.59695
2026-05-14 02:29:26,666 INFO CSMF2.step_1_1_1.run :: epoch=20 step=400/429 train_nll=-2238.345
2026-05-14 02:29:32,267 INFO CSMF2.step_1_1_1.run :: epoch=20  train_nll=-2238.877  val_nll=-2234.637  t=56.9s
2026-05-14 02:29:32,267 INFO CSMF2.step_1_1_1.run :: [h_std] total=0.18742 batch=0.13165 (no penalty)
2026-05-14 02:29:32,268 INFO CSMF2.step_1_1_1.run :: [lat_epoch] mean_l2=0.08447 std_l2=0.50203 lambda=10.000
2026-05-14 02:29:32,268 INFO CSMF2.step_1_1_1.run :: [grad] cond=288.0955 film_gain=0.0000
2026-05-14 02:29:41,868 INFO CSMF2.step_1_1_1.run :: [h] epoch=21 step=50 total=0.18694 batch=0.13151
2026-05-14 02:29:41,869 INFO CSMF2.step_1_1_1.run :: [lat] epoch=21 step=50 mean_l2=0.08599 std_l2=0.18728
2026-05-14 02:29:41,949 INFO CSMF2.step_1_1_1.run :: epoch=21 step=50/429 train_nll=-2241.409
2026-05-14 02:29:48,315 INFO CSMF2.step_1_1_1.run :: [h] epoch=21 step=100 total=0.18415 batch=0.12896
2026-05-14 02:29:48,316 INFO CSMF2.step_1_1_1.run :: [lat] epoch=21 step=100 mean_l2=0.07182 std_l2=0.37197
2026-05-14 02:29:48,396 INFO CSMF2.step_1_1_1.run :: epoch=21 step=100/429 train_nll=-2242.028
2026-05-14 02:29:54,761 INFO CSMF2.step_1_1_1.run :: [h] epoch=21 step=150 total=0.18550 batch=0.13079
2026-05-14 02:29:54,761 INFO CSMF2.step_1_1_1.run :: [lat] epoch=21 step=150 mean_l2=0.09807 std_l2=0.33889
2026-05-14 02:29:54,841 INFO CSMF2.step_1_1_1.run :: epoch=21 step=150/429 train_nll=-2245.544
2026-05-14 02:30:01,275 INFO CSMF2.step_1_1_1.run :: [h] epoch=21 step=200 total=0.18433 batch=0.13220
2026-05-14 02:30:01,276 INFO CSMF2.step_1_1_1.run :: [lat] epoch=21 step=200 mean_l2=0.07741 std_l2=0.21758
2026-05-14 02:30:01,356 INFO CSMF2.step_1_1_1.run :: epoch=21 step=200/429 train_nll=-2245.557
2026-05-14 02:30:07,737 INFO CSMF2.step_1_1_1.run :: [h] epoch=21 step=250 total=0.17992 batch=0.12460
2026-05-14 02:30:07,738 INFO CSMF2.step_1_1_1.run :: [lat] epoch=21 step=250 mean_l2=0.07278 std_l2=0.25341
2026-05-14 02:30:07,818 INFO CSMF2.step_1_1_1.run :: epoch=21 step=250/429 train_nll=-2247.027
2026-05-14 02:30:14,197 INFO CSMF2.step_1_1_1.run :: [h] epoch=21 step=300 total=0.18632 batch=0.13627
2026-05-14 02:30:14,198 INFO CSMF2.step_1_1_1.run :: [lat] epoch=21 step=300 mean_l2=0.08527 std_l2=0.37519
2026-05-14 02:30:14,279 INFO CSMF2.step_1_1_1.run :: epoch=21 step=300/429 train_nll=-2247.681
2026-05-14 02:30:20,660 INFO CSMF2.step_1_1_1.run :: [h] epoch=21 step=350 total=0.17940 batch=0.12746
2026-05-14 02:30:20,660 INFO CSMF2.step_1_1_1.run :: [lat] epoch=21 step=350 mean_l2=0.07897 std_l2=0.46326
2026-05-14 02:30:20,741 INFO CSMF2.step_1_1_1.run :: epoch=21 step=350/429 train_nll=-2250.912
2026-05-14 02:30:27,120 INFO CSMF2.step_1_1_1.run :: [h] epoch=21 step=400 total=0.18211 batch=0.12788
2026-05-14 02:30:27,121 INFO CSMF2.step_1_1_1.run :: [lat] epoch=21 step=400 mean_l2=0.10150 std_l2=1.66171
2026-05-14 02:30:27,220 INFO CSMF2.step_1_1_1.run :: epoch=21 step=400/429 train_nll=-2251.397
2026-05-14 02:30:35,141 INFO CSMF2.step_1_1_1.run :: epoch=21  train_nll=-2251.804  val_nll=-2244.309  t=59.4s
2026-05-14 02:30:35,142 INFO CSMF2.step_1_1_1.run :: [h_std] total=0.18191 batch=0.12871 (no penalty)
2026-05-14 02:30:35,142 INFO CSMF2.step_1_1_1.run :: [lat_epoch] mean_l2=0.08373 std_l2=0.49964 lambda=10.000
2026-05-14 02:30:35,142 INFO CSMF2.step_1_1_1.run :: [grad] cond=394.3918 film_gain=0.0000
2026-05-14 02:30:44,824 INFO CSMF2.step_1_1_1.run :: [h] epoch=22 step=50 total=0.17995 batch=0.12738
2026-05-14 02:30:44,824 INFO CSMF2.step_1_1_1.run :: [lat] epoch=22 step=50 mean_l2=0.08998 std_l2=0.18896
2026-05-14 02:30:44,905 INFO CSMF2.step_1_1_1.run :: epoch=22 step=50/429 train_nll=-2254.270
2026-05-14 02:30:51,283 INFO CSMF2.step_1_1_1.run :: [h] epoch=22 step=100 total=0.17703 batch=0.12493
2026-05-14 02:30:51,283 INFO CSMF2.step_1_1_1.run :: [lat] epoch=22 step=100 mean_l2=0.07578 std_l2=0.34799
2026-05-14 02:30:51,364 INFO CSMF2.step_1_1_1.run :: epoch=22 step=100/429 train_nll=-2255.503
2026-05-14 02:30:57,741 INFO CSMF2.step_1_1_1.run :: [h] epoch=22 step=150 total=0.17899 batch=0.12756
2026-05-14 02:30:57,742 INFO CSMF2.step_1_1_1.run :: [lat] epoch=22 step=150 mean_l2=0.09771 std_l2=0.32151
2026-05-14 02:30:57,823 INFO CSMF2.step_1_1_1.run :: epoch=22 step=150/429 train_nll=-2257.555
2026-05-14 02:31:04,205 INFO CSMF2.step_1_1_1.run :: [h] epoch=22 step=200 total=0.18001 batch=0.13053
2026-05-14 02:31:04,205 INFO CSMF2.step_1_1_1.run :: [lat] epoch=22 step=200 mean_l2=0.07682 std_l2=0.17400
2026-05-14 02:31:04,286 INFO CSMF2.step_1_1_1.run :: epoch=22 step=200/429 train_nll=-2257.444
2026-05-14 02:31:10,665 INFO CSMF2.step_1_1_1.run :: [h] epoch=22 step=250 total=0.17529 batch=0.12043
2026-05-14 02:31:10,666 INFO CSMF2.step_1_1_1.run :: [lat] epoch=22 step=250 mean_l2=0.09161 std_l2=0.27581
2026-05-14 02:31:10,747 INFO CSMF2.step_1_1_1.run :: epoch=22 step=250/429 train_nll=-2257.109
2026-05-14 02:31:17,127 INFO CSMF2.step_1_1_1.run :: [h] epoch=22 step=300 total=0.17970 batch=0.13045
2026-05-14 02:31:17,127 INFO CSMF2.step_1_1_1.run :: [lat] epoch=22 step=300 mean_l2=0.07066 std_l2=0.39504
2026-05-14 02:31:17,208 INFO CSMF2.step_1_1_1.run :: epoch=22 step=300/429 train_nll=-2257.320
2026-05-14 02:31:23,588 INFO CSMF2.step_1_1_1.run :: [h] epoch=22 step=350 total=0.17420 batch=0.12352
2026-05-14 02:31:23,589 INFO CSMF2.step_1_1_1.run :: [lat] epoch=22 step=350 mean_l2=0.07599 std_l2=0.51995
2026-05-14 02:31:23,670 INFO CSMF2.step_1_1_1.run :: epoch=22 step=350/429 train_nll=-2259.423
2026-05-14 02:31:30,149 INFO CSMF2.step_1_1_1.run :: [h] epoch=22 step=400 total=0.17620 batch=0.12211
2026-05-14 02:31:30,149 INFO CSMF2.step_1_1_1.run :: [lat] epoch=22 step=400 mean_l2=0.08538 std_l2=1.79007
2026-05-14 02:31:30,231 INFO CSMF2.step_1_1_1.run :: epoch=22 step=400/429 train_nll=-2258.399
2026-05-14 02:31:36,008 INFO CSMF2.step_1_1_1.run :: epoch=22  train_nll=-2258.063  val_nll=-2244.072  t=57.3s
2026-05-14 02:31:36,008 INFO CSMF2.step_1_1_1.run :: [h_std] total=0.17684 batch=0.12507 (no penalty)
2026-05-14 02:31:36,008 INFO CSMF2.step_1_1_1.run :: [lat_epoch] mean_l2=0.08712 std_l2=0.52374 lambda=10.000
2026-05-14 02:31:36,008 INFO CSMF2.step_1_1_1.run :: [grad] cond=403.4674 film_gain=0.0000
2026-05-14 02:31:45,616 INFO CSMF2.step_1_1_1.run :: [h] epoch=23 step=50 total=0.17497 batch=0.12317
2026-05-14 02:31:45,616 INFO CSMF2.step_1_1_1.run :: [lat] epoch=23 step=50 mean_l2=0.08557 std_l2=0.19519
2026-05-14 02:31:45,697 INFO CSMF2.step_1_1_1.run :: epoch=23 step=50/429 train_nll=-2260.593
2026-05-14 02:31:52,092 INFO CSMF2.step_1_1_1.run :: [h] epoch=23 step=100 total=0.17213 batch=0.12238
2026-05-14 02:31:52,093 INFO CSMF2.step_1_1_1.run :: [lat] epoch=23 step=100 mean_l2=0.08634 std_l2=0.32557
2026-05-14 02:31:52,174 INFO CSMF2.step_1_1_1.run :: epoch=23 step=100/429 train_nll=-2262.409
2026-05-14 02:31:58,561 INFO CSMF2.step_1_1_1.run :: [h] epoch=23 step=150 total=0.17424 batch=0.12231
2026-05-14 02:31:58,561 INFO CSMF2.step_1_1_1.run :: [lat] epoch=23 step=150 mean_l2=0.08121 std_l2=0.37628
2026-05-14 02:31:58,642 INFO CSMF2.step_1_1_1.run :: epoch=23 step=150/429 train_nll=-2265.305
2026-05-14 02:32:05,026 INFO CSMF2.step_1_1_1.run :: [h] epoch=23 step=200 total=0.17366 batch=0.12507
2026-05-14 02:32:05,027 INFO CSMF2.step_1_1_1.run :: [lat] epoch=23 step=200 mean_l2=0.07941 std_l2=0.20809
2026-05-14 02:32:05,108 INFO CSMF2.step_1_1_1.run :: epoch=23 step=200/429 train_nll=-2264.455
2026-05-14 02:32:11,486 INFO CSMF2.step_1_1_1.run :: [h] epoch=23 step=250 total=0.16943 batch=0.11721
2026-05-14 02:32:11,487 INFO CSMF2.step_1_1_1.run :: [lat] epoch=23 step=250 mean_l2=0.08930 std_l2=0.52517
2026-05-14 02:32:11,568 INFO CSMF2.step_1_1_1.run :: epoch=23 step=250/429 train_nll=-2265.087
2026-05-14 02:32:17,951 INFO CSMF2.step_1_1_1.run :: [h] epoch=23 step=300 total=0.17412 batch=0.12743
2026-05-14 02:32:17,951 INFO CSMF2.step_1_1_1.run :: [lat] epoch=23 step=300 mean_l2=0.07727 std_l2=0.35976
2026-05-14 02:32:18,032 INFO CSMF2.step_1_1_1.run :: epoch=23 step=300/429 train_nll=-2265.908
2026-05-14 02:32:24,412 INFO CSMF2.step_1_1_1.run :: [h] epoch=23 step=350 total=0.16880 batch=0.11996
2026-05-14 02:32:24,412 INFO CSMF2.step_1_1_1.run :: [lat] epoch=23 step=350 mean_l2=0.07694 std_l2=0.48038
2026-05-14 02:32:24,493 INFO CSMF2.step_1_1_1.run :: epoch=23 step=350/429 train_nll=-2268.863
2026-05-14 02:32:30,874 INFO CSMF2.step_1_1_1.run :: [h] epoch=23 step=400 total=0.17195 batch=0.11963
2026-05-14 02:32:30,875 INFO CSMF2.step_1_1_1.run :: [lat] epoch=23 step=400 mean_l2=0.07173 std_l2=1.79249
2026-05-14 02:32:30,956 INFO CSMF2.step_1_1_1.run :: epoch=23 step=400/429 train_nll=-2269.433
2026-05-14 02:32:36,642 INFO CSMF2.step_1_1_1.run :: epoch=23  train_nll=-2270.092  val_nll=-2267.490  t=57.2s
2026-05-14 02:32:36,642 INFO CSMF2.step_1_1_1.run :: [h_std] total=0.17112 batch=0.12086 (no penalty)
2026-05-14 02:32:36,642 INFO CSMF2.step_1_1_1.run :: [lat_epoch] mean_l2=0.08283 std_l2=0.51570 lambda=10.000
2026-05-14 02:32:36,642 INFO CSMF2.step_1_1_1.run :: [grad] cond=238.9271 film_gain=0.0000
2026-05-14 02:32:46,221 INFO CSMF2.step_1_1_1.run :: [h] epoch=24 step=50 total=0.17079 batch=0.12098
2026-05-14 02:32:46,221 INFO CSMF2.step_1_1_1.run :: [lat] epoch=24 step=50 mean_l2=0.07518 std_l2=0.18271
2026-05-14 02:32:46,302 INFO CSMF2.step_1_1_1.run :: epoch=24 step=50/429 train_nll=-2274.793
2026-05-14 02:32:52,671 INFO CSMF2.step_1_1_1.run :: [h] epoch=24 step=100 total=0.16585 batch=0.11763
2026-05-14 02:32:52,671 INFO CSMF2.step_1_1_1.run :: [lat] epoch=24 step=100 mean_l2=0.08394 std_l2=0.32755
2026-05-14 02:32:52,751 INFO CSMF2.step_1_1_1.run :: epoch=24 step=100/429 train_nll=-2274.243
2026-05-14 02:32:59,118 INFO CSMF2.step_1_1_1.run :: [h] epoch=24 step=150 total=0.17044 batch=0.12081
2026-05-14 02:32:59,119 INFO CSMF2.step_1_1_1.run :: [lat] epoch=24 step=150 mean_l2=0.07689 std_l2=0.30632
2026-05-14 02:32:59,199 INFO CSMF2.step_1_1_1.run :: epoch=24 step=150/429 train_nll=-2279.121
2026-05-14 02:33:05,564 INFO CSMF2.step_1_1_1.run :: [h] epoch=24 step=200 total=0.16774 batch=0.12005
2026-05-14 02:33:05,564 INFO CSMF2.step_1_1_1.run :: [lat] epoch=24 step=200 mean_l2=0.08735 std_l2=0.19908
2026-05-14 02:33:05,644 INFO CSMF2.step_1_1_1.run :: epoch=24 step=200/429 train_nll=-2278.174
2026-05-14 02:33:12,006 INFO CSMF2.step_1_1_1.run :: [h] epoch=24 step=250 total=0.16493 batch=0.11497
2026-05-14 02:33:12,006 INFO CSMF2.step_1_1_1.run :: [lat] epoch=24 step=250 mean_l2=0.07858 std_l2=0.29434
2026-05-14 02:33:12,087 INFO CSMF2.step_1_1_1.run :: epoch=24 step=250/429 train_nll=-2278.269
2026-05-14 02:33:18,522 INFO CSMF2.step_1_1_1.run :: [h] epoch=24 step=300 total=0.17117 batch=0.12405
2026-05-14 02:33:18,522 INFO CSMF2.step_1_1_1.run :: [lat] epoch=24 step=300 mean_l2=0.08827 std_l2=0.36371
2026-05-14 02:33:18,603 INFO CSMF2.step_1_1_1.run :: epoch=24 step=300/429 train_nll=-2278.503
2026-05-14 02:33:24,983 INFO CSMF2.step_1_1_1.run :: [h] epoch=24 step=350 total=0.16687 batch=0.11686
2026-05-14 02:33:24,983 INFO CSMF2.step_1_1_1.run :: [lat] epoch=24 step=350 mean_l2=0.07514 std_l2=0.44029
2026-05-14 02:33:25,064 INFO CSMF2.step_1_1_1.run :: epoch=24 step=350/429 train_nll=-2281.258
2026-05-14 02:33:31,456 INFO CSMF2.step_1_1_1.run :: [h] epoch=24 step=400 total=0.16875 batch=0.11777
2026-05-14 02:33:31,457 INFO CSMF2.step_1_1_1.run :: [lat] epoch=24 step=400 mean_l2=0.09803 std_l2=1.56738
2026-05-14 02:33:31,538 INFO CSMF2.step_1_1_1.run :: epoch=24 step=400/429 train_nll=-2281.187
2026-05-14 02:33:37,150 INFO CSMF2.step_1_1_1.run :: epoch=24  train_nll=-2281.628  val_nll=-2271.277  t=57.1s
2026-05-14 02:33:37,150 INFO CSMF2.step_1_1_1.run :: [h_std] total=0.16698 batch=0.11758 (no penalty)
2026-05-14 02:33:37,150 INFO CSMF2.step_1_1_1.run :: [lat_epoch] mean_l2=0.08380 std_l2=0.50075 lambda=10.000
2026-05-14 02:33:37,150 INFO CSMF2.step_1_1_1.run :: [grad] cond=297.6727 film_gain=0.0000
2026-05-14 02:33:46,748 INFO CSMF2.step_1_1_1.run :: [h] epoch=25 step=50 total=0.16482 batch=0.11564
2026-05-14 02:33:46,748 INFO CSMF2.step_1_1_1.run :: [lat] epoch=25 step=50 mean_l2=0.06173 std_l2=0.17869
2026-05-14 02:33:46,829 INFO CSMF2.step_1_1_1.run :: epoch=25 step=50/429 train_nll=-2284.046
2026-05-14 02:33:53,222 INFO CSMF2.step_1_1_1.run :: [h] epoch=25 step=100 total=0.16254 batch=0.11404
2026-05-14 02:33:53,223 INFO CSMF2.step_1_1_1.run :: [lat] epoch=25 step=100 mean_l2=0.08152 std_l2=0.34924
2026-05-14 02:33:53,304 INFO CSMF2.step_1_1_1.run :: epoch=25 step=100/429 train_nll=-2284.568
2026-05-14 02:33:59,685 INFO CSMF2.step_1_1_1.run :: [h] epoch=25 step=150 total=0.16592 batch=0.11774
2026-05-14 02:33:59,685 INFO CSMF2.step_1_1_1.run :: [lat] epoch=25 step=150 mean_l2=0.08501 std_l2=0.29751
2026-05-14 02:33:59,766 INFO CSMF2.step_1_1_1.run :: epoch=25 step=150/429 train_nll=-2288.896
2026-05-14 02:34:06,146 INFO CSMF2.step_1_1_1.run :: [h] epoch=25 step=200 total=0.16512 batch=0.11772
2026-05-14 02:34:06,147 INFO CSMF2.step_1_1_1.run :: [lat] epoch=25 step=200 mean_l2=0.07854 std_l2=0.22114
2026-05-14 02:34:06,228 INFO CSMF2.step_1_1_1.run :: epoch=25 step=200/429 train_nll=-2287.121
2026-05-14 02:34:12,606 INFO CSMF2.step_1_1_1.run :: [h] epoch=25 step=250 total=0.16090 batch=0.11188
2026-05-14 02:34:12,606 INFO CSMF2.step_1_1_1.run :: [lat] epoch=25 step=250 mean_l2=0.09142 std_l2=0.34577
2026-05-14 02:34:12,687 INFO CSMF2.step_1_1_1.run :: epoch=25 step=250/429 train_nll=-2285.620
2026-05-14 02:34:19,062 INFO CSMF2.step_1_1_1.run :: [h] epoch=25 step=300 total=0.16522 batch=0.12052
2026-05-14 02:34:19,062 INFO CSMF2.step_1_1_1.run :: [lat] epoch=25 step=300 mean_l2=0.06400 std_l2=0.38873
2026-05-14 02:34:19,143 INFO CSMF2.step_1_1_1.run :: epoch=25 step=300/429 train_nll=-2286.053
2026-05-14 02:34:25,518 INFO CSMF2.step_1_1_1.run :: [h] epoch=25 step=350 total=0.16045 batch=0.11397
2026-05-14 02:34:25,518 INFO CSMF2.step_1_1_1.run :: [lat] epoch=25 step=350 mean_l2=0.07332 std_l2=0.33559
2026-05-14 02:34:25,599 INFO CSMF2.step_1_1_1.run :: epoch=25 step=350/429 train_nll=-2289.285
2026-05-14 02:34:32,095 INFO CSMF2.step_1_1_1.run :: [h] epoch=25 step=400 total=0.16170 batch=0.11352
2026-05-14 02:34:32,096 INFO CSMF2.step_1_1_1.run :: [lat] epoch=25 step=400 mean_l2=0.09833 std_l2=1.74797
2026-05-14 02:34:32,177 INFO CSMF2.step_1_1_1.run :: epoch=25 step=400/429 train_nll=-2289.855
2026-05-14 02:34:37,799 INFO CSMF2.step_1_1_1.run :: epoch=25  train_nll=-2290.236  val_nll=-2271.968  t=57.2s
2026-05-14 02:34:37,799 INFO CSMF2.step_1_1_1.run :: [h_std] total=0.16201 batch=0.11427 (no penalty)
2026-05-14 02:34:37,799 INFO CSMF2.step_1_1_1.run :: [lat_epoch] mean_l2=0.08367 std_l2=0.50687 lambda=10.000
2026-05-14 02:34:37,799 INFO CSMF2.step_1_1_1.run :: [grad] cond=278.8578 film_gain=0.0000
2026-05-14 02:34:47,241 INFO CSMF2.step_1_1_1.run :: [h] epoch=26 step=50 total=0.16232 batch=0.11482
2026-05-14 02:34:47,241 INFO CSMF2.step_1_1_1.run :: [lat] epoch=26 step=50 mean_l2=0.07730 std_l2=0.18091
2026-05-14 02:34:47,319 INFO CSMF2.step_1_1_1.run :: epoch=26 step=50/429 train_nll=-2295.356
2026-05-14 02:34:53,568 INFO CSMF2.step_1_1_1.run :: [h] epoch=26 step=100 total=0.15916 batch=0.11189
2026-05-14 02:34:53,568 INFO CSMF2.step_1_1_1.run :: [lat] epoch=26 step=100 mean_l2=0.08458 std_l2=0.36826
2026-05-14 02:34:53,646 INFO CSMF2.step_1_1_1.run :: epoch=26 step=100/429 train_nll=-2296.573
2026-05-14 02:34:59,898 INFO CSMF2.step_1_1_1.run :: [h] epoch=26 step=150 total=0.16173 batch=0.11494
2026-05-14 02:34:59,899 INFO CSMF2.step_1_1_1.run :: [lat] epoch=26 step=150 mean_l2=0.09023 std_l2=0.28367
2026-05-14 02:34:59,977 INFO CSMF2.step_1_1_1.run :: epoch=26 step=150/429 train_nll=-2299.958
2026-05-14 02:35:06,220 INFO CSMF2.step_1_1_1.run :: [h] epoch=26 step=200 total=0.16296 batch=0.11746
2026-05-14 02:35:06,220 INFO CSMF2.step_1_1_1.run :: [lat] epoch=26 step=200 mean_l2=0.10993 std_l2=0.18473
2026-05-14 02:35:06,298 INFO CSMF2.step_1_1_1.run :: epoch=26 step=200/429 train_nll=-2298.176
2026-05-14 02:35:12,539 INFO CSMF2.step_1_1_1.run :: [h] epoch=26 step=250 total=0.15622 batch=0.10888
2026-05-14 02:35:12,539 INFO CSMF2.step_1_1_1.run :: [lat] epoch=26 step=250 mean_l2=0.07269 std_l2=0.30532
2026-05-14 02:35:12,617 INFO CSMF2.step_1_1_1.run :: epoch=26 step=250/429 train_nll=-2297.201
2026-05-14 02:35:18,860 INFO CSMF2.step_1_1_1.run :: [h] epoch=26 step=300 total=0.16158 batch=0.11846
2026-05-14 02:35:18,860 INFO CSMF2.step_1_1_1.run :: [lat] epoch=26 step=300 mean_l2=0.10418 std_l2=0.36784
2026-05-14 02:35:18,938 INFO CSMF2.step_1_1_1.run :: epoch=26 step=300/429 train_nll=-2297.121
2026-05-14 02:35:25,184 INFO CSMF2.step_1_1_1.run :: [h] epoch=26 step=350 total=0.15710 batch=0.11158
2026-05-14 02:35:25,184 INFO CSMF2.step_1_1_1.run :: [lat] epoch=26 step=350 mean_l2=0.07557 std_l2=0.51570
2026-05-14 02:35:25,262 INFO CSMF2.step_1_1_1.run :: epoch=26 step=350/429 train_nll=-2299.639
2026-05-14 02:35:31,510 INFO CSMF2.step_1_1_1.run :: [h] epoch=26 step=400 total=0.15961 batch=0.11079
2026-05-14 02:35:31,510 INFO CSMF2.step_1_1_1.run :: [lat] epoch=26 step=400 mean_l2=0.07663 std_l2=1.85797
2026-05-14 02:35:31,588 INFO CSMF2.step_1_1_1.run :: epoch=26 step=400/429 train_nll=-2299.456
2026-05-14 02:35:37,119 INFO CSMF2.step_1_1_1.run :: epoch=26  train_nll=-2299.692  val_nll=-2274.705  t=55.9s
2026-05-14 02:35:37,120 INFO CSMF2.step_1_1_1.run :: [h_std] total=0.15868 batch=0.11239 (no penalty)
2026-05-14 02:35:37,120 INFO CSMF2.step_1_1_1.run :: [lat_epoch] mean_l2=0.08366 std_l2=0.49831 lambda=10.000
2026-05-14 02:35:37,120 INFO CSMF2.step_1_1_1.run :: [grad] cond=257.2801 film_gain=0.0000
2026-05-14 02:35:46,789 INFO CSMF2.step_1_1_1.run :: [h] epoch=27 step=50 total=0.15705 batch=0.11169
2026-05-14 02:35:46,790 INFO CSMF2.step_1_1_1.run :: [lat] epoch=27 step=50 mean_l2=0.08941 std_l2=0.19659
2026-05-14 02:35:46,871 INFO CSMF2.step_1_1_1.run :: epoch=27 step=50/429 train_nll=-2295.012
2026-05-14 02:35:53,250 INFO CSMF2.step_1_1_1.run :: [h] epoch=27 step=100 total=0.15507 batch=0.10855
2026-05-14 02:35:53,251 INFO CSMF2.step_1_1_1.run :: [lat] epoch=27 step=100 mean_l2=0.07341 std_l2=0.33549
2026-05-14 02:35:53,331 INFO CSMF2.step_1_1_1.run :: epoch=27 step=100/429 train_nll=-2294.786
2026-05-14 02:35:59,700 INFO CSMF2.step_1_1_1.run :: [h] epoch=27 step=150 total=0.15718 batch=0.11062
2026-05-14 02:35:59,700 INFO CSMF2.step_1_1_1.run :: [lat] epoch=27 step=150 mean_l2=0.07137 std_l2=0.32151
2026-05-14 02:35:59,781 INFO CSMF2.step_1_1_1.run :: epoch=27 step=150/429 train_nll=-2300.960
2026-05-14 02:36:06,143 INFO CSMF2.step_1_1_1.run :: [h] epoch=27 step=200 total=0.15648 batch=0.10928
2026-05-14 02:36:06,143 INFO CSMF2.step_1_1_1.run :: [lat] epoch=27 step=200 mean_l2=0.08593 std_l2=0.22529
2026-05-14 02:36:06,224 INFO CSMF2.step_1_1_1.run :: epoch=27 step=200/429 train_nll=-2298.226
2026-05-14 02:36:12,576 INFO CSMF2.step_1_1_1.run :: [h] epoch=27 step=250 total=0.15312 batch=0.10392
2026-05-14 02:36:12,577 INFO CSMF2.step_1_1_1.run :: [lat] epoch=27 step=250 mean_l2=0.08175 std_l2=0.37092
2026-05-14 02:36:12,657 INFO CSMF2.step_1_1_1.run :: epoch=27 step=250/429 train_nll=-2297.574
2026-05-14 02:36:19,011 INFO CSMF2.step_1_1_1.run :: [h] epoch=27 step=300 total=0.15818 batch=0.11297
2026-05-14 02:36:19,012 INFO CSMF2.step_1_1_1.run :: [lat] epoch=27 step=300 mean_l2=0.08349 std_l2=0.33485
2026-05-14 02:36:19,093 INFO CSMF2.step_1_1_1.run :: epoch=27 step=300/429 train_nll=-2297.143
2026-05-14 02:36:25,452 INFO CSMF2.step_1_1_1.run :: [h] epoch=27 step=350 total=0.15370 batch=0.10776
2026-05-14 02:36:25,452 INFO CSMF2.step_1_1_1.run :: [lat] epoch=27 step=350 mean_l2=0.07027 std_l2=0.29649
2026-05-14 02:36:25,533 INFO CSMF2.step_1_1_1.run :: epoch=27 step=350/429 train_nll=-2300.642
2026-05-14 02:36:31,887 INFO CSMF2.step_1_1_1.run :: [h] epoch=27 step=400 total=0.15463 batch=0.10633
2026-05-14 02:36:31,887 INFO CSMF2.step_1_1_1.run :: [lat] epoch=27 step=400 mean_l2=0.08581 std_l2=1.81836
2026-05-14 02:36:31,968 INFO CSMF2.step_1_1_1.run :: epoch=27 step=400/429 train_nll=-2300.894
2026-05-14 02:36:37,664 INFO CSMF2.step_1_1_1.run :: epoch=27  train_nll=-2301.363  val_nll=-2293.037  t=57.0s
2026-05-14 02:36:37,664 INFO CSMF2.step_1_1_1.run :: [h_std] total=0.15383 batch=0.10715 (no penalty)
2026-05-14 02:36:37,664 INFO CSMF2.step_1_1_1.run :: [lat_epoch] mean_l2=0.08642 std_l2=0.52925 lambda=10.000
2026-05-14 02:36:37,664 INFO CSMF2.step_1_1_1.run :: [grad] cond=637.9616 film_gain=0.0000
2026-05-14 02:36:47,261 INFO CSMF2.step_1_1_1.run :: [h] epoch=28 step=50 total=0.15339 batch=0.10615
2026-05-14 02:36:47,261 INFO CSMF2.step_1_1_1.run :: [lat] epoch=28 step=50 mean_l2=0.07739 std_l2=0.17848
2026-05-14 02:36:47,342 INFO CSMF2.step_1_1_1.run :: epoch=28 step=50/429 train_nll=-2303.192
2026-05-14 02:36:53,730 INFO CSMF2.step_1_1_1.run :: [h] epoch=28 step=100 total=0.15172 batch=0.10445
2026-05-14 02:36:53,730 INFO CSMF2.step_1_1_1.run :: [lat] epoch=28 step=100 mean_l2=0.09769 std_l2=0.52427
2026-05-14 02:36:53,811 INFO CSMF2.step_1_1_1.run :: epoch=28 step=100/429 train_nll=-2303.952
2026-05-14 02:37:00,191 INFO CSMF2.step_1_1_1.run :: [h] epoch=28 step=150 total=0.15605 batch=0.10885
2026-05-14 02:37:00,191 INFO CSMF2.step_1_1_1.run :: [lat] epoch=28 step=150 mean_l2=0.09813 std_l2=0.41287
2026-05-14 02:37:00,272 INFO CSMF2.step_1_1_1.run :: epoch=28 step=150/429 train_nll=-2306.581
2026-05-14 02:37:06,648 INFO CSMF2.step_1_1_1.run :: [h] epoch=28 step=200 total=0.15221 batch=0.10745
2026-05-14 02:37:06,649 INFO CSMF2.step_1_1_1.run :: [lat] epoch=28 step=200 mean_l2=0.08207 std_l2=0.25820
2026-05-14 02:37:06,730 INFO CSMF2.step_1_1_1.run :: epoch=28 step=200/429 train_nll=-2306.090
2026-05-14 02:37:13,103 INFO CSMF2.step_1_1_1.run :: [h] epoch=28 step=250 total=0.14851 batch=0.10184
2026-05-14 02:37:13,104 INFO CSMF2.step_1_1_1.run :: [lat] epoch=28 step=250 mean_l2=0.09060 std_l2=0.28775
2026-05-14 02:37:13,185 INFO CSMF2.step_1_1_1.run :: epoch=28 step=250/429 train_nll=-2306.594
2026-05-14 02:37:19,672 INFO CSMF2.step_1_1_1.run :: [h] epoch=28 step=300 total=0.15451 batch=0.11209
2026-05-14 02:37:19,673 INFO CSMF2.step_1_1_1.run :: [lat] epoch=28 step=300 mean_l2=0.08564 std_l2=0.34607
2026-05-14 02:37:19,754 INFO CSMF2.step_1_1_1.run :: epoch=28 step=300/429 train_nll=-2306.439
2026-05-14 02:37:26,165 INFO CSMF2.step_1_1_1.run :: [h] epoch=28 step=350 total=0.14926 batch=0.10546
2026-05-14 02:37:26,165 INFO CSMF2.step_1_1_1.run :: [lat] epoch=28 step=350 mean_l2=0.06488 std_l2=0.46558
2026-05-14 02:37:26,247 INFO CSMF2.step_1_1_1.run :: epoch=28 step=350/429 train_nll=-2309.578
2026-05-14 02:37:32,658 INFO CSMF2.step_1_1_1.run :: [h] epoch=28 step=400 total=0.15341 batch=0.10582
2026-05-14 02:37:32,658 INFO CSMF2.step_1_1_1.run :: [lat] epoch=28 step=400 mean_l2=0.08750 std_l2=1.86082
2026-05-14 02:37:32,739 INFO CSMF2.step_1_1_1.run :: epoch=28 step=400/429 train_nll=-2309.922
2026-05-14 02:37:38,372 INFO CSMF2.step_1_1_1.run :: epoch=28  train_nll=-2310.452  val_nll=-2302.515  t=57.3s
2026-05-14 02:37:38,372 INFO CSMF2.step_1_1_1.run :: [h_std] total=0.15090 batch=0.10510 (no penalty)
2026-05-14 02:37:38,372 INFO CSMF2.step_1_1_1.run :: [lat_epoch] mean_l2=0.08562 std_l2=0.50355 lambda=10.000
2026-05-14 02:37:38,372 INFO CSMF2.step_1_1_1.run :: [grad] cond=240.1489 film_gain=0.0000
2026-05-14 02:37:47,982 INFO CSMF2.step_1_1_1.run :: [h] epoch=29 step=50 total=0.15091 batch=0.10602
2026-05-14 02:37:47,982 INFO CSMF2.step_1_1_1.run :: [lat] epoch=29 step=50 mean_l2=0.07372 std_l2=0.17869
2026-05-14 02:37:48,064 INFO CSMF2.step_1_1_1.run :: epoch=29 step=50/429 train_nll=-2316.358
2026-05-14 02:37:54,480 INFO CSMF2.step_1_1_1.run :: [h] epoch=29 step=100 total=0.14931 batch=0.10283
2026-05-14 02:37:54,480 INFO CSMF2.step_1_1_1.run :: [lat] epoch=29 step=100 mean_l2=0.07571 std_l2=0.33887
2026-05-14 02:37:54,562 INFO CSMF2.step_1_1_1.run :: epoch=29 step=100/429 train_nll=-2317.441
2026-05-14 02:38:00,978 INFO CSMF2.step_1_1_1.run :: [h] epoch=29 step=150 total=0.15067 batch=0.10650
2026-05-14 02:38:00,978 INFO CSMF2.step_1_1_1.run :: [lat] epoch=29 step=150 mean_l2=0.06886 std_l2=0.28843
2026-05-14 02:38:01,060 INFO CSMF2.step_1_1_1.run :: epoch=29 step=150/429 train_nll=-2321.070
2026-05-14 02:38:07,477 INFO CSMF2.step_1_1_1.run :: [h] epoch=29 step=200 total=0.14903 batch=0.10485
2026-05-14 02:38:07,478 INFO CSMF2.step_1_1_1.run :: [lat] epoch=29 step=200 mean_l2=0.09959 std_l2=0.26208
2026-05-14 02:38:07,559 INFO CSMF2.step_1_1_1.run :: epoch=29 step=200/429 train_nll=-2321.079
2026-05-14 02:38:13,974 INFO CSMF2.step_1_1_1.run :: [h] epoch=29 step=250 total=0.14680 batch=0.10197
2026-05-14 02:38:13,975 INFO CSMF2.step_1_1_1.run :: [lat] epoch=29 step=250 mean_l2=0.08332 std_l2=0.26373
2026-05-14 02:38:14,056 INFO CSMF2.step_1_1_1.run :: epoch=29 step=250/429 train_nll=-2319.051
2026-05-14 02:38:20,468 INFO CSMF2.step_1_1_1.run :: [h] epoch=29 step=300 total=0.15218 batch=0.11028
2026-05-14 02:38:20,468 INFO CSMF2.step_1_1_1.run :: [lat] epoch=29 step=300 mean_l2=0.08102 std_l2=0.44044
2026-05-14 02:38:20,550 INFO CSMF2.step_1_1_1.run :: epoch=29 step=300/429 train_nll=-2317.482
2026-05-14 02:38:27,072 INFO CSMF2.step_1_1_1.run :: [h] epoch=29 step=350 total=0.14653 batch=0.10283
2026-05-14 02:38:27,072 INFO CSMF2.step_1_1_1.run :: [lat] epoch=29 step=350 mean_l2=0.07984 std_l2=0.33139
2026-05-14 02:38:27,154 INFO CSMF2.step_1_1_1.run :: epoch=29 step=350/429 train_nll=-2319.106
2026-05-14 02:38:33,577 INFO CSMF2.step_1_1_1.run :: [h] epoch=29 step=400 total=0.14810 batch=0.10158
2026-05-14 02:38:33,577 INFO CSMF2.step_1_1_1.run :: [lat] epoch=29 step=400 mean_l2=0.11106 std_l2=2.01343
2026-05-14 02:38:33,658 INFO CSMF2.step_1_1_1.run :: epoch=29 step=400/429 train_nll=-2319.204
2026-05-14 02:38:39,308 INFO CSMF2.step_1_1_1.run :: epoch=29  train_nll=-2319.309  val_nll=-2307.590  t=57.5s
2026-05-14 02:38:39,308 INFO CSMF2.step_1_1_1.run :: [h_std] total=0.14822 batch=0.10358 (no penalty)
2026-05-14 02:38:39,309 INFO CSMF2.step_1_1_1.run :: [lat_epoch] mean_l2=0.08534 std_l2=0.49601 lambda=10.000
2026-05-14 02:38:39,309 INFO CSMF2.step_1_1_1.run :: [grad] cond=534.2195 film_gain=0.0000
2026-05-14 02:38:46,311 INFO CSMF2.step_1_1_1.run :: [run] FINAL test_nll (sealed 10k) = -2318.165
2026-05-14 02:38:46,945 INFO CSMF2.experiments.step_1_1_1.density_plots :: [plot_latent_density] saved -> CSMF2/experiments/step_1_1_1/results/nice_s2_n0.00_seed0_9ff8d4b86ccd/plots/latent_density.png  (ks=0.0757, mean=0.022, std=1.036)
2026-05-14 02:38:47,112 INFO CSMF2.experiments.step_1_1_1.density_plots :: [plot_cycle_density] saved -> CSMF2/experiments/step_1_1_1/results/nice_s2_n0.00_seed0_9ff8d4b86ccd/plots/cycle_density.png  (max|err|=4.530e-06 rms=5.490e-07)
2026-05-14 02:38:47,356 INFO CSMF2.experiments.step_1_1_1.density_plots :: [plot_reconstruction_panel] saved -> CSMF2/experiments/step_1_1_1/results/nice_s2_n0.00_seed0_9ff8d4b86ccd/plots/reconstruction_panel.png  rms(enc-prior)=1.282
==============================================================
[1mSTEP-1_1_1 RUN SUMMARY[0m
==============================================================
expert: nice   scale: 2   noise: 0.0   seed: 0   epochs: 30
train NLL:    -1114.08  ->    -2319.31  (Δ = -1205.23)
test  NLL:    -1347.48  ->    -2307.59

[1mHARD GATES (halt on fail)[0m
  [32m 30/30  ✓[0m  invertibility FP64 <1e-5
  [31m  0/30  ✗[0m  latent KS vs N(0,1) <0.05
  [32m 30/30  ✓[0m  cycle_max < 1e-12
  [32m 30/30  ✓[0m  h std > 1e-3
  [32m 30/30  ✓[0m  FiLM γ,β std > 1e-3 aggregate
  [32m 30/30  ✓[0m  (y,seed) max|Δh| < 1e-6
  [32m 30/30  ✓[0m  no NaN/Inf this epoch
  [32m  1/1   ✓[0m  numeric log-det (FP64, once)

[1mINFORMATIONAL (logged, non-blocking)[0m
  [32m 30/30  ✓[0m  null-control gap ≥ 0.10
  [32m 30/30  ✓[0m  h_st Δlogp slope > 1e-3
  [32m 30/30  ✓[0m  grad norm > 1e-6
  [32m 30/30  ✓[0m  fwd residual reported
--------------------------------------------------------------
[1mHARD TOTAL: 181/211[0m  (85.8%)
[1mEXIT_CRITERIA_MET:[0m [31mNO[0m
[1mREMEDY HINTS:[0m
  - hard gate failed: latent_ks (latent KS vs N(0,1) <0.05) -- check epochs [0, 1, 2, 3, 4, 5, 6, 7, 8, 9, 10, 11, 12, 13, 14, 15, 16, 17, 18, 19, 20, 21, 22, 23, 24, 25, 26, 27, 28, 29]
==============================================================
2026-05-14 02:38:47,515 INFO CSMF2.step_1_1_1.run :: STEP-1_1 run DONE  exit_ok=False  out=CSMF2/experiments/step_1_1_1/results/nice_s2_n0.00_seed0_9ff8d4b86ccd
