2026-05-15 11:49:24,077 INFO CSMF2.step_1_1_1.run :: STEP-1_1 run | tag=nsf_s2_n0.10_seed0_f4d2db7d8c94 | cfg=StepCfg(data_root='./mnist_data', scale=2, blur_sigma=1.0, noise_sigma=0.1, batch_size=128, expert='nsf', dim=784, cond_width=128, h_dim=256, flow_hidden=256, use_film=True, cache_h=True, use_v2_conditioner=False, film_depth=2, film_hidden=128, film_use_gelu=True, realnvp_n_couplings=6, realnvp_s_max=2.0, glow_n_steps=8, glow_coupling_hidden=256, glow_s_max=2.0, glow_squeeze=True, glow_n_levels=1, glow_image_c=1, glow_image_h=28, glow_image_w=28, glow_film_gain_init=0.3, lr=0.001, epochs=30, weight_decay=0.0, grad_clip=5.0, shuffle_loss_lambda=0.0, shuffle_loss_margin=0.5, h_std_penalty_mu=0.0, h_std_target=0.05, cond_y_residual_alpha_init=0.0, latent_moment_lambda=0.0, latent_ks_target=0.1, fwd_rel_target=0.5, resume_from=None, seed=0, out_root='./CSMF2/experiments/step_1_1_1/results', log_every=50, sanity_every_epoch=True)
2026-05-15 11:49:24,146 INFO CSMF2.step_1_1_1.run :: [run] data sizes: train=55000  val=5000 (per-epoch)  test=10000 (final-only)
2026-05-15 11:49:24,208 INFO CSMF2.step_1_1_1.run :: [y_sanity] y.std(dim=0).mean() = 0.1512  shape=(128, 1, 14, 14)
2026-05-15 11:49:36,987 INFO CSMF2.step_1_1_1.run :: [h] epoch=0 step=50 total=0.01383 batch=0.00021
2026-05-15 11:49:36,987 INFO CSMF2.step_1_1_1.run :: [lat] epoch=0 step=50 mean_l2=0.13848 std_l2=0.11746
2026-05-15 11:49:37,120 INFO CSMF2.step_1_1_1.run :: epoch=0 step=50/429 train_nll=-2138.004
2026-05-15 11:49:49,845 INFO CSMF2.step_1_1_1.run :: [h] epoch=0 step=100 total=0.03559 batch=0.00116
2026-05-15 11:49:49,846 INFO CSMF2.step_1_1_1.run :: [lat] epoch=0 step=100 mean_l2=0.09128 std_l2=0.08441
2026-05-15 11:49:49,974 INFO CSMF2.step_1_1_1.run :: epoch=0 step=100/429 train_nll=-2666.885
2026-05-15 11:50:03,060 INFO CSMF2.step_1_1_1.run :: [h] epoch=0 step=150 total=0.02795 batch=0.00008
2026-05-15 11:50:03,061 INFO CSMF2.step_1_1_1.run :: [lat] epoch=0 step=150 mean_l2=0.22804 std_l2=0.11413
2026-05-15 11:50:03,191 INFO CSMF2.step_1_1_1.run :: epoch=0 step=150/429 train_nll=-2857.318
2026-05-15 11:50:16,103 INFO CSMF2.step_1_1_1.run :: [h] epoch=0 step=200 total=0.03303 batch=0.00002
2026-05-15 11:50:16,104 INFO CSMF2.step_1_1_1.run :: [lat] epoch=0 step=200 mean_l2=0.06847 std_l2=0.03844
2026-05-15 11:50:16,233 INFO CSMF2.step_1_1_1.run :: epoch=0 step=200/429 train_nll=-2958.973
2026-05-15 11:50:29,158 INFO CSMF2.step_1_1_1.run :: [h] epoch=0 step=250 total=0.05737 batch=0.00001
2026-05-15 11:50:29,158 INFO CSMF2.step_1_1_1.run :: [lat] epoch=0 step=250 mean_l2=0.05022 std_l2=0.03528
2026-05-15 11:50:29,286 INFO CSMF2.step_1_1_1.run :: epoch=0 step=250/429 train_nll=-3041.715
2026-05-15 11:50:42,369 INFO CSMF2.step_1_1_1.run :: [h] epoch=0 step=300 total=0.06831 batch=0.00001
2026-05-15 11:50:42,370 INFO CSMF2.step_1_1_1.run :: [lat] epoch=0 step=300 mean_l2=0.04186 std_l2=0.03040
2026-05-15 11:50:42,501 INFO CSMF2.step_1_1_1.run :: epoch=0 step=300/429 train_nll=-3100.375
2026-05-15 11:50:55,559 INFO CSMF2.step_1_1_1.run :: [h] epoch=0 step=350 total=0.05738 batch=0.00001
2026-05-15 11:50:55,560 INFO CSMF2.step_1_1_1.run :: [lat] epoch=0 step=350 mean_l2=0.04778 std_l2=0.04317
2026-05-15 11:50:55,688 INFO CSMF2.step_1_1_1.run :: epoch=0 step=350/429 train_nll=-3138.114
2026-05-15 11:51:08,431 INFO CSMF2.step_1_1_1.run :: [h] epoch=0 step=400 total=0.06936 batch=0.00002
2026-05-15 11:51:08,432 INFO CSMF2.step_1_1_1.run :: [lat] epoch=0 step=400 mean_l2=0.10529 std_l2=0.05665
2026-05-15 11:51:08,562 INFO CSMF2.step_1_1_1.run :: epoch=0 step=400/429 train_nll=-3172.839
2026-05-15 11:51:20,812 INFO CSMF2.step_1_1_1.run :: epoch=0  train_nll=-3188.309  val_nll=-3433.288  t=116.5s
2026-05-15 11:51:20,812 INFO CSMF2.step_1_1_1.run :: [h_std] total=0.04518 batch=0.00027 (no penalty)
2026-05-15 11:51:20,812 INFO CSMF2.step_1_1_1.run :: [lat_epoch] mean_l2=0.17494 std_l2=0.12099 (no penalty)
2026-05-15 11:51:20,812 INFO CSMF2.step_1_1_1.run :: [grad] cond=1.9131 film_gain=0.0000
2026-05-15 11:51:36,729 INFO CSMF2.step_1_1_1.run :: [h] epoch=1 step=50 total=0.08904 batch=0.00001
2026-05-15 11:51:36,730 INFO CSMF2.step_1_1_1.run :: [lat] epoch=1 step=50 mean_l2=0.05344 std_l2=0.03524
2026-05-15 11:51:36,857 INFO CSMF2.step_1_1_1.run :: epoch=1 step=50/429 train_nll=-3450.951
2026-05-15 11:51:49,699 INFO CSMF2.step_1_1_1.run :: [h] epoch=1 step=100 total=0.09269 batch=0.00001
2026-05-15 11:51:49,700 INFO CSMF2.step_1_1_1.run :: [lat] epoch=1 step=100 mean_l2=0.03276 std_l2=0.02883
2026-05-15 11:51:49,830 INFO CSMF2.step_1_1_1.run :: epoch=1 step=100/429 train_nll=-3450.101
2026-05-15 11:52:02,740 INFO CSMF2.step_1_1_1.run :: [h] epoch=1 step=150 total=0.09324 batch=0.00001
2026-05-15 11:52:02,740 INFO CSMF2.step_1_1_1.run :: [lat] epoch=1 step=150 mean_l2=0.04967 std_l2=0.03612
2026-05-15 11:52:02,870 INFO CSMF2.step_1_1_1.run :: epoch=1 step=150/429 train_nll=-3448.728
2026-05-15 11:52:15,979 INFO CSMF2.step_1_1_1.run :: [h] epoch=1 step=200 total=0.08948 batch=0.00001
2026-05-15 11:52:15,980 INFO CSMF2.step_1_1_1.run :: [lat] epoch=1 step=200 mean_l2=0.03731 std_l2=0.03562
2026-05-15 11:52:16,144 INFO CSMF2.step_1_1_1.run :: epoch=1 step=200/429 train_nll=-3447.439
2026-05-15 11:52:29,452 INFO CSMF2.step_1_1_1.run :: [h] epoch=1 step=250 total=0.08920 batch=0.00001
2026-05-15 11:52:29,452 INFO CSMF2.step_1_1_1.run :: [lat] epoch=1 step=250 mean_l2=0.02752 std_l2=0.03089
2026-05-15 11:52:29,596 INFO CSMF2.step_1_1_1.run :: epoch=1 step=250/429 train_nll=-3448.846
2026-05-15 11:52:43,602 INFO CSMF2.step_1_1_1.run :: [h] epoch=1 step=300 total=0.08803 batch=0.00000
2026-05-15 11:52:43,603 INFO CSMF2.step_1_1_1.run :: [lat] epoch=1 step=300 mean_l2=0.03087 std_l2=0.03820
2026-05-15 11:52:43,763 INFO CSMF2.step_1_1_1.run :: epoch=1 step=300/429 train_nll=-3451.099
2026-05-15 11:52:57,931 INFO CSMF2.step_1_1_1.run :: [h] epoch=1 step=350 total=0.10074 batch=0.00000
2026-05-15 11:52:57,931 INFO CSMF2.step_1_1_1.run :: [lat] epoch=1 step=350 mean_l2=0.04240 std_l2=0.03020
2026-05-15 11:52:58,140 INFO CSMF2.step_1_1_1.run :: epoch=1 step=350/429 train_nll=-3453.544
2026-05-15 11:53:12,814 INFO CSMF2.step_1_1_1.run :: [h] epoch=1 step=400 total=0.09401 batch=0.00000
2026-05-15 11:53:12,815 INFO CSMF2.step_1_1_1.run :: [lat] epoch=1 step=400 mean_l2=0.03649 std_l2=0.03280
2026-05-15 11:53:12,967 INFO CSMF2.step_1_1_1.run :: epoch=1 step=400/429 train_nll=-3454.578
2026-05-15 11:53:26,117 INFO CSMF2.step_1_1_1.run :: epoch=1  train_nll=-3456.431  val_nll=-3479.750  t=122.0s
2026-05-15 11:53:26,117 INFO CSMF2.step_1_1_1.run :: [h_std] total=0.09301 batch=0.00001 (no penalty)
2026-05-15 11:53:26,117 INFO CSMF2.step_1_1_1.run :: [lat_epoch] mean_l2=0.04101 std_l2=0.03158 (no penalty)
2026-05-15 11:53:26,117 INFO CSMF2.step_1_1_1.run :: [grad] cond=17.4345 film_gain=0.0000
2026-05-15 11:53:43,294 INFO CSMF2.step_1_1_1.run :: [h] epoch=2 step=50 total=0.07874 batch=0.00000
2026-05-15 11:53:43,295 INFO CSMF2.step_1_1_1.run :: [lat] epoch=2 step=50 mean_l2=0.15861 std_l2=0.06881
2026-05-15 11:53:43,449 INFO CSMF2.step_1_1_1.run :: epoch=2 step=50/429 train_nll=-3467.671
2026-05-15 11:53:57,633 INFO CSMF2.step_1_1_1.run :: [h] epoch=2 step=100 total=0.09206 batch=0.00000
2026-05-15 11:53:57,633 INFO CSMF2.step_1_1_1.run :: [lat] epoch=2 step=100 mean_l2=0.03062 std_l2=0.03097
2026-05-15 11:53:57,828 INFO CSMF2.step_1_1_1.run :: epoch=2 step=100/429 train_nll=-3468.457
2026-05-15 11:54:12,068 INFO CSMF2.step_1_1_1.run :: [h] epoch=2 step=150 total=0.09721 batch=0.00000
2026-05-15 11:54:12,068 INFO CSMF2.step_1_1_1.run :: [lat] epoch=2 step=150 mean_l2=0.05037 std_l2=0.02641
2026-05-15 11:54:12,222 INFO CSMF2.step_1_1_1.run :: epoch=2 step=150/429 train_nll=-3480.908
2026-05-15 11:54:26,116 INFO CSMF2.step_1_1_1.run :: [h] epoch=2 step=200 total=0.10030 batch=0.00000
2026-05-15 11:54:26,116 INFO CSMF2.step_1_1_1.run :: [lat] epoch=2 step=200 mean_l2=0.01888 std_l2=0.02450
2026-05-15 11:54:26,265 INFO CSMF2.step_1_1_1.run :: epoch=2 step=200/429 train_nll=-3488.739
2026-05-15 11:54:40,430 INFO CSMF2.step_1_1_1.run :: [h] epoch=2 step=250 total=0.10021 batch=0.00000
2026-05-15 11:54:40,430 INFO CSMF2.step_1_1_1.run :: [lat] epoch=2 step=250 mean_l2=0.01842 std_l2=0.02319
2026-05-15 11:54:40,584 INFO CSMF2.step_1_1_1.run :: epoch=2 step=250/429 train_nll=-3492.487
2026-05-15 11:54:54,858 INFO CSMF2.step_1_1_1.run :: [h] epoch=2 step=300 total=0.09366 batch=0.00000
2026-05-15 11:54:54,859 INFO CSMF2.step_1_1_1.run :: [lat] epoch=2 step=300 mean_l2=0.04577 std_l2=0.02737
2026-05-15 11:54:55,056 INFO CSMF2.step_1_1_1.run :: epoch=2 step=300/429 train_nll=-3492.919
2026-05-15 11:55:09,359 INFO CSMF2.step_1_1_1.run :: [h] epoch=2 step=350 total=0.09523 batch=0.00000
2026-05-15 11:55:09,360 INFO CSMF2.step_1_1_1.run :: [lat] epoch=2 step=350 mean_l2=0.04762 std_l2=0.04058
2026-05-15 11:55:09,557 INFO CSMF2.step_1_1_1.run :: epoch=2 step=350/429 train_nll=-3494.411
2026-05-15 11:55:23,465 INFO CSMF2.step_1_1_1.run :: [h] epoch=2 step=400 total=0.09713 batch=0.00000
2026-05-15 11:55:23,465 INFO CSMF2.step_1_1_1.run :: [lat] epoch=2 step=400 mean_l2=0.03104 std_l2=0.02564
2026-05-15 11:55:23,619 INFO CSMF2.step_1_1_1.run :: epoch=2 step=400/429 train_nll=-3494.715
2026-05-15 11:55:36,842 INFO CSMF2.step_1_1_1.run :: epoch=2  train_nll=-3494.297  val_nll=-3505.884  t=127.6s
2026-05-15 11:55:36,842 INFO CSMF2.step_1_1_1.run :: [h_std] total=0.09527 batch=0.00000 (no penalty)
2026-05-15 11:55:36,843 INFO CSMF2.step_1_1_1.run :: [lat_epoch] mean_l2=0.03565 std_l2=0.02865 (no penalty)
2026-05-15 11:55:36,843 INFO CSMF2.step_1_1_1.run :: [grad] cond=1.8565 film_gain=0.0000
2026-05-15 11:55:53,995 INFO CSMF2.step_1_1_1.run :: [h] epoch=3 step=50 total=0.09005 batch=0.00000
2026-05-15 11:55:53,996 INFO CSMF2.step_1_1_1.run :: [lat] epoch=3 step=50 mean_l2=0.04838 std_l2=0.03429
2026-05-15 11:55:54,146 INFO CSMF2.step_1_1_1.run :: epoch=3 step=50/429 train_nll=-3501.980
2026-05-15 11:56:08,334 INFO CSMF2.step_1_1_1.run :: [h] epoch=3 step=100 total=0.09138 batch=0.00000
2026-05-15 11:56:08,335 INFO CSMF2.step_1_1_1.run :: [lat] epoch=3 step=100 mean_l2=0.02032 std_l2=0.02704
2026-05-15 11:56:08,529 INFO CSMF2.step_1_1_1.run :: epoch=3 step=100/429 train_nll=-3502.015
2026-05-15 11:56:22,304 INFO CSMF2.step_1_1_1.run :: [h] epoch=3 step=150 total=0.09529 batch=0.00000
2026-05-15 11:56:22,304 INFO CSMF2.step_1_1_1.run :: [lat] epoch=3 step=150 mean_l2=0.03016 std_l2=0.02444
2026-05-15 11:56:22,457 INFO CSMF2.step_1_1_1.run :: epoch=3 step=150/429 train_nll=-3505.236
2026-05-15 11:56:36,651 INFO CSMF2.step_1_1_1.run :: [h] epoch=3 step=200 total=0.09498 batch=0.00000
2026-05-15 11:56:36,651 INFO CSMF2.step_1_1_1.run :: [lat] epoch=3 step=200 mean_l2=0.02083 std_l2=0.02371
2026-05-15 11:56:36,804 INFO CSMF2.step_1_1_1.run :: epoch=3 step=200/429 train_nll=-3511.040
2026-05-15 11:56:50,977 INFO CSMF2.step_1_1_1.run :: [h] epoch=3 step=250 total=0.08997 batch=0.00000
2026-05-15 11:56:50,978 INFO CSMF2.step_1_1_1.run :: [lat] epoch=3 step=250 mean_l2=0.04250 std_l2=0.02628
2026-05-15 11:56:51,133 INFO CSMF2.step_1_1_1.run :: epoch=3 step=250/429 train_nll=-3511.275
2026-05-15 11:57:05,378 INFO CSMF2.step_1_1_1.run :: [h] epoch=3 step=300 total=0.09164 batch=0.00000
2026-05-15 11:57:05,378 INFO CSMF2.step_1_1_1.run :: [lat] epoch=3 step=300 mean_l2=0.03920 std_l2=0.02665
2026-05-15 11:57:05,532 INFO CSMF2.step_1_1_1.run :: epoch=3 step=300/429 train_nll=-3513.562
2026-05-15 11:57:19,540 INFO CSMF2.step_1_1_1.run :: [h] epoch=3 step=350 total=0.09338 batch=0.00000
2026-05-15 11:57:19,541 INFO CSMF2.step_1_1_1.run :: [lat] epoch=3 step=350 mean_l2=0.02440 std_l2=0.02608
2026-05-15 11:57:19,694 INFO CSMF2.step_1_1_1.run :: epoch=3 step=350/429 train_nll=-3517.326
2026-05-15 11:57:33,811 INFO CSMF2.step_1_1_1.run :: [h] epoch=3 step=400 total=0.09408 batch=0.00000
2026-05-15 11:57:33,812 INFO CSMF2.step_1_1_1.run :: [lat] epoch=3 step=400 mean_l2=0.05135 std_l2=0.03230
2026-05-15 11:57:34,010 INFO CSMF2.step_1_1_1.run :: epoch=3 step=400/429 train_nll=-3519.680
2026-05-15 11:57:46,916 INFO CSMF2.step_1_1_1.run :: epoch=3  train_nll=-3520.536  val_nll=-3543.588  t=126.9s
2026-05-15 11:57:46,916 INFO CSMF2.step_1_1_1.run :: [h_std] total=0.09248 batch=0.00000 (no penalty)
2026-05-15 11:57:46,916 INFO CSMF2.step_1_1_1.run :: [lat_epoch] mean_l2=0.03031 std_l2=0.02620 (no penalty)
2026-05-15 11:57:46,916 INFO CSMF2.step_1_1_1.run :: [grad] cond=46.8948 film_gain=0.0000
2026-05-15 11:58:04,101 INFO CSMF2.step_1_1_1.run :: [h] epoch=4 step=50 total=0.09073 batch=0.00000
2026-05-15 11:58:04,102 INFO CSMF2.step_1_1_1.run :: [lat] epoch=4 step=50 mean_l2=0.01836 std_l2=0.02167
2026-05-15 11:58:04,299 INFO CSMF2.step_1_1_1.run :: epoch=4 step=50/429 train_nll=-3541.458
2026-05-15 11:58:18,308 INFO CSMF2.step_1_1_1.run :: [h] epoch=4 step=100 total=0.09335 batch=0.00000
2026-05-15 11:58:18,309 INFO CSMF2.step_1_1_1.run :: [lat] epoch=4 step=100 mean_l2=0.01794 std_l2=0.02461
2026-05-15 11:58:18,464 INFO CSMF2.step_1_1_1.run :: epoch=4 step=100/429 train_nll=-3547.597
2026-05-15 11:58:32,519 INFO CSMF2.step_1_1_1.run :: [h] epoch=4 step=150 total=0.09460 batch=0.00000
2026-05-15 11:58:32,519 INFO CSMF2.step_1_1_1.run :: [lat] epoch=4 step=150 mean_l2=0.01756 std_l2=0.02113
2026-05-15 11:58:32,675 INFO CSMF2.step_1_1_1.run :: epoch=4 step=150/429 train_nll=-3547.285
2026-05-15 11:58:47,007 INFO CSMF2.step_1_1_1.run :: [h] epoch=4 step=200 total=0.09533 batch=0.00000
2026-05-15 11:58:47,007 INFO CSMF2.step_1_1_1.run :: [lat] epoch=4 step=200 mean_l2=0.03964 std_l2=0.02971
2026-05-15 11:58:47,165 INFO CSMF2.step_1_1_1.run :: epoch=4 step=200/429 train_nll=-3548.547
2026-05-15 11:59:01,282 INFO CSMF2.step_1_1_1.run :: [h] epoch=4 step=250 total=0.09280 batch=0.00000
2026-05-15 11:59:01,282 INFO CSMF2.step_1_1_1.run :: [lat] epoch=4 step=250 mean_l2=0.03600 std_l2=0.02752
2026-05-15 11:59:01,441 INFO CSMF2.step_1_1_1.run :: epoch=4 step=250/429 train_nll=-3544.219
2026-05-15 11:59:15,787 INFO CSMF2.step_1_1_1.run :: [h] epoch=4 step=300 total=0.09139 batch=0.00000
2026-05-15 11:59:15,787 INFO CSMF2.step_1_1_1.run :: [lat] epoch=4 step=300 mean_l2=0.02145 std_l2=0.02422
2026-05-15 11:59:15,947 INFO CSMF2.step_1_1_1.run :: epoch=4 step=300/429 train_nll=-3544.333
2026-05-15 11:59:30,323 INFO CSMF2.step_1_1_1.run :: [h] epoch=4 step=350 total=0.09342 batch=0.00000
2026-05-15 11:59:30,323 INFO CSMF2.step_1_1_1.run :: [lat] epoch=4 step=350 mean_l2=0.04285 std_l2=0.04204
2026-05-15 11:59:30,481 INFO CSMF2.step_1_1_1.run :: epoch=4 step=350/429 train_nll=-3545.703
2026-05-15 11:59:44,764 INFO CSMF2.step_1_1_1.run :: [h] epoch=4 step=400 total=0.08589 batch=0.00000
2026-05-15 11:59:44,765 INFO CSMF2.step_1_1_1.run :: [lat] epoch=4 step=400 mean_l2=0.04075 std_l2=0.02601
2026-05-15 11:59:44,924 INFO CSMF2.step_1_1_1.run :: epoch=4 step=400/429 train_nll=-3544.330
2026-05-15 11:59:58,057 INFO CSMF2.step_1_1_1.run :: epoch=4  train_nll=-3543.855  val_nll=-3531.459  t=128.1s
2026-05-15 11:59:58,057 INFO CSMF2.step_1_1_1.run :: [h_std] total=0.09216 batch=0.00000 (no penalty)
2026-05-15 11:59:58,058 INFO CSMF2.step_1_1_1.run :: [lat_epoch] mean_l2=0.02479 std_l2=0.02485 (no penalty)
2026-05-15 11:59:58,058 INFO CSMF2.step_1_1_1.run :: [grad] cond=111.2200 film_gain=0.0000
2026-05-15 12:00:15,581 INFO CSMF2.step_1_1_1.run :: [h] epoch=5 step=50 total=0.08798 batch=0.00000
2026-05-15 12:00:15,581 INFO CSMF2.step_1_1_1.run :: [lat] epoch=5 step=50 mean_l2=0.03806 std_l2=0.02436
2026-05-15 12:00:15,740 INFO CSMF2.step_1_1_1.run :: epoch=5 step=50/429 train_nll=-3523.664
2026-05-15 12:00:30,023 INFO CSMF2.step_1_1_1.run :: [h] epoch=5 step=100 total=0.08770 batch=0.00000
2026-05-15 12:00:30,024 INFO CSMF2.step_1_1_1.run :: [lat] epoch=5 step=100 mean_l2=0.01694 std_l2=0.02197
2026-05-15 12:00:30,225 INFO CSMF2.step_1_1_1.run :: epoch=5 step=100/429 train_nll=-3533.310
2026-05-15 12:00:44,258 INFO CSMF2.step_1_1_1.run :: [h] epoch=5 step=150 total=0.08931 batch=0.00000
2026-05-15 12:00:44,259 INFO CSMF2.step_1_1_1.run :: [lat] epoch=5 step=150 mean_l2=0.01634 std_l2=0.02065
2026-05-15 12:00:44,460 INFO CSMF2.step_1_1_1.run :: epoch=5 step=150/429 train_nll=-3543.123
2026-05-15 12:00:58,855 INFO CSMF2.step_1_1_1.run :: [h] epoch=5 step=200 total=0.08737 batch=0.00000
2026-05-15 12:00:58,856 INFO CSMF2.step_1_1_1.run :: [lat] epoch=5 step=200 mean_l2=0.02444 std_l2=0.02295
2026-05-15 12:00:59,014 INFO CSMF2.step_1_1_1.run :: epoch=5 step=200/429 train_nll=-3549.066
2026-05-15 12:01:13,072 INFO CSMF2.step_1_1_1.run :: [h] epoch=5 step=250 total=0.08310 batch=0.00000
2026-05-15 12:01:13,072 INFO CSMF2.step_1_1_1.run :: [lat] epoch=5 step=250 mean_l2=0.02546 std_l2=0.03147
2026-05-15 12:01:13,231 INFO CSMF2.step_1_1_1.run :: epoch=5 step=250/429 train_nll=-3546.599
2026-05-15 12:01:27,679 INFO CSMF2.step_1_1_1.run :: [h] epoch=5 step=300 total=0.09081 batch=0.00000
2026-05-15 12:01:27,680 INFO CSMF2.step_1_1_1.run :: [lat] epoch=5 step=300 mean_l2=0.03542 std_l2=0.02470
2026-05-15 12:01:27,838 INFO CSMF2.step_1_1_1.run :: epoch=5 step=300/429 train_nll=-3547.533
2026-05-15 12:01:42,063 INFO CSMF2.step_1_1_1.run :: [h] epoch=5 step=350 total=0.08465 batch=0.00000
2026-05-15 12:01:42,064 INFO CSMF2.step_1_1_1.run :: [lat] epoch=5 step=350 mean_l2=0.02854 std_l2=0.02496
2026-05-15 12:01:42,265 INFO CSMF2.step_1_1_1.run :: epoch=5 step=350/429 train_nll=-3545.394
2026-05-15 12:01:56,479 INFO CSMF2.step_1_1_1.run :: [h] epoch=5 step=400 total=0.08607 batch=0.00000
2026-05-15 12:01:56,479 INFO CSMF2.step_1_1_1.run :: [lat] epoch=5 step=400 mean_l2=0.01508 std_l2=0.02143
2026-05-15 12:01:56,635 INFO CSMF2.step_1_1_1.run :: epoch=5 step=400/429 train_nll=-3547.498
2026-05-15 12:02:09,882 INFO CSMF2.step_1_1_1.run :: epoch=5  train_nll=-3549.416  val_nll=-3574.797  t=128.9s
2026-05-15 12:02:09,882 INFO CSMF2.step_1_1_1.run :: [h_std] total=0.08670 batch=0.00000 (no penalty)
2026-05-15 12:02:09,882 INFO CSMF2.step_1_1_1.run :: [lat_epoch] mean_l2=0.02639 std_l2=0.02559 (no penalty)
2026-05-15 12:02:09,882 INFO CSMF2.step_1_1_1.run :: [grad] cond=114.1637 film_gain=0.0000
2026-05-15 12:02:27,426 INFO CSMF2.step_1_1_1.run :: [h] epoch=6 step=50 total=0.08760 batch=0.00000
2026-05-15 12:02:27,426 INFO CSMF2.step_1_1_1.run :: [lat] epoch=6 step=50 mean_l2=0.01815 std_l2=0.02049
2026-05-15 12:02:27,590 INFO CSMF2.step_1_1_1.run :: epoch=6 step=50/429 train_nll=-3573.705
2026-05-15 12:02:41,846 INFO CSMF2.step_1_1_1.run :: [h] epoch=6 step=100 total=0.08687 batch=0.00000
2026-05-15 12:02:41,847 INFO CSMF2.step_1_1_1.run :: [lat] epoch=6 step=100 mean_l2=0.02825 std_l2=0.02980
2026-05-15 12:02:42,003 INFO CSMF2.step_1_1_1.run :: epoch=6 step=100/429 train_nll=-3573.624
2026-05-15 12:02:56,395 INFO CSMF2.step_1_1_1.run :: [h] epoch=6 step=150 total=0.08720 batch=0.00000
2026-05-15 12:02:56,396 INFO CSMF2.step_1_1_1.run :: [lat] epoch=6 step=150 mean_l2=0.01592 std_l2=0.02221
2026-05-15 12:02:56,556 INFO CSMF2.step_1_1_1.run :: epoch=6 step=150/429 train_nll=-3571.758
2026-05-15 12:03:11,310 INFO CSMF2.step_1_1_1.run :: [h] epoch=6 step=200 total=0.08720 batch=0.00000
2026-05-15 12:03:11,311 INFO CSMF2.step_1_1_1.run :: [lat] epoch=6 step=200 mean_l2=0.01609 std_l2=0.02468
2026-05-15 12:03:11,475 INFO CSMF2.step_1_1_1.run :: epoch=6 step=200/429 train_nll=-3574.839
2026-05-15 12:03:26,275 INFO CSMF2.step_1_1_1.run :: [h] epoch=6 step=250 total=0.08694 batch=0.00000
2026-05-15 12:03:26,275 INFO CSMF2.step_1_1_1.run :: [lat] epoch=6 step=250 mean_l2=0.01425 std_l2=0.01979
2026-05-15 12:03:26,440 INFO CSMF2.step_1_1_1.run :: epoch=6 step=250/429 train_nll=-3576.620
2026-05-15 12:03:41,225 INFO CSMF2.step_1_1_1.run :: [h] epoch=6 step=300 total=0.08757 batch=0.00000
2026-05-15 12:03:41,226 INFO CSMF2.step_1_1_1.run :: [lat] epoch=6 step=300 mean_l2=0.03217 std_l2=0.02305
2026-05-15 12:03:41,392 INFO CSMF2.step_1_1_1.run :: epoch=6 step=300/429 train_nll=-3574.949
2026-05-15 12:03:56,124 INFO CSMF2.step_1_1_1.run :: [h] epoch=6 step=350 total=0.08446 batch=0.00000
2026-05-15 12:03:56,125 INFO CSMF2.step_1_1_1.run :: [lat] epoch=6 step=350 mean_l2=0.02529 std_l2=0.02518
2026-05-15 12:03:56,293 INFO CSMF2.step_1_1_1.run :: epoch=6 step=350/429 train_nll=-3573.820
2026-05-15 12:04:11,017 INFO CSMF2.step_1_1_1.run :: [h] epoch=6 step=400 total=0.08398 batch=0.00000
2026-05-15 12:04:11,017 INFO CSMF2.step_1_1_1.run :: [lat] epoch=6 step=400 mean_l2=0.01340 std_l2=0.01989
2026-05-15 12:04:11,178 INFO CSMF2.step_1_1_1.run :: epoch=6 step=400/429 train_nll=-3573.798
2026-05-15 12:04:24,541 INFO CSMF2.step_1_1_1.run :: epoch=6  train_nll=-3574.738  val_nll=-3587.920  t=131.6s
2026-05-15 12:04:24,541 INFO CSMF2.step_1_1_1.run :: [h_std] total=0.08621 batch=0.00000 (no penalty)
2026-05-15 12:04:24,541 INFO CSMF2.step_1_1_1.run :: [lat_epoch] mean_l2=0.01938 std_l2=0.02276 (no penalty)
2026-05-15 12:04:24,541 INFO CSMF2.step_1_1_1.run :: [grad] cond=112.6493 film_gain=0.0000
2026-05-15 12:04:42,393 INFO CSMF2.step_1_1_1.run :: [h] epoch=7 step=50 total=0.08280 batch=0.00000
2026-05-15 12:04:42,394 INFO CSMF2.step_1_1_1.run :: [lat] epoch=7 step=50 mean_l2=0.02394 std_l2=0.02428
2026-05-15 12:04:42,606 INFO CSMF2.step_1_1_1.run :: epoch=7 step=50/429 train_nll=-3571.426
2026-05-15 12:04:57,189 INFO CSMF2.step_1_1_1.run :: [h] epoch=7 step=100 total=0.08235 batch=0.00000
2026-05-15 12:04:57,190 INFO CSMF2.step_1_1_1.run :: [lat] epoch=7 step=100 mean_l2=0.03641 std_l2=0.02571
2026-05-15 12:04:57,357 INFO CSMF2.step_1_1_1.run :: epoch=7 step=100/429 train_nll=-3568.597
2026-05-15 12:05:12,173 INFO CSMF2.step_1_1_1.run :: [h] epoch=7 step=150 total=0.08337 batch=0.00000
2026-05-15 12:05:12,174 INFO CSMF2.step_1_1_1.run :: [lat] epoch=7 step=150 mean_l2=0.01520 std_l2=0.02043
2026-05-15 12:05:12,340 INFO CSMF2.step_1_1_1.run :: epoch=7 step=150/429 train_nll=-3567.038
2026-05-15 12:05:27,256 INFO CSMF2.step_1_1_1.run :: [h] epoch=7 step=200 total=0.08284 batch=0.00000
2026-05-15 12:05:27,257 INFO CSMF2.step_1_1_1.run :: [lat] epoch=7 step=200 mean_l2=0.02631 std_l2=0.02667
2026-05-15 12:05:27,470 INFO CSMF2.step_1_1_1.run :: epoch=7 step=200/429 train_nll=-3570.409
2026-05-15 12:05:42,493 INFO CSMF2.step_1_1_1.run :: [h] epoch=7 step=250 total=0.08119 batch=0.00000
2026-05-15 12:05:42,494 INFO CSMF2.step_1_1_1.run :: [lat] epoch=7 step=250 mean_l2=0.02487 std_l2=0.02244
2026-05-15 12:05:42,661 INFO CSMF2.step_1_1_1.run :: epoch=7 step=250/429 train_nll=-3567.600
2026-05-15 12:05:57,575 INFO CSMF2.step_1_1_1.run :: [h] epoch=7 step=300 total=0.08171 batch=0.00000
2026-05-15 12:05:57,575 INFO CSMF2.step_1_1_1.run :: [lat] epoch=7 step=300 mean_l2=0.03249 std_l2=0.02832
2026-05-15 12:05:57,739 INFO CSMF2.step_1_1_1.run :: epoch=7 step=300/429 train_nll=-3565.944
2026-05-15 12:06:12,492 INFO CSMF2.step_1_1_1.run :: [h] epoch=7 step=350 total=0.07886 batch=0.00000
2026-05-15 12:06:12,492 INFO CSMF2.step_1_1_1.run :: [lat] epoch=7 step=350 mean_l2=0.02025 std_l2=0.02722
2026-05-15 12:06:12,704 INFO CSMF2.step_1_1_1.run :: epoch=7 step=350/429 train_nll=-3565.142
2026-05-15 12:06:27,491 INFO CSMF2.step_1_1_1.run :: [h] epoch=7 step=400 total=0.07850 batch=0.00000
2026-05-15 12:06:27,492 INFO CSMF2.step_1_1_1.run :: [lat] epoch=7 step=400 mean_l2=0.02070 std_l2=0.02065
2026-05-15 12:06:27,656 INFO CSMF2.step_1_1_1.run :: epoch=7 step=400/429 train_nll=-3564.393
2026-05-15 12:06:41,110 INFO CSMF2.step_1_1_1.run :: epoch=7  train_nll=-3563.378  val_nll=-3567.011  t=133.4s
2026-05-15 12:06:41,110 INFO CSMF2.step_1_1_1.run :: [h_std] total=0.08190 batch=0.00000 (no penalty)
2026-05-15 12:06:41,110 INFO CSMF2.step_1_1_1.run :: [lat_epoch] mean_l2=0.02758 std_l2=0.02563 (no penalty)
2026-05-15 12:06:41,110 INFO CSMF2.step_1_1_1.run :: [grad] cond=5.2554 film_gain=0.0000
2026-05-15 12:06:58,984 INFO CSMF2.step_1_1_1.run :: [h] epoch=8 step=50 total=0.07823 batch=0.00000
2026-05-15 12:06:58,984 INFO CSMF2.step_1_1_1.run :: [lat] epoch=8 step=50 mean_l2=0.01592 std_l2=0.02231
2026-05-15 12:06:59,152 INFO CSMF2.step_1_1_1.run :: epoch=8 step=50/429 train_nll=-3567.839
2026-05-15 12:07:13,646 INFO CSMF2.step_1_1_1.run :: [h] epoch=8 step=100 total=0.07963 batch=0.00000
2026-05-15 12:07:13,647 INFO CSMF2.step_1_1_1.run :: [lat] epoch=8 step=100 mean_l2=0.01469 std_l2=0.02272
2026-05-15 12:07:13,806 INFO CSMF2.step_1_1_1.run :: epoch=8 step=100/429 train_nll=-3578.532
2026-05-15 12:07:28,529 INFO CSMF2.step_1_1_1.run :: [h] epoch=8 step=150 total=0.07993 batch=0.00000
2026-05-15 12:07:28,530 INFO CSMF2.step_1_1_1.run :: [lat] epoch=8 step=150 mean_l2=0.01783 std_l2=0.02272
2026-05-15 12:07:28,694 INFO CSMF2.step_1_1_1.run :: epoch=8 step=150/429 train_nll=-3581.864
2026-05-15 12:07:43,292 INFO CSMF2.step_1_1_1.run :: [h] epoch=8 step=200 total=0.07984 batch=0.00000
2026-05-15 12:07:43,292 INFO CSMF2.step_1_1_1.run :: [lat] epoch=8 step=200 mean_l2=0.01548 std_l2=0.02251
2026-05-15 12:07:43,452 INFO CSMF2.step_1_1_1.run :: epoch=8 step=200/429 train_nll=-3585.265
2026-05-15 12:07:58,133 INFO CSMF2.step_1_1_1.run :: [h] epoch=8 step=250 total=0.07927 batch=0.00000
2026-05-15 12:07:58,133 INFO CSMF2.step_1_1_1.run :: [lat] epoch=8 step=250 mean_l2=0.04524 std_l2=0.02781
2026-05-15 12:07:58,346 INFO CSMF2.step_1_1_1.run :: epoch=8 step=250/429 train_nll=-3584.234
2026-05-15 12:08:13,570 INFO CSMF2.step_1_1_1.run :: [h] epoch=8 step=300 total=0.07788 batch=0.00000
2026-05-15 12:08:13,575 INFO CSMF2.step_1_1_1.run :: [lat] epoch=8 step=300 mean_l2=0.02127 std_l2=0.02134
2026-05-15 12:08:13,785 INFO CSMF2.step_1_1_1.run :: epoch=8 step=300/429 train_nll=-3582.132
2026-05-15 12:08:28,739 INFO CSMF2.step_1_1_1.run :: [h] epoch=8 step=350 total=0.07821 batch=0.00000
2026-05-15 12:08:28,740 INFO CSMF2.step_1_1_1.run :: [lat] epoch=8 step=350 mean_l2=0.01390 std_l2=0.02061
2026-05-15 12:08:28,901 INFO CSMF2.step_1_1_1.run :: epoch=8 step=350/429 train_nll=-3583.593
2026-05-15 12:08:43,661 INFO CSMF2.step_1_1_1.run :: [h] epoch=8 step=400 total=0.07894 batch=0.00000
2026-05-15 12:08:43,661 INFO CSMF2.step_1_1_1.run :: [lat] epoch=8 step=400 mean_l2=0.01339 std_l2=0.01871
2026-05-15 12:08:43,870 INFO CSMF2.step_1_1_1.run :: epoch=8 step=400/429 train_nll=-3585.959
2026-05-15 12:08:57,254 INFO CSMF2.step_1_1_1.run :: epoch=8  train_nll=-3586.796  val_nll=-3589.243  t=133.1s
2026-05-15 12:08:57,254 INFO CSMF2.step_1_1_1.run :: [h_std] total=0.07901 batch=0.00000 (no penalty)
2026-05-15 12:08:57,255 INFO CSMF2.step_1_1_1.run :: [lat_epoch] mean_l2=0.01911 std_l2=0.02269 (no penalty)
2026-05-15 12:08:57,255 INFO CSMF2.step_1_1_1.run :: [grad] cond=21.0389 film_gain=0.0000
2026-05-15 12:09:14,647 INFO CSMF2.step_1_1_1.run :: [h] epoch=9 step=50 total=0.07654 batch=0.00000
2026-05-15 12:09:14,648 INFO CSMF2.step_1_1_1.run :: [lat] epoch=9 step=50 mean_l2=0.02593 std_l2=0.02668
2026-05-15 12:09:14,811 INFO CSMF2.step_1_1_1.run :: epoch=9 step=50/429 train_nll=-3578.003
2026-05-15 12:09:29,657 INFO CSMF2.step_1_1_1.run :: [h] epoch=9 step=100 total=0.07710 batch=0.00000
2026-05-15 12:09:29,657 INFO CSMF2.step_1_1_1.run :: [lat] epoch=9 step=100 mean_l2=0.01576 std_l2=0.02161
2026-05-15 12:09:29,825 INFO CSMF2.step_1_1_1.run :: epoch=9 step=100/429 train_nll=-3584.473
2026-05-15 12:09:44,506 INFO CSMF2.step_1_1_1.run :: [h] epoch=9 step=150 total=0.07776 batch=0.00000
2026-05-15 12:09:44,506 INFO CSMF2.step_1_1_1.run :: [lat] epoch=9 step=150 mean_l2=0.01505 std_l2=0.02315
2026-05-15 12:09:44,673 INFO CSMF2.step_1_1_1.run :: epoch=9 step=150/429 train_nll=-3589.510
2026-05-15 12:09:59,411 INFO CSMF2.step_1_1_1.run :: [h] epoch=9 step=200 total=0.07797 batch=0.00000
2026-05-15 12:09:59,412 INFO CSMF2.step_1_1_1.run :: [lat] epoch=9 step=200 mean_l2=0.02015 std_l2=0.02418
2026-05-15 12:09:59,585 INFO CSMF2.step_1_1_1.run :: epoch=9 step=200/429 train_nll=-3592.808
2026-05-15 12:10:14,268 INFO CSMF2.step_1_1_1.run :: [h] epoch=9 step=250 total=0.07727 batch=0.00000
2026-05-15 12:10:14,269 INFO CSMF2.step_1_1_1.run :: [lat] epoch=9 step=250 mean_l2=0.02499 std_l2=0.02341
2026-05-15 12:10:14,439 INFO CSMF2.step_1_1_1.run :: epoch=9 step=250/429 train_nll=-3590.151
2026-05-15 12:10:29,366 INFO CSMF2.step_1_1_1.run :: [h] epoch=9 step=300 total=0.07688 batch=0.00000
2026-05-15 12:10:29,366 INFO CSMF2.step_1_1_1.run :: [lat] epoch=9 step=300 mean_l2=0.01578 std_l2=0.01946
2026-05-15 12:10:29,537 INFO CSMF2.step_1_1_1.run :: epoch=9 step=300/429 train_nll=-3589.729
2026-05-15 12:10:44,660 INFO CSMF2.step_1_1_1.run :: [h] epoch=9 step=350 total=0.07732 batch=0.00000
2026-05-15 12:10:44,660 INFO CSMF2.step_1_1_1.run :: [lat] epoch=9 step=350 mean_l2=0.01366 std_l2=0.01974
2026-05-15 12:10:44,830 INFO CSMF2.step_1_1_1.run :: epoch=9 step=350/429 train_nll=-3592.038
2026-05-15 12:11:00,250 INFO CSMF2.step_1_1_1.run :: [h] epoch=9 step=400 total=0.07567 batch=0.00000
2026-05-15 12:11:00,250 INFO CSMF2.step_1_1_1.run :: [lat] epoch=9 step=400 mean_l2=0.01429 std_l2=0.02110
2026-05-15 12:11:00,419 INFO CSMF2.step_1_1_1.run :: epoch=9 step=400/429 train_nll=-3592.516
2026-05-15 12:11:14,223 INFO CSMF2.step_1_1_1.run :: epoch=9  train_nll=-3591.543  val_nll=-3578.261  t=133.9s
2026-05-15 12:11:14,223 INFO CSMF2.step_1_1_1.run :: [h_std] total=0.07724 batch=0.00000 (no penalty)
2026-05-15 12:11:14,223 INFO CSMF2.step_1_1_1.run :: [lat_epoch] mean_l2=0.02000 std_l2=0.02282 (no penalty)
2026-05-15 12:11:14,224 INFO CSMF2.step_1_1_1.run :: [grad] cond=9.9656 film_gain=0.0000
2026-05-15 12:11:32,616 INFO CSMF2.step_1_1_1.run :: [h] epoch=10 step=50 total=0.07587 batch=0.00000
2026-05-15 12:11:32,617 INFO CSMF2.step_1_1_1.run :: [lat] epoch=10 step=50 mean_l2=0.01413 std_l2=0.01877
2026-05-15 12:11:32,837 INFO CSMF2.step_1_1_1.run :: epoch=10 step=50/429 train_nll=-3595.930
2026-05-15 12:11:48,133 INFO CSMF2.step_1_1_1.run :: [h] epoch=10 step=100 total=0.07622 batch=0.00000
2026-05-15 12:11:48,134 INFO CSMF2.step_1_1_1.run :: [lat] epoch=10 step=100 mean_l2=0.02046 std_l2=0.02153
2026-05-15 12:11:48,306 INFO CSMF2.step_1_1_1.run :: epoch=10 step=100/429 train_nll=-3601.411
2026-05-15 12:12:03,296 INFO CSMF2.step_1_1_1.run :: [h] epoch=10 step=150 total=0.07550 batch=0.00000
2026-05-15 12:12:03,296 INFO CSMF2.step_1_1_1.run :: [lat] epoch=10 step=150 mean_l2=0.03036 std_l2=0.02152
2026-05-15 12:12:03,469 INFO CSMF2.step_1_1_1.run :: epoch=10 step=150/429 train_nll=-3593.636
2026-05-15 12:12:18,675 INFO CSMF2.step_1_1_1.run :: [h] epoch=10 step=200 total=0.07531 batch=0.00000
2026-05-15 12:12:18,675 INFO CSMF2.step_1_1_1.run :: [lat] epoch=10 step=200 mean_l2=0.04552 std_l2=0.02625
2026-05-15 12:12:18,845 INFO CSMF2.step_1_1_1.run :: epoch=10 step=200/429 train_nll=-3586.417
2026-05-15 12:12:33,692 INFO CSMF2.step_1_1_1.run :: [h] epoch=10 step=250 total=0.07340 batch=0.00000
2026-05-15 12:12:33,692 INFO CSMF2.step_1_1_1.run :: [lat] epoch=10 step=250 mean_l2=0.01387 std_l2=0.02319
2026-05-15 12:12:33,864 INFO CSMF2.step_1_1_1.run :: epoch=10 step=250/429 train_nll=-3582.673
2026-05-15 12:12:48,621 INFO CSMF2.step_1_1_1.run :: [h] epoch=10 step=300 total=0.07464 batch=0.00000
2026-05-15 12:12:48,621 INFO CSMF2.step_1_1_1.run :: [lat] epoch=10 step=300 mean_l2=0.01352 std_l2=0.02007
2026-05-15 12:12:48,792 INFO CSMF2.step_1_1_1.run :: epoch=10 step=300/429 train_nll=-3585.979
2026-05-15 12:13:03,714 INFO CSMF2.step_1_1_1.run :: [h] epoch=10 step=350 total=0.07457 batch=0.00000
2026-05-15 12:13:03,715 INFO CSMF2.step_1_1_1.run :: [lat] epoch=10 step=350 mean_l2=0.01575 std_l2=0.02502
2026-05-15 12:13:03,928 INFO CSMF2.step_1_1_1.run :: epoch=10 step=350/429 train_nll=-3588.911
2026-05-15 12:13:18,959 INFO CSMF2.step_1_1_1.run :: [h] epoch=10 step=400 total=0.07441 batch=0.00000
2026-05-15 12:13:18,960 INFO CSMF2.step_1_1_1.run :: [lat] epoch=10 step=400 mean_l2=0.01408 std_l2=0.02001
2026-05-15 12:13:19,123 INFO CSMF2.step_1_1_1.run :: epoch=10 step=400/429 train_nll=-3590.884
2026-05-15 12:13:32,600 INFO CSMF2.step_1_1_1.run :: epoch=10  train_nll=-3592.319  val_nll=-3611.357  t=135.4s
2026-05-15 12:13:32,600 INFO CSMF2.step_1_1_1.run :: [h_std] total=0.07492 batch=0.00000 (no penalty)
2026-05-15 12:13:32,600 INFO CSMF2.step_1_1_1.run :: [lat_epoch] mean_l2=0.02060 std_l2=0.02306 (no penalty)
2026-05-15 12:13:32,600 INFO CSMF2.step_1_1_1.run :: [grad] cond=43.5551 film_gain=0.0000
2026-05-15 12:13:50,649 INFO CSMF2.step_1_1_1.run :: [h] epoch=11 step=50 total=0.07399 batch=0.00000
2026-05-15 12:13:50,650 INFO CSMF2.step_1_1_1.run :: [lat] epoch=11 step=50 mean_l2=0.02702 std_l2=0.02995
2026-05-15 12:13:50,819 INFO CSMF2.step_1_1_1.run :: epoch=11 step=50/429 train_nll=-3596.094
2026-05-15 12:14:05,900 INFO CSMF2.step_1_1_1.run :: [h] epoch=11 step=100 total=0.07368 batch=0.00000
2026-05-15 12:14:05,900 INFO CSMF2.step_1_1_1.run :: [lat] epoch=11 step=100 mean_l2=0.01449 std_l2=0.02263
2026-05-15 12:14:06,069 INFO CSMF2.step_1_1_1.run :: epoch=11 step=100/429 train_nll=-3587.756
2026-05-15 12:14:21,025 INFO CSMF2.step_1_1_1.run :: [h] epoch=11 step=150 total=0.07455 batch=0.00000
2026-05-15 12:14:21,025 INFO CSMF2.step_1_1_1.run :: [lat] epoch=11 step=150 mean_l2=0.01468 std_l2=0.01981
2026-05-15 12:14:21,188 INFO CSMF2.step_1_1_1.run :: epoch=11 step=150/429 train_nll=-3594.046
2026-05-15 12:14:36,131 INFO CSMF2.step_1_1_1.run :: [h] epoch=11 step=200 total=0.07430 batch=0.00000
2026-05-15 12:14:36,132 INFO CSMF2.step_1_1_1.run :: [lat] epoch=11 step=200 mean_l2=0.01748 std_l2=0.02178
2026-05-15 12:14:36,300 INFO CSMF2.step_1_1_1.run :: epoch=11 step=200/429 train_nll=-3597.845
2026-05-15 12:14:50,981 INFO CSMF2.step_1_1_1.run :: [h] epoch=11 step=250 total=0.07308 batch=0.00000
2026-05-15 12:14:50,981 INFO CSMF2.step_1_1_1.run :: [lat] epoch=11 step=250 mean_l2=0.01948 std_l2=0.02215
2026-05-15 12:14:51,151 INFO CSMF2.step_1_1_1.run :: epoch=11 step=250/429 train_nll=-3597.383
2026-05-15 12:15:06,304 INFO CSMF2.step_1_1_1.run :: [h] epoch=11 step=300 total=0.07348 batch=0.00000
2026-05-15 12:15:06,304 INFO CSMF2.step_1_1_1.run :: [lat] epoch=11 step=300 mean_l2=0.01725 std_l2=0.02327
2026-05-15 12:15:06,520 INFO CSMF2.step_1_1_1.run :: epoch=11 step=300/429 train_nll=-3595.309
2026-05-15 12:15:21,638 INFO CSMF2.step_1_1_1.run :: [h] epoch=11 step=350 total=0.07342 batch=0.00000
2026-05-15 12:15:21,639 INFO CSMF2.step_1_1_1.run :: [lat] epoch=11 step=350 mean_l2=0.01452 std_l2=0.01940
2026-05-15 12:15:21,808 INFO CSMF2.step_1_1_1.run :: epoch=11 step=350/429 train_nll=-3597.091
2026-05-15 12:15:36,891 INFO CSMF2.step_1_1_1.run :: [h] epoch=11 step=400 total=0.07344 batch=0.00000
2026-05-15 12:15:36,892 INFO CSMF2.step_1_1_1.run :: [lat] epoch=11 step=400 mean_l2=0.01256 std_l2=0.02165
2026-05-15 12:15:37,063 INFO CSMF2.step_1_1_1.run :: epoch=11 step=400/429 train_nll=-3599.821
2026-05-15 12:15:50,925 INFO CSMF2.step_1_1_1.run :: epoch=11  train_nll=-3599.357  val_nll=-3581.782  t=135.2s
2026-05-15 12:15:50,925 INFO CSMF2.step_1_1_1.run :: [h_std] total=0.07395 batch=0.00000 (no penalty)
2026-05-15 12:15:50,925 INFO CSMF2.step_1_1_1.run :: [lat_epoch] mean_l2=0.02012 std_l2=0.02276 (no penalty)
2026-05-15 12:15:50,925 INFO CSMF2.step_1_1_1.run :: [grad] cond=40.7059 film_gain=0.0000
2026-05-15 12:16:09,237 INFO CSMF2.step_1_1_1.run :: [h] epoch=12 step=50 total=0.07163 batch=0.00000
2026-05-15 12:16:09,238 INFO CSMF2.step_1_1_1.run :: [lat] epoch=12 step=50 mean_l2=0.03005 std_l2=0.02979
2026-05-15 12:16:09,411 INFO CSMF2.step_1_1_1.run :: epoch=12 step=50/429 train_nll=-3576.019
2026-05-15 12:16:24,929 INFO CSMF2.step_1_1_1.run :: [h] epoch=12 step=100 total=0.07132 batch=0.00000
2026-05-15 12:16:24,929 INFO CSMF2.step_1_1_1.run :: [lat] epoch=12 step=100 mean_l2=0.01778 std_l2=0.02348
2026-05-15 12:16:25,103 INFO CSMF2.step_1_1_1.run :: epoch=12 step=100/429 train_nll=-3580.779
2026-05-15 12:16:40,489 INFO CSMF2.step_1_1_1.run :: [h] epoch=12 step=150 total=0.07223 batch=0.00000
2026-05-15 12:16:40,489 INFO CSMF2.step_1_1_1.run :: [lat] epoch=12 step=150 mean_l2=0.01589 std_l2=0.02173
2026-05-15 12:16:40,711 INFO CSMF2.step_1_1_1.run :: epoch=12 step=150/429 train_nll=-3589.510
2026-05-15 12:16:55,799 INFO CSMF2.step_1_1_1.run :: [h] epoch=12 step=200 total=0.07174 batch=0.00000
2026-05-15 12:16:55,800 INFO CSMF2.step_1_1_1.run :: [lat] epoch=12 step=200 mean_l2=0.01390 std_l2=0.02159
2026-05-15 12:16:55,973 INFO CSMF2.step_1_1_1.run :: epoch=12 step=200/429 train_nll=-3595.110
2026-05-15 12:17:11,261 INFO CSMF2.step_1_1_1.run :: [h] epoch=12 step=250 total=0.07218 batch=0.00000
2026-05-15 12:17:11,262 INFO CSMF2.step_1_1_1.run :: [lat] epoch=12 step=250 mean_l2=0.01305 std_l2=0.01971
2026-05-15 12:17:11,440 INFO CSMF2.step_1_1_1.run :: epoch=12 step=250/429 train_nll=-3599.788
2026-05-15 12:17:26,667 INFO CSMF2.step_1_1_1.run :: [h] epoch=12 step=300 total=0.07227 batch=0.00000
2026-05-15 12:17:26,668 INFO CSMF2.step_1_1_1.run :: [lat] epoch=12 step=300 mean_l2=0.01283 std_l2=0.02149
2026-05-15 12:17:26,891 INFO CSMF2.step_1_1_1.run :: epoch=12 step=300/429 train_nll=-3601.562
2026-05-15 12:17:42,203 INFO CSMF2.step_1_1_1.run :: [h] epoch=12 step=350 total=0.07167 batch=0.00000
2026-05-15 12:17:42,203 INFO CSMF2.step_1_1_1.run :: [lat] epoch=12 step=350 mean_l2=0.01302 std_l2=0.02145
2026-05-15 12:17:42,379 INFO CSMF2.step_1_1_1.run :: epoch=12 step=350/429 train_nll=-3602.341
2026-05-15 12:17:57,605 INFO CSMF2.step_1_1_1.run :: [h] epoch=12 step=400 total=0.07210 batch=0.00000
2026-05-15 12:17:57,605 INFO CSMF2.step_1_1_1.run :: [lat] epoch=12 step=400 mean_l2=0.01486 std_l2=0.01921
2026-05-15 12:17:57,780 INFO CSMF2.step_1_1_1.run :: epoch=12 step=400/429 train_nll=-3604.984
2026-05-15 12:18:11,701 INFO CSMF2.step_1_1_1.run :: epoch=12  train_nll=-3606.064  val_nll=-3617.083  t=137.7s
2026-05-15 12:18:11,701 INFO CSMF2.step_1_1_1.run :: [h_std] total=0.07202 batch=0.00000 (no penalty)
2026-05-15 12:18:11,701 INFO CSMF2.step_1_1_1.run :: [lat_epoch] mean_l2=0.01861 std_l2=0.02213 (no penalty)
2026-05-15 12:18:11,701 INFO CSMF2.step_1_1_1.run :: [grad] cond=18.0339 film_gain=0.0000
2026-05-15 12:18:30,190 INFO CSMF2.step_1_1_1.run :: [h] epoch=13 step=50 total=0.07206 batch=0.00000
2026-05-15 12:18:30,190 INFO CSMF2.step_1_1_1.run :: [lat] epoch=13 step=50 mean_l2=0.01357 std_l2=0.02182
2026-05-15 12:18:30,363 INFO CSMF2.step_1_1_1.run :: epoch=13 step=50/429 train_nll=-3620.940
2026-05-15 12:18:45,587 INFO CSMF2.step_1_1_1.run :: [h] epoch=13 step=100 total=0.07198 batch=0.00000
2026-05-15 12:18:45,587 INFO CSMF2.step_1_1_1.run :: [lat] epoch=13 step=100 mean_l2=0.01439 std_l2=0.01967
2026-05-15 12:18:45,765 INFO CSMF2.step_1_1_1.run :: epoch=13 step=100/429 train_nll=-3620.895
2026-05-15 12:19:00,957 INFO CSMF2.step_1_1_1.run :: [h] epoch=13 step=150 total=0.07246 batch=0.00000
2026-05-15 12:19:00,957 INFO CSMF2.step_1_1_1.run :: [lat] epoch=13 step=150 mean_l2=0.01541 std_l2=0.02352
2026-05-15 12:19:01,179 INFO CSMF2.step_1_1_1.run :: epoch=13 step=150/429 train_nll=-3620.528
2026-05-15 12:19:16,383 INFO CSMF2.step_1_1_1.run :: [h] epoch=13 step=200 total=0.07113 batch=0.00000
2026-05-15 12:19:16,384 INFO CSMF2.step_1_1_1.run :: [lat] epoch=13 step=200 mean_l2=0.01486 std_l2=0.02099
2026-05-15 12:19:16,604 INFO CSMF2.step_1_1_1.run :: epoch=13 step=200/429 train_nll=-3614.656
2026-05-15 12:19:31,764 INFO CSMF2.step_1_1_1.run :: [h] epoch=13 step=250 total=0.07134 batch=0.00000
2026-05-15 12:19:31,764 INFO CSMF2.step_1_1_1.run :: [lat] epoch=13 step=250 mean_l2=0.01333 std_l2=0.02110
2026-05-15 12:19:31,944 INFO CSMF2.step_1_1_1.run :: epoch=13 step=250/429 train_nll=-3615.894
2026-05-15 12:19:47,455 INFO CSMF2.step_1_1_1.run :: [h] epoch=13 step=300 total=0.07163 batch=0.00000
2026-05-15 12:19:47,456 INFO CSMF2.step_1_1_1.run :: [lat] epoch=13 step=300 mean_l2=0.01313 std_l2=0.01851
2026-05-15 12:19:47,682 INFO CSMF2.step_1_1_1.run :: epoch=13 step=300/429 train_nll=-3617.097
2026-05-15 12:20:03,379 INFO CSMF2.step_1_1_1.run :: [h] epoch=13 step=350 total=0.07089 batch=0.00000
2026-05-15 12:20:03,380 INFO CSMF2.step_1_1_1.run :: [lat] epoch=13 step=350 mean_l2=0.03257 std_l2=0.02791
2026-05-15 12:20:03,603 INFO CSMF2.step_1_1_1.run :: epoch=13 step=350/429 train_nll=-3613.563
2026-05-15 12:20:18,870 INFO CSMF2.step_1_1_1.run :: [h] epoch=13 step=400 total=0.06944 batch=0.00000
2026-05-15 12:20:18,871 INFO CSMF2.step_1_1_1.run :: [lat] epoch=13 step=400 mean_l2=0.02977 std_l2=0.02281
2026-05-15 12:20:19,047 INFO CSMF2.step_1_1_1.run :: epoch=13 step=400/429 train_nll=-3607.028
2026-05-15 12:20:32,936 INFO CSMF2.step_1_1_1.run :: epoch=13  train_nll=-3604.848  val_nll=-3596.968  t=138.2s
2026-05-15 12:20:32,936 INFO CSMF2.step_1_1_1.run :: [h_std] total=0.07144 batch=0.00000 (no penalty)
2026-05-15 12:20:32,936 INFO CSMF2.step_1_1_1.run :: [lat_epoch] mean_l2=0.02172 std_l2=0.02317 (no penalty)
2026-05-15 12:20:32,936 INFO CSMF2.step_1_1_1.run :: [grad] cond=25.3721 film_gain=0.0000
2026-05-15 12:20:51,088 INFO CSMF2.step_1_1_1.run :: [h] epoch=14 step=50 total=0.06944 batch=0.00000
2026-05-15 12:20:51,088 INFO CSMF2.step_1_1_1.run :: [lat] epoch=14 step=50 mean_l2=0.01261 std_l2=0.02153
2026-05-15 12:20:51,265 INFO CSMF2.step_1_1_1.run :: epoch=14 step=50/429 train_nll=-3613.483
2026-05-15 12:21:06,567 INFO CSMF2.step_1_1_1.run :: [h] epoch=14 step=100 total=0.06955 batch=0.00000
2026-05-15 12:21:06,568 INFO CSMF2.step_1_1_1.run :: [lat] epoch=14 step=100 mean_l2=0.01382 std_l2=0.01846
2026-05-15 12:21:06,739 INFO CSMF2.step_1_1_1.run :: epoch=14 step=100/429 train_nll=-3617.810
2026-05-15 12:21:21,781 INFO CSMF2.step_1_1_1.run :: [h] epoch=14 step=150 total=0.06972 batch=0.00000
2026-05-15 12:21:21,782 INFO CSMF2.step_1_1_1.run :: [lat] epoch=14 step=150 mean_l2=0.01357 std_l2=0.02272
2026-05-15 12:21:21,953 INFO CSMF2.step_1_1_1.run :: epoch=14 step=150/429 train_nll=-3618.838
2026-05-15 12:21:37,220 INFO CSMF2.step_1_1_1.run :: [h] epoch=14 step=200 total=0.06968 batch=0.00000
2026-05-15 12:21:37,221 INFO CSMF2.step_1_1_1.run :: [lat] epoch=14 step=200 mean_l2=0.01838 std_l2=0.02642
2026-05-15 12:21:37,393 INFO CSMF2.step_1_1_1.run :: epoch=14 step=200/429 train_nll=-3619.512
2026-05-15 12:21:52,293 INFO CSMF2.step_1_1_1.run :: [h] epoch=14 step=250 total=0.06915 batch=0.00000
2026-05-15 12:21:52,293 INFO CSMF2.step_1_1_1.run :: [lat] epoch=14 step=250 mean_l2=0.01634 std_l2=0.02200
2026-05-15 12:21:52,465 INFO CSMF2.step_1_1_1.run :: epoch=14 step=250/429 train_nll=-3618.252
2026-05-15 12:22:07,763 INFO CSMF2.step_1_1_1.run :: [h] epoch=14 step=300 total=0.06930 batch=0.00000
2026-05-15 12:22:07,764 INFO CSMF2.step_1_1_1.run :: [lat] epoch=14 step=300 mean_l2=0.01476 std_l2=0.01723
2026-05-15 12:22:07,936 INFO CSMF2.step_1_1_1.run :: epoch=14 step=300/429 train_nll=-3619.160
2026-05-15 12:22:23,137 INFO CSMF2.step_1_1_1.run :: [h] epoch=14 step=350 total=0.06965 batch=0.00000
2026-05-15 12:22:23,137 INFO CSMF2.step_1_1_1.run :: [lat] epoch=14 step=350 mean_l2=0.01513 std_l2=0.02158
2026-05-15 12:22:23,313 INFO CSMF2.step_1_1_1.run :: epoch=14 step=350/429 train_nll=-3619.918
2026-05-15 12:22:38,432 INFO CSMF2.step_1_1_1.run :: [h] epoch=14 step=400 total=0.06899 batch=0.00000
2026-05-15 12:22:38,432 INFO CSMF2.step_1_1_1.run :: [lat] epoch=14 step=400 mean_l2=0.01966 std_l2=0.02290
2026-05-15 12:22:38,607 INFO CSMF2.step_1_1_1.run :: epoch=14 step=400/429 train_nll=-3617.505
2026-05-15 12:22:52,019 INFO CSMF2.step_1_1_1.run :: epoch=14  train_nll=-3616.631  val_nll=-3610.262  t=136.0s
2026-05-15 12:22:52,019 INFO CSMF2.step_1_1_1.run :: [h_std] total=0.06944 batch=0.00000 (no penalty)
2026-05-15 12:22:52,019 INFO CSMF2.step_1_1_1.run :: [lat_epoch] mean_l2=0.01703 std_l2=0.02139 (no penalty)
2026-05-15 12:22:52,019 INFO CSMF2.step_1_1_1.run :: [grad] cond=29.1039 film_gain=0.0000
2026-05-15 12:23:10,177 INFO CSMF2.step_1_1_1.run :: [h] epoch=15 step=50 total=0.06942 batch=0.00000
2026-05-15 12:23:10,177 INFO CSMF2.step_1_1_1.run :: [lat] epoch=15 step=50 mean_l2=0.01536 std_l2=0.01742
2026-05-15 12:23:10,353 INFO CSMF2.step_1_1_1.run :: epoch=15 step=50/429 train_nll=-3621.219
2026-05-15 12:23:25,706 INFO CSMF2.step_1_1_1.run :: [h] epoch=15 step=100 total=0.06952 batch=0.00000
2026-05-15 12:23:25,706 INFO CSMF2.step_1_1_1.run :: [lat] epoch=15 step=100 mean_l2=0.01303 std_l2=0.02109
2026-05-15 12:23:25,884 INFO CSMF2.step_1_1_1.run :: epoch=15 step=100/429 train_nll=-3623.479
2026-05-15 12:23:41,866 INFO CSMF2.step_1_1_1.run :: [h] epoch=15 step=150 total=0.06981 batch=0.00000
2026-05-15 12:23:41,867 INFO CSMF2.step_1_1_1.run :: [lat] epoch=15 step=150 mean_l2=0.02002 std_l2=0.01948
2026-05-15 12:23:42,043 INFO CSMF2.step_1_1_1.run :: epoch=15 step=150/429 train_nll=-3620.815
2026-05-15 12:23:57,352 INFO CSMF2.step_1_1_1.run :: [h] epoch=15 step=200 total=0.06964 batch=0.00000
2026-05-15 12:23:57,353 INFO CSMF2.step_1_1_1.run :: [lat] epoch=15 step=200 mean_l2=0.02162 std_l2=0.02110
2026-05-15 12:23:57,532 INFO CSMF2.step_1_1_1.run :: epoch=15 step=200/429 train_nll=-3620.993
2026-05-15 12:24:12,848 INFO CSMF2.step_1_1_1.run :: [h] epoch=15 step=250 total=0.06945 batch=0.00000
2026-05-15 12:24:12,848 INFO CSMF2.step_1_1_1.run :: [lat] epoch=15 step=250 mean_l2=0.01323 std_l2=0.01850
2026-05-15 12:24:13,030 INFO CSMF2.step_1_1_1.run :: epoch=15 step=250/429 train_nll=-3621.450
2026-05-15 12:24:28,642 INFO CSMF2.step_1_1_1.run :: [h] epoch=15 step=300 total=0.06964 batch=0.00000
2026-05-15 12:24:28,642 INFO CSMF2.step_1_1_1.run :: [lat] epoch=15 step=300 mean_l2=0.01443 std_l2=0.01972
2026-05-15 12:24:28,826 INFO CSMF2.step_1_1_1.run :: epoch=15 step=300/429 train_nll=-3622.482
2026-05-15 12:24:44,706 INFO CSMF2.step_1_1_1.run :: [h] epoch=15 step=350 total=0.06931 batch=0.00000
2026-05-15 12:24:44,706 INFO CSMF2.step_1_1_1.run :: [lat] epoch=15 step=350 mean_l2=0.02992 std_l2=0.02431
2026-05-15 12:24:44,888 INFO CSMF2.step_1_1_1.run :: epoch=15 step=350/429 train_nll=-3622.183
2026-05-15 12:25:00,305 INFO CSMF2.step_1_1_1.run :: [h] epoch=15 step=400 total=0.06869 batch=0.00000
2026-05-15 12:25:00,306 INFO CSMF2.step_1_1_1.run :: [lat] epoch=15 step=400 mean_l2=0.03802 std_l2=0.02495
2026-05-15 12:25:00,489 INFO CSMF2.step_1_1_1.run :: epoch=15 step=400/429 train_nll=-3617.322
2026-05-15 12:25:14,567 INFO CSMF2.step_1_1_1.run :: epoch=15  train_nll=-3614.725  val_nll=-3581.339  t=139.4s
2026-05-15 12:25:14,567 INFO CSMF2.step_1_1_1.run :: [h_std] total=0.06939 batch=0.00000 (no penalty)
2026-05-15 12:25:14,567 INFO CSMF2.step_1_1_1.run :: [lat_epoch] mean_l2=0.01933 std_l2=0.02219 (no penalty)
2026-05-15 12:25:14,567 INFO CSMF2.step_1_1_1.run :: [grad] cond=2.7396 film_gain=0.0000
2026-05-15 12:25:33,488 INFO CSMF2.step_1_1_1.run :: [h] epoch=16 step=50 total=0.06819 batch=0.00000
2026-05-15 12:25:33,488 INFO CSMF2.step_1_1_1.run :: [lat] epoch=16 step=50 mean_l2=0.01453 std_l2=0.02058
2026-05-15 12:25:33,666 INFO CSMF2.step_1_1_1.run :: epoch=16 step=50/429 train_nll=-3589.242
2026-05-15 12:25:49,015 INFO CSMF2.step_1_1_1.run :: [h] epoch=16 step=100 total=0.06839 batch=0.00000
2026-05-15 12:25:49,015 INFO CSMF2.step_1_1_1.run :: [lat] epoch=16 step=100 mean_l2=0.01163 std_l2=0.02198
2026-05-15 12:25:49,199 INFO CSMF2.step_1_1_1.run :: epoch=16 step=100/429 train_nll=-3604.739
2026-05-15 12:26:04,574 INFO CSMF2.step_1_1_1.run :: [h] epoch=16 step=150 total=0.06858 batch=0.00000
2026-05-15 12:26:04,575 INFO CSMF2.step_1_1_1.run :: [lat] epoch=16 step=150 mean_l2=0.01298 std_l2=0.01998
2026-05-15 12:26:04,759 INFO CSMF2.step_1_1_1.run :: epoch=16 step=150/429 train_nll=-3611.464
2026-05-15 12:26:20,212 INFO CSMF2.step_1_1_1.run :: [h] epoch=16 step=200 total=0.06871 batch=0.00000
2026-05-15 12:26:20,213 INFO CSMF2.step_1_1_1.run :: [lat] epoch=16 step=200 mean_l2=0.01392 std_l2=0.02138
2026-05-15 12:26:20,443 INFO CSMF2.step_1_1_1.run :: epoch=16 step=200/429 train_nll=-3616.379
2026-05-15 12:26:35,864 INFO CSMF2.step_1_1_1.run :: [h] epoch=16 step=250 total=0.06867 batch=0.00000
2026-05-15 12:26:35,864 INFO CSMF2.step_1_1_1.run :: [lat] epoch=16 step=250 mean_l2=0.01415 std_l2=0.01806
2026-05-15 12:26:36,044 INFO CSMF2.step_1_1_1.run :: epoch=16 step=250/429 train_nll=-3619.641
2026-05-15 12:26:51,585 INFO CSMF2.step_1_1_1.run :: [h] epoch=16 step=300 total=0.06889 batch=0.00000
2026-05-15 12:26:51,585 INFO CSMF2.step_1_1_1.run :: [lat] epoch=16 step=300 mean_l2=0.01370 std_l2=0.01980
2026-05-15 12:26:51,764 INFO CSMF2.step_1_1_1.run :: epoch=16 step=300/429 train_nll=-3621.924
2026-05-15 12:27:07,575 INFO CSMF2.step_1_1_1.run :: [h] epoch=16 step=350 total=0.06887 batch=0.00000
2026-05-15 12:27:07,576 INFO CSMF2.step_1_1_1.run :: [lat] epoch=16 step=350 mean_l2=0.02946 std_l2=0.02922
2026-05-15 12:27:07,754 INFO CSMF2.step_1_1_1.run :: epoch=16 step=350/429 train_nll=-3620.857
2026-05-15 12:27:23,206 INFO CSMF2.step_1_1_1.run :: [h] epoch=16 step=400 total=0.06646 batch=0.00000
2026-05-15 12:27:23,207 INFO CSMF2.step_1_1_1.run :: [lat] epoch=16 step=400 mean_l2=0.02148 std_l2=0.02635
2026-05-15 12:27:23,386 INFO CSMF2.step_1_1_1.run :: epoch=16 step=400/429 train_nll=-3615.866
2026-05-15 12:27:37,022 INFO CSMF2.step_1_1_1.run :: epoch=16  train_nll=-3614.441  val_nll=-3596.158  t=139.3s
2026-05-15 12:27:37,022 INFO CSMF2.step_1_1_1.run :: [h_std] total=0.06836 batch=0.00000 (no penalty)
2026-05-15 12:27:37,022 INFO CSMF2.step_1_1_1.run :: [lat_epoch] mean_l2=0.01909 std_l2=0.02229 (no penalty)
2026-05-15 12:27:37,023 INFO CSMF2.step_1_1_1.run :: [grad] cond=60.4662 film_gain=0.0000
2026-05-15 12:27:55,409 INFO CSMF2.step_1_1_1.run :: [h] epoch=17 step=50 total=0.06741 batch=0.00000
2026-05-15 12:27:55,410 INFO CSMF2.step_1_1_1.run :: [lat] epoch=17 step=50 mean_l2=0.01163 std_l2=0.02006
2026-05-15 12:27:55,587 INFO CSMF2.step_1_1_1.run :: epoch=17 step=50/429 train_nll=-3615.069
2026-05-15 12:28:10,992 INFO CSMF2.step_1_1_1.run :: [h] epoch=17 step=100 total=0.06768 batch=0.00000
2026-05-15 12:28:10,992 INFO CSMF2.step_1_1_1.run :: [lat] epoch=17 step=100 mean_l2=0.01249 std_l2=0.02057
2026-05-15 12:28:11,216 INFO CSMF2.step_1_1_1.run :: epoch=17 step=100/429 train_nll=-3621.635
2026-05-15 12:28:26,975 INFO CSMF2.step_1_1_1.run :: [h] epoch=17 step=150 total=0.06794 batch=0.00000
2026-05-15 12:28:26,975 INFO CSMF2.step_1_1_1.run :: [lat] epoch=17 step=150 mean_l2=0.01240 std_l2=0.02295
2026-05-15 12:28:27,155 INFO CSMF2.step_1_1_1.run :: epoch=17 step=150/429 train_nll=-3623.852
2026-05-15 12:28:42,353 INFO CSMF2.step_1_1_1.run :: [h] epoch=17 step=200 total=0.06785 batch=0.00000
2026-05-15 12:28:42,354 INFO CSMF2.step_1_1_1.run :: [lat] epoch=17 step=200 mean_l2=0.01369 std_l2=0.01935
2026-05-15 12:28:42,535 INFO CSMF2.step_1_1_1.run :: epoch=17 step=200/429 train_nll=-3625.708
2026-05-15 12:28:57,585 INFO CSMF2.step_1_1_1.run :: [h] epoch=17 step=250 total=0.06795 batch=0.00000
2026-05-15 12:28:57,586 INFO CSMF2.step_1_1_1.run :: [lat] epoch=17 step=250 mean_l2=0.01146 std_l2=0.02007
2026-05-15 12:28:57,767 INFO CSMF2.step_1_1_1.run :: epoch=17 step=250/429 train_nll=-3627.751
2026-05-15 12:29:13,460 INFO CSMF2.step_1_1_1.run :: [h] epoch=17 step=300 total=0.06772 batch=0.00000
2026-05-15 12:29:13,461 INFO CSMF2.step_1_1_1.run :: [lat] epoch=17 step=300 mean_l2=0.02669 std_l2=0.02179
2026-05-15 12:29:13,688 INFO CSMF2.step_1_1_1.run :: epoch=17 step=300/429 train_nll=-3626.982
2026-05-15 12:29:29,280 INFO CSMF2.step_1_1_1.run :: [h] epoch=17 step=350 total=0.06732 batch=0.00000
2026-05-15 12:29:29,281 INFO CSMF2.step_1_1_1.run :: [lat] epoch=17 step=350 mean_l2=0.01489 std_l2=0.02255
2026-05-15 12:29:29,508 INFO CSMF2.step_1_1_1.run :: epoch=17 step=350/429 train_nll=-3626.690
2026-05-15 12:29:44,900 INFO CSMF2.step_1_1_1.run :: [h] epoch=17 step=400 total=0.06727 batch=0.00000
2026-05-15 12:29:44,901 INFO CSMF2.step_1_1_1.run :: [lat] epoch=17 step=400 mean_l2=0.01224 std_l2=0.02070
2026-05-15 12:29:45,082 INFO CSMF2.step_1_1_1.run :: epoch=17 step=400/429 train_nll=-3628.104
2026-05-15 12:29:58,823 INFO CSMF2.step_1_1_1.run :: epoch=17  train_nll=-3628.763  val_nll=-3632.841  t=138.6s
2026-05-15 12:29:58,823 INFO CSMF2.step_1_1_1.run :: [h_std] total=0.06762 batch=0.00000 (no penalty)
2026-05-15 12:29:58,823 INFO CSMF2.step_1_1_1.run :: [lat_epoch] mean_l2=0.01470 std_l2=0.02053 (no penalty)
2026-05-15 12:29:58,823 INFO CSMF2.step_1_1_1.run :: [grad] cond=16.1500 film_gain=0.0000
2026-05-15 12:30:17,328 INFO CSMF2.step_1_1_1.run :: [h] epoch=18 step=50 total=0.06754 batch=0.00000
2026-05-15 12:30:17,329 INFO CSMF2.step_1_1_1.run :: [lat] epoch=18 step=50 mean_l2=0.01451 std_l2=0.01974
2026-05-15 12:30:17,555 INFO CSMF2.step_1_1_1.run :: epoch=18 step=50/429 train_nll=-3636.508
2026-05-15 12:30:33,293 INFO CSMF2.step_1_1_1.run :: [h] epoch=18 step=100 total=0.06739 batch=0.00000
2026-05-15 12:30:33,293 INFO CSMF2.step_1_1_1.run :: [lat] epoch=18 step=100 mean_l2=0.01326 std_l2=0.01801
2026-05-15 12:30:33,477 INFO CSMF2.step_1_1_1.run :: epoch=18 step=100/429 train_nll=-3635.893
2026-05-15 12:30:49,417 INFO CSMF2.step_1_1_1.run :: [h] epoch=18 step=150 total=0.06776 batch=0.00000
2026-05-15 12:30:49,417 INFO CSMF2.step_1_1_1.run :: [lat] epoch=18 step=150 mean_l2=0.01541 std_l2=0.01975
2026-05-15 12:30:49,601 INFO CSMF2.step_1_1_1.run :: epoch=18 step=150/429 train_nll=-3635.153
2026-05-15 12:31:05,178 INFO CSMF2.step_1_1_1.run :: [h] epoch=18 step=200 total=0.06745 batch=0.00000
2026-05-15 12:31:05,178 INFO CSMF2.step_1_1_1.run :: [lat] epoch=18 step=200 mean_l2=0.01424 std_l2=0.02203
2026-05-15 12:31:05,365 INFO CSMF2.step_1_1_1.run :: epoch=18 step=200/429 train_nll=-3635.306
2026-05-15 12:31:21,551 INFO CSMF2.step_1_1_1.run :: [h] epoch=18 step=250 total=0.06751 batch=0.00000
2026-05-15 12:31:21,551 INFO CSMF2.step_1_1_1.run :: [lat] epoch=18 step=250 mean_l2=0.01420 std_l2=0.01993
2026-05-15 12:31:21,736 INFO CSMF2.step_1_1_1.run :: epoch=18 step=250/429 train_nll=-3635.813
2026-05-15 12:31:37,568 INFO CSMF2.step_1_1_1.run :: [h] epoch=18 step=300 total=0.06747 batch=0.00000
2026-05-15 12:31:37,569 INFO CSMF2.step_1_1_1.run :: [lat] epoch=18 step=300 mean_l2=0.01431 std_l2=0.01852
2026-05-15 12:31:37,755 INFO CSMF2.step_1_1_1.run :: epoch=18 step=300/429 train_nll=-3635.978
2026-05-15 12:31:53,178 INFO CSMF2.step_1_1_1.run :: [h] epoch=18 step=350 total=0.06719 batch=0.00000
2026-05-15 12:31:53,178 INFO CSMF2.step_1_1_1.run :: [lat] epoch=18 step=350 mean_l2=0.01751 std_l2=0.02565
2026-05-15 12:31:53,363 INFO CSMF2.step_1_1_1.run :: epoch=18 step=350/429 train_nll=-3633.726
2026-05-15 12:32:09,385 INFO CSMF2.step_1_1_1.run :: [h] epoch=18 step=400 total=0.06614 batch=0.00000
2026-05-15 12:32:09,386 INFO CSMF2.step_1_1_1.run :: [lat] epoch=18 step=400 mean_l2=0.02936 std_l2=0.02122
2026-05-15 12:32:09,617 INFO CSMF2.step_1_1_1.run :: epoch=18 step=400/429 train_nll=-3631.219
2026-05-15 12:32:23,596 INFO CSMF2.step_1_1_1.run :: epoch=18  train_nll=-3629.201  val_nll=-3566.809  t=141.7s
2026-05-15 12:32:23,596 INFO CSMF2.step_1_1_1.run :: [h_std] total=0.06732 batch=0.00000 (no penalty)
2026-05-15 12:32:23,596 INFO CSMF2.step_1_1_1.run :: [lat_epoch] mean_l2=0.01725 std_l2=0.02109 (no penalty)
2026-05-15 12:32:23,596 INFO CSMF2.step_1_1_1.run :: [grad] cond=8.6250 film_gain=0.0000
2026-05-15 12:32:42,494 INFO CSMF2.step_1_1_1.run :: [h] epoch=19 step=50 total=0.06670 batch=0.00000
2026-05-15 12:32:42,495 INFO CSMF2.step_1_1_1.run :: [lat] epoch=19 step=50 mean_l2=0.03624 std_l2=0.02474
2026-05-15 12:32:42,729 INFO CSMF2.step_1_1_1.run :: epoch=19 step=50/429 train_nll=-3582.535
2026-05-15 12:32:58,460 INFO CSMF2.step_1_1_1.run :: [h] epoch=19 step=100 total=0.06608 batch=0.00000
2026-05-15 12:32:58,461 INFO CSMF2.step_1_1_1.run :: [lat] epoch=19 step=100 mean_l2=0.01374 std_l2=0.02238
2026-05-15 12:32:58,695 INFO CSMF2.step_1_1_1.run :: epoch=19 step=100/429 train_nll=-3587.865
2026-05-15 12:33:14,528 INFO CSMF2.step_1_1_1.run :: [h] epoch=19 step=150 total=0.06634 batch=0.00000
2026-05-15 12:33:14,529 INFO CSMF2.step_1_1_1.run :: [lat] epoch=19 step=150 mean_l2=0.01117 std_l2=0.02014
2026-05-15 12:33:14,712 INFO CSMF2.step_1_1_1.run :: epoch=19 step=150/429 train_nll=-3600.203
2026-05-15 12:33:30,686 INFO CSMF2.step_1_1_1.run :: [h] epoch=19 step=200 total=0.06634 batch=0.00000
2026-05-15 12:33:30,686 INFO CSMF2.step_1_1_1.run :: [lat] epoch=19 step=200 mean_l2=0.01021 std_l2=0.01981
2026-05-15 12:33:30,867 INFO CSMF2.step_1_1_1.run :: epoch=19 step=200/429 train_nll=-3609.162
2026-05-15 12:33:46,592 INFO CSMF2.step_1_1_1.run :: [h] epoch=19 step=250 total=0.06640 batch=0.00000
2026-05-15 12:33:46,593 INFO CSMF2.step_1_1_1.run :: [lat] epoch=19 step=250 mean_l2=0.01168 std_l2=0.02135
2026-05-15 12:33:46,826 INFO CSMF2.step_1_1_1.run :: epoch=19 step=250/429 train_nll=-3615.046
2026-05-15 12:34:02,526 INFO CSMF2.step_1_1_1.run :: [h] epoch=19 step=300 total=0.06646 batch=0.00000
2026-05-15 12:34:02,526 INFO CSMF2.step_1_1_1.run :: [lat] epoch=19 step=300 mean_l2=0.01303 std_l2=0.01675
2026-05-15 12:34:02,760 INFO CSMF2.step_1_1_1.run :: epoch=19 step=300/429 train_nll=-3619.141
2026-05-15 12:34:18,428 INFO CSMF2.step_1_1_1.run :: [h] epoch=19 step=350 total=0.06647 batch=0.00000
2026-05-15 12:34:18,429 INFO CSMF2.step_1_1_1.run :: [lat] epoch=19 step=350 mean_l2=0.01221 std_l2=0.02126
2026-05-15 12:34:18,610 INFO CSMF2.step_1_1_1.run :: epoch=19 step=350/429 train_nll=-3622.224
2026-05-15 12:34:34,237 INFO CSMF2.step_1_1_1.run :: [h] epoch=19 step=400 total=0.06625 batch=0.00000
2026-05-15 12:34:34,238 INFO CSMF2.step_1_1_1.run :: [lat] epoch=19 step=400 mean_l2=0.02093 std_l2=0.02262
2026-05-15 12:34:34,420 INFO CSMF2.step_1_1_1.run :: epoch=19 step=400/429 train_nll=-3624.689
2026-05-15 12:34:48,247 INFO CSMF2.step_1_1_1.run :: epoch=19  train_nll=-3623.804  val_nll=-3563.935  t=141.7s
2026-05-15 12:34:48,247 INFO CSMF2.step_1_1_1.run :: [h_std] total=0.06640 batch=0.00000 (no penalty)
2026-05-15 12:34:48,247 INFO CSMF2.step_1_1_1.run :: [lat_epoch] mean_l2=0.01771 std_l2=0.02162 (no penalty)
2026-05-15 12:34:48,247 INFO CSMF2.step_1_1_1.run :: [grad] cond=57.7529 film_gain=0.0000
2026-05-15 12:35:06,789 INFO CSMF2.step_1_1_1.run :: [h] epoch=20 step=50 total=0.06562 batch=0.00000
2026-05-15 12:35:06,790 INFO CSMF2.step_1_1_1.run :: [lat] epoch=20 step=50 mean_l2=0.02814 std_l2=0.02665
2026-05-15 12:35:06,972 INFO CSMF2.step_1_1_1.run :: epoch=20 step=50/429 train_nll=-3597.694
2026-05-15 12:35:22,354 INFO CSMF2.step_1_1_1.run :: [h] epoch=20 step=100 total=0.06580 batch=0.00000
2026-05-15 12:35:22,354 INFO CSMF2.step_1_1_1.run :: [lat] epoch=20 step=100 mean_l2=0.01395 std_l2=0.01908
2026-05-15 12:35:22,541 INFO CSMF2.step_1_1_1.run :: epoch=20 step=100/429 train_nll=-3606.672
2026-05-15 12:35:37,756 INFO CSMF2.step_1_1_1.run :: [h] epoch=20 step=150 total=0.06580 batch=0.00000
2026-05-15 12:35:37,757 INFO CSMF2.step_1_1_1.run :: [lat] epoch=20 step=150 mean_l2=0.01239 std_l2=0.02030
2026-05-15 12:35:37,938 INFO CSMF2.step_1_1_1.run :: epoch=20 step=150/429 train_nll=-3615.361
2026-05-15 12:35:53,235 INFO CSMF2.step_1_1_1.run :: [h] epoch=20 step=200 total=0.06579 batch=0.00000
2026-05-15 12:35:53,235 INFO CSMF2.step_1_1_1.run :: [lat] epoch=20 step=200 mean_l2=0.01294 std_l2=0.02054
2026-05-15 12:35:53,419 INFO CSMF2.step_1_1_1.run :: epoch=20 step=200/429 train_nll=-3621.520
2026-05-15 12:36:09,271 INFO CSMF2.step_1_1_1.run :: [h] epoch=20 step=250 total=0.06590 batch=0.00000
2026-05-15 12:36:09,271 INFO CSMF2.step_1_1_1.run :: [lat] epoch=20 step=250 mean_l2=0.01215 std_l2=0.01708
2026-05-15 12:36:09,456 INFO CSMF2.step_1_1_1.run :: epoch=20 step=250/429 train_nll=-3625.578
2026-05-15 12:36:25,206 INFO CSMF2.step_1_1_1.run :: [h] epoch=20 step=300 total=0.06667 batch=0.00000
2026-05-15 12:36:25,206 INFO CSMF2.step_1_1_1.run :: [lat] epoch=20 step=300 mean_l2=0.03448 std_l2=0.03777
2026-05-15 12:36:25,391 INFO CSMF2.step_1_1_1.run :: epoch=20 step=300/429 train_nll=-3626.863
2026-05-15 12:36:41,215 INFO CSMF2.step_1_1_1.run :: [h] epoch=20 step=350 total=0.06572 batch=0.00000
2026-05-15 12:36:41,216 INFO CSMF2.step_1_1_1.run :: [lat] epoch=20 step=350 mean_l2=0.01319 std_l2=0.02033
2026-05-15 12:36:41,455 INFO CSMF2.step_1_1_1.run :: epoch=20 step=350/429 train_nll=-3624.652
2026-05-15 12:36:57,221 INFO CSMF2.step_1_1_1.run :: [h] epoch=20 step=400 total=0.06557 batch=0.00000
2026-05-15 12:36:57,222 INFO CSMF2.step_1_1_1.run :: [lat] epoch=20 step=400 mean_l2=0.01149 std_l2=0.01899
2026-05-15 12:36:57,407 INFO CSMF2.step_1_1_1.run :: epoch=20 step=400/429 train_nll=-3626.792
2026-05-15 12:37:11,089 INFO CSMF2.step_1_1_1.run :: epoch=20  train_nll=-3627.897  val_nll=-3637.616  t=139.7s
2026-05-15 12:37:11,089 INFO CSMF2.step_1_1_1.run :: [h_std] total=0.06577 batch=0.00000 (no penalty)
2026-05-15 12:37:11,089 INFO CSMF2.step_1_1_1.run :: [lat_epoch] mean_l2=0.01763 std_l2=0.02164 (no penalty)
2026-05-15 12:37:11,089 INFO CSMF2.step_1_1_1.run :: [grad] cond=41.3812 film_gain=0.0000
2026-05-15 12:37:30,012 INFO CSMF2.step_1_1_1.run :: [h] epoch=21 step=50 total=0.06563 batch=0.00000
2026-05-15 12:37:30,012 INFO CSMF2.step_1_1_1.run :: [lat] epoch=21 step=50 mean_l2=0.01444 std_l2=0.01702
2026-05-15 12:37:30,201 INFO CSMF2.step_1_1_1.run :: epoch=21 step=50/429 train_nll=-3643.591
2026-05-15 12:37:45,904 INFO CSMF2.step_1_1_1.run :: [h] epoch=21 step=100 total=0.06562 batch=0.00000
2026-05-15 12:37:45,905 INFO CSMF2.step_1_1_1.run :: [lat] epoch=21 step=100 mean_l2=0.01316 std_l2=0.02152
2026-05-15 12:37:46,092 INFO CSMF2.step_1_1_1.run :: epoch=21 step=100/429 train_nll=-3642.876
2026-05-15 12:38:02,051 INFO CSMF2.step_1_1_1.run :: [h] epoch=21 step=150 total=0.06615 batch=0.00000
2026-05-15 12:38:02,051 INFO CSMF2.step_1_1_1.run :: [lat] epoch=21 step=150 mean_l2=0.02663 std_l2=0.02584
2026-05-15 12:38:02,240 INFO CSMF2.step_1_1_1.run :: epoch=21 step=150/429 train_nll=-3640.294
2026-05-15 12:38:18,584 INFO CSMF2.step_1_1_1.run :: [h] epoch=21 step=200 total=0.06548 batch=0.00000
2026-05-15 12:38:18,585 INFO CSMF2.step_1_1_1.run :: [lat] epoch=21 step=200 mean_l2=0.01438 std_l2=0.01797
2026-05-15 12:38:18,823 INFO CSMF2.step_1_1_1.run :: epoch=21 step=200/429 train_nll=-3638.993
2026-05-15 12:38:34,695 INFO CSMF2.step_1_1_1.run :: [h] epoch=21 step=250 total=0.06562 batch=0.00000
2026-05-15 12:38:34,695 INFO CSMF2.step_1_1_1.run :: [lat] epoch=21 step=250 mean_l2=0.01267 std_l2=0.02098
2026-05-15 12:38:34,887 INFO CSMF2.step_1_1_1.run :: epoch=21 step=250/429 train_nll=-3639.983
2026-05-15 12:38:51,120 INFO CSMF2.step_1_1_1.run :: [h] epoch=21 step=300 total=0.06561 batch=0.00000
2026-05-15 12:38:51,121 INFO CSMF2.step_1_1_1.run :: [lat] epoch=21 step=300 mean_l2=0.01394 std_l2=0.01745
2026-05-15 12:38:51,313 INFO CSMF2.step_1_1_1.run :: epoch=21 step=300/429 train_nll=-3640.722
2026-05-15 12:39:07,414 INFO CSMF2.step_1_1_1.run :: [h] epoch=21 step=350 total=0.06544 batch=0.00000
2026-05-15 12:39:07,415 INFO CSMF2.step_1_1_1.run :: [lat] epoch=21 step=350 mean_l2=0.01516 std_l2=0.02017
2026-05-15 12:39:07,603 INFO CSMF2.step_1_1_1.run :: epoch=21 step=350/429 train_nll=-3641.223
2026-05-15 12:39:23,949 INFO CSMF2.step_1_1_1.run :: [h] epoch=21 step=400 total=0.06552 batch=0.00000
2026-05-15 12:39:23,950 INFO CSMF2.step_1_1_1.run :: [lat] epoch=21 step=400 mean_l2=0.01285 std_l2=0.02198
2026-05-15 12:39:24,142 INFO CSMF2.step_1_1_1.run :: epoch=21 step=400/429 train_nll=-3641.936
2026-05-15 12:39:37,949 INFO CSMF2.step_1_1_1.run :: epoch=21  train_nll=-3642.230  val_nll=-3640.796  t=143.8s
2026-05-15 12:39:37,949 INFO CSMF2.step_1_1_1.run :: [h_std] total=0.06555 batch=0.00000 (no penalty)
2026-05-15 12:39:37,949 INFO CSMF2.step_1_1_1.run :: [lat_epoch] mean_l2=0.01398 std_l2=0.01974 (no penalty)
2026-05-15 12:39:37,949 INFO CSMF2.step_1_1_1.run :: [grad] cond=32.2300 film_gain=0.0000
2026-05-15 12:39:56,800 INFO CSMF2.step_1_1_1.run :: [h] epoch=22 step=50 total=0.06536 batch=0.00000
2026-05-15 12:39:56,801 INFO CSMF2.step_1_1_1.run :: [lat] epoch=22 step=50 mean_l2=0.01416 std_l2=0.01991
2026-05-15 12:39:57,041 INFO CSMF2.step_1_1_1.run :: epoch=22 step=50/429 train_nll=-3645.371
2026-05-15 12:40:13,286 INFO CSMF2.step_1_1_1.run :: [h] epoch=22 step=100 total=0.06418 batch=0.00000
2026-05-15 12:40:13,287 INFO CSMF2.step_1_1_1.run :: [lat] epoch=22 step=100 mean_l2=0.02049 std_l2=0.02586
2026-05-15 12:40:13,525 INFO CSMF2.step_1_1_1.run :: epoch=22 step=100/429 train_nll=-3628.705
2026-05-15 12:40:29,405 INFO CSMF2.step_1_1_1.run :: [h] epoch=22 step=150 total=0.06430 batch=0.00000
2026-05-15 12:40:29,406 INFO CSMF2.step_1_1_1.run :: [lat] epoch=22 step=150 mean_l2=0.02312 std_l2=0.02625
2026-05-15 12:40:29,595 INFO CSMF2.step_1_1_1.run :: epoch=22 step=150/429 train_nll=-3621.159
2026-05-15 12:40:45,408 INFO CSMF2.step_1_1_1.run :: [h] epoch=22 step=200 total=0.06337 batch=0.00000
2026-05-15 12:40:45,409 INFO CSMF2.step_1_1_1.run :: [lat] epoch=22 step=200 mean_l2=0.01383 std_l2=0.02240
2026-05-15 12:40:45,596 INFO CSMF2.step_1_1_1.run :: epoch=22 step=200/429 train_nll=-3617.869
2026-05-15 12:41:01,463 INFO CSMF2.step_1_1_1.run :: [h] epoch=22 step=250 total=0.06460 batch=0.00000
2026-05-15 12:41:01,463 INFO CSMF2.step_1_1_1.run :: [lat] epoch=22 step=250 mean_l2=0.02447 std_l2=0.02212
2026-05-15 12:41:01,699 INFO CSMF2.step_1_1_1.run :: epoch=22 step=250/429 train_nll=-3617.227
2026-05-15 12:41:17,727 INFO CSMF2.step_1_1_1.run :: [h] epoch=22 step=300 total=0.06366 batch=0.00000
2026-05-15 12:41:17,727 INFO CSMF2.step_1_1_1.run :: [lat] epoch=22 step=300 mean_l2=0.05173 std_l2=0.03117
2026-05-15 12:41:17,912 INFO CSMF2.step_1_1_1.run :: epoch=22 step=300/429 train_nll=-3612.913
2026-05-15 12:41:33,671 INFO CSMF2.step_1_1_1.run :: [h] epoch=22 step=350 total=0.06302 batch=0.00000
2026-05-15 12:41:33,672 INFO CSMF2.step_1_1_1.run :: [lat] epoch=22 step=350 mean_l2=0.09579 std_l2=0.02828
2026-05-15 12:41:33,906 INFO CSMF2.step_1_1_1.run :: epoch=22 step=350/429 train_nll=-3607.247
2026-05-15 12:41:49,761 INFO CSMF2.step_1_1_1.run :: [h] epoch=22 step=400 total=0.06238 batch=0.00000
2026-05-15 12:41:49,762 INFO CSMF2.step_1_1_1.run :: [lat] epoch=22 step=400 mean_l2=0.02330 std_l2=0.02747
2026-05-15 12:41:49,994 INFO CSMF2.step_1_1_1.run :: epoch=22 step=400/429 train_nll=-3604.442
2026-05-15 12:42:03,923 INFO CSMF2.step_1_1_1.run :: epoch=22  train_nll=-3605.129  val_nll=-3623.157  t=143.0s
2026-05-15 12:42:03,923 INFO CSMF2.step_1_1_1.run :: [h_std] total=0.06390 batch=0.00000 (no penalty)
2026-05-15 12:42:03,923 INFO CSMF2.step_1_1_1.run :: [lat_epoch] mean_l2=0.02819 std_l2=0.02519 (no penalty)
2026-05-15 12:42:03,923 INFO CSMF2.step_1_1_1.run :: [grad] cond=28.4929 film_gain=0.0000
2026-05-15 12:42:23,313 INFO CSMF2.step_1_1_1.run :: [h] epoch=23 step=50 total=0.06223 batch=0.00000
2026-05-15 12:42:23,313 INFO CSMF2.step_1_1_1.run :: [lat] epoch=23 step=50 mean_l2=0.01627 std_l2=0.02076
2026-05-15 12:42:23,496 INFO CSMF2.step_1_1_1.run :: epoch=23 step=50/429 train_nll=-3632.548
2026-05-15 12:42:39,042 INFO CSMF2.step_1_1_1.run :: [h] epoch=23 step=100 total=0.06231 batch=0.00000
2026-05-15 12:42:39,042 INFO CSMF2.step_1_1_1.run :: [lat] epoch=23 step=100 mean_l2=0.01237 std_l2=0.02094
2026-05-15 12:42:39,224 INFO CSMF2.step_1_1_1.run :: epoch=23 step=100/429 train_nll=-3634.452
2026-05-15 12:42:55,123 INFO CSMF2.step_1_1_1.run :: [h] epoch=23 step=150 total=0.06272 batch=0.00000
2026-05-15 12:42:55,124 INFO CSMF2.step_1_1_1.run :: [lat] epoch=23 step=150 mean_l2=0.01496 std_l2=0.01851
2026-05-15 12:42:55,353 INFO CSMF2.step_1_1_1.run :: epoch=23 step=150/429 train_nll=-3630.965
2026-05-15 12:43:10,979 INFO CSMF2.step_1_1_1.run :: [h] epoch=23 step=200 total=0.06200 batch=0.00000
2026-05-15 12:43:10,979 INFO CSMF2.step_1_1_1.run :: [lat] epoch=23 step=200 mean_l2=0.02724 std_l2=0.02699
2026-05-15 12:43:11,157 INFO CSMF2.step_1_1_1.run :: epoch=23 step=200/429 train_nll=-3619.925
2026-05-15 12:43:26,881 INFO CSMF2.step_1_1_1.run :: [h] epoch=23 step=250 total=0.06191 batch=0.00000
2026-05-15 12:43:26,882 INFO CSMF2.step_1_1_1.run :: [lat] epoch=23 step=250 mean_l2=0.02138 std_l2=0.02036
2026-05-15 12:43:27,061 INFO CSMF2.step_1_1_1.run :: epoch=23 step=250/429 train_nll=-3615.767
2026-05-15 12:43:42,659 INFO CSMF2.step_1_1_1.run :: [h] epoch=23 step=300 total=0.06192 batch=0.00000
2026-05-15 12:43:42,659 INFO CSMF2.step_1_1_1.run :: [lat] epoch=23 step=300 mean_l2=0.01612 std_l2=0.02020
2026-05-15 12:43:42,844 INFO CSMF2.step_1_1_1.run :: epoch=23 step=300/429 train_nll=-3616.168
2026-05-15 12:43:58,346 INFO CSMF2.step_1_1_1.run :: [h] epoch=23 step=350 total=0.06191 batch=0.00000
2026-05-15 12:43:58,347 INFO CSMF2.step_1_1_1.run :: [lat] epoch=23 step=350 mean_l2=0.01470 std_l2=0.02132
2026-05-15 12:43:58,529 INFO CSMF2.step_1_1_1.run :: epoch=23 step=350/429 train_nll=-3618.925
2026-05-15 12:44:14,009 INFO CSMF2.step_1_1_1.run :: [h] epoch=23 step=400 total=0.06191 batch=0.00000
2026-05-15 12:44:14,009 INFO CSMF2.step_1_1_1.run :: [lat] epoch=23 step=400 mean_l2=0.01218 std_l2=0.02001
2026-05-15 12:44:14,188 INFO CSMF2.step_1_1_1.run :: epoch=23 step=400/429 train_nll=-3621.906
2026-05-15 12:44:28,067 INFO CSMF2.step_1_1_1.run :: epoch=23  train_nll=-3623.512  val_nll=-3641.483  t=140.8s
2026-05-15 12:44:28,067 INFO CSMF2.step_1_1_1.run :: [h_std] total=0.06215 batch=0.00000 (no penalty)
2026-05-15 12:44:28,067 INFO CSMF2.step_1_1_1.run :: [lat_epoch] mean_l2=0.01923 std_l2=0.02182 (no penalty)
2026-05-15 12:44:28,067 INFO CSMF2.step_1_1_1.run :: [grad] cond=25.8968 film_gain=0.0000
2026-05-15 12:44:46,512 INFO CSMF2.step_1_1_1.run :: [h] epoch=24 step=50 total=0.06198 batch=0.00000
2026-05-15 12:44:46,512 INFO CSMF2.step_1_1_1.run :: [lat] epoch=24 step=50 mean_l2=0.01138 std_l2=0.01746
2026-05-15 12:44:46,692 INFO CSMF2.step_1_1_1.run :: epoch=24 step=50/429 train_nll=-3647.286
2026-05-15 12:45:02,368 INFO CSMF2.step_1_1_1.run :: [h] epoch=24 step=100 total=0.06225 batch=0.00000
2026-05-15 12:45:02,369 INFO CSMF2.step_1_1_1.run :: [lat] epoch=24 step=100 mean_l2=0.01303 std_l2=0.01878
2026-05-15 12:45:02,550 INFO CSMF2.step_1_1_1.run :: epoch=24 step=100/429 train_nll=-3647.379
2026-05-15 12:45:18,049 INFO CSMF2.step_1_1_1.run :: [h] epoch=24 step=150 total=0.06220 batch=0.00000
2026-05-15 12:45:18,050 INFO CSMF2.step_1_1_1.run :: [lat] epoch=24 step=150 mean_l2=0.01247 std_l2=0.02102
2026-05-15 12:45:18,279 INFO CSMF2.step_1_1_1.run :: epoch=24 step=150/429 train_nll=-3646.552
2026-05-15 12:45:34,058 INFO CSMF2.step_1_1_1.run :: [h] epoch=24 step=200 total=0.06214 batch=0.00000
2026-05-15 12:45:34,058 INFO CSMF2.step_1_1_1.run :: [lat] epoch=24 step=200 mean_l2=0.03764 std_l2=0.02925
2026-05-15 12:45:34,242 INFO CSMF2.step_1_1_1.run :: epoch=24 step=200/429 train_nll=-3640.119
2026-05-15 12:45:50,027 INFO CSMF2.step_1_1_1.run :: [h] epoch=24 step=250 total=0.06112 batch=0.00000
2026-05-15 12:45:50,027 INFO CSMF2.step_1_1_1.run :: [lat] epoch=24 step=250 mean_l2=0.01377 std_l2=0.02073
2026-05-15 12:45:50,211 INFO CSMF2.step_1_1_1.run :: epoch=24 step=250/429 train_nll=-3637.646
2026-05-15 12:46:05,945 INFO CSMF2.step_1_1_1.run :: [h] epoch=24 step=300 total=0.06152 batch=0.00000
2026-05-15 12:46:05,946 INFO CSMF2.step_1_1_1.run :: [lat] epoch=24 step=300 mean_l2=0.01483 std_l2=0.01728
2026-05-15 12:46:06,131 INFO CSMF2.step_1_1_1.run :: epoch=24 step=300/429 train_nll=-3638.613
2026-05-15 12:46:21,543 INFO CSMF2.step_1_1_1.run :: [h] epoch=24 step=350 total=0.06096 batch=0.00000
2026-05-15 12:46:21,544 INFO CSMF2.step_1_1_1.run :: [lat] epoch=24 step=350 mean_l2=0.05484 std_l2=0.02325
2026-05-15 12:46:21,774 INFO CSMF2.step_1_1_1.run :: epoch=24 step=350/429 train_nll=-3636.059
2026-05-15 12:46:37,269 INFO CSMF2.step_1_1_1.run :: [h] epoch=24 step=400 total=0.06078 batch=0.00000
2026-05-15 12:46:37,269 INFO CSMF2.step_1_1_1.run :: [lat] epoch=24 step=400 mean_l2=0.01682 std_l2=0.01801
2026-05-15 12:46:37,458 INFO CSMF2.step_1_1_1.run :: epoch=24 step=400/429 train_nll=-3632.112
2026-05-15 12:46:51,500 INFO CSMF2.step_1_1_1.run :: epoch=24  train_nll=-3632.419  val_nll=-3632.480  t=140.4s
2026-05-15 12:46:51,500 INFO CSMF2.step_1_1_1.run :: [h_std] total=0.06167 batch=0.00000 (no penalty)
2026-05-15 12:46:51,500 INFO CSMF2.step_1_1_1.run :: [lat_epoch] mean_l2=0.01775 std_l2=0.02152 (no penalty)
2026-05-15 12:46:51,500 INFO CSMF2.step_1_1_1.run :: [grad] cond=21.5660 film_gain=0.0000
2026-05-15 12:47:10,633 INFO CSMF2.step_1_1_1.run :: [h] epoch=25 step=50 total=0.06116 batch=0.00000
2026-05-15 12:47:10,633 INFO CSMF2.step_1_1_1.run :: [lat] epoch=25 step=50 mean_l2=0.02424 std_l2=0.02124
2026-05-15 12:47:10,819 INFO CSMF2.step_1_1_1.run :: epoch=25 step=50/429 train_nll=-3624.371
2026-05-15 12:47:26,451 INFO CSMF2.step_1_1_1.run :: [h] epoch=25 step=100 total=0.06101 batch=0.00000
2026-05-15 12:47:26,452 INFO CSMF2.step_1_1_1.run :: [lat] epoch=25 step=100 mean_l2=0.01192 std_l2=0.01812
2026-05-15 12:47:26,637 INFO CSMF2.step_1_1_1.run :: epoch=25 step=100/429 train_nll=-3629.767
2026-05-15 12:47:42,390 INFO CSMF2.step_1_1_1.run :: [h] epoch=25 step=150 total=0.06114 batch=0.00000
2026-05-15 12:47:42,391 INFO CSMF2.step_1_1_1.run :: [lat] epoch=25 step=150 mean_l2=0.01255 std_l2=0.02057
2026-05-15 12:47:42,625 INFO CSMF2.step_1_1_1.run :: epoch=25 step=150/429 train_nll=-3633.993
2026-05-15 12:47:58,647 INFO CSMF2.step_1_1_1.run :: [h] epoch=25 step=200 total=0.06102 batch=0.00000
2026-05-15 12:47:58,647 INFO CSMF2.step_1_1_1.run :: [lat] epoch=25 step=200 mean_l2=0.01317 std_l2=0.01842
2026-05-15 12:47:58,840 INFO CSMF2.step_1_1_1.run :: epoch=25 step=200/429 train_nll=-3637.781
2026-05-15 12:48:14,936 INFO CSMF2.step_1_1_1.run :: [h] epoch=25 step=250 total=0.06132 batch=0.00000
2026-05-15 12:48:14,937 INFO CSMF2.step_1_1_1.run :: [lat] epoch=25 step=250 mean_l2=0.01275 std_l2=0.01902
2026-05-15 12:48:15,127 INFO CSMF2.step_1_1_1.run :: epoch=25 step=250/429 train_nll=-3640.268
2026-05-15 12:48:30,898 INFO CSMF2.step_1_1_1.run :: [h] epoch=25 step=300 total=0.06124 batch=0.00000
2026-05-15 12:48:30,899 INFO CSMF2.step_1_1_1.run :: [lat] epoch=25 step=300 mean_l2=0.01312 std_l2=0.01775
2026-05-15 12:48:31,086 INFO CSMF2.step_1_1_1.run :: epoch=25 step=300/429 train_nll=-3641.873
2026-05-15 12:48:47,137 INFO CSMF2.step_1_1_1.run :: [h] epoch=25 step=350 total=0.06102 batch=0.00000
2026-05-15 12:48:47,137 INFO CSMF2.step_1_1_1.run :: [lat] epoch=25 step=350 mean_l2=0.01570 std_l2=0.02117
2026-05-15 12:48:47,374 INFO CSMF2.step_1_1_1.run :: epoch=25 step=350/429 train_nll=-3643.030
2026-05-15 12:49:03,474 INFO CSMF2.step_1_1_1.run :: [h] epoch=25 step=400 total=0.06114 batch=0.00000
2026-05-15 12:49:03,475 INFO CSMF2.step_1_1_1.run :: [lat] epoch=25 step=400 mean_l2=0.01552 std_l2=0.01984
2026-05-15 12:49:03,713 INFO CSMF2.step_1_1_1.run :: epoch=25 step=400/429 train_nll=-3643.546
2026-05-15 12:49:18,148 INFO CSMF2.step_1_1_1.run :: epoch=25  train_nll=-3643.831  val_nll=-3641.796  t=143.4s
2026-05-15 12:49:18,148 INFO CSMF2.step_1_1_1.run :: [h_std] total=0.06106 batch=0.00000 (no penalty)
2026-05-15 12:49:18,148 INFO CSMF2.step_1_1_1.run :: [lat_epoch] mean_l2=0.01438 std_l2=0.01993 (no penalty)
2026-05-15 12:49:18,148 INFO CSMF2.step_1_1_1.run :: [grad] cond=26.6531 film_gain=0.0000
2026-05-15 12:49:36,680 INFO CSMF2.step_1_1_1.run :: [h] epoch=26 step=50 total=0.06092 batch=0.00000
2026-05-15 12:49:36,681 INFO CSMF2.step_1_1_1.run :: [lat] epoch=26 step=50 mean_l2=0.01443 std_l2=0.01690
2026-05-15 12:49:36,869 INFO CSMF2.step_1_1_1.run :: epoch=26 step=50/429 train_nll=-3649.855
2026-05-15 12:49:52,766 INFO CSMF2.step_1_1_1.run :: [h] epoch=26 step=100 total=0.06077 batch=0.00000
2026-05-15 12:49:52,767 INFO CSMF2.step_1_1_1.run :: [lat] epoch=26 step=100 mean_l2=0.01527 std_l2=0.01774
2026-05-15 12:49:52,954 INFO CSMF2.step_1_1_1.run :: epoch=26 step=100/429 train_nll=-3648.821
2026-05-15 12:50:08,751 INFO CSMF2.step_1_1_1.run :: [h] epoch=26 step=150 total=0.06084 batch=0.00000
2026-05-15 12:50:08,751 INFO CSMF2.step_1_1_1.run :: [lat] epoch=26 step=150 mean_l2=0.02686 std_l2=0.02624
2026-05-15 12:50:08,938 INFO CSMF2.step_1_1_1.run :: epoch=26 step=150/429 train_nll=-3646.509
2026-05-15 12:50:24,536 INFO CSMF2.step_1_1_1.run :: [h] epoch=26 step=200 total=0.06161 batch=0.00000
2026-05-15 12:50:24,537 INFO CSMF2.step_1_1_1.run :: [lat] epoch=26 step=200 mean_l2=0.03598 std_l2=0.03662
2026-05-15 12:50:24,723 INFO CSMF2.step_1_1_1.run :: epoch=26 step=200/429 train_nll=-3636.766
2026-05-15 12:50:40,710 INFO CSMF2.step_1_1_1.run :: [h] epoch=26 step=250 total=0.05992 batch=0.00000
2026-05-15 12:50:40,710 INFO CSMF2.step_1_1_1.run :: [lat] epoch=26 step=250 mean_l2=0.01937 std_l2=0.01918
2026-05-15 12:50:40,899 INFO CSMF2.step_1_1_1.run :: epoch=26 step=250/429 train_nll=-3630.159
2026-05-15 12:50:56,532 INFO CSMF2.step_1_1_1.run :: [h] epoch=26 step=300 total=0.05997 batch=0.00000
2026-05-15 12:50:56,533 INFO CSMF2.step_1_1_1.run :: [lat] epoch=26 step=300 mean_l2=0.01122 std_l2=0.02174
2026-05-15 12:50:56,719 INFO CSMF2.step_1_1_1.run :: epoch=26 step=300/429 train_nll=-3631.072
2026-05-15 12:51:12,612 INFO CSMF2.step_1_1_1.run :: [h] epoch=26 step=350 total=0.05997 batch=0.00000
2026-05-15 12:51:12,613 INFO CSMF2.step_1_1_1.run :: [lat] epoch=26 step=350 mean_l2=0.01370 std_l2=0.02069
2026-05-15 12:51:12,799 INFO CSMF2.step_1_1_1.run :: epoch=26 step=350/429 train_nll=-3633.225
2026-05-15 12:51:28,806 INFO CSMF2.step_1_1_1.run :: [h] epoch=26 step=400 total=0.05991 batch=0.00000
2026-05-15 12:51:28,806 INFO CSMF2.step_1_1_1.run :: [lat] epoch=26 step=400 mean_l2=0.01093 std_l2=0.01966
2026-05-15 12:51:28,994 INFO CSMF2.step_1_1_1.run :: epoch=26 step=400/429 train_nll=-3635.533
2026-05-15 12:51:43,602 INFO CSMF2.step_1_1_1.run :: epoch=26  train_nll=-3636.494  val_nll=-3643.999  t=142.4s
2026-05-15 12:51:43,602 INFO CSMF2.step_1_1_1.run :: [h_std] total=0.06043 batch=0.00000 (no penalty)
2026-05-15 12:51:43,602 INFO CSMF2.step_1_1_1.run :: [lat_epoch] mean_l2=0.01721 std_l2=0.02122 (no penalty)
2026-05-15 12:51:43,602 INFO CSMF2.step_1_1_1.run :: [grad] cond=54.7048 film_gain=0.0000
2026-05-15 12:52:02,943 INFO CSMF2.step_1_1_1.run :: [h] epoch=27 step=50 total=0.06004 batch=0.00000
2026-05-15 12:52:02,943 INFO CSMF2.step_1_1_1.run :: [lat] epoch=27 step=50 mean_l2=0.01404 std_l2=0.01812
2026-05-15 12:52:03,132 INFO CSMF2.step_1_1_1.run :: epoch=27 step=50/429 train_nll=-3650.607
2026-05-15 12:52:18,767 INFO CSMF2.step_1_1_1.run :: [h] epoch=27 step=100 total=0.06037 batch=0.00000
2026-05-15 12:52:18,767 INFO CSMF2.step_1_1_1.run :: [lat] epoch=27 step=100 mean_l2=0.02057 std_l2=0.02608
2026-05-15 12:52:18,953 INFO CSMF2.step_1_1_1.run :: epoch=27 step=100/429 train_nll=-3647.369
2026-05-15 12:52:35,179 INFO CSMF2.step_1_1_1.run :: [h] epoch=27 step=150 total=0.06026 batch=0.00000
2026-05-15 12:52:35,180 INFO CSMF2.step_1_1_1.run :: [lat] epoch=27 step=150 mean_l2=0.02334 std_l2=0.02380
2026-05-15 12:52:35,371 INFO CSMF2.step_1_1_1.run :: epoch=27 step=150/429 train_nll=-3636.374
2026-05-15 12:52:51,461 INFO CSMF2.step_1_1_1.run :: [h] epoch=27 step=200 total=0.05989 batch=0.00000
2026-05-15 12:52:51,462 INFO CSMF2.step_1_1_1.run :: [lat] epoch=27 step=200 mean_l2=0.01323 std_l2=0.02031
2026-05-15 12:52:51,648 INFO CSMF2.step_1_1_1.run :: epoch=27 step=200/429 train_nll=-3636.341
2026-05-15 12:53:07,448 INFO CSMF2.step_1_1_1.run :: [h] epoch=27 step=250 total=0.05980 batch=0.00000
2026-05-15 12:53:07,448 INFO CSMF2.step_1_1_1.run :: [lat] epoch=27 step=250 mean_l2=0.01390 std_l2=0.02012
2026-05-15 12:53:07,640 INFO CSMF2.step_1_1_1.run :: epoch=27 step=250/429 train_nll=-3638.330
2026-05-15 12:53:23,404 INFO CSMF2.step_1_1_1.run :: [h] epoch=27 step=300 total=0.06022 batch=0.00000
2026-05-15 12:53:23,405 INFO CSMF2.step_1_1_1.run :: [lat] epoch=27 step=300 mean_l2=0.01372 std_l2=0.01818
2026-05-15 12:53:23,641 INFO CSMF2.step_1_1_1.run :: epoch=27 step=300/429 train_nll=-3639.447
2026-05-15 12:53:39,778 INFO CSMF2.step_1_1_1.run :: [h] epoch=27 step=350 total=0.05985 batch=0.00000
2026-05-15 12:53:39,778 INFO CSMF2.step_1_1_1.run :: [lat] epoch=27 step=350 mean_l2=0.01420 std_l2=0.01971
2026-05-15 12:53:39,965 INFO CSMF2.step_1_1_1.run :: epoch=27 step=350/429 train_nll=-3641.031
2026-05-15 12:53:55,630 INFO CSMF2.step_1_1_1.run :: [h] epoch=27 step=400 total=0.05990 batch=0.00000
2026-05-15 12:53:55,631 INFO CSMF2.step_1_1_1.run :: [lat] epoch=27 step=400 mean_l2=0.01125 std_l2=0.01988
2026-05-15 12:53:55,865 INFO CSMF2.step_1_1_1.run :: epoch=27 step=400/429 train_nll=-3642.622
2026-05-15 12:54:10,210 INFO CSMF2.step_1_1_1.run :: epoch=27  train_nll=-3643.248  val_nll=-3647.659  t=143.5s
2026-05-15 12:54:10,210 INFO CSMF2.step_1_1_1.run :: [h_std] total=0.06000 batch=0.00000 (no penalty)
2026-05-15 12:54:10,210 INFO CSMF2.step_1_1_1.run :: [lat_epoch] mean_l2=0.01547 std_l2=0.02055 (no penalty)
2026-05-15 12:54:10,210 INFO CSMF2.step_1_1_1.run :: [grad] cond=33.5908 film_gain=0.0000
2026-05-15 12:54:28,839 INFO CSMF2.step_1_1_1.run :: [h] epoch=28 step=50 total=0.05981 batch=0.00000
2026-05-15 12:54:28,840 INFO CSMF2.step_1_1_1.run :: [lat] epoch=28 step=50 mean_l2=0.01740 std_l2=0.02273
2026-05-15 12:54:29,023 INFO CSMF2.step_1_1_1.run :: epoch=28 step=50/429 train_nll=-3644.369
2026-05-15 12:54:44,735 INFO CSMF2.step_1_1_1.run :: [h] epoch=28 step=100 total=0.05989 batch=0.00000
2026-05-15 12:54:44,736 INFO CSMF2.step_1_1_1.run :: [lat] epoch=28 step=100 mean_l2=0.02637 std_l2=0.02322
2026-05-15 12:54:44,925 INFO CSMF2.step_1_1_1.run :: epoch=28 step=100/429 train_nll=-3639.764
2026-05-15 12:55:00,625 INFO CSMF2.step_1_1_1.run :: [h] epoch=28 step=150 total=0.05941 batch=0.00000
2026-05-15 12:55:00,626 INFO CSMF2.step_1_1_1.run :: [lat] epoch=28 step=150 mean_l2=0.01583 std_l2=0.02039
2026-05-15 12:55:00,814 INFO CSMF2.step_1_1_1.run :: epoch=28 step=150/429 train_nll=-3634.059
2026-05-15 12:55:16,798 INFO CSMF2.step_1_1_1.run :: [h] epoch=28 step=200 total=0.05947 batch=0.00000
2026-05-15 12:55:16,798 INFO CSMF2.step_1_1_1.run :: [lat] epoch=28 step=200 mean_l2=0.01162 std_l2=0.01784
2026-05-15 12:55:16,985 INFO CSMF2.step_1_1_1.run :: epoch=28 step=200/429 train_nll=-3636.231
2026-05-15 12:55:32,870 INFO CSMF2.step_1_1_1.run :: [h] epoch=28 step=250 total=0.05952 batch=0.00000
2026-05-15 12:55:32,870 INFO CSMF2.step_1_1_1.run :: [lat] epoch=28 step=250 mean_l2=0.01315 std_l2=0.01915
2026-05-15 12:55:33,056 INFO CSMF2.step_1_1_1.run :: epoch=28 step=250/429 train_nll=-3639.331
2026-05-15 12:55:48,980 INFO CSMF2.step_1_1_1.run :: [h] epoch=28 step=300 total=0.05947 batch=0.00000
2026-05-15 12:55:48,980 INFO CSMF2.step_1_1_1.run :: [lat] epoch=28 step=300 mean_l2=0.01349 std_l2=0.01871
2026-05-15 12:55:49,214 INFO CSMF2.step_1_1_1.run :: epoch=28 step=300/429 train_nll=-3641.438
2026-05-15 12:56:05,066 INFO CSMF2.step_1_1_1.run :: [h] epoch=28 step=350 total=0.05948 batch=0.00000
2026-05-15 12:56:05,067 INFO CSMF2.step_1_1_1.run :: [lat] epoch=28 step=350 mean_l2=0.01305 std_l2=0.02034
2026-05-15 12:56:05,301 INFO CSMF2.step_1_1_1.run :: epoch=28 step=350/429 train_nll=-3642.779
2026-05-15 12:56:20,966 INFO CSMF2.step_1_1_1.run :: [h] epoch=28 step=400 total=0.05941 batch=0.00000
2026-05-15 12:56:20,967 INFO CSMF2.step_1_1_1.run :: [lat] epoch=28 step=400 mean_l2=0.01507 std_l2=0.01939
2026-05-15 12:56:21,156 INFO CSMF2.step_1_1_1.run :: epoch=28 step=400/429 train_nll=-3644.131
2026-05-15 12:56:34,959 INFO CSMF2.step_1_1_1.run :: epoch=28  train_nll=-3644.635  val_nll=-3646.278  t=141.7s
2026-05-15 12:56:34,959 INFO CSMF2.step_1_1_1.run :: [h_std] total=0.05961 batch=0.00000 (no penalty)
2026-05-15 12:56:34,959 INFO CSMF2.step_1_1_1.run :: [lat_epoch] mean_l2=0.01577 std_l2=0.02050 (no penalty)
2026-05-15 12:56:34,959 INFO CSMF2.step_1_1_1.run :: [grad] cond=12.9774 film_gain=0.0000
2026-05-15 12:56:53,947 INFO CSMF2.step_1_1_1.run :: [h] epoch=29 step=50 total=0.05934 batch=0.00000
2026-05-15 12:56:53,947 INFO CSMF2.step_1_1_1.run :: [lat] epoch=29 step=50 mean_l2=0.01299 std_l2=0.01916
2026-05-15 12:56:54,138 INFO CSMF2.step_1_1_1.run :: epoch=29 step=50/429 train_nll=-3651.176
2026-05-15 12:57:10,272 INFO CSMF2.step_1_1_1.run :: [h] epoch=29 step=100 total=0.05928 batch=0.00000
2026-05-15 12:57:10,273 INFO CSMF2.step_1_1_1.run :: [lat] epoch=29 step=100 mean_l2=0.01935 std_l2=0.01934
2026-05-15 12:57:10,508 INFO CSMF2.step_1_1_1.run :: epoch=29 step=100/429 train_nll=-3647.089
2026-05-15 12:57:26,382 INFO CSMF2.step_1_1_1.run :: [h] epoch=29 step=150 total=0.05870 batch=0.00000
2026-05-15 12:57:26,382 INFO CSMF2.step_1_1_1.run :: [lat] epoch=29 step=150 mean_l2=0.01850 std_l2=0.02258
2026-05-15 12:57:26,574 INFO CSMF2.step_1_1_1.run :: epoch=29 step=150/429 train_nll=-3640.042
2026-05-15 12:57:42,439 INFO CSMF2.step_1_1_1.run :: [h] epoch=29 step=200 total=0.05881 batch=0.00000
2026-05-15 12:57:42,440 INFO CSMF2.step_1_1_1.run :: [lat] epoch=29 step=200 mean_l2=0.01626 std_l2=0.02522
2026-05-15 12:57:42,631 INFO CSMF2.step_1_1_1.run :: epoch=29 step=200/429 train_nll=-3638.443
2026-05-15 12:57:58,373 INFO CSMF2.step_1_1_1.run :: [h] epoch=29 step=250 total=0.05812 batch=0.00000
2026-05-15 12:57:58,373 INFO CSMF2.step_1_1_1.run :: [lat] epoch=29 step=250 mean_l2=0.02124 std_l2=0.02068
2026-05-15 12:57:58,609 INFO CSMF2.step_1_1_1.run :: epoch=29 step=250/429 train_nll=-3637.989
2026-05-15 12:58:14,342 INFO CSMF2.step_1_1_1.run :: [h] epoch=29 step=300 total=0.05824 batch=0.00000
2026-05-15 12:58:14,343 INFO CSMF2.step_1_1_1.run :: [lat] epoch=29 step=300 mean_l2=0.01350 std_l2=0.01952
2026-05-15 12:58:14,583 INFO CSMF2.step_1_1_1.run :: epoch=29 step=300/429 train_nll=-3639.377
2026-05-15 12:58:31,125 INFO CSMF2.step_1_1_1.run :: [h] epoch=29 step=350 total=0.05820 batch=0.00000
2026-05-15 12:58:31,126 INFO CSMF2.step_1_1_1.run :: [lat] epoch=29 step=350 mean_l2=0.01843 std_l2=0.02396
2026-05-15 12:58:31,318 INFO CSMF2.step_1_1_1.run :: epoch=29 step=350/429 train_nll=-3639.152
2026-05-15 12:58:47,322 INFO CSMF2.step_1_1_1.run :: [h] epoch=29 step=400 total=0.05862 batch=0.00000
2026-05-15 12:58:47,323 INFO CSMF2.step_1_1_1.run :: [lat] epoch=29 step=400 mean_l2=0.01949 std_l2=0.02049
2026-05-15 12:58:47,514 INFO CSMF2.step_1_1_1.run :: epoch=29 step=400/429 train_nll=-3639.300
2026-05-15 12:59:01,820 INFO CSMF2.step_1_1_1.run :: epoch=29  train_nll=-3639.009  val_nll=-3632.805  t=143.9s
2026-05-15 12:59:01,820 INFO CSMF2.step_1_1_1.run :: [h_std] total=0.05875 batch=0.00000 (no penalty)
2026-05-15 12:59:01,820 INFO CSMF2.step_1_1_1.run :: [lat_epoch] mean_l2=0.01777 std_l2=0.02134 (no penalty)
2026-05-15 12:59:01,820 INFO CSMF2.step_1_1_1.run :: [grad] cond=12.0388 film_gain=0.0000
2026-05-15 12:59:04,891 WARNING CSMF2.step_1_1_1.run :: [exit_gate] fwd_rel=0.892 > target 0.500 (informational; no resume baseline available)
2026-05-15 12:59:14,200 INFO CSMF2.step_1_1_1.run :: [run] FINAL test_nll (sealed 10k) = -3634.409
2026-05-15 12:59:14,930 INFO CSMF2.experiments.step_1_1_1.density_plots :: [plot_latent_density] saved -> CSMF2/experiments/step_1_1_1/results/nsf_s2_n0.10_seed0_f4d2db7d8c94/plots/latent_density.png  (ks=0.0053, mean=-0.002, std=0.982)
2026-05-15 12:59:15,144 INFO CSMF2.experiments.step_1_1_1.density_plots :: [plot_cycle_density] saved -> CSMF2/experiments/step_1_1_1/results/nsf_s2_n0.10_seed0_f4d2db7d8c94/plots/cycle_density.png  (max|err|=4.728e-04 rms=3.449e-06)
2026-05-15 12:59:15,498 INFO CSMF2.experiments.step_1_1_1.density_plots :: [plot_reconstruction_panel] saved -> CSMF2/experiments/step_1_1_1/results/nsf_s2_n0.10_seed0_f4d2db7d8c94/plots/reconstruction_panel.png  rms(enc-prior)=1.992
==============================================================
[1mSTEP-1_1_1 RUN SUMMARY[0m
==============================================================
expert: nsf   scale: 2   noise: 0.1   seed: 0   epochs: 30
train NLL:    -3188.31  ->    -3639.01  (Δ = -450.70)
test  NLL:    -3433.29  ->    -3632.80

[1mHARD GATES (halt on fail)[0m
  [32m 30/30  ✓[0m  invertibility FP64 <1e-5
  [33m 28/30  ✗[0m  latent KS vs N(0,1) <0.05
  [33m 29/30  ✗[0m  cycle_max < 1e-12
  [32m 30/30  ✓[0m  h std > 1e-3
  [32m 30/30  ✓[0m  FiLM γ,β std > 1e-3 aggregate
  [32m 30/30  ✓[0m  (y,seed) max|Δh| < 1e-6
  [32m 30/30  ✓[0m  no NaN/Inf this epoch
  [32m  1/1   ✓[0m  numeric log-det (FP64, once)

[1mINFORMATIONAL (logged, non-blocking)[0m
  [33m 28/30  ✗[0m  null-control gap ≥ 0.10
  [33m  1/30  ✗[0m  h_st Δlogp slope > 1e-3
  [32m 30/30  ✓[0m  grad norm > 1e-6
  [32m 30/30  ✓[0m  fwd residual reported
--------------------------------------------------------------
[1mHARD TOTAL: 208/211[0m  (98.6%)
[1mEXIT_CRITERIA_MET:[0m [31mNO[0m
[1mREMEDY HINTS:[0m
  - hard gate failed: latent_ks (latent KS vs N(0,1) <0.05) -- check epochs [0, 19]
  - hard gate failed: cycle_max (cycle_max < 1e-12) -- check epochs [11]
[33mSTEP-1_1_1 SOFT WARNINGS (non-blocking):[0m
  ! fwd_rel=0.892 > target 0.500 (informational; no resume baseline available)
==============================================================
2026-05-15 12:59:15,560 INFO CSMF2.step_1_1_1.run :: STEP-1_1 run DONE  exit_ok=False  out=CSMF2/experiments/step_1_1_1/results/nsf_s2_n0.10_seed0_f4d2db7d8c94
