2026-05-13 12:14:12,437 INFO CSMF2.step_1_1_1.run :: STEP-1_1 run | tag=nice_s2_n0.00_seed0_af52573d25b0 | cfg=StepCfg(data_root='./mnist_data', scale=2, blur_sigma=1.0, noise_sigma=0.0, batch_size=128, expert='nice', dim=784, cond_width=128, h_dim=256, flow_hidden=256, use_film=True, cache_h=True, use_v2_conditioner=True, film_depth=2, film_hidden=128, film_use_gelu=True, realnvp_n_couplings=6, realnvp_s_max=2.0, glow_n_steps=8, glow_coupling_hidden=256, glow_s_max=2.0, glow_squeeze=True, glow_n_levels=1, glow_image_c=1, glow_image_h=28, glow_image_w=28, glow_film_gain_init=0.3, lr=0.001, epochs=30, weight_decay=0.0, grad_clip=5.0, shuffle_loss_lambda=0.0, shuffle_loss_margin=0.5, h_std_penalty_mu=0.0, h_std_target=0.05, cond_y_residual_alpha_init=0.0, latent_moment_lambda=0.0, latent_ks_target=0.1, fwd_rel_target=0.5, resume_from=None, seed=0, out_root='./CSMF2/experiments/step_1_1_1/results', log_every=50, sanity_every_epoch=True)
2026-05-13 12:14:12,503 INFO CSMF2.step_1_1_1.run :: [run] data sizes: train=55000  val=5000 (per-epoch)  test=10000 (final-only)
2026-05-13 12:14:12,562 INFO CSMF2.step_1_1_1.run :: [y_sanity] y.std(dim=0).mean() = 0.1294  shape=(128, 1, 14, 14)
2026-05-13 12:14:19,593 INFO CSMF2.step_1_1_1.run :: [h] epoch=0 step=50 total=0.03290 batch=0.00008
2026-05-13 12:14:19,594 INFO CSMF2.step_1_1_1.run :: [lat] epoch=0 step=50 mean_l2=0.02631 std_l2=3.05764
2026-05-13 12:14:19,653 INFO CSMF2.step_1_1_1.run :: epoch=0 step=50/429 train_nll=-423.466
2026-05-13 12:14:26,719 INFO CSMF2.step_1_1_1.run :: [h] epoch=0 step=100 total=0.13870 batch=0.00008
2026-05-13 12:14:26,719 INFO CSMF2.step_1_1_1.run :: [lat] epoch=0 step=100 mean_l2=0.05665 std_l2=0.73206
2026-05-13 12:14:26,779 INFO CSMF2.step_1_1_1.run :: epoch=0 step=100/429 train_nll=-695.680
2026-05-13 12:14:33,929 INFO CSMF2.step_1_1_1.run :: [h] epoch=0 step=150 total=0.17619 batch=0.00006
2026-05-13 12:14:33,929 INFO CSMF2.step_1_1_1.run :: [lat] epoch=0 step=150 mean_l2=0.02793 std_l2=0.53223
2026-05-13 12:14:33,998 INFO CSMF2.step_1_1_1.run :: epoch=0 step=150/429 train_nll=-832.064
2026-05-13 12:14:41,133 INFO CSMF2.step_1_1_1.run :: [h] epoch=0 step=200 total=0.20746 batch=0.00006
2026-05-13 12:14:41,133 INFO CSMF2.step_1_1_1.run :: [lat] epoch=0 step=200 mean_l2=0.03337 std_l2=0.37917
2026-05-13 12:14:41,193 INFO CSMF2.step_1_1_1.run :: epoch=0 step=200/429 train_nll=-917.237
2026-05-13 12:14:48,205 INFO CSMF2.step_1_1_1.run :: [h] epoch=0 step=250 total=0.22953 batch=0.00006
2026-05-13 12:14:48,206 INFO CSMF2.step_1_1_1.run :: [lat] epoch=0 step=250 mean_l2=0.02108 std_l2=0.37710
2026-05-13 12:14:48,275 INFO CSMF2.step_1_1_1.run :: epoch=0 step=250/429 train_nll=-977.505
2026-05-13 12:14:55,624 INFO CSMF2.step_1_1_1.run :: [h] epoch=0 step=300 total=0.25546 batch=0.00008
2026-05-13 12:14:55,625 INFO CSMF2.step_1_1_1.run :: [lat] epoch=0 step=300 mean_l2=0.01889 std_l2=0.35982
2026-05-13 12:14:55,690 INFO CSMF2.step_1_1_1.run :: epoch=0 step=300/429 train_nll=-1024.259
2026-05-13 12:15:03,344 INFO CSMF2.step_1_1_1.run :: [h] epoch=0 step=350 total=0.25909 batch=0.00013
2026-05-13 12:15:03,345 INFO CSMF2.step_1_1_1.run :: [lat] epoch=0 step=350 mean_l2=0.02110 std_l2=0.38923
2026-05-13 12:15:03,410 INFO CSMF2.step_1_1_1.run :: epoch=0 step=350/429 train_nll=-1062.182
2026-05-13 12:15:11,038 INFO CSMF2.step_1_1_1.run :: [h] epoch=0 step=400 total=0.26249 batch=0.00023
2026-05-13 12:15:11,038 INFO CSMF2.step_1_1_1.run :: [lat] epoch=0 step=400 mean_l2=0.01951 std_l2=0.38959
2026-05-13 12:15:11,103 INFO CSMF2.step_1_1_1.run :: epoch=0 step=400/429 train_nll=-1094.174
2026-05-13 12:15:18,994 INFO CSMF2.step_1_1_1.run :: epoch=0  train_nll=-1110.266  val_nll=-1342.806  t=66.4s
2026-05-13 12:15:18,994 INFO CSMF2.step_1_1_1.run :: [h_std] total=0.19335 batch=0.00061 (no penalty)
2026-05-13 12:15:18,994 INFO CSMF2.step_1_1_1.run :: [lat_epoch] mean_l2=0.10329 std_l2=1.09328 (no penalty)
2026-05-13 12:15:18,994 INFO CSMF2.step_1_1_1.run :: [grad] cond=0.3949 film_gain=0.0000
2026-05-13 12:15:30,210 INFO CSMF2.step_1_1_1.run :: [h] epoch=1 step=50 total=0.27458 batch=0.00035
2026-05-13 12:15:30,210 INFO CSMF2.step_1_1_1.run :: [lat] epoch=1 step=50 mean_l2=0.02201 std_l2=0.38449
2026-05-13 12:15:30,284 INFO CSMF2.step_1_1_1.run :: epoch=1 step=50/429 train_nll=-1352.881
2026-05-13 12:15:37,926 INFO CSMF2.step_1_1_1.run :: [h] epoch=1 step=100 total=0.27621 batch=0.00087
2026-05-13 12:15:37,927 INFO CSMF2.step_1_1_1.run :: [lat] epoch=1 step=100 mean_l2=0.02137 std_l2=0.38553
2026-05-13 12:15:37,991 INFO CSMF2.step_1_1_1.run :: epoch=1 step=100/429 train_nll=-1363.908
2026-05-13 12:15:45,666 INFO CSMF2.step_1_1_1.run :: [h] epoch=1 step=150 total=0.27078 batch=0.00130
2026-05-13 12:15:45,666 INFO CSMF2.step_1_1_1.run :: [lat] epoch=1 step=150 mean_l2=0.03552 std_l2=0.35966
2026-05-13 12:15:45,734 INFO CSMF2.step_1_1_1.run :: epoch=1 step=150/429 train_nll=-1375.593
2026-05-13 12:15:53,432 INFO CSMF2.step_1_1_1.run :: [h] epoch=1 step=200 total=0.26782 batch=0.00491
2026-05-13 12:15:53,433 INFO CSMF2.step_1_1_1.run :: [lat] epoch=1 step=200 mean_l2=0.02359 std_l2=0.40013
2026-05-13 12:15:53,511 INFO CSMF2.step_1_1_1.run :: epoch=1 step=200/429 train_nll=-1384.617
2026-05-13 12:16:01,552 INFO CSMF2.step_1_1_1.run :: [h] epoch=1 step=250 total=0.26446 batch=0.00801
2026-05-13 12:16:01,553 INFO CSMF2.step_1_1_1.run :: [lat] epoch=1 step=250 mean_l2=0.02978 std_l2=0.38168
2026-05-13 12:16:01,624 INFO CSMF2.step_1_1_1.run :: epoch=1 step=250/429 train_nll=-1394.286
2026-05-13 12:16:09,927 INFO CSMF2.step_1_1_1.run :: [h] epoch=1 step=300 total=0.27167 batch=0.00761
2026-05-13 12:16:09,927 INFO CSMF2.step_1_1_1.run :: [lat] epoch=1 step=300 mean_l2=0.03332 std_l2=0.34271
2026-05-13 12:16:10,016 INFO CSMF2.step_1_1_1.run :: epoch=1 step=300/429 train_nll=-1403.342
2026-05-13 12:16:18,259 INFO CSMF2.step_1_1_1.run :: [h] epoch=1 step=350 total=0.25802 batch=0.01270
2026-05-13 12:16:18,259 INFO CSMF2.step_1_1_1.run :: [lat] epoch=1 step=350 mean_l2=0.04497 std_l2=0.38954
2026-05-13 12:16:18,334 INFO CSMF2.step_1_1_1.run :: epoch=1 step=350/429 train_nll=-1412.344
2026-05-13 12:16:26,548 INFO CSMF2.step_1_1_1.run :: [h] epoch=1 step=400 total=0.26215 batch=0.01341
2026-05-13 12:16:26,549 INFO CSMF2.step_1_1_1.run :: [lat] epoch=1 step=400 mean_l2=0.03723 std_l2=0.37921
2026-05-13 12:16:26,622 INFO CSMF2.step_1_1_1.run :: epoch=1 step=400/429 train_nll=-1420.881
2026-05-13 12:16:34,690 INFO CSMF2.step_1_1_1.run :: epoch=1  train_nll=-1425.995  val_nll=-1501.412  t=71.8s
2026-05-13 12:16:34,690 INFO CSMF2.step_1_1_1.run :: [h_std] total=0.26653 batch=0.00551 (no penalty)
2026-05-13 12:16:34,690 INFO CSMF2.step_1_1_1.run :: [lat_epoch] mean_l2=0.02958 std_l2=0.37884 (no penalty)
2026-05-13 12:16:34,690 INFO CSMF2.step_1_1_1.run :: [grad] cond=6.0605 film_gain=0.0000
2026-05-13 12:16:46,182 INFO CSMF2.step_1_1_1.run :: [h] epoch=2 step=50 total=0.27573 batch=0.01388
2026-05-13 12:16:46,182 INFO CSMF2.step_1_1_1.run :: [lat] epoch=2 step=50 mean_l2=0.02866 std_l2=0.37548
2026-05-13 12:16:46,255 INFO CSMF2.step_1_1_1.run :: epoch=2 step=50/429 train_nll=-1510.661
2026-05-13 12:16:54,302 INFO CSMF2.step_1_1_1.run :: [h] epoch=2 step=100 total=0.27560 batch=0.01745
2026-05-13 12:16:54,302 INFO CSMF2.step_1_1_1.run :: [lat] epoch=2 step=100 mean_l2=0.03249 std_l2=0.37050
2026-05-13 12:16:54,374 INFO CSMF2.step_1_1_1.run :: epoch=2 step=100/429 train_nll=-1517.861
2026-05-13 12:17:02,379 INFO CSMF2.step_1_1_1.run :: [h] epoch=2 step=150 total=0.25969 batch=0.01578
2026-05-13 12:17:02,380 INFO CSMF2.step_1_1_1.run :: [lat] epoch=2 step=150 mean_l2=0.04082 std_l2=0.33282
2026-05-13 12:17:02,471 INFO CSMF2.step_1_1_1.run :: epoch=2 step=150/429 train_nll=-1525.493
2026-05-13 12:17:10,447 INFO CSMF2.step_1_1_1.run :: [h] epoch=2 step=200 total=0.26138 batch=0.02227
2026-05-13 12:17:10,448 INFO CSMF2.step_1_1_1.run :: [lat] epoch=2 step=200 mean_l2=0.03967 std_l2=0.37510
2026-05-13 12:17:10,520 INFO CSMF2.step_1_1_1.run :: epoch=2 step=200/429 train_nll=-1531.779
2026-05-13 12:17:18,443 INFO CSMF2.step_1_1_1.run :: [h] epoch=2 step=250 total=0.26366 batch=0.01975
2026-05-13 12:17:18,444 INFO CSMF2.step_1_1_1.run :: [lat] epoch=2 step=250 mean_l2=0.03837 std_l2=0.35981
2026-05-13 12:17:18,533 INFO CSMF2.step_1_1_1.run :: epoch=2 step=250/429 train_nll=-1538.923
2026-05-13 12:17:26,516 INFO CSMF2.step_1_1_1.run :: [h] epoch=2 step=300 total=0.26346 batch=0.02736
2026-05-13 12:17:26,517 INFO CSMF2.step_1_1_1.run :: [lat] epoch=2 step=300 mean_l2=0.03581 std_l2=0.31824
2026-05-13 12:17:26,589 INFO CSMF2.step_1_1_1.run :: epoch=2 step=300/429 train_nll=-1545.713
2026-05-13 12:17:34,674 INFO CSMF2.step_1_1_1.run :: [h] epoch=2 step=350 total=0.27336 batch=0.02309
2026-05-13 12:17:34,674 INFO CSMF2.step_1_1_1.run :: [lat] epoch=2 step=350 mean_l2=0.02930 std_l2=0.37039
2026-05-13 12:17:34,746 INFO CSMF2.step_1_1_1.run :: epoch=2 step=350/429 train_nll=-1552.927
2026-05-13 12:17:42,680 INFO CSMF2.step_1_1_1.run :: [h] epoch=2 step=400 total=0.26789 batch=0.03245
2026-05-13 12:17:42,680 INFO CSMF2.step_1_1_1.run :: [lat] epoch=2 step=400 mean_l2=0.05059 std_l2=0.35234
2026-05-13 12:17:42,752 INFO CSMF2.step_1_1_1.run :: epoch=2 step=400/429 train_nll=-1559.477
2026-05-13 12:17:50,697 INFO CSMF2.step_1_1_1.run :: epoch=2  train_nll=-1563.217  val_nll=-1620.413  t=72.3s
2026-05-13 12:17:50,697 INFO CSMF2.step_1_1_1.run :: [h_std] total=0.26580 batch=0.02115 (no penalty)
2026-05-13 12:17:50,697 INFO CSMF2.step_1_1_1.run :: [lat_epoch] mean_l2=0.03472 std_l2=0.35936 (no penalty)
2026-05-13 12:17:50,697 INFO CSMF2.step_1_1_1.run :: [grad] cond=17.7508 film_gain=0.0000
2026-05-13 12:18:02,227 INFO CSMF2.step_1_1_1.run :: [h] epoch=3 step=50 total=0.28304 batch=0.03307
2026-05-13 12:18:02,227 INFO CSMF2.step_1_1_1.run :: [lat] epoch=3 step=50 mean_l2=0.02844 std_l2=0.35097
2026-05-13 12:18:02,299 INFO CSMF2.step_1_1_1.run :: epoch=3 step=50/429 train_nll=-1626.109
2026-05-13 12:18:10,413 INFO CSMF2.step_1_1_1.run :: [h] epoch=3 step=100 total=0.27545 batch=0.04710
2026-05-13 12:18:10,414 INFO CSMF2.step_1_1_1.run :: [lat] epoch=3 step=100 mean_l2=0.03350 std_l2=0.34223
2026-05-13 12:18:10,505 INFO CSMF2.step_1_1_1.run :: epoch=3 step=100/429 train_nll=-1631.460
2026-05-13 12:18:18,556 INFO CSMF2.step_1_1_1.run :: [h] epoch=3 step=150 total=0.26721 batch=0.05021
2026-05-13 12:18:18,556 INFO CSMF2.step_1_1_1.run :: [lat] epoch=3 step=150 mean_l2=0.03745 std_l2=0.30110
2026-05-13 12:18:18,629 INFO CSMF2.step_1_1_1.run :: epoch=3 step=150/429 train_nll=-1637.927
2026-05-13 12:18:26,640 INFO CSMF2.step_1_1_1.run :: [h] epoch=3 step=200 total=0.26498 batch=0.06203
2026-05-13 12:18:26,641 INFO CSMF2.step_1_1_1.run :: [lat] epoch=3 step=200 mean_l2=0.03394 std_l2=0.34918
2026-05-13 12:18:26,713 INFO CSMF2.step_1_1_1.run :: epoch=3 step=200/429 train_nll=-1642.999
2026-05-13 12:18:34,725 INFO CSMF2.step_1_1_1.run :: [h] epoch=3 step=250 total=0.26695 batch=0.04652
2026-05-13 12:18:34,725 INFO CSMF2.step_1_1_1.run :: [lat] epoch=3 step=250 mean_l2=0.03621 std_l2=0.32768
2026-05-13 12:18:34,797 INFO CSMF2.step_1_1_1.run :: epoch=3 step=250/429 train_nll=-1648.182
2026-05-13 12:18:42,844 INFO CSMF2.step_1_1_1.run :: [h] epoch=3 step=300 total=0.26569 batch=0.05815
2026-05-13 12:18:42,844 INFO CSMF2.step_1_1_1.run :: [lat] epoch=3 step=300 mean_l2=0.04318 std_l2=0.29678
2026-05-13 12:18:42,917 INFO CSMF2.step_1_1_1.run :: epoch=3 step=300/429 train_nll=-1653.470
2026-05-13 12:18:50,944 INFO CSMF2.step_1_1_1.run :: [h] epoch=3 step=350 total=0.25980 batch=0.06244
2026-05-13 12:18:50,944 INFO CSMF2.step_1_1_1.run :: [lat] epoch=3 step=350 mean_l2=0.04008 std_l2=0.33835
2026-05-13 12:18:51,016 INFO CSMF2.step_1_1_1.run :: epoch=3 step=350/429 train_nll=-1659.016
2026-05-13 12:18:59,138 INFO CSMF2.step_1_1_1.run :: [h] epoch=3 step=400 total=0.25386 batch=0.07504
2026-05-13 12:18:59,138 INFO CSMF2.step_1_1_1.run :: [lat] epoch=3 step=400 mean_l2=0.04475 std_l2=0.32691
2026-05-13 12:18:59,209 INFO CSMF2.step_1_1_1.run :: epoch=3 step=400/429 train_nll=-1663.713
2026-05-13 12:19:07,048 INFO CSMF2.step_1_1_1.run :: epoch=3  train_nll=-1666.742  val_nll=-1697.268  t=72.6s
2026-05-13 12:19:07,049 INFO CSMF2.step_1_1_1.run :: [h_std] total=0.26194 batch=0.05336 (no penalty)
2026-05-13 12:19:07,049 INFO CSMF2.step_1_1_1.run :: [lat_epoch] mean_l2=0.04154 std_l2=0.33018 (no penalty)
2026-05-13 12:19:07,049 INFO CSMF2.step_1_1_1.run :: [grad] cond=19.5189 film_gain=0.0000
2026-05-13 12:19:18,613 INFO CSMF2.step_1_1_1.run :: [h] epoch=4 step=50 total=0.26516 batch=0.06504
2026-05-13 12:19:18,614 INFO CSMF2.step_1_1_1.run :: [lat] epoch=4 step=50 mean_l2=0.04821 std_l2=0.31784
2026-05-13 12:19:18,686 INFO CSMF2.step_1_1_1.run :: epoch=4 step=50/429 train_nll=-1712.852
2026-05-13 12:19:26,682 INFO CSMF2.step_1_1_1.run :: [h] epoch=4 step=100 total=0.25521 batch=0.07488
2026-05-13 12:19:26,682 INFO CSMF2.step_1_1_1.run :: [lat] epoch=4 step=100 mean_l2=0.04227 std_l2=0.31297
2026-05-13 12:19:26,754 INFO CSMF2.step_1_1_1.run :: epoch=4 step=100/429 train_nll=-1716.542
2026-05-13 12:19:34,712 INFO CSMF2.step_1_1_1.run :: [h] epoch=4 step=150 total=0.24703 batch=0.07055
2026-05-13 12:19:34,713 INFO CSMF2.step_1_1_1.run :: [lat] epoch=4 step=150 mean_l2=0.04783 std_l2=0.27937
2026-05-13 12:19:34,805 INFO CSMF2.step_1_1_1.run :: epoch=4 step=150/429 train_nll=-1722.283
2026-05-13 12:19:42,933 INFO CSMF2.step_1_1_1.run :: [h] epoch=4 step=200 total=0.24927 batch=0.07740
2026-05-13 12:19:42,934 INFO CSMF2.step_1_1_1.run :: [lat] epoch=4 step=200 mean_l2=0.05577 std_l2=0.31833
2026-05-13 12:19:43,024 INFO CSMF2.step_1_1_1.run :: epoch=4 step=200/429 train_nll=-1726.888
2026-05-13 12:19:51,004 INFO CSMF2.step_1_1_1.run :: [h] epoch=4 step=250 total=0.25773 batch=0.06279
2026-05-13 12:19:51,005 INFO CSMF2.step_1_1_1.run :: [lat] epoch=4 step=250 mean_l2=0.06102 std_l2=0.30750
2026-05-13 12:19:51,079 INFO CSMF2.step_1_1_1.run :: epoch=4 step=250/429 train_nll=-1731.961
2026-05-13 12:19:59,091 INFO CSMF2.step_1_1_1.run :: [h] epoch=4 step=300 total=0.25303 batch=0.07094
2026-05-13 12:19:59,092 INFO CSMF2.step_1_1_1.run :: [lat] epoch=4 step=300 mean_l2=0.04500 std_l2=0.29398
2026-05-13 12:19:59,164 INFO CSMF2.step_1_1_1.run :: epoch=4 step=300/429 train_nll=-1736.370
2026-05-13 12:20:07,173 INFO CSMF2.step_1_1_1.run :: [h] epoch=4 step=350 total=0.24733 batch=0.07556
2026-05-13 12:20:07,174 INFO CSMF2.step_1_1_1.run :: [lat] epoch=4 step=350 mean_l2=0.03533 std_l2=0.32002
2026-05-13 12:20:07,248 INFO CSMF2.step_1_1_1.run :: epoch=4 step=350/429 train_nll=-1741.867
2026-05-13 12:20:15,367 INFO CSMF2.step_1_1_1.run :: [h] epoch=4 step=400 total=0.25307 batch=0.08347
2026-05-13 12:20:15,367 INFO CSMF2.step_1_1_1.run :: [lat] epoch=4 step=400 mean_l2=0.05244 std_l2=0.31357
2026-05-13 12:20:15,440 INFO CSMF2.step_1_1_1.run :: epoch=4 step=400/429 train_nll=-1746.476
2026-05-13 12:20:23,368 INFO CSMF2.step_1_1_1.run :: epoch=4  train_nll=-1749.401  val_nll=-1790.153  t=72.6s
2026-05-13 12:20:23,368 INFO CSMF2.step_1_1_1.run :: [h_std] total=0.25023 batch=0.07261 (no penalty)
2026-05-13 12:20:23,368 INFO CSMF2.step_1_1_1.run :: [lat_epoch] mean_l2=0.04708 std_l2=0.30769 (no penalty)
2026-05-13 12:20:23,368 INFO CSMF2.step_1_1_1.run :: [grad] cond=32.6538 film_gain=0.0000
2026-05-13 12:20:34,933 INFO CSMF2.step_1_1_1.run :: [h] epoch=5 step=50 total=0.24903 batch=0.07389
2026-05-13 12:20:34,934 INFO CSMF2.step_1_1_1.run :: [lat] epoch=5 step=50 mean_l2=0.05300 std_l2=0.30598
2026-05-13 12:20:35,002 INFO CSMF2.step_1_1_1.run :: epoch=5 step=50/429 train_nll=-1792.927
2026-05-13 12:20:43,112 INFO CSMF2.step_1_1_1.run :: [h] epoch=5 step=100 total=0.25289 batch=0.08322
2026-05-13 12:20:43,112 INFO CSMF2.step_1_1_1.run :: [lat] epoch=5 step=100 mean_l2=0.04009 std_l2=0.31408
2026-05-13 12:20:43,184 INFO CSMF2.step_1_1_1.run :: epoch=5 step=100/429 train_nll=-1794.931
2026-05-13 12:20:51,270 INFO CSMF2.step_1_1_1.run :: [h] epoch=5 step=150 total=0.23966 batch=0.07702
2026-05-13 12:20:51,271 INFO CSMF2.step_1_1_1.run :: [lat] epoch=5 step=150 mean_l2=0.04492 std_l2=0.27147
2026-05-13 12:20:51,343 INFO CSMF2.step_1_1_1.run :: epoch=5 step=150/429 train_nll=-1799.732
2026-05-13 12:20:59,292 INFO CSMF2.step_1_1_1.run :: [h] epoch=5 step=200 total=0.24400 batch=0.08578
2026-05-13 12:20:59,293 INFO CSMF2.step_1_1_1.run :: [lat] epoch=5 step=200 mean_l2=0.05501 std_l2=0.30061
2026-05-13 12:20:59,382 INFO CSMF2.step_1_1_1.run :: epoch=5 step=200/429 train_nll=-1803.302
2026-05-13 12:21:07,505 INFO CSMF2.step_1_1_1.run :: [h] epoch=5 step=250 total=0.24338 batch=0.07638
2026-05-13 12:21:07,506 INFO CSMF2.step_1_1_1.run :: [lat] epoch=5 step=250 mean_l2=0.05033 std_l2=0.31879
2026-05-13 12:21:07,574 INFO CSMF2.step_1_1_1.run :: epoch=5 step=250/429 train_nll=-1806.683
2026-05-13 12:21:15,656 INFO CSMF2.step_1_1_1.run :: [h] epoch=5 step=300 total=0.24101 batch=0.08244
2026-05-13 12:21:15,657 INFO CSMF2.step_1_1_1.run :: [lat] epoch=5 step=300 mean_l2=0.04815 std_l2=0.31243
2026-05-13 12:21:15,724 INFO CSMF2.step_1_1_1.run :: epoch=5 step=300/429 train_nll=-1810.872
2026-05-13 12:21:23,670 INFO CSMF2.step_1_1_1.run :: [h] epoch=5 step=350 total=0.24100 batch=0.08759
2026-05-13 12:21:23,670 INFO CSMF2.step_1_1_1.run :: [lat] epoch=5 step=350 mean_l2=0.06396 std_l2=0.31410
2026-05-13 12:21:23,742 INFO CSMF2.step_1_1_1.run :: epoch=5 step=350/429 train_nll=-1815.501
2026-05-13 12:21:31,879 INFO CSMF2.step_1_1_1.run :: [h] epoch=5 step=400 total=0.23933 batch=0.09022
2026-05-13 12:21:31,879 INFO CSMF2.step_1_1_1.run :: [lat] epoch=5 step=400 mean_l2=0.09107 std_l2=0.29554
2026-05-13 12:21:31,951 INFO CSMF2.step_1_1_1.run :: epoch=5 step=400/429 train_nll=-1818.126
2026-05-13 12:21:39,929 INFO CSMF2.step_1_1_1.run :: epoch=5  train_nll=-1819.943  val_nll=-1840.908  t=72.8s
2026-05-13 12:21:39,929 INFO CSMF2.step_1_1_1.run :: [h_std] total=0.24138 batch=0.08058 (no penalty)
2026-05-13 12:21:39,929 INFO CSMF2.step_1_1_1.run :: [lat_epoch] mean_l2=0.05325 std_l2=0.29823 (no penalty)
2026-05-13 12:21:39,929 INFO CSMF2.step_1_1_1.run :: [grad] cond=204.2402 film_gain=0.0000
2026-05-13 12:21:51,591 INFO CSMF2.step_1_1_1.run :: [h] epoch=6 step=50 total=0.23225 batch=0.08018
2026-05-13 12:21:51,591 INFO CSMF2.step_1_1_1.run :: [lat] epoch=6 step=50 mean_l2=0.04248 std_l2=0.29552
2026-05-13 12:21:51,681 INFO CSMF2.step_1_1_1.run :: epoch=6 step=50/429 train_nll=-1844.317
2026-05-13 12:21:59,746 INFO CSMF2.step_1_1_1.run :: [h] epoch=6 step=100 total=0.23352 batch=0.09124
2026-05-13 12:21:59,746 INFO CSMF2.step_1_1_1.run :: [lat] epoch=6 step=100 mean_l2=0.05523 std_l2=0.33119
2026-05-13 12:21:59,818 INFO CSMF2.step_1_1_1.run :: epoch=6 step=100/429 train_nll=-1847.775
2026-05-13 12:22:07,936 INFO CSMF2.step_1_1_1.run :: [h] epoch=6 step=150 total=0.23098 batch=0.08763
2026-05-13 12:22:07,937 INFO CSMF2.step_1_1_1.run :: [lat] epoch=6 step=150 mean_l2=0.08357 std_l2=0.28737
2026-05-13 12:22:08,026 INFO CSMF2.step_1_1_1.run :: epoch=6 step=150/429 train_nll=-1854.144
2026-05-13 12:22:16,168 INFO CSMF2.step_1_1_1.run :: [h] epoch=6 step=200 total=0.23081 batch=0.09571
2026-05-13 12:22:16,169 INFO CSMF2.step_1_1_1.run :: [lat] epoch=6 step=200 mean_l2=0.05341 std_l2=0.29751
2026-05-13 12:22:16,259 INFO CSMF2.step_1_1_1.run :: epoch=6 step=200/429 train_nll=-1857.406
2026-05-13 12:22:24,315 INFO CSMF2.step_1_1_1.run :: [h] epoch=6 step=250 total=0.23497 batch=0.08718
2026-05-13 12:22:24,316 INFO CSMF2.step_1_1_1.run :: [lat] epoch=6 step=250 mean_l2=0.07412 std_l2=0.34387
2026-05-13 12:22:24,406 INFO CSMF2.step_1_1_1.run :: epoch=6 step=250/429 train_nll=-1861.645
2026-05-13 12:22:32,372 INFO CSMF2.step_1_1_1.run :: [h] epoch=6 step=300 total=0.23055 batch=0.09018
2026-05-13 12:22:32,372 INFO CSMF2.step_1_1_1.run :: [lat] epoch=6 step=300 mean_l2=0.05311 std_l2=0.35772
2026-05-13 12:22:32,444 INFO CSMF2.step_1_1_1.run :: epoch=6 step=300/429 train_nll=-1865.442
2026-05-13 12:22:40,521 INFO CSMF2.step_1_1_1.run :: [h] epoch=6 step=350 total=0.22811 batch=0.09652
2026-05-13 12:22:40,521 INFO CSMF2.step_1_1_1.run :: [lat] epoch=6 step=350 mean_l2=0.05274 std_l2=0.31855
2026-05-13 12:22:40,594 INFO CSMF2.step_1_1_1.run :: epoch=6 step=350/429 train_nll=-1869.884
2026-05-13 12:22:48,698 INFO CSMF2.step_1_1_1.run :: [h] epoch=6 step=400 total=0.23149 batch=0.09912
2026-05-13 12:22:48,698 INFO CSMF2.step_1_1_1.run :: [lat] epoch=6 step=400 mean_l2=0.05244 std_l2=0.31202
2026-05-13 12:22:48,770 INFO CSMF2.step_1_1_1.run :: epoch=6 step=400/429 train_nll=-1873.029
2026-05-13 12:22:56,685 INFO CSMF2.step_1_1_1.run :: epoch=6  train_nll=-1875.312  val_nll=-1906.623  t=72.9s
2026-05-13 12:22:56,685 INFO CSMF2.step_1_1_1.run :: [h_std] total=0.22792 batch=0.08993 (no penalty)
2026-05-13 12:22:56,685 INFO CSMF2.step_1_1_1.run :: [lat_epoch] mean_l2=0.05980 std_l2=0.30069 (no penalty)
2026-05-13 12:22:56,685 INFO CSMF2.step_1_1_1.run :: [grad] cond=223.5226 film_gain=0.0000
2026-05-13 12:23:08,353 INFO CSMF2.step_1_1_1.run :: [h] epoch=7 step=50 total=0.22539 batch=0.09046
2026-05-13 12:23:08,353 INFO CSMF2.step_1_1_1.run :: [lat] epoch=7 step=50 mean_l2=0.04669 std_l2=0.29732
2026-05-13 12:23:08,444 INFO CSMF2.step_1_1_1.run :: epoch=7 step=50/429 train_nll=-1906.909
2026-05-13 12:23:16,406 INFO CSMF2.step_1_1_1.run :: [h] epoch=7 step=100 total=0.23282 batch=0.09982
2026-05-13 12:23:16,406 INFO CSMF2.step_1_1_1.run :: [lat] epoch=7 step=100 mean_l2=0.04442 std_l2=0.38926
2026-05-13 12:23:16,479 INFO CSMF2.step_1_1_1.run :: epoch=7 step=100/429 train_nll=-1912.391
2026-05-13 12:23:24,483 INFO CSMF2.step_1_1_1.run :: [h] epoch=7 step=150 total=0.22113 batch=0.09391
2026-05-13 12:23:24,483 INFO CSMF2.step_1_1_1.run :: [lat] epoch=7 step=150 mean_l2=0.08210 std_l2=0.32012
2026-05-13 12:23:24,556 INFO CSMF2.step_1_1_1.run :: epoch=7 step=150/429 train_nll=-1916.212
2026-05-13 12:23:32,700 INFO CSMF2.step_1_1_1.run :: [h] epoch=7 step=200 total=0.22522 batch=0.10192
2026-05-13 12:23:32,700 INFO CSMF2.step_1_1_1.run :: [lat] epoch=7 step=200 mean_l2=0.05477 std_l2=0.31180
2026-05-13 12:23:32,791 INFO CSMF2.step_1_1_1.run :: epoch=7 step=200/429 train_nll=-1918.138
2026-05-13 12:23:40,899 INFO CSMF2.step_1_1_1.run :: [h] epoch=7 step=250 total=0.21947 batch=0.09317
2026-05-13 12:23:40,899 INFO CSMF2.step_1_1_1.run :: [lat] epoch=7 step=250 mean_l2=0.05839 std_l2=0.43775
2026-05-13 12:23:40,990 INFO CSMF2.step_1_1_1.run :: epoch=7 step=250/429 train_nll=-1920.525
2026-05-13 12:23:49,131 INFO CSMF2.step_1_1_1.run :: [h] epoch=7 step=300 total=0.21682 batch=0.09155
2026-05-13 12:23:49,131 INFO CSMF2.step_1_1_1.run :: [lat] epoch=7 step=300 mean_l2=0.04272 std_l2=0.42198
2026-05-13 12:23:49,203 INFO CSMF2.step_1_1_1.run :: epoch=7 step=300/429 train_nll=-1922.921
2026-05-13 12:23:57,219 INFO CSMF2.step_1_1_1.run :: [h] epoch=7 step=350 total=0.21455 batch=0.10010
2026-05-13 12:23:57,220 INFO CSMF2.step_1_1_1.run :: [lat] epoch=7 step=350 mean_l2=0.06417 std_l2=0.33783
2026-05-13 12:23:57,292 INFO CSMF2.step_1_1_1.run :: epoch=7 step=350/429 train_nll=-1926.256
2026-05-13 12:24:05,218 INFO CSMF2.step_1_1_1.run :: [h] epoch=7 step=400 total=0.21592 batch=0.10226
2026-05-13 12:24:05,219 INFO CSMF2.step_1_1_1.run :: [lat] epoch=7 step=400 mean_l2=0.07435 std_l2=0.34281
2026-05-13 12:24:05,291 INFO CSMF2.step_1_1_1.run :: epoch=7 step=400/429 train_nll=-1928.110
2026-05-13 12:24:13,422 INFO CSMF2.step_1_1_1.run :: epoch=7  train_nll=-1929.587  val_nll=-1954.190  t=72.9s
2026-05-13 12:24:13,422 INFO CSMF2.step_1_1_1.run :: [h_std] total=0.21895 batch=0.09546 (no penalty)
2026-05-13 12:24:13,422 INFO CSMF2.step_1_1_1.run :: [lat_epoch] mean_l2=0.06193 std_l2=0.32338 (no penalty)
2026-05-13 12:24:13,422 INFO CSMF2.step_1_1_1.run :: [grad] cond=37.4867 film_gain=0.0000
2026-05-13 12:24:25,132 INFO CSMF2.step_1_1_1.run :: [h] epoch=8 step=50 total=0.21041 batch=0.09515
2026-05-13 12:24:25,133 INFO CSMF2.step_1_1_1.run :: [lat] epoch=8 step=50 mean_l2=0.07361 std_l2=0.30669
2026-05-13 12:24:25,205 INFO CSMF2.step_1_1_1.run :: epoch=8 step=50/429 train_nll=-1949.901
2026-05-13 12:24:33,349 INFO CSMF2.step_1_1_1.run :: [h] epoch=8 step=100 total=0.21344 batch=0.10056
2026-05-13 12:24:33,350 INFO CSMF2.step_1_1_1.run :: [lat] epoch=8 step=100 mean_l2=0.07983 std_l2=0.46244
2026-05-13 12:24:33,440 INFO CSMF2.step_1_1_1.run :: epoch=8 step=100/429 train_nll=-1952.041
2026-05-13 12:24:41,615 INFO CSMF2.step_1_1_1.run :: [h] epoch=8 step=150 total=0.20685 batch=0.09928
2026-05-13 12:24:41,616 INFO CSMF2.step_1_1_1.run :: [lat] epoch=8 step=150 mean_l2=0.09094 std_l2=0.37205
2026-05-13 12:24:41,688 INFO CSMF2.step_1_1_1.run :: epoch=8 step=150/429 train_nll=-1955.956
2026-05-13 12:24:49,695 INFO CSMF2.step_1_1_1.run :: [h] epoch=8 step=200 total=0.20990 batch=0.10546
2026-05-13 12:24:49,695 INFO CSMF2.step_1_1_1.run :: [lat] epoch=8 step=200 mean_l2=0.06063 std_l2=0.30956
2026-05-13 12:24:49,775 INFO CSMF2.step_1_1_1.run :: epoch=8 step=200/429 train_nll=-1957.104
2026-05-13 12:24:57,832 INFO CSMF2.step_1_1_1.run :: [h] epoch=8 step=250 total=0.20672 batch=0.09536
2026-05-13 12:24:57,832 INFO CSMF2.step_1_1_1.run :: [lat] epoch=8 step=250 mean_l2=0.06996 std_l2=0.50814
2026-05-13 12:24:57,904 INFO CSMF2.step_1_1_1.run :: epoch=8 step=250/429 train_nll=-1960.114
2026-05-13 12:25:05,892 INFO CSMF2.step_1_1_1.run :: [h] epoch=8 step=300 total=0.20651 batch=0.09648
2026-05-13 12:25:05,892 INFO CSMF2.step_1_1_1.run :: [lat] epoch=8 step=300 mean_l2=0.05710 std_l2=0.53092
2026-05-13 12:25:05,964 INFO CSMF2.step_1_1_1.run :: epoch=8 step=300/429 train_nll=-1962.418
2026-05-13 12:25:13,879 INFO CSMF2.step_1_1_1.run :: [h] epoch=8 step=350 total=0.20766 batch=0.10339
2026-05-13 12:25:13,880 INFO CSMF2.step_1_1_1.run :: [lat] epoch=8 step=350 mean_l2=0.06921 std_l2=0.39839
2026-05-13 12:25:13,970 INFO CSMF2.step_1_1_1.run :: epoch=8 step=350/429 train_nll=-1966.344
2026-05-13 12:25:22,120 INFO CSMF2.step_1_1_1.run :: [h] epoch=8 step=400 total=0.21221 batch=0.10641
2026-05-13 12:25:22,121 INFO CSMF2.step_1_1_1.run :: [lat] epoch=8 step=400 mean_l2=0.05764 std_l2=0.40776
2026-05-13 12:25:22,194 INFO CSMF2.step_1_1_1.run :: epoch=8 step=400/429 train_nll=-1968.330
2026-05-13 12:25:30,684 INFO CSMF2.step_1_1_1.run :: epoch=8  train_nll=-1970.037  val_nll=-1993.481  t=73.3s
2026-05-13 12:25:30,684 INFO CSMF2.step_1_1_1.run :: [h_std] total=0.20725 batch=0.09930 (no penalty)
2026-05-13 12:25:30,685 INFO CSMF2.step_1_1_1.run :: [lat_epoch] mean_l2=0.06832 std_l2=0.35758 (no penalty)
2026-05-13 12:25:30,685 INFO CSMF2.step_1_1_1.run :: [grad] cond=57.9256 film_gain=0.0000
2026-05-13 12:25:42,346 INFO CSMF2.step_1_1_1.run :: [h] epoch=9 step=50 total=0.20676 batch=0.09711
2026-05-13 12:25:42,347 INFO CSMF2.step_1_1_1.run :: [lat] epoch=9 step=50 mean_l2=0.06243 std_l2=0.31950
2026-05-13 12:25:42,420 INFO CSMF2.step_1_1_1.run :: epoch=9 step=50/429 train_nll=-1993.754
2026-05-13 12:25:50,486 INFO CSMF2.step_1_1_1.run :: [h] epoch=9 step=100 total=0.20682 batch=0.10806
2026-05-13 12:25:50,487 INFO CSMF2.step_1_1_1.run :: [lat] epoch=9 step=100 mean_l2=0.05073 std_l2=0.56908
2026-05-13 12:25:50,559 INFO CSMF2.step_1_1_1.run :: epoch=9 step=100/429 train_nll=-1996.797
2026-05-13 12:25:58,634 INFO CSMF2.step_1_1_1.run :: [h] epoch=9 step=150 total=0.20084 batch=0.10188
2026-05-13 12:25:58,635 INFO CSMF2.step_1_1_1.run :: [lat] epoch=9 step=150 mean_l2=0.07158 std_l2=0.42733
2026-05-13 12:25:58,707 INFO CSMF2.step_1_1_1.run :: epoch=9 step=150/429 train_nll=-2000.578
2026-05-13 12:26:06,777 INFO CSMF2.step_1_1_1.run :: [h] epoch=9 step=200 total=0.20521 batch=0.11110
2026-05-13 12:26:06,778 INFO CSMF2.step_1_1_1.run :: [lat] epoch=9 step=200 mean_l2=0.07839 std_l2=0.30882
2026-05-13 12:26:06,850 INFO CSMF2.step_1_1_1.run :: epoch=9 step=200/429 train_nll=-2001.093
2026-05-13 12:26:14,865 INFO CSMF2.step_1_1_1.run :: [h] epoch=9 step=250 total=0.19760 batch=0.10168
2026-05-13 12:26:14,866 INFO CSMF2.step_1_1_1.run :: [lat] epoch=9 step=250 mean_l2=0.08161 std_l2=0.64344
2026-05-13 12:26:14,939 INFO CSMF2.step_1_1_1.run :: epoch=9 step=250/429 train_nll=-2002.411
2026-05-13 12:26:23,091 INFO CSMF2.step_1_1_1.run :: [h] epoch=9 step=300 total=0.19907 batch=0.10567
2026-05-13 12:26:23,091 INFO CSMF2.step_1_1_1.run :: [lat] epoch=9 step=300 mean_l2=0.06663 std_l2=0.58783
2026-05-13 12:26:23,164 INFO CSMF2.step_1_1_1.run :: epoch=9 step=300/429 train_nll=-2003.610
2026-05-13 12:26:31,234 INFO CSMF2.step_1_1_1.run :: [h] epoch=9 step=350 total=0.19909 batch=0.10914
2026-05-13 12:26:31,234 INFO CSMF2.step_1_1_1.run :: [lat] epoch=9 step=350 mean_l2=0.06533 std_l2=0.48303
2026-05-13 12:26:31,307 INFO CSMF2.step_1_1_1.run :: epoch=9 step=350/429 train_nll=-2006.685
2026-05-13 12:26:39,324 INFO CSMF2.step_1_1_1.run :: [h] epoch=9 step=400 total=0.20430 batch=0.11341
2026-05-13 12:26:39,324 INFO CSMF2.step_1_1_1.run :: [lat] epoch=9 step=400 mean_l2=0.07641 std_l2=0.53838
2026-05-13 12:26:39,396 INFO CSMF2.step_1_1_1.run :: epoch=9 step=400/429 train_nll=-2007.904
2026-05-13 12:26:47,497 INFO CSMF2.step_1_1_1.run :: epoch=9  train_nll=-2009.230  val_nll=-2027.202  t=73.0s
2026-05-13 12:26:47,497 INFO CSMF2.step_1_1_1.run :: [h_std] total=0.19963 batch=0.10516 (no penalty)
2026-05-13 12:26:47,497 INFO CSMF2.step_1_1_1.run :: [lat_epoch] mean_l2=0.07152 std_l2=0.40866 (no penalty)
2026-05-13 12:26:47,497 INFO CSMF2.step_1_1_1.run :: [grad] cond=77.3715 film_gain=0.0000
2026-05-13 12:26:59,181 INFO CSMF2.step_1_1_1.run :: [h] epoch=10 step=50 total=0.19570 batch=0.10556
2026-05-13 12:26:59,181 INFO CSMF2.step_1_1_1.run :: [lat] epoch=10 step=50 mean_l2=0.05787 std_l2=0.31812
2026-05-13 12:26:59,253 INFO CSMF2.step_1_1_1.run :: epoch=10 step=50/429 train_nll=-2025.846
2026-05-13 12:27:07,232 INFO CSMF2.step_1_1_1.run :: [h] epoch=10 step=100 total=0.19907 batch=0.11398
2026-05-13 12:27:07,232 INFO CSMF2.step_1_1_1.run :: [lat] epoch=10 step=100 mean_l2=0.08468 std_l2=0.66221
2026-05-13 12:27:07,304 INFO CSMF2.step_1_1_1.run :: epoch=10 step=100/429 train_nll=-2028.529
2026-05-13 12:27:15,531 INFO CSMF2.step_1_1_1.run :: [h] epoch=10 step=150 total=0.19510 batch=0.11156
2026-05-13 12:27:15,531 INFO CSMF2.step_1_1_1.run :: [lat] epoch=10 step=150 mean_l2=0.06836 std_l2=0.46611
2026-05-13 12:27:15,604 INFO CSMF2.step_1_1_1.run :: epoch=10 step=150/429 train_nll=-2033.842
2026-05-13 12:27:23,702 INFO CSMF2.step_1_1_1.run :: [h] epoch=10 step=200 total=0.19950 batch=0.12183
2026-05-13 12:27:23,702 INFO CSMF2.step_1_1_1.run :: [lat] epoch=10 step=200 mean_l2=0.07334 std_l2=0.33839
2026-05-13 12:27:23,774 INFO CSMF2.step_1_1_1.run :: epoch=10 step=200/429 train_nll=-2034.920
2026-05-13 12:27:31,868 INFO CSMF2.step_1_1_1.run :: [h] epoch=10 step=250 total=0.19479 batch=0.11165
2026-05-13 12:27:31,868 INFO CSMF2.step_1_1_1.run :: [lat] epoch=10 step=250 mean_l2=0.08841 std_l2=0.72457
2026-05-13 12:27:31,941 INFO CSMF2.step_1_1_1.run :: epoch=10 step=250/429 train_nll=-2036.103
2026-05-13 12:27:39,964 INFO CSMF2.step_1_1_1.run :: [h] epoch=10 step=300 total=0.19513 batch=0.11629
2026-05-13 12:27:39,964 INFO CSMF2.step_1_1_1.run :: [lat] epoch=10 step=300 mean_l2=0.06899 std_l2=0.68737
2026-05-13 12:27:40,036 INFO CSMF2.step_1_1_1.run :: epoch=10 step=300/429 train_nll=-2037.119
2026-05-13 12:27:48,129 INFO CSMF2.step_1_1_1.run :: [h] epoch=10 step=350 total=0.19389 batch=0.11792
2026-05-13 12:27:48,130 INFO CSMF2.step_1_1_1.run :: [lat] epoch=10 step=350 mean_l2=0.07919 std_l2=0.62829
2026-05-13 12:27:48,202 INFO CSMF2.step_1_1_1.run :: epoch=10 step=350/429 train_nll=-2040.602
2026-05-13 12:27:56,217 INFO CSMF2.step_1_1_1.run :: [h] epoch=10 step=400 total=0.19884 batch=0.11895
2026-05-13 12:27:56,217 INFO CSMF2.step_1_1_1.run :: [lat] epoch=10 step=400 mean_l2=0.09206 std_l2=0.80295
2026-05-13 12:27:56,289 INFO CSMF2.step_1_1_1.run :: epoch=10 step=400/429 train_nll=-2042.422
2026-05-13 12:28:04,543 INFO CSMF2.step_1_1_1.run :: epoch=10  train_nll=-2043.650  val_nll=-2055.586  t=73.2s
2026-05-13 12:28:04,543 INFO CSMF2.step_1_1_1.run :: [h_std] total=0.19559 batch=0.11485 (no penalty)
2026-05-13 12:28:04,543 INFO CSMF2.step_1_1_1.run :: [lat_epoch] mean_l2=0.07450 std_l2=0.47471 (no penalty)
2026-05-13 12:28:04,543 INFO CSMF2.step_1_1_1.run :: [grad] cond=253.3407 film_gain=0.0000
2026-05-13 12:28:16,152 INFO CSMF2.step_1_1_1.run :: [h] epoch=11 step=50 total=0.19341 batch=0.11490
2026-05-13 12:28:16,153 INFO CSMF2.step_1_1_1.run :: [lat] epoch=11 step=50 mean_l2=0.06976 std_l2=0.32573
2026-05-13 12:28:16,244 INFO CSMF2.step_1_1_1.run :: epoch=11 step=50/429 train_nll=-2061.965
2026-05-13 12:28:24,398 INFO CSMF2.step_1_1_1.run :: [h] epoch=11 step=100 total=0.19603 batch=0.12385
2026-05-13 12:28:24,398 INFO CSMF2.step_1_1_1.run :: [lat] epoch=11 step=100 mean_l2=0.10104 std_l2=0.80064
2026-05-13 12:28:24,471 INFO CSMF2.step_1_1_1.run :: epoch=11 step=100/429 train_nll=-2062.013
2026-05-13 12:28:32,555 INFO CSMF2.step_1_1_1.run :: [h] epoch=11 step=150 total=0.19314 batch=0.11966
2026-05-13 12:28:32,555 INFO CSMF2.step_1_1_1.run :: [lat] epoch=11 step=150 mean_l2=0.07268 std_l2=0.48907
2026-05-13 12:28:32,628 INFO CSMF2.step_1_1_1.run :: epoch=11 step=150/429 train_nll=-2066.728
2026-05-13 12:28:40,677 INFO CSMF2.step_1_1_1.run :: [h] epoch=11 step=200 total=0.19716 batch=0.12733
2026-05-13 12:28:40,677 INFO CSMF2.step_1_1_1.run :: [lat] epoch=11 step=200 mean_l2=0.07180 std_l2=0.34097
2026-05-13 12:28:40,749 INFO CSMF2.step_1_1_1.run :: epoch=11 step=200/429 train_nll=-2067.831
2026-05-13 12:28:49,013 INFO CSMF2.step_1_1_1.run :: [h] epoch=11 step=250 total=0.19108 batch=0.11744
2026-05-13 12:28:49,014 INFO CSMF2.step_1_1_1.run :: [lat] epoch=11 step=250 mean_l2=0.06902 std_l2=0.78275
2026-05-13 12:28:49,086 INFO CSMF2.step_1_1_1.run :: epoch=11 step=250/429 train_nll=-2068.620
2026-05-13 12:28:57,073 INFO CSMF2.step_1_1_1.run :: [h] epoch=11 step=300 total=0.18912 batch=0.11999
2026-05-13 12:28:57,074 INFO CSMF2.step_1_1_1.run :: [lat] epoch=11 step=300 mean_l2=0.08481 std_l2=0.78800
2026-05-13 12:28:57,146 INFO CSMF2.step_1_1_1.run :: epoch=11 step=300/429 train_nll=-2069.861
2026-05-13 12:29:05,193 INFO CSMF2.step_1_1_1.run :: [h] epoch=11 step=350 total=0.18966 batch=0.12293
2026-05-13 12:29:05,194 INFO CSMF2.step_1_1_1.run :: [lat] epoch=11 step=350 mean_l2=0.07435 std_l2=0.77336
2026-05-13 12:29:05,267 INFO CSMF2.step_1_1_1.run :: epoch=11 step=350/429 train_nll=-2073.220
2026-05-13 12:29:13,428 INFO CSMF2.step_1_1_1.run :: [h] epoch=11 step=400 total=0.19426 batch=0.12322
2026-05-13 12:29:13,428 INFO CSMF2.step_1_1_1.run :: [lat] epoch=11 step=400 mean_l2=0.06615 std_l2=1.12751
2026-05-13 12:29:13,500 INFO CSMF2.step_1_1_1.run :: epoch=11 step=400/429 train_nll=-2074.393
2026-05-13 12:29:21,723 INFO CSMF2.step_1_1_1.run :: epoch=11  train_nll=-2075.552  val_nll=-2089.795  t=73.3s
2026-05-13 12:29:21,723 INFO CSMF2.step_1_1_1.run :: [h_std] total=0.19236 batch=0.12100 (no penalty)
2026-05-13 12:29:21,723 INFO CSMF2.step_1_1_1.run :: [lat_epoch] mean_l2=0.07618 std_l2=0.54925 (no penalty)
2026-05-13 12:29:21,723 INFO CSMF2.step_1_1_1.run :: [grad] cond=107.9764 film_gain=0.0000
2026-05-13 12:29:33,290 INFO CSMF2.step_1_1_1.run :: [h] epoch=12 step=50 total=0.19005 batch=0.11847
2026-05-13 12:29:33,291 INFO CSMF2.step_1_1_1.run :: [lat] epoch=12 step=50 mean_l2=0.07625 std_l2=0.33706
2026-05-13 12:29:33,363 INFO CSMF2.step_1_1_1.run :: epoch=12 step=50/429 train_nll=-2092.578
2026-05-13 12:29:41,490 INFO CSMF2.step_1_1_1.run :: [h] epoch=12 step=100 total=0.19131 batch=0.12458
2026-05-13 12:29:41,490 INFO CSMF2.step_1_1_1.run :: [lat] epoch=12 step=100 mean_l2=0.09575 std_l2=0.84136
2026-05-13 12:29:41,563 INFO CSMF2.step_1_1_1.run :: epoch=12 step=100/429 train_nll=-2092.912
2026-05-13 12:29:49,599 INFO CSMF2.step_1_1_1.run :: [h] epoch=12 step=150 total=0.18909 batch=0.12161
2026-05-13 12:29:49,600 INFO CSMF2.step_1_1_1.run :: [lat] epoch=12 step=150 mean_l2=0.08724 std_l2=0.50931
2026-05-13 12:29:49,690 INFO CSMF2.step_1_1_1.run :: epoch=12 step=150/429 train_nll=-2096.701
2026-05-13 12:29:57,807 INFO CSMF2.step_1_1_1.run :: [h] epoch=12 step=200 total=0.19116 batch=0.12726
2026-05-13 12:29:57,807 INFO CSMF2.step_1_1_1.run :: [lat] epoch=12 step=200 mean_l2=0.10000 std_l2=0.35769
2026-05-13 12:29:57,880 INFO CSMF2.step_1_1_1.run :: epoch=12 step=200/429 train_nll=-2097.137
2026-05-13 12:30:06,188 INFO CSMF2.step_1_1_1.run :: [h] epoch=12 step=250 total=0.18477 batch=0.11927
2026-05-13 12:30:06,188 INFO CSMF2.step_1_1_1.run :: [lat] epoch=12 step=250 mean_l2=0.09063 std_l2=0.81882
2026-05-13 12:30:06,260 INFO CSMF2.step_1_1_1.run :: epoch=12 step=250/429 train_nll=-2098.033
2026-05-13 12:30:14,357 INFO CSMF2.step_1_1_1.run :: [h] epoch=12 step=300 total=0.18550 batch=0.12174
2026-05-13 12:30:14,357 INFO CSMF2.step_1_1_1.run :: [lat] epoch=12 step=300 mean_l2=0.07973 std_l2=0.83898
2026-05-13 12:30:14,430 INFO CSMF2.step_1_1_1.run :: epoch=12 step=300/429 train_nll=-2098.762
2026-05-13 12:30:22,397 INFO CSMF2.step_1_1_1.run :: [h] epoch=12 step=350 total=0.18569 batch=0.12410
2026-05-13 12:30:22,397 INFO CSMF2.step_1_1_1.run :: [lat] epoch=12 step=350 mean_l2=0.09353 std_l2=0.95441
2026-05-13 12:30:22,472 INFO CSMF2.step_1_1_1.run :: epoch=12 step=350/429 train_nll=-2101.291
2026-05-13 12:30:30,568 INFO CSMF2.step_1_1_1.run :: [h] epoch=12 step=400 total=0.18848 batch=0.12313
2026-05-13 12:30:30,568 INFO CSMF2.step_1_1_1.run :: [lat] epoch=12 step=400 mean_l2=0.06603 std_l2=1.57079
2026-05-13 12:30:30,641 INFO CSMF2.step_1_1_1.run :: epoch=12 step=400/429 train_nll=-2101.530
2026-05-13 12:30:38,889 INFO CSMF2.step_1_1_1.run :: epoch=12  train_nll=-2102.476  val_nll=-2117.386  t=73.4s
2026-05-13 12:30:38,890 INFO CSMF2.step_1_1_1.run :: [h_std] total=0.18750 batch=0.12222 (no penalty)
2026-05-13 12:30:38,890 INFO CSMF2.step_1_1_1.run :: [lat_epoch] mean_l2=0.08002 std_l2=0.63153 (no penalty)
2026-05-13 12:30:38,890 INFO CSMF2.step_1_1_1.run :: [grad] cond=83.1871 film_gain=0.0000
2026-05-13 12:30:50,500 INFO CSMF2.step_1_1_1.run :: [h] epoch=13 step=50 total=0.18584 batch=0.11994
2026-05-13 12:30:50,501 INFO CSMF2.step_1_1_1.run :: [lat] epoch=13 step=50 mean_l2=0.07295 std_l2=0.32432
2026-05-13 12:30:50,573 INFO CSMF2.step_1_1_1.run :: epoch=13 step=50/429 train_nll=-2119.331
2026-05-13 12:30:58,558 INFO CSMF2.step_1_1_1.run :: [h] epoch=13 step=100 total=0.18365 batch=0.12259
2026-05-13 12:30:58,558 INFO CSMF2.step_1_1_1.run :: [lat] epoch=13 step=100 mean_l2=0.07230 std_l2=0.84428
2026-05-13 12:30:58,631 INFO CSMF2.step_1_1_1.run :: epoch=13 step=100/429 train_nll=-2119.463
2026-05-13 12:31:06,629 INFO CSMF2.step_1_1_1.run :: [h] epoch=13 step=150 total=0.18335 batch=0.12290
2026-05-13 12:31:06,629 INFO CSMF2.step_1_1_1.run :: [lat] epoch=13 step=150 mean_l2=0.08967 std_l2=0.53072
2026-05-13 12:31:06,701 INFO CSMF2.step_1_1_1.run :: epoch=13 step=150/429 train_nll=-2122.884
2026-05-13 12:31:14,902 INFO CSMF2.step_1_1_1.run :: [h] epoch=13 step=200 total=0.18877 batch=0.13090
2026-05-13 12:31:14,902 INFO CSMF2.step_1_1_1.run :: [lat] epoch=13 step=200 mean_l2=0.07539 std_l2=0.33055
2026-05-13 12:31:14,974 INFO CSMF2.step_1_1_1.run :: epoch=13 step=200/429 train_nll=-2122.471
2026-05-13 12:31:23,116 INFO CSMF2.step_1_1_1.run :: [h] epoch=13 step=250 total=0.18122 batch=0.12065
2026-05-13 12:31:23,116 INFO CSMF2.step_1_1_1.run :: [lat] epoch=13 step=250 mean_l2=0.08135 std_l2=0.93021
2026-05-13 12:31:23,189 INFO CSMF2.step_1_1_1.run :: epoch=13 step=250/429 train_nll=-2123.115
2026-05-13 12:31:31,258 INFO CSMF2.step_1_1_1.run :: [h] epoch=13 step=300 total=0.18144 batch=0.12443
2026-05-13 12:31:31,258 INFO CSMF2.step_1_1_1.run :: [lat] epoch=13 step=300 mean_l2=0.06261 std_l2=0.86024
2026-05-13 12:31:31,330 INFO CSMF2.step_1_1_1.run :: epoch=13 step=300/429 train_nll=-2123.534
2026-05-13 12:31:39,359 INFO CSMF2.step_1_1_1.run :: [h] epoch=13 step=350 total=0.18222 batch=0.12523
2026-05-13 12:31:39,360 INFO CSMF2.step_1_1_1.run :: [lat] epoch=13 step=350 mean_l2=0.07738 std_l2=1.09687
2026-05-13 12:31:39,432 INFO CSMF2.step_1_1_1.run :: epoch=13 step=350/429 train_nll=-2126.342
2026-05-13 12:31:47,589 INFO CSMF2.step_1_1_1.run :: [h] epoch=13 step=400 total=0.18319 batch=0.12237
2026-05-13 12:31:47,589 INFO CSMF2.step_1_1_1.run :: [lat] epoch=13 step=400 mean_l2=0.06573 std_l2=1.89820
2026-05-13 12:31:47,662 INFO CSMF2.step_1_1_1.run :: epoch=13 step=400/429 train_nll=-2126.643
2026-05-13 12:31:55,901 INFO CSMF2.step_1_1_1.run :: epoch=13  train_nll=-2127.764  val_nll=-2127.620  t=73.2s
2026-05-13 12:31:55,901 INFO CSMF2.step_1_1_1.run :: [h_std] total=0.18294 batch=0.12318 (no penalty)
2026-05-13 12:31:55,901 INFO CSMF2.step_1_1_1.run :: [lat_epoch] mean_l2=0.08006 std_l2=0.70919 (no penalty)
2026-05-13 12:31:55,901 INFO CSMF2.step_1_1_1.run :: [grad] cond=156.8394 film_gain=0.0000
2026-05-13 12:32:07,442 INFO CSMF2.step_1_1_1.run :: [h] epoch=14 step=50 total=0.18116 batch=0.11982
2026-05-13 12:32:07,443 INFO CSMF2.step_1_1_1.run :: [lat] epoch=14 step=50 mean_l2=0.06968 std_l2=0.35359
2026-05-13 12:32:07,534 INFO CSMF2.step_1_1_1.run :: epoch=14 step=50/429 train_nll=-2137.816
2026-05-13 12:32:15,560 INFO CSMF2.step_1_1_1.run :: [h] epoch=14 step=100 total=0.17932 batch=0.12382
2026-05-13 12:32:15,560 INFO CSMF2.step_1_1_1.run :: [lat] epoch=14 step=100 mean_l2=0.09304 std_l2=0.78414
2026-05-13 12:32:15,652 INFO CSMF2.step_1_1_1.run :: epoch=14 step=100/429 train_nll=-2137.683
2026-05-13 12:32:23,921 INFO CSMF2.step_1_1_1.run :: [h] epoch=14 step=150 total=0.17764 batch=0.11994
2026-05-13 12:32:23,921 INFO CSMF2.step_1_1_1.run :: [lat] epoch=14 step=150 mean_l2=0.08242 std_l2=0.50933
2026-05-13 12:32:23,993 INFO CSMF2.step_1_1_1.run :: epoch=14 step=150/429 train_nll=-2142.240
2026-05-13 12:32:32,050 INFO CSMF2.step_1_1_1.run :: [h] epoch=14 step=200 total=0.18203 batch=0.12813
2026-05-13 12:32:32,050 INFO CSMF2.step_1_1_1.run :: [lat] epoch=14 step=200 mean_l2=0.06127 std_l2=0.30777
2026-05-13 12:32:32,122 INFO CSMF2.step_1_1_1.run :: epoch=14 step=200/429 train_nll=-2142.401
2026-05-13 12:32:40,170 INFO CSMF2.step_1_1_1.run :: [h] epoch=14 step=250 total=0.17491 batch=0.11892
2026-05-13 12:32:40,170 INFO CSMF2.step_1_1_1.run :: [lat] epoch=14 step=250 mean_l2=0.09153 std_l2=0.94964
2026-05-13 12:32:40,243 INFO CSMF2.step_1_1_1.run :: epoch=14 step=250/429 train_nll=-2143.452
2026-05-13 12:32:48,339 INFO CSMF2.step_1_1_1.run :: [h] epoch=14 step=300 total=0.17602 batch=0.12426
2026-05-13 12:32:48,339 INFO CSMF2.step_1_1_1.run :: [lat] epoch=14 step=300 mean_l2=0.08640 std_l2=0.82361
2026-05-13 12:32:48,430 INFO CSMF2.step_1_1_1.run :: epoch=14 step=300/429 train_nll=-2144.000
2026-05-13 12:32:56,573 INFO CSMF2.step_1_1_1.run :: [h] epoch=14 step=350 total=0.17723 batch=0.12448
2026-05-13 12:32:56,573 INFO CSMF2.step_1_1_1.run :: [lat] epoch=14 step=350 mean_l2=0.07612 std_l2=1.04467
2026-05-13 12:32:56,646 INFO CSMF2.step_1_1_1.run :: epoch=14 step=350/429 train_nll=-2146.774
2026-05-13 12:33:04,772 INFO CSMF2.step_1_1_1.run :: [h] epoch=14 step=400 total=0.17806 batch=0.12262
2026-05-13 12:33:04,773 INFO CSMF2.step_1_1_1.run :: [lat] epoch=14 step=400 mean_l2=0.09025 std_l2=2.27304
2026-05-13 12:33:04,845 INFO CSMF2.step_1_1_1.run :: epoch=14 step=400/429 train_nll=-2146.283
2026-05-13 12:33:12,992 INFO CSMF2.step_1_1_1.run :: epoch=14  train_nll=-2146.866  val_nll=-2151.713  t=73.3s
2026-05-13 12:33:12,992 INFO CSMF2.step_1_1_1.run :: [h_std] total=0.17719 batch=0.12212 (no penalty)
2026-05-13 12:33:12,993 INFO CSMF2.step_1_1_1.run :: [lat_epoch] mean_l2=0.08265 std_l2=0.79640 (no penalty)
2026-05-13 12:33:12,993 INFO CSMF2.step_1_1_1.run :: [grad] cond=268.8146 film_gain=0.0000
2026-05-13 12:33:24,637 INFO CSMF2.step_1_1_1.run :: [h] epoch=15 step=50 total=0.17512 batch=0.12000
2026-05-13 12:33:24,637 INFO CSMF2.step_1_1_1.run :: [lat] epoch=15 step=50 mean_l2=0.10757 std_l2=0.30501
2026-05-13 12:33:24,710 INFO CSMF2.step_1_1_1.run :: epoch=15 step=50/429 train_nll=-2151.931
2026-05-13 12:33:32,836 INFO CSMF2.step_1_1_1.run :: [h] epoch=15 step=100 total=0.17384 batch=0.12185
2026-05-13 12:33:32,836 INFO CSMF2.step_1_1_1.run :: [lat] epoch=15 step=100 mean_l2=0.09026 std_l2=0.71123
2026-05-13 12:33:32,908 INFO CSMF2.step_1_1_1.run :: epoch=15 step=100/429 train_nll=-2152.206
2026-05-13 12:33:40,920 INFO CSMF2.step_1_1_1.run :: [h] epoch=15 step=150 total=0.17349 batch=0.12182
2026-05-13 12:33:40,921 INFO CSMF2.step_1_1_1.run :: [lat] epoch=15 step=150 mean_l2=0.06201 std_l2=0.59075
2026-05-13 12:33:40,993 INFO CSMF2.step_1_1_1.run :: epoch=15 step=150/429 train_nll=-2157.945
2026-05-13 12:33:49,104 INFO CSMF2.step_1_1_1.run :: [h] epoch=15 step=200 total=0.17638 batch=0.12729
2026-05-13 12:33:49,104 INFO CSMF2.step_1_1_1.run :: [lat] epoch=15 step=200 mean_l2=0.09642 std_l2=0.39887
2026-05-13 12:33:49,176 INFO CSMF2.step_1_1_1.run :: epoch=15 step=200/429 train_nll=-2158.864
2026-05-13 12:33:57,204 INFO CSMF2.step_1_1_1.run :: [h] epoch=15 step=250 total=0.16911 batch=0.11808
2026-05-13 12:33:57,204 INFO CSMF2.step_1_1_1.run :: [lat] epoch=15 step=250 mean_l2=0.08608 std_l2=0.96899
2026-05-13 12:33:57,296 INFO CSMF2.step_1_1_1.run :: epoch=15 step=250/429 train_nll=-2160.000
2026-05-13 12:34:05,413 INFO CSMF2.step_1_1_1.run :: [h] epoch=15 step=300 total=0.17219 batch=0.12363
2026-05-13 12:34:05,414 INFO CSMF2.step_1_1_1.run :: [lat] epoch=15 step=300 mean_l2=0.08579 std_l2=0.88351
2026-05-13 12:34:05,487 INFO CSMF2.step_1_1_1.run :: epoch=15 step=300/429 train_nll=-2160.637
2026-05-13 12:34:13,601 INFO CSMF2.step_1_1_1.run :: [h] epoch=15 step=350 total=0.17223 batch=0.12412
2026-05-13 12:34:13,602 INFO CSMF2.step_1_1_1.run :: [lat] epoch=15 step=350 mean_l2=0.07840 std_l2=1.06603
2026-05-13 12:34:13,674 INFO CSMF2.step_1_1_1.run :: epoch=15 step=350/429 train_nll=-2163.874
2026-05-13 12:34:21,625 INFO CSMF2.step_1_1_1.run :: [h] epoch=15 step=400 total=0.17165 batch=0.12017
2026-05-13 12:34:21,626 INFO CSMF2.step_1_1_1.run :: [lat] epoch=15 step=400 mean_l2=0.07873 std_l2=2.63610
2026-05-13 12:34:21,698 INFO CSMF2.step_1_1_1.run :: epoch=15 step=400/429 train_nll=-2164.317
2026-05-13 12:34:29,902 INFO CSMF2.step_1_1_1.run :: epoch=15  train_nll=-2165.174  val_nll=-2158.395  t=73.1s
2026-05-13 12:34:29,902 INFO CSMF2.step_1_1_1.run :: [h_std] total=0.17242 batch=0.12200 (no penalty)
2026-05-13 12:34:29,903 INFO CSMF2.step_1_1_1.run :: [lat_epoch] mean_l2=0.08341 std_l2=0.86678 (no penalty)
2026-05-13 12:34:29,903 INFO CSMF2.step_1_1_1.run :: [grad] cond=171.7465 film_gain=0.0000
2026-05-13 12:34:41,351 INFO CSMF2.step_1_1_1.run :: [h] epoch=16 step=50 total=0.17165 batch=0.12076
2026-05-13 12:34:41,351 INFO CSMF2.step_1_1_1.run :: [lat] epoch=16 step=50 mean_l2=0.07277 std_l2=0.29366
2026-05-13 12:34:41,425 INFO CSMF2.step_1_1_1.run :: epoch=16 step=50/429 train_nll=-2175.982
2026-05-13 12:34:49,393 INFO CSMF2.step_1_1_1.run :: [h] epoch=16 step=100 total=0.16892 batch=0.12201
2026-05-13 12:34:49,393 INFO CSMF2.step_1_1_1.run :: [lat] epoch=16 step=100 mean_l2=0.06954 std_l2=0.68515
2026-05-13 12:34:49,466 INFO CSMF2.step_1_1_1.run :: epoch=16 step=100/429 train_nll=-2173.814
2026-05-13 12:34:57,458 INFO CSMF2.step_1_1_1.run :: [h] epoch=16 step=150 total=0.17121 batch=0.12343
2026-05-13 12:34:57,459 INFO CSMF2.step_1_1_1.run :: [lat] epoch=16 step=150 mean_l2=0.08413 std_l2=0.47347
2026-05-13 12:34:57,531 INFO CSMF2.step_1_1_1.run :: epoch=16 step=150/429 train_nll=-2178.205
2026-05-13 12:35:05,732 INFO CSMF2.step_1_1_1.run :: [h] epoch=16 step=200 total=0.17216 batch=0.12531
2026-05-13 12:35:05,732 INFO CSMF2.step_1_1_1.run :: [lat] epoch=16 step=200 mean_l2=0.08537 std_l2=0.30414
2026-05-13 12:35:05,805 INFO CSMF2.step_1_1_1.run :: epoch=16 step=200/429 train_nll=-2177.395
2026-05-13 12:35:14,187 INFO CSMF2.step_1_1_1.run :: [h] epoch=16 step=250 total=0.16468 batch=0.11615
2026-05-13 12:35:14,187 INFO CSMF2.step_1_1_1.run :: [lat] epoch=16 step=250 mean_l2=0.08511 std_l2=1.10807
2026-05-13 12:35:14,260 INFO CSMF2.step_1_1_1.run :: epoch=16 step=250/429 train_nll=-2177.279
2026-05-13 12:35:22,230 INFO CSMF2.step_1_1_1.run :: [h] epoch=16 step=300 total=0.16578 batch=0.12104
2026-05-13 12:35:22,230 INFO CSMF2.step_1_1_1.run :: [lat] epoch=16 step=300 mean_l2=0.07537 std_l2=0.77494
2026-05-13 12:35:22,302 INFO CSMF2.step_1_1_1.run :: epoch=16 step=300/429 train_nll=-2177.120
2026-05-13 12:35:30,320 INFO CSMF2.step_1_1_1.run :: [h] epoch=16 step=350 total=0.16627 batch=0.12091
2026-05-13 12:35:30,321 INFO CSMF2.step_1_1_1.run :: [lat] epoch=16 step=350 mean_l2=0.09144 std_l2=1.08921
2026-05-13 12:35:30,393 INFO CSMF2.step_1_1_1.run :: epoch=16 step=350/429 train_nll=-2179.627
2026-05-13 12:35:38,389 INFO CSMF2.step_1_1_1.run :: [h] epoch=16 step=400 total=0.16912 batch=0.12073
2026-05-13 12:35:38,389 INFO CSMF2.step_1_1_1.run :: [lat] epoch=16 step=400 mean_l2=0.07483 std_l2=3.03130
2026-05-13 12:35:38,463 INFO CSMF2.step_1_1_1.run :: epoch=16 step=400/429 train_nll=-2179.540
2026-05-13 12:35:46,597 INFO CSMF2.step_1_1_1.run :: epoch=16  train_nll=-2180.412  val_nll=-2178.689  t=72.9s
2026-05-13 12:35:46,597 INFO CSMF2.step_1_1_1.run :: [h_std] total=0.16772 batch=0.12051 (no penalty)
2026-05-13 12:35:46,597 INFO CSMF2.step_1_1_1.run :: [lat_epoch] mean_l2=0.08565 std_l2=0.92683 (no penalty)
2026-05-13 12:35:46,597 INFO CSMF2.step_1_1_1.run :: [grad] cond=246.2482 film_gain=0.0000
2026-05-13 12:35:58,144 INFO CSMF2.step_1_1_1.run :: [h] epoch=17 step=50 total=0.16564 batch=0.11750
2026-05-13 12:35:58,144 INFO CSMF2.step_1_1_1.run :: [lat] epoch=17 step=50 mean_l2=0.07362 std_l2=0.27818
2026-05-13 12:35:58,217 INFO CSMF2.step_1_1_1.run :: epoch=17 step=50/429 train_nll=-2190.303
2026-05-13 12:36:06,375 INFO CSMF2.step_1_1_1.run :: [h] epoch=17 step=100 total=0.16280 batch=0.11914
2026-05-13 12:36:06,375 INFO CSMF2.step_1_1_1.run :: [lat] epoch=17 step=100 mean_l2=0.08706 std_l2=0.65848
2026-05-13 12:36:06,467 INFO CSMF2.step_1_1_1.run :: epoch=17 step=100/429 train_nll=-2189.870
2026-05-13 12:36:14,524 INFO CSMF2.step_1_1_1.run :: [h] epoch=17 step=150 total=0.16554 batch=0.12065
2026-05-13 12:36:14,524 INFO CSMF2.step_1_1_1.run :: [lat] epoch=17 step=150 mean_l2=0.07550 std_l2=0.43926
2026-05-13 12:36:14,597 INFO CSMF2.step_1_1_1.run :: epoch=17 step=150/429 train_nll=-2194.555
2026-05-13 12:36:22,690 INFO CSMF2.step_1_1_1.run :: [h] epoch=17 step=200 total=0.16572 batch=0.12213
2026-05-13 12:36:22,690 INFO CSMF2.step_1_1_1.run :: [lat] epoch=17 step=200 mean_l2=0.07937 std_l2=0.27289
2026-05-13 12:36:22,763 INFO CSMF2.step_1_1_1.run :: epoch=17 step=200/429 train_nll=-2194.451
2026-05-13 12:36:30,818 INFO CSMF2.step_1_1_1.run :: [h] epoch=17 step=250 total=0.15809 batch=0.11354
2026-05-13 12:36:30,819 INFO CSMF2.step_1_1_1.run :: [lat] epoch=17 step=250 mean_l2=0.09236 std_l2=0.86771
2026-05-13 12:36:30,891 INFO CSMF2.step_1_1_1.run :: epoch=17 step=250/429 train_nll=-2194.516
2026-05-13 12:36:38,937 INFO CSMF2.step_1_1_1.run :: [h] epoch=17 step=300 total=0.16076 batch=0.11906
2026-05-13 12:36:38,937 INFO CSMF2.step_1_1_1.run :: [lat] epoch=17 step=300 mean_l2=0.07719 std_l2=0.80390
2026-05-13 12:36:39,028 INFO CSMF2.step_1_1_1.run :: epoch=17 step=300/429 train_nll=-2193.375
2026-05-13 12:36:47,109 INFO CSMF2.step_1_1_1.run :: [h] epoch=17 step=350 total=0.15954 batch=0.11672
2026-05-13 12:36:47,109 INFO CSMF2.step_1_1_1.run :: [lat] epoch=17 step=350 mean_l2=0.08329 std_l2=1.28094
2026-05-13 12:36:47,201 INFO CSMF2.step_1_1_1.run :: epoch=17 step=350/429 train_nll=-2196.065
2026-05-13 12:36:55,440 INFO CSMF2.step_1_1_1.run :: [h] epoch=17 step=400 total=0.16154 batch=0.11656
2026-05-13 12:36:55,440 INFO CSMF2.step_1_1_1.run :: [lat] epoch=17 step=400 mean_l2=0.07347 std_l2=3.24129
2026-05-13 12:36:55,532 INFO CSMF2.step_1_1_1.run :: epoch=17 step=400/429 train_nll=-2195.993
2026-05-13 12:37:03,487 INFO CSMF2.step_1_1_1.run :: epoch=17  train_nll=-2196.885  val_nll=-2197.274  t=73.1s
2026-05-13 12:37:03,487 INFO CSMF2.step_1_1_1.run :: [h_std] total=0.16206 batch=0.11781 (no penalty)
2026-05-13 12:37:03,487 INFO CSMF2.step_1_1_1.run :: [lat_epoch] mean_l2=0.08480 std_l2=0.97971 (no penalty)
2026-05-13 12:37:03,487 INFO CSMF2.step_1_1_1.run :: [grad] cond=181.9690 film_gain=0.0000
2026-05-13 12:37:14,998 INFO CSMF2.step_1_1_1.run :: [h] epoch=18 step=50 total=0.16136 batch=0.11645
2026-05-13 12:37:14,998 INFO CSMF2.step_1_1_1.run :: [lat] epoch=18 step=50 mean_l2=0.09147 std_l2=0.26920
2026-05-13 12:37:15,070 INFO CSMF2.step_1_1_1.run :: epoch=18 step=50/429 train_nll=-2206.764
2026-05-13 12:37:23,127 INFO CSMF2.step_1_1_1.run :: [h] epoch=18 step=100 total=0.15930 batch=0.11591
2026-05-13 12:37:23,128 INFO CSMF2.step_1_1_1.run :: [lat] epoch=18 step=100 mean_l2=0.09170 std_l2=0.62346
2026-05-13 12:37:23,200 INFO CSMF2.step_1_1_1.run :: epoch=18 step=100/429 train_nll=-2204.989
2026-05-13 12:37:31,207 INFO CSMF2.step_1_1_1.run :: [h] epoch=18 step=150 total=0.15979 batch=0.11783
2026-05-13 12:37:31,207 INFO CSMF2.step_1_1_1.run :: [lat] epoch=18 step=150 mean_l2=0.12437 std_l2=0.47539
2026-05-13 12:37:31,299 INFO CSMF2.step_1_1_1.run :: epoch=18 step=150/429 train_nll=-2207.584
2026-05-13 12:37:39,329 INFO CSMF2.step_1_1_1.run :: [h] epoch=18 step=200 total=0.16188 batch=0.12057
2026-05-13 12:37:39,330 INFO CSMF2.step_1_1_1.run :: [lat] epoch=18 step=200 mean_l2=0.07345 std_l2=0.28651
2026-05-13 12:37:39,402 INFO CSMF2.step_1_1_1.run :: epoch=18 step=200/429 train_nll=-2205.454
2026-05-13 12:37:47,504 INFO CSMF2.step_1_1_1.run :: [h] epoch=18 step=250 total=0.15400 batch=0.11209
2026-05-13 12:37:47,505 INFO CSMF2.step_1_1_1.run :: [lat] epoch=18 step=250 mean_l2=0.07172 std_l2=0.90029
2026-05-13 12:37:47,578 INFO CSMF2.step_1_1_1.run :: epoch=18 step=250/429 train_nll=-2205.931
2026-05-13 12:37:55,737 INFO CSMF2.step_1_1_1.run :: [h] epoch=18 step=300 total=0.15766 batch=0.11797
2026-05-13 12:37:55,738 INFO CSMF2.step_1_1_1.run :: [lat] epoch=18 step=300 mean_l2=0.09603 std_l2=0.72070
2026-05-13 12:37:55,810 INFO CSMF2.step_1_1_1.run :: epoch=18 step=300/429 train_nll=-2206.194
2026-05-13 12:38:03,787 INFO CSMF2.step_1_1_1.run :: [h] epoch=18 step=350 total=0.15549 batch=0.11605
2026-05-13 12:38:03,788 INFO CSMF2.step_1_1_1.run :: [lat] epoch=18 step=350 mean_l2=0.09775 std_l2=1.05564
2026-05-13 12:38:03,860 INFO CSMF2.step_1_1_1.run :: epoch=18 step=350/429 train_nll=-2208.911
2026-05-13 12:38:11,874 INFO CSMF2.step_1_1_1.run :: [h] epoch=18 step=400 total=0.15517 batch=0.11306
2026-05-13 12:38:11,874 INFO CSMF2.step_1_1_1.run :: [lat] epoch=18 step=400 mean_l2=0.08364 std_l2=3.77143
2026-05-13 12:38:11,947 INFO CSMF2.step_1_1_1.run :: epoch=18 step=400/429 train_nll=-2209.113
2026-05-13 12:38:19,866 INFO CSMF2.step_1_1_1.run :: epoch=18  train_nll=-2209.905  val_nll=-2203.988  t=72.7s
2026-05-13 12:38:19,866 INFO CSMF2.step_1_1_1.run :: [h_std] total=0.15723 batch=0.11541 (no penalty)
2026-05-13 12:38:19,866 INFO CSMF2.step_1_1_1.run :: [lat_epoch] mean_l2=0.08620 std_l2=1.03367 (no penalty)
2026-05-13 12:38:19,866 INFO CSMF2.step_1_1_1.run :: [grad] cond=165.1116 film_gain=0.0000
2026-05-13 12:38:31,343 INFO CSMF2.step_1_1_1.run :: [h] epoch=19 step=50 total=0.15679 batch=0.11390
2026-05-13 12:38:31,344 INFO CSMF2.step_1_1_1.run :: [lat] epoch=19 step=50 mean_l2=0.07622 std_l2=0.24298
2026-05-13 12:38:31,417 INFO CSMF2.step_1_1_1.run :: epoch=19 step=50/429 train_nll=-2216.588
2026-05-13 12:38:39,419 INFO CSMF2.step_1_1_1.run :: [h] epoch=19 step=100 total=0.15450 batch=0.11324
2026-05-13 12:38:39,420 INFO CSMF2.step_1_1_1.run :: [lat] epoch=19 step=100 mean_l2=0.06228 std_l2=0.61201
2026-05-13 12:38:39,493 INFO CSMF2.step_1_1_1.run :: epoch=19 step=100/429 train_nll=-2217.586
2026-05-13 12:38:47,543 INFO CSMF2.step_1_1_1.run :: [h] epoch=19 step=150 total=0.15592 batch=0.11496
2026-05-13 12:38:47,544 INFO CSMF2.step_1_1_1.run :: [lat] epoch=19 step=150 mean_l2=0.08739 std_l2=0.46254
2026-05-13 12:38:47,616 INFO CSMF2.step_1_1_1.run :: epoch=19 step=150/429 train_nll=-2221.512
2026-05-13 12:38:55,594 INFO CSMF2.step_1_1_1.run :: [h] epoch=19 step=200 total=0.15758 batch=0.11845
2026-05-13 12:38:55,595 INFO CSMF2.step_1_1_1.run :: [lat] epoch=19 step=200 mean_l2=0.08374 std_l2=0.30198
2026-05-13 12:38:55,668 INFO CSMF2.step_1_1_1.run :: epoch=19 step=200/429 train_nll=-2220.521
2026-05-13 12:39:03,723 INFO CSMF2.step_1_1_1.run :: [h] epoch=19 step=250 total=0.15002 batch=0.11076
2026-05-13 12:39:03,723 INFO CSMF2.step_1_1_1.run :: [lat] epoch=19 step=250 mean_l2=0.08788 std_l2=0.79553
2026-05-13 12:39:03,815 INFO CSMF2.step_1_1_1.run :: epoch=19 step=250/429 train_nll=-2220.827
2026-05-13 12:39:12,007 INFO CSMF2.step_1_1_1.run :: [h] epoch=19 step=300 total=0.15189 batch=0.11468
2026-05-13 12:39:12,007 INFO CSMF2.step_1_1_1.run :: [lat] epoch=19 step=300 mean_l2=0.09008 std_l2=0.71042
2026-05-13 12:39:12,079 INFO CSMF2.step_1_1_1.run :: epoch=19 step=300/429 train_nll=-2220.965
2026-05-13 12:39:20,166 INFO CSMF2.step_1_1_1.run :: [h] epoch=19 step=350 total=0.15056 batch=0.11296
2026-05-13 12:39:20,167 INFO CSMF2.step_1_1_1.run :: [lat] epoch=19 step=350 mean_l2=0.07567 std_l2=1.57263
2026-05-13 12:39:20,258 INFO CSMF2.step_1_1_1.run :: epoch=19 step=350/429 train_nll=-2223.569
2026-05-13 12:39:28,258 INFO CSMF2.step_1_1_1.run :: [h] epoch=19 step=400 total=0.15250 batch=0.11231
2026-05-13 12:39:28,259 INFO CSMF2.step_1_1_1.run :: [lat] epoch=19 step=400 mean_l2=0.08408 std_l2=3.90443
2026-05-13 12:39:28,331 INFO CSMF2.step_1_1_1.run :: epoch=19 step=400/429 train_nll=-2223.457
2026-05-13 12:39:36,381 INFO CSMF2.step_1_1_1.run :: epoch=19  train_nll=-2224.075  val_nll=-2224.104  t=72.9s
2026-05-13 12:39:36,381 INFO CSMF2.step_1_1_1.run :: [h_std] total=0.15271 batch=0.11315 (no penalty)
2026-05-13 12:39:36,381 INFO CSMF2.step_1_1_1.run :: [lat_epoch] mean_l2=0.08467 std_l2=1.08447 (no penalty)
2026-05-13 12:39:36,381 INFO CSMF2.step_1_1_1.run :: [grad] cond=135.3189 film_gain=0.0000
2026-05-13 12:39:47,838 INFO CSMF2.step_1_1_1.run :: [h] epoch=20 step=50 total=0.15249 batch=0.11202
2026-05-13 12:39:47,838 INFO CSMF2.step_1_1_1.run :: [lat] epoch=20 step=50 mean_l2=0.08133 std_l2=0.24757
2026-05-13 12:39:47,911 INFO CSMF2.step_1_1_1.run :: epoch=20 step=50/429 train_nll=-2231.036
2026-05-13 12:39:55,905 INFO CSMF2.step_1_1_1.run :: [h] epoch=20 step=100 total=0.14880 batch=0.11188
2026-05-13 12:39:55,905 INFO CSMF2.step_1_1_1.run :: [lat] epoch=20 step=100 mean_l2=0.08939 std_l2=0.59980
2026-05-13 12:39:55,997 INFO CSMF2.step_1_1_1.run :: epoch=20 step=100/429 train_nll=-2228.883
2026-05-13 12:40:04,241 INFO CSMF2.step_1_1_1.run :: [h] epoch=20 step=150 total=0.15165 batch=0.11397
2026-05-13 12:40:04,242 INFO CSMF2.step_1_1_1.run :: [lat] epoch=20 step=150 mean_l2=0.09050 std_l2=0.44821
2026-05-13 12:40:04,314 INFO CSMF2.step_1_1_1.run :: epoch=20 step=150/429 train_nll=-2232.712
2026-05-13 12:40:12,623 INFO CSMF2.step_1_1_1.run :: [h] epoch=20 step=200 total=0.15296 batch=0.11589
2026-05-13 12:40:12,624 INFO CSMF2.step_1_1_1.run :: [lat] epoch=20 step=200 mean_l2=0.07230 std_l2=0.28874
2026-05-13 12:40:12,697 INFO CSMF2.step_1_1_1.run :: epoch=20 step=200/429 train_nll=-2231.941
2026-05-13 12:40:20,697 INFO CSMF2.step_1_1_1.run :: [h] epoch=20 step=250 total=0.14509 batch=0.10692
2026-05-13 12:40:20,697 INFO CSMF2.step_1_1_1.run :: [lat] epoch=20 step=250 mean_l2=0.07399 std_l2=0.79226
2026-05-13 12:40:20,770 INFO CSMF2.step_1_1_1.run :: epoch=20 step=250/429 train_nll=-2231.159
2026-05-13 12:40:28,798 INFO CSMF2.step_1_1_1.run :: [h] epoch=20 step=300 total=0.14807 batch=0.11277
2026-05-13 12:40:28,799 INFO CSMF2.step_1_1_1.run :: [lat] epoch=20 step=300 mean_l2=0.08324 std_l2=0.72697
2026-05-13 12:40:28,890 INFO CSMF2.step_1_1_1.run :: epoch=20 step=300/429 train_nll=-2231.248
2026-05-13 12:40:37,110 INFO CSMF2.step_1_1_1.run :: [h] epoch=20 step=350 total=0.14707 batch=0.11130
2026-05-13 12:40:37,110 INFO CSMF2.step_1_1_1.run :: [lat] epoch=20 step=350 mean_l2=0.07401 std_l2=1.20692
2026-05-13 12:40:37,202 INFO CSMF2.step_1_1_1.run :: epoch=20 step=350/429 train_nll=-2234.204
2026-05-13 12:40:45,228 INFO CSMF2.step_1_1_1.run :: [h] epoch=20 step=400 total=0.14798 batch=0.10969
2026-05-13 12:40:45,229 INFO CSMF2.step_1_1_1.run :: [lat] epoch=20 step=400 mean_l2=0.08668 std_l2=4.13030
2026-05-13 12:40:45,301 INFO CSMF2.step_1_1_1.run :: epoch=20 step=400/429 train_nll=-2234.424
2026-05-13 12:40:53,467 INFO CSMF2.step_1_1_1.run :: epoch=20  train_nll=-2235.226  val_nll=-2228.159  t=73.4s
2026-05-13 12:40:53,467 INFO CSMF2.step_1_1_1.run :: [h_std] total=0.14806 batch=0.11052 (no penalty)
2026-05-13 12:40:53,467 INFO CSMF2.step_1_1_1.run :: [lat_epoch] mean_l2=0.08619 std_l2=1.12779 (no penalty)
2026-05-13 12:40:53,467 INFO CSMF2.step_1_1_1.run :: [grad] cond=214.4514 film_gain=0.0000
2026-05-13 12:41:04,894 INFO CSMF2.step_1_1_1.run :: [h] epoch=21 step=50 total=0.14767 batch=0.10965
2026-05-13 12:41:04,894 INFO CSMF2.step_1_1_1.run :: [lat] epoch=21 step=50 mean_l2=0.07442 std_l2=0.23555
2026-05-13 12:41:04,985 INFO CSMF2.step_1_1_1.run :: epoch=21 step=50/429 train_nll=-2243.905
2026-05-13 12:41:13,027 INFO CSMF2.step_1_1_1.run :: [h] epoch=21 step=100 total=0.14343 batch=0.10754
2026-05-13 12:41:13,028 INFO CSMF2.step_1_1_1.run :: [lat] epoch=21 step=100 mean_l2=0.07524 std_l2=0.59974
2026-05-13 12:41:13,101 INFO CSMF2.step_1_1_1.run :: epoch=21 step=100/429 train_nll=-2241.862
2026-05-13 12:41:21,235 INFO CSMF2.step_1_1_1.run :: [h] epoch=21 step=150 total=0.14733 batch=0.10997
2026-05-13 12:41:21,235 INFO CSMF2.step_1_1_1.run :: [lat] epoch=21 step=150 mean_l2=0.08746 std_l2=0.52414
2026-05-13 12:41:21,308 INFO CSMF2.step_1_1_1.run :: epoch=21 step=150/429 train_nll=-2244.909
2026-05-13 12:41:29,427 INFO CSMF2.step_1_1_1.run :: [h] epoch=21 step=200 total=0.14748 batch=0.11135
2026-05-13 12:41:29,428 INFO CSMF2.step_1_1_1.run :: [lat] epoch=21 step=200 mean_l2=0.09147 std_l2=0.27950
2026-05-13 12:41:29,519 INFO CSMF2.step_1_1_1.run :: epoch=21 step=200/429 train_nll=-2244.156
2026-05-13 12:41:37,520 INFO CSMF2.step_1_1_1.run :: [h] epoch=21 step=250 total=0.13898 batch=0.10327
2026-05-13 12:41:37,520 INFO CSMF2.step_1_1_1.run :: [lat] epoch=21 step=250 mean_l2=0.08069 std_l2=0.71362
2026-05-13 12:41:37,593 INFO CSMF2.step_1_1_1.run :: epoch=21 step=250/429 train_nll=-2243.377
2026-05-13 12:41:45,555 INFO CSMF2.step_1_1_1.run :: [h] epoch=21 step=300 total=0.14398 batch=0.11005
2026-05-13 12:41:45,555 INFO CSMF2.step_1_1_1.run :: [lat] epoch=21 step=300 mean_l2=0.08460 std_l2=0.66849
2026-05-13 12:41:45,628 INFO CSMF2.step_1_1_1.run :: epoch=21 step=300/429 train_nll=-2243.382
2026-05-13 12:41:53,676 INFO CSMF2.step_1_1_1.run :: [h] epoch=21 step=350 total=0.14209 batch=0.10804
2026-05-13 12:41:53,677 INFO CSMF2.step_1_1_1.run :: [lat] epoch=21 step=350 mean_l2=0.08557 std_l2=1.27513
2026-05-13 12:41:53,749 INFO CSMF2.step_1_1_1.run :: epoch=21 step=350/429 train_nll=-2246.356
2026-05-13 12:42:01,846 INFO CSMF2.step_1_1_1.run :: [h] epoch=21 step=400 total=0.14370 batch=0.10699
2026-05-13 12:42:01,846 INFO CSMF2.step_1_1_1.run :: [lat] epoch=21 step=400 mean_l2=0.08579 std_l2=4.40774
2026-05-13 12:42:01,919 INFO CSMF2.step_1_1_1.run :: epoch=21 step=400/429 train_nll=-2246.243
2026-05-13 12:42:09,960 INFO CSMF2.step_1_1_1.run :: epoch=21  train_nll=-2247.099  val_nll=-2245.018  t=72.9s
2026-05-13 12:42:09,960 INFO CSMF2.step_1_1_1.run :: [h_std] total=0.14369 batch=0.10768 (no penalty)
2026-05-13 12:42:09,960 INFO CSMF2.step_1_1_1.run :: [lat_epoch] mean_l2=0.08560 std_l2=1.16815 (no penalty)
2026-05-13 12:42:09,960 INFO CSMF2.step_1_1_1.run :: [grad] cond=213.0596 film_gain=0.0000
2026-05-13 12:42:21,437 INFO CSMF2.step_1_1_1.run :: [h] epoch=22 step=50 total=0.14373 batch=0.10685
2026-05-13 12:42:21,438 INFO CSMF2.step_1_1_1.run :: [lat] epoch=22 step=50 mean_l2=0.07472 std_l2=0.23926
2026-05-13 12:42:21,512 INFO CSMF2.step_1_1_1.run :: epoch=22 step=50/429 train_nll=-2254.568
2026-05-13 12:42:29,620 INFO CSMF2.step_1_1_1.run :: [h] epoch=22 step=100 total=0.14035 batch=0.10436
2026-05-13 12:42:29,620 INFO CSMF2.step_1_1_1.run :: [lat] epoch=22 step=100 mean_l2=0.10061 std_l2=0.58553
2026-05-13 12:42:29,695 INFO CSMF2.step_1_1_1.run :: epoch=22 step=100/429 train_nll=-2253.068
2026-05-13 12:42:37,902 INFO CSMF2.step_1_1_1.run :: [h] epoch=22 step=150 total=0.14307 batch=0.10734
2026-05-13 12:42:37,903 INFO CSMF2.step_1_1_1.run :: [lat] epoch=22 step=150 mean_l2=0.08774 std_l2=0.44988
2026-05-13 12:42:37,977 INFO CSMF2.step_1_1_1.run :: epoch=22 step=150/429 train_nll=-2256.044
2026-05-13 12:42:46,065 INFO CSMF2.step_1_1_1.run :: [h] epoch=22 step=200 total=0.14298 batch=0.10849
2026-05-13 12:42:46,066 INFO CSMF2.step_1_1_1.run :: [lat] epoch=22 step=200 mean_l2=0.08549 std_l2=0.25090
2026-05-13 12:42:46,141 INFO CSMF2.step_1_1_1.run :: epoch=22 step=200/429 train_nll=-2254.079
2026-05-13 12:42:54,177 INFO CSMF2.step_1_1_1.run :: [h] epoch=22 step=250 total=0.13624 batch=0.10215
2026-05-13 12:42:54,178 INFO CSMF2.step_1_1_1.run :: [lat] epoch=22 step=250 mean_l2=0.09110 std_l2=0.75175
2026-05-13 12:42:54,251 INFO CSMF2.step_1_1_1.run :: epoch=22 step=250/429 train_nll=-2253.065
2026-05-13 12:43:02,448 INFO CSMF2.step_1_1_1.run :: [h] epoch=22 step=300 total=0.14028 batch=0.10733
2026-05-13 12:43:02,448 INFO CSMF2.step_1_1_1.run :: [lat] epoch=22 step=300 mean_l2=0.07609 std_l2=0.63376
2026-05-13 12:43:02,522 INFO CSMF2.step_1_1_1.run :: epoch=22 step=300/429 train_nll=-2253.449
2026-05-13 12:43:10,589 INFO CSMF2.step_1_1_1.run :: [h] epoch=22 step=350 total=0.13863 batch=0.10546
2026-05-13 12:43:10,590 INFO CSMF2.step_1_1_1.run :: [lat] epoch=22 step=350 mean_l2=0.08602 std_l2=1.37635
2026-05-13 12:43:10,664 INFO CSMF2.step_1_1_1.run :: epoch=22 step=350/429 train_nll=-2256.474
2026-05-13 12:43:18,749 INFO CSMF2.step_1_1_1.run :: [h] epoch=22 step=400 total=0.13936 batch=0.10442
2026-05-13 12:43:18,749 INFO CSMF2.step_1_1_1.run :: [lat] epoch=22 step=400 mean_l2=0.08394 std_l2=4.36699
2026-05-13 12:43:18,823 INFO CSMF2.step_1_1_1.run :: epoch=22 step=400/429 train_nll=-2256.561
2026-05-13 12:43:26,998 INFO CSMF2.step_1_1_1.run :: epoch=22  train_nll=-2257.199  val_nll=-2248.673  t=73.4s
2026-05-13 12:43:26,998 INFO CSMF2.step_1_1_1.run :: [h_std] total=0.13959 batch=0.10506 (no penalty)
2026-05-13 12:43:26,998 INFO CSMF2.step_1_1_1.run :: [lat_epoch] mean_l2=0.08592 std_l2=1.21620 (no penalty)
2026-05-13 12:43:26,998 INFO CSMF2.step_1_1_1.run :: [grad] cond=210.9327 film_gain=0.0000
2026-05-13 12:43:38,342 INFO CSMF2.step_1_1_1.run :: [h] epoch=23 step=50 total=0.13971 batch=0.10429
2026-05-13 12:43:38,342 INFO CSMF2.step_1_1_1.run :: [lat] epoch=23 step=50 mean_l2=0.07467 std_l2=0.21697
2026-05-13 12:43:38,415 INFO CSMF2.step_1_1_1.run :: epoch=23 step=50/429 train_nll=-2262.797
2026-05-13 12:43:46,753 INFO CSMF2.step_1_1_1.run :: [h] epoch=23 step=100 total=0.13581 batch=0.10238
2026-05-13 12:43:46,754 INFO CSMF2.step_1_1_1.run :: [lat] epoch=23 step=100 mean_l2=0.07836 std_l2=0.60194
2026-05-13 12:43:46,826 INFO CSMF2.step_1_1_1.run :: epoch=23 step=100/429 train_nll=-2263.758
2026-05-13 12:43:54,778 INFO CSMF2.step_1_1_1.run :: [h] epoch=23 step=150 total=0.13767 batch=0.10421
2026-05-13 12:43:54,779 INFO CSMF2.step_1_1_1.run :: [lat] epoch=23 step=150 mean_l2=0.08120 std_l2=0.59616
2026-05-13 12:43:54,851 INFO CSMF2.step_1_1_1.run :: epoch=23 step=150/429 train_nll=-2266.495
2026-05-13 12:44:02,886 INFO CSMF2.step_1_1_1.run :: [h] epoch=23 step=200 total=0.13768 batch=0.10430
2026-05-13 12:44:02,886 INFO CSMF2.step_1_1_1.run :: [lat] epoch=23 step=200 mean_l2=0.07847 std_l2=0.26957
2026-05-13 12:44:02,959 INFO CSMF2.step_1_1_1.run :: epoch=23 step=200/429 train_nll=-2265.783
2026-05-13 12:44:11,061 INFO CSMF2.step_1_1_1.run :: [h] epoch=23 step=250 total=0.13246 batch=0.10028
2026-05-13 12:44:11,061 INFO CSMF2.step_1_1_1.run :: [lat] epoch=23 step=250 mean_l2=0.08262 std_l2=0.49081
2026-05-13 12:44:11,134 INFO CSMF2.step_1_1_1.run :: epoch=23 step=250/429 train_nll=-2265.890
2026-05-13 12:44:19,357 INFO CSMF2.step_1_1_1.run :: [h] epoch=23 step=300 total=0.13627 batch=0.10528
2026-05-13 12:44:19,357 INFO CSMF2.step_1_1_1.run :: [lat] epoch=23 step=300 mean_l2=0.08308 std_l2=0.63985
2026-05-13 12:44:19,425 INFO CSMF2.step_1_1_1.run :: epoch=23 step=300/429 train_nll=-2265.683
2026-05-13 12:44:27,457 INFO CSMF2.step_1_1_1.run :: [h] epoch=23 step=350 total=0.13442 batch=0.10215
2026-05-13 12:44:27,458 INFO CSMF2.step_1_1_1.run :: [lat] epoch=23 step=350 mean_l2=0.07603 std_l2=1.17130
2026-05-13 12:44:27,550 INFO CSMF2.step_1_1_1.run :: epoch=23 step=350/429 train_nll=-2268.401
2026-05-13 12:44:35,610 INFO CSMF2.step_1_1_1.run :: [h] epoch=23 step=400 total=0.13623 batch=0.10249
2026-05-13 12:44:35,610 INFO CSMF2.step_1_1_1.run :: [lat] epoch=23 step=400 mean_l2=0.07942 std_l2=4.82891
2026-05-13 12:44:35,683 INFO CSMF2.step_1_1_1.run :: epoch=23 step=400/429 train_nll=-2268.144
2026-05-13 12:44:43,686 INFO CSMF2.step_1_1_1.run :: epoch=23  train_nll=-2268.535  val_nll=-2259.660  t=73.1s
2026-05-13 12:44:43,686 INFO CSMF2.step_1_1_1.run :: [h_std] total=0.13564 batch=0.10253 (no penalty)
2026-05-13 12:44:43,686 INFO CSMF2.step_1_1_1.run :: [lat_epoch] mean_l2=0.08504 std_l2=1.24596 (no penalty)
2026-05-13 12:44:43,687 INFO CSMF2.step_1_1_1.run :: [grad] cond=641.7142 film_gain=0.0000
2026-05-13 12:44:55,162 INFO CSMF2.step_1_1_1.run :: [h] epoch=24 step=50 total=0.13447 batch=0.10037
2026-05-13 12:44:55,162 INFO CSMF2.step_1_1_1.run :: [lat] epoch=24 step=50 mean_l2=0.06805 std_l2=0.23666
2026-05-13 12:44:55,234 INFO CSMF2.step_1_1_1.run :: epoch=24 step=50/429 train_nll=-2275.630
2026-05-13 12:45:03,293 INFO CSMF2.step_1_1_1.run :: [h] epoch=24 step=100 total=0.13228 batch=0.10045
2026-05-13 12:45:03,293 INFO CSMF2.step_1_1_1.run :: [lat] epoch=24 step=100 mean_l2=0.08760 std_l2=0.57756
2026-05-13 12:45:03,366 INFO CSMF2.step_1_1_1.run :: epoch=24 step=100/429 train_nll=-2273.661
2026-05-13 12:45:11,519 INFO CSMF2.step_1_1_1.run :: [h] epoch=24 step=150 total=0.13548 batch=0.10306
2026-05-13 12:45:11,519 INFO CSMF2.step_1_1_1.run :: [lat] epoch=24 step=150 mean_l2=0.09581 std_l2=0.41875
2026-05-13 12:45:11,612 INFO CSMF2.step_1_1_1.run :: epoch=24 step=150/429 train_nll=-2276.210
2026-05-13 12:45:19,696 INFO CSMF2.step_1_1_1.run :: [h] epoch=24 step=200 total=0.13467 batch=0.10248
2026-05-13 12:45:19,696 INFO CSMF2.step_1_1_1.run :: [lat] epoch=24 step=200 mean_l2=0.08718 std_l2=0.25659
2026-05-13 12:45:19,788 INFO CSMF2.step_1_1_1.run :: epoch=24 step=200/429 train_nll=-2275.885
2026-05-13 12:45:27,820 INFO CSMF2.step_1_1_1.run :: [h] epoch=24 step=250 total=0.12927 batch=0.09750
2026-05-13 12:45:27,821 INFO CSMF2.step_1_1_1.run :: [lat] epoch=24 step=250 mean_l2=0.07447 std_l2=0.37793
2026-05-13 12:45:27,894 INFO CSMF2.step_1_1_1.run :: epoch=24 step=250/429 train_nll=-2276.008
2026-05-13 12:45:36,002 INFO CSMF2.step_1_1_1.run :: [h] epoch=24 step=300 total=0.13299 batch=0.10288
2026-05-13 12:45:36,002 INFO CSMF2.step_1_1_1.run :: [lat] epoch=24 step=300 mean_l2=0.10657 std_l2=0.68087
2026-05-13 12:45:36,075 INFO CSMF2.step_1_1_1.run :: epoch=24 step=300/429 train_nll=-2276.351
2026-05-13 12:45:44,192 INFO CSMF2.step_1_1_1.run :: [h] epoch=24 step=350 total=0.13164 batch=0.10132
2026-05-13 12:45:44,192 INFO CSMF2.step_1_1_1.run :: [lat] epoch=24 step=350 mean_l2=0.08135 std_l2=1.02166
2026-05-13 12:45:44,265 INFO CSMF2.step_1_1_1.run :: epoch=24 step=350/429 train_nll=-2279.312
2026-05-13 12:45:52,458 INFO CSMF2.step_1_1_1.run :: [h] epoch=24 step=400 total=0.13270 batch=0.10110
2026-05-13 12:45:52,458 INFO CSMF2.step_1_1_1.run :: [lat] epoch=24 step=400 mean_l2=0.08707 std_l2=4.63953
2026-05-13 12:45:52,531 INFO CSMF2.step_1_1_1.run :: epoch=24 step=400/429 train_nll=-2279.257
2026-05-13 12:46:00,637 INFO CSMF2.step_1_1_1.run :: epoch=24  train_nll=-2279.660  val_nll=-2279.734  t=73.3s
2026-05-13 12:46:00,637 INFO CSMF2.step_1_1_1.run :: [h_std] total=0.13251 batch=0.10064 (no penalty)
2026-05-13 12:46:00,637 INFO CSMF2.step_1_1_1.run :: [lat_epoch] mean_l2=0.08440 std_l2=1.26413 (no penalty)
2026-05-13 12:46:00,637 INFO CSMF2.step_1_1_1.run :: [grad] cond=145.3586 film_gain=0.0000
2026-05-13 12:46:12,134 INFO CSMF2.step_1_1_1.run :: [h] epoch=25 step=50 total=0.13236 batch=0.09921
2026-05-13 12:46:12,134 INFO CSMF2.step_1_1_1.run :: [lat] epoch=25 step=50 mean_l2=0.07390 std_l2=0.23157
2026-05-13 12:46:12,227 INFO CSMF2.step_1_1_1.run :: epoch=25 step=50/429 train_nll=-2287.648
2026-05-13 12:46:20,357 INFO CSMF2.step_1_1_1.run :: [h] epoch=25 step=100 total=0.12888 batch=0.09790
2026-05-13 12:46:20,358 INFO CSMF2.step_1_1_1.run :: [lat] epoch=25 step=100 mean_l2=0.08452 std_l2=0.58876
2026-05-13 12:46:20,450 INFO CSMF2.step_1_1_1.run :: epoch=25 step=100/429 train_nll=-2285.313
2026-05-13 12:46:28,594 INFO CSMF2.step_1_1_1.run :: [h] epoch=25 step=150 total=0.13158 batch=0.10060
2026-05-13 12:46:28,595 INFO CSMF2.step_1_1_1.run :: [lat] epoch=25 step=150 mean_l2=0.09895 std_l2=0.43700
2026-05-13 12:46:28,687 INFO CSMF2.step_1_1_1.run :: epoch=25 step=150/429 train_nll=-2287.348
2026-05-13 12:46:36,768 INFO CSMF2.step_1_1_1.run :: [h] epoch=25 step=200 total=0.13188 batch=0.10112
2026-05-13 12:46:36,769 INFO CSMF2.step_1_1_1.run :: [lat] epoch=25 step=200 mean_l2=0.08785 std_l2=0.25654
2026-05-13 12:46:36,841 INFO CSMF2.step_1_1_1.run :: epoch=25 step=200/429 train_nll=-2286.152
2026-05-13 12:46:44,949 INFO CSMF2.step_1_1_1.run :: [h] epoch=25 step=250 total=0.12621 batch=0.09560
2026-05-13 12:46:44,949 INFO CSMF2.step_1_1_1.run :: [lat] epoch=25 step=250 mean_l2=0.08056 std_l2=0.34605
2026-05-13 12:46:45,022 INFO CSMF2.step_1_1_1.run :: epoch=25 step=250/429 train_nll=-2285.818
2026-05-13 12:46:53,108 INFO CSMF2.step_1_1_1.run :: [h] epoch=25 step=300 total=0.13016 batch=0.10087
2026-05-13 12:46:53,108 INFO CSMF2.step_1_1_1.run :: [lat] epoch=25 step=300 mean_l2=0.08583 std_l2=0.73605
2026-05-13 12:46:53,200 INFO CSMF2.step_1_1_1.run :: epoch=25 step=300/429 train_nll=-2285.265
2026-05-13 12:47:01,445 INFO CSMF2.step_1_1_1.run :: [h] epoch=25 step=350 total=0.12886 batch=0.09893
2026-05-13 12:47:01,445 INFO CSMF2.step_1_1_1.run :: [lat] epoch=25 step=350 mean_l2=0.08433 std_l2=1.48280
2026-05-13 12:47:01,518 INFO CSMF2.step_1_1_1.run :: epoch=25 step=350/429 train_nll=-2287.641
2026-05-13 12:47:09,647 INFO CSMF2.step_1_1_1.run :: [h] epoch=25 step=400 total=0.12921 batch=0.09898
2026-05-13 12:47:09,648 INFO CSMF2.step_1_1_1.run :: [lat] epoch=25 step=400 mean_l2=0.09534 std_l2=5.02950
2026-05-13 12:47:09,720 INFO CSMF2.step_1_1_1.run :: epoch=25 step=400/429 train_nll=-2286.772
2026-05-13 12:47:17,743 INFO CSMF2.step_1_1_1.run :: epoch=25  train_nll=-2287.397  val_nll=-2282.515  t=73.5s
2026-05-13 12:47:17,743 INFO CSMF2.step_1_1_1.run :: [h_std] total=0.12904 batch=0.09840 (no penalty)
2026-05-13 12:47:17,743 INFO CSMF2.step_1_1_1.run :: [lat_epoch] mean_l2=0.08474 std_l2=1.31162 (no penalty)
2026-05-13 12:47:17,743 INFO CSMF2.step_1_1_1.run :: [grad] cond=473.1630 film_gain=0.0000
2026-05-13 12:47:29,386 INFO CSMF2.step_1_1_1.run :: [h] epoch=26 step=50 total=0.12849 batch=0.09670
2026-05-13 12:47:29,386 INFO CSMF2.step_1_1_1.run :: [lat] epoch=26 step=50 mean_l2=0.07132 std_l2=0.22599
2026-05-13 12:47:29,460 INFO CSMF2.step_1_1_1.run :: epoch=26 step=50/429 train_nll=-2291.568
2026-05-13 12:47:37,701 INFO CSMF2.step_1_1_1.run :: [h] epoch=26 step=100 total=0.12634 batch=0.09658
2026-05-13 12:47:37,701 INFO CSMF2.step_1_1_1.run :: [lat] epoch=26 step=100 mean_l2=0.07775 std_l2=0.60773
2026-05-13 12:47:37,774 INFO CSMF2.step_1_1_1.run :: epoch=26 step=100/429 train_nll=-2291.505
2026-05-13 12:47:45,885 INFO CSMF2.step_1_1_1.run :: [h] epoch=26 step=150 total=0.12952 batch=0.09925
2026-05-13 12:47:45,885 INFO CSMF2.step_1_1_1.run :: [lat] epoch=26 step=150 mean_l2=0.08563 std_l2=0.48176
2026-05-13 12:47:45,958 INFO CSMF2.step_1_1_1.run :: epoch=26 step=150/429 train_nll=-2296.512
2026-05-13 12:47:54,109 INFO CSMF2.step_1_1_1.run :: [h] epoch=26 step=200 total=0.12840 batch=0.09848
2026-05-13 12:47:54,109 INFO CSMF2.step_1_1_1.run :: [lat] epoch=26 step=200 mean_l2=0.10571 std_l2=0.22512
2026-05-13 12:47:54,182 INFO CSMF2.step_1_1_1.run :: epoch=26 step=200/429 train_nll=-2295.626
2026-05-13 12:48:02,412 INFO CSMF2.step_1_1_1.run :: [h] epoch=26 step=250 total=0.12426 batch=0.09457
2026-05-13 12:48:02,412 INFO CSMF2.step_1_1_1.run :: [lat] epoch=26 step=250 mean_l2=0.07675 std_l2=0.43810
2026-05-13 12:48:02,485 INFO CSMF2.step_1_1_1.run :: epoch=26 step=250/429 train_nll=-2294.849
2026-05-13 12:48:10,652 INFO CSMF2.step_1_1_1.run :: [h] epoch=26 step=300 total=0.12765 batch=0.09957
2026-05-13 12:48:10,652 INFO CSMF2.step_1_1_1.run :: [lat] epoch=26 step=300 mean_l2=0.08682 std_l2=0.66562
2026-05-13 12:48:10,725 INFO CSMF2.step_1_1_1.run :: epoch=26 step=300/429 train_nll=-2294.192
2026-05-13 12:48:18,797 INFO CSMF2.step_1_1_1.run :: [h] epoch=26 step=350 total=0.12491 batch=0.09653
2026-05-13 12:48:18,797 INFO CSMF2.step_1_1_1.run :: [lat] epoch=26 step=350 mean_l2=0.07153 std_l2=1.58127
2026-05-13 12:48:18,890 INFO CSMF2.step_1_1_1.run :: epoch=26 step=350/429 train_nll=-2296.401
2026-05-13 12:48:27,149 INFO CSMF2.step_1_1_1.run :: [h] epoch=26 step=400 total=0.12730 batch=0.09736
2026-05-13 12:48:27,149 INFO CSMF2.step_1_1_1.run :: [lat] epoch=26 step=400 mean_l2=0.08260 std_l2=5.16279
2026-05-13 12:48:27,222 INFO CSMF2.step_1_1_1.run :: epoch=26 step=400/429 train_nll=-2296.369
2026-05-13 12:48:35,339 INFO CSMF2.step_1_1_1.run :: epoch=26  train_nll=-2296.857  val_nll=-2286.729  t=73.9s
2026-05-13 12:48:35,339 INFO CSMF2.step_1_1_1.run :: [h_std] total=0.12609 batch=0.09633 (no penalty)
2026-05-13 12:48:35,339 INFO CSMF2.step_1_1_1.run :: [lat_epoch] mean_l2=0.08471 std_l2=1.34269 (no penalty)
2026-05-13 12:48:35,339 INFO CSMF2.step_1_1_1.run :: [grad] cond=349.3445 film_gain=0.0000
2026-05-13 12:48:46,874 INFO CSMF2.step_1_1_1.run :: [h] epoch=27 step=50 total=0.12513 batch=0.09499
2026-05-13 12:48:46,874 INFO CSMF2.step_1_1_1.run :: [lat] epoch=27 step=50 mean_l2=0.08073 std_l2=0.20788
2026-05-13 12:48:46,947 INFO CSMF2.step_1_1_1.run :: epoch=27 step=50/429 train_nll=-2306.684
2026-05-13 12:48:55,233 INFO CSMF2.step_1_1_1.run :: [h] epoch=27 step=100 total=0.12368 batch=0.09471
2026-05-13 12:48:55,233 INFO CSMF2.step_1_1_1.run :: [lat] epoch=27 step=100 mean_l2=0.08169 std_l2=0.57704
2026-05-13 12:48:55,305 INFO CSMF2.step_1_1_1.run :: epoch=27 step=100/429 train_nll=-2305.258
2026-05-13 12:49:03,375 INFO CSMF2.step_1_1_1.run :: [h] epoch=27 step=150 total=0.12660 batch=0.09749
2026-05-13 12:49:03,376 INFO CSMF2.step_1_1_1.run :: [lat] epoch=27 step=150 mean_l2=0.07287 std_l2=0.46676
2026-05-13 12:49:03,449 INFO CSMF2.step_1_1_1.run :: epoch=27 step=150/429 train_nll=-2307.472
2026-05-13 12:49:11,607 INFO CSMF2.step_1_1_1.run :: [h] epoch=27 step=200 total=0.12571 batch=0.09702
2026-05-13 12:49:11,608 INFO CSMF2.step_1_1_1.run :: [lat] epoch=27 step=200 mean_l2=0.07914 std_l2=0.37223
2026-05-13 12:49:11,699 INFO CSMF2.step_1_1_1.run :: epoch=27 step=200/429 train_nll=-2305.228
2026-05-13 12:49:19,868 INFO CSMF2.step_1_1_1.run :: [h] epoch=27 step=250 total=0.12070 batch=0.09184
2026-05-13 12:49:19,869 INFO CSMF2.step_1_1_1.run :: [lat] epoch=27 step=250 mean_l2=0.07342 std_l2=0.66521
2026-05-13 12:49:19,942 INFO CSMF2.step_1_1_1.run :: epoch=27 step=250/429 train_nll=-2303.584
2026-05-13 12:49:27,980 INFO CSMF2.step_1_1_1.run :: [h] epoch=27 step=300 total=0.12427 batch=0.09670
2026-05-13 12:49:27,980 INFO CSMF2.step_1_1_1.run :: [lat] epoch=27 step=300 mean_l2=0.08498 std_l2=0.59307
2026-05-13 12:49:28,053 INFO CSMF2.step_1_1_1.run :: epoch=27 step=300/429 train_nll=-2302.897
2026-05-13 12:49:36,185 INFO CSMF2.step_1_1_1.run :: [h] epoch=27 step=350 total=0.12269 batch=0.09447
2026-05-13 12:49:36,185 INFO CSMF2.step_1_1_1.run :: [lat] epoch=27 step=350 mean_l2=0.06816 std_l2=1.62683
2026-05-13 12:49:36,258 INFO CSMF2.step_1_1_1.run :: epoch=27 step=350/429 train_nll=-2304.645
2026-05-13 12:49:44,276 INFO CSMF2.step_1_1_1.run :: [h] epoch=27 step=400 total=0.12401 batch=0.09507
2026-05-13 12:49:44,277 INFO CSMF2.step_1_1_1.run :: [lat] epoch=27 step=400 mean_l2=0.07594 std_l2=5.22032
2026-05-13 12:49:44,349 INFO CSMF2.step_1_1_1.run :: epoch=27 step=400/429 train_nll=-2303.535
2026-05-13 12:49:52,417 INFO CSMF2.step_1_1_1.run :: epoch=27  train_nll=-2303.894  val_nll=-2290.388  t=73.4s
2026-05-13 12:49:52,417 INFO CSMF2.step_1_1_1.run :: [h_std] total=0.12324 batch=0.09442 (no penalty)
2026-05-13 12:49:52,417 INFO CSMF2.step_1_1_1.run :: [lat_epoch] mean_l2=0.08571 std_l2=1.36277 (no penalty)
2026-05-13 12:49:52,417 INFO CSMF2.step_1_1_1.run :: [grad] cond=656.6235 film_gain=0.0000
2026-05-13 12:50:04,050 INFO CSMF2.step_1_1_1.run :: [h] epoch=28 step=50 total=0.12184 batch=0.09227
2026-05-13 12:50:04,051 INFO CSMF2.step_1_1_1.run :: [lat] epoch=28 step=50 mean_l2=0.07121 std_l2=0.19926
2026-05-13 12:50:04,123 INFO CSMF2.step_1_1_1.run :: epoch=28 step=50/429 train_nll=-2310.376
2026-05-13 12:50:12,153 INFO CSMF2.step_1_1_1.run :: [h] epoch=28 step=100 total=0.12107 batch=0.09207
2026-05-13 12:50:12,153 INFO CSMF2.step_1_1_1.run :: [lat] epoch=28 step=100 mean_l2=0.07825 std_l2=0.56574
2026-05-13 12:50:12,222 INFO CSMF2.step_1_1_1.run :: epoch=28 step=100/429 train_nll=-2310.236
2026-05-13 12:50:20,370 INFO CSMF2.step_1_1_1.run :: [h] epoch=28 step=150 total=0.12275 batch=0.09495
2026-05-13 12:50:20,371 INFO CSMF2.step_1_1_1.run :: [lat] epoch=28 step=150 mean_l2=0.07644 std_l2=0.51605
2026-05-13 12:50:20,464 INFO CSMF2.step_1_1_1.run :: epoch=28 step=150/429 train_nll=-2312.940
2026-05-13 12:50:28,623 INFO CSMF2.step_1_1_1.run :: [h] epoch=28 step=200 total=0.12135 batch=0.09381
2026-05-13 12:50:28,624 INFO CSMF2.step_1_1_1.run :: [lat] epoch=28 step=200 mean_l2=0.07759 std_l2=0.39577
2026-05-13 12:50:28,697 INFO CSMF2.step_1_1_1.run :: epoch=28 step=200/429 train_nll=-2311.171
2026-05-13 12:50:36,862 INFO CSMF2.step_1_1_1.run :: [h] epoch=28 step=250 total=0.11850 batch=0.09051
2026-05-13 12:50:36,863 INFO CSMF2.step_1_1_1.run :: [lat] epoch=28 step=250 mean_l2=0.08746 std_l2=0.25744
2026-05-13 12:50:36,936 INFO CSMF2.step_1_1_1.run :: epoch=28 step=250/429 train_nll=-2310.895
2026-05-13 12:50:45,061 INFO CSMF2.step_1_1_1.run :: [h] epoch=28 step=300 total=0.12104 batch=0.09478
2026-05-13 12:50:45,061 INFO CSMF2.step_1_1_1.run :: [lat] epoch=28 step=300 mean_l2=0.09016 std_l2=0.62071
2026-05-13 12:50:45,134 INFO CSMF2.step_1_1_1.run :: epoch=28 step=300/429 train_nll=-2309.324
2026-05-13 12:50:53,116 INFO CSMF2.step_1_1_1.run :: [h] epoch=28 step=350 total=0.11910 batch=0.09201
2026-05-13 12:50:53,117 INFO CSMF2.step_1_1_1.run :: [lat] epoch=28 step=350 mean_l2=0.09147 std_l2=1.20135
2026-05-13 12:50:53,190 INFO CSMF2.step_1_1_1.run :: epoch=28 step=350/429 train_nll=-2311.452
2026-05-13 12:51:01,245 INFO CSMF2.step_1_1_1.run :: [h] epoch=28 step=400 total=0.12019 batch=0.09226
2026-05-13 12:51:01,245 INFO CSMF2.step_1_1_1.run :: [lat] epoch=28 step=400 mean_l2=0.09888 std_l2=5.09842
2026-05-13 12:51:01,317 INFO CSMF2.step_1_1_1.run :: epoch=28 step=400/429 train_nll=-2310.846
2026-05-13 12:51:09,348 INFO CSMF2.step_1_1_1.run :: epoch=28  train_nll=-2311.403  val_nll=-2303.524  t=73.3s
2026-05-13 12:51:09,348 INFO CSMF2.step_1_1_1.run :: [h_std] total=0.12014 batch=0.09213 (no penalty)
2026-05-13 12:51:09,348 INFO CSMF2.step_1_1_1.run :: [lat_epoch] mean_l2=0.08594 std_l2=1.37810 (no penalty)
2026-05-13 12:51:09,348 INFO CSMF2.step_1_1_1.run :: [grad] cond=245.2929 film_gain=0.0000
2026-05-13 12:51:20,823 INFO CSMF2.step_1_1_1.run :: [h] epoch=29 step=50 total=0.12001 batch=0.09152
2026-05-13 12:51:20,823 INFO CSMF2.step_1_1_1.run :: [lat] epoch=29 step=50 mean_l2=0.06982 std_l2=0.20181
2026-05-13 12:51:20,915 INFO CSMF2.step_1_1_1.run :: epoch=29 step=50/429 train_nll=-2318.442
2026-05-13 12:51:28,861 INFO CSMF2.step_1_1_1.run :: [h] epoch=29 step=100 total=0.11832 batch=0.09074
2026-05-13 12:51:28,862 INFO CSMF2.step_1_1_1.run :: [lat] epoch=29 step=100 mean_l2=0.07622 std_l2=0.53895
2026-05-13 12:51:28,934 INFO CSMF2.step_1_1_1.run :: epoch=29 step=100/429 train_nll=-2316.069
2026-05-13 12:51:37,044 INFO CSMF2.step_1_1_1.run :: [h] epoch=29 step=150 total=0.12070 batch=0.09307
2026-05-13 12:51:37,044 INFO CSMF2.step_1_1_1.run :: [lat] epoch=29 step=150 mean_l2=0.07202 std_l2=0.63734
2026-05-13 12:51:37,117 INFO CSMF2.step_1_1_1.run :: epoch=29 step=150/429 train_nll=-2319.997
2026-05-13 12:51:45,236 INFO CSMF2.step_1_1_1.run :: [h] epoch=29 step=200 total=0.12024 batch=0.09304
2026-05-13 12:51:45,237 INFO CSMF2.step_1_1_1.run :: [lat] epoch=29 step=200 mean_l2=0.08936 std_l2=0.81778
2026-05-13 12:51:45,310 INFO CSMF2.step_1_1_1.run :: epoch=29 step=200/429 train_nll=-2316.912
2026-05-13 12:51:53,583 INFO CSMF2.step_1_1_1.run :: [h] epoch=29 step=250 total=0.11500 batch=0.08836
2026-05-13 12:51:53,583 INFO CSMF2.step_1_1_1.run :: [lat] epoch=29 step=250 mean_l2=0.08523 std_l2=0.39884
2026-05-13 12:51:53,675 INFO CSMF2.step_1_1_1.run :: epoch=29 step=250/429 train_nll=-2313.677
2026-05-13 12:52:01,754 INFO CSMF2.step_1_1_1.run :: [h] epoch=29 step=300 total=0.11879 batch=0.09272
2026-05-13 12:52:01,754 INFO CSMF2.step_1_1_1.run :: [lat] epoch=29 step=300 mean_l2=0.08534 std_l2=0.52791
2026-05-13 12:52:01,846 INFO CSMF2.step_1_1_1.run :: epoch=29 step=300/429 train_nll=-2313.624
2026-05-13 12:52:09,987 INFO CSMF2.step_1_1_1.run :: [h] epoch=29 step=350 total=0.11617 batch=0.08992
2026-05-13 12:52:09,988 INFO CSMF2.step_1_1_1.run :: [lat] epoch=29 step=350 mean_l2=0.07813 std_l2=1.60183
2026-05-13 12:52:10,061 INFO CSMF2.step_1_1_1.run :: epoch=29 step=350/429 train_nll=-2316.512
2026-05-13 12:52:18,129 INFO CSMF2.step_1_1_1.run :: [h] epoch=29 step=400 total=0.11815 batch=0.09160
2026-05-13 12:52:18,129 INFO CSMF2.step_1_1_1.run :: [lat] epoch=29 step=400 mean_l2=0.08428 std_l2=5.49985
2026-05-13 12:52:18,202 INFO CSMF2.step_1_1_1.run :: epoch=29 step=400/429 train_nll=-2316.550
2026-05-13 12:52:26,118 INFO CSMF2.step_1_1_1.run :: epoch=29  train_nll=-2317.449  val_nll=-2308.946  t=73.1s
2026-05-13 12:52:26,118 INFO CSMF2.step_1_1_1.run :: [h_std] total=0.11763 batch=0.09045 (no penalty)
2026-05-13 12:52:26,118 INFO CSMF2.step_1_1_1.run :: [lat_epoch] mean_l2=0.08436 std_l2=1.42423 (no penalty)
2026-05-13 12:52:26,118 INFO CSMF2.step_1_1_1.run :: [grad] cond=506.3336 film_gain=0.0000
2026-05-13 12:52:36,095 INFO CSMF2.step_1_1_1.run :: [run] FINAL test_nll (sealed 10k) = -2317.169
2026-05-13 12:52:36,651 INFO CSMF2.experiments.step_1_1_1.density_plots :: [plot_latent_density] saved -> CSMF2/experiments/step_1_1_1/results/nice_s2_n0.00_seed0_af52573d25b0/plots/latent_density.png  (ks=0.0713, mean=0.020, std=1.020)
2026-05-13 12:52:36,819 INFO CSMF2.experiments.step_1_1_1.density_plots :: [plot_cycle_density] saved -> CSMF2/experiments/step_1_1_1/results/nice_s2_n0.00_seed0_af52573d25b0/plots/cycle_density.png  (max|err|=4.768e-06 rms=5.629e-07)
2026-05-13 12:52:37,144 INFO CSMF2.experiments.step_1_1_1.density_plots :: [plot_reconstruction_panel] saved -> CSMF2/experiments/step_1_1_1/results/nice_s2_n0.00_seed0_af52573d25b0/plots/reconstruction_panel.png  rms(enc-prior)=1.322
==============================================================
[1mSTEP-1_1_1 RUN SUMMARY[0m
==============================================================
expert: nice   scale: 2   noise: 0.0   seed: 0   epochs: 30
train NLL:    -1110.27  ->    -2317.45  (Δ = -1207.18)
test  NLL:    -1342.81  ->    -2308.95

[1mHARD GATES (halt on fail)[0m
  [32m 30/30  ✓[0m  invertibility FP64 <1e-5
  [31m  0/30  ✗[0m  latent KS vs N(0,1) <0.05
  [32m 30/30  ✓[0m  cycle_max < 1e-12
  [32m 30/30  ✓[0m  h std > 1e-3
  [32m 30/30  ✓[0m  FiLM γ,β std > 1e-3 aggregate
  [32m 30/30  ✓[0m  (y,seed) max|Δh| < 1e-6
  [32m 30/30  ✓[0m  no NaN/Inf this epoch
  [32m  1/1   ✓[0m  numeric log-det (FP64, once)

[1mINFORMATIONAL (logged, non-blocking)[0m
  [33m 29/30  ✗[0m  null-control gap ≥ 0.10
  [32m 30/30  ✓[0m  h_st Δlogp slope > 1e-3
  [32m 30/30  ✓[0m  grad norm > 1e-6
  [32m 30/30  ✓[0m  fwd residual reported
--------------------------------------------------------------
[1mHARD TOTAL: 181/211[0m  (85.8%)
[1mEXIT_CRITERIA_MET:[0m [31mNO[0m
[1mREMEDY HINTS:[0m
  - hard gate failed: latent_ks (latent KS vs N(0,1) <0.05) -- check epochs [0, 1, 2, 3, 4, 5, 6, 7, 8, 9, 10, 11, 12, 13, 14, 15, 16, 17, 18, 19, 20, 21, 22, 23, 24, 25, 26, 27, 28, 29]
==============================================================
2026-05-13 12:52:37,211 INFO CSMF2.step_1_1_1.run :: STEP-1_1 run DONE  exit_ok=False  out=CSMF2/experiments/step_1_1_1/results/nice_s2_n0.00_seed0_af52573d25b0
