2026-05-13 16:56:59,859 INFO CSMF2.step_1_1_1.run :: STEP-1_1 run | tag=nice_s2_n0.00_seed0_d1e51e88bd2c | cfg=StepCfg(data_root='./mnist_data', scale=2, blur_sigma=1.0, noise_sigma=0.0, batch_size=128, expert='nice', dim=784, cond_width=128, h_dim=256, flow_hidden=256, use_film=True, cache_h=True, use_v2_conditioner=True, film_depth=2, film_hidden=128, film_use_gelu=True, realnvp_n_couplings=6, realnvp_s_max=2.0, glow_n_steps=8, glow_coupling_hidden=256, glow_s_max=2.0, glow_squeeze=True, glow_n_levels=1, glow_image_c=1, glow_image_h=28, glow_image_w=28, glow_film_gain_init=0.3, lr=0.001, epochs=30, weight_decay=0.0, grad_clip=5.0, shuffle_loss_lambda=0.0, shuffle_loss_margin=0.5, h_std_penalty_mu=0.0, h_std_target=0.05, cond_y_residual_alpha_init=0.0, latent_moment_lambda=0.1, latent_ks_target=0.1, fwd_rel_target=0.5, resume_from=None, seed=0, out_root='./CSMF2/experiments/step_1_1_1/results', log_every=50, sanity_every_epoch=True)
2026-05-13 16:56:59,927 INFO CSMF2.step_1_1_1.run :: [run] data sizes: train=55000  val=5000 (per-epoch)  test=10000 (final-only)
2026-05-13 16:56:59,984 INFO CSMF2.step_1_1_1.run :: [y_sanity] y.std(dim=0).mean() = 0.1294  shape=(128, 1, 14, 14)
2026-05-13 16:57:07,552 INFO CSMF2.step_1_1_1.run :: [h] epoch=0 step=50 total=0.03276 batch=0.00008
2026-05-13 16:57:07,552 INFO CSMF2.step_1_1_1.run :: [lat] epoch=0 step=50 mean_l2=0.03714 std_l2=3.06055
2026-05-13 16:57:07,619 INFO CSMF2.step_1_1_1.run :: epoch=0 step=50/429 train_nll=-423.386
2026-05-13 16:57:15,248 INFO CSMF2.step_1_1_1.run :: [h] epoch=0 step=100 total=0.10365 batch=0.00008
2026-05-13 16:57:15,249 INFO CSMF2.step_1_1_1.run :: [lat] epoch=0 step=100 mean_l2=0.04426 std_l2=0.76692
2026-05-13 16:57:15,315 INFO CSMF2.step_1_1_1.run :: epoch=0 step=100/429 train_nll=-692.667
2026-05-13 16:57:22,991 INFO CSMF2.step_1_1_1.run :: [h] epoch=0 step=150 total=0.17078 batch=0.00008
2026-05-13 16:57:22,991 INFO CSMF2.step_1_1_1.run :: [lat] epoch=0 step=150 mean_l2=0.03406 std_l2=0.53609
2026-05-13 16:57:23,059 INFO CSMF2.step_1_1_1.run :: epoch=0 step=150/429 train_nll=-828.926
2026-05-13 16:57:30,671 INFO CSMF2.step_1_1_1.run :: [h] epoch=0 step=200 total=0.19809 batch=0.00008
2026-05-13 16:57:30,672 INFO CSMF2.step_1_1_1.run :: [lat] epoch=0 step=200 mean_l2=0.02700 std_l2=0.38193
2026-05-13 16:57:30,750 INFO CSMF2.step_1_1_1.run :: epoch=0 step=200/429 train_nll=-914.371
2026-05-13 16:57:38,539 INFO CSMF2.step_1_1_1.run :: [h] epoch=0 step=250 total=0.21062 batch=0.00007
2026-05-13 16:57:38,540 INFO CSMF2.step_1_1_1.run :: [lat] epoch=0 step=250 mean_l2=0.03798 std_l2=0.37464
2026-05-13 16:57:38,606 INFO CSMF2.step_1_1_1.run :: epoch=0 step=250/429 train_nll=-974.390
2026-05-13 16:57:46,279 INFO CSMF2.step_1_1_1.run :: [h] epoch=0 step=300 total=0.24351 batch=0.00009
2026-05-13 16:57:46,279 INFO CSMF2.step_1_1_1.run :: [lat] epoch=0 step=300 mean_l2=0.02093 std_l2=0.35828
2026-05-13 16:57:46,346 INFO CSMF2.step_1_1_1.run :: epoch=0 step=300/429 train_nll=-1021.090
2026-05-13 16:57:54,217 INFO CSMF2.step_1_1_1.run :: [h] epoch=0 step=350 total=0.25444 batch=0.00008
2026-05-13 16:57:54,218 INFO CSMF2.step_1_1_1.run :: [lat] epoch=0 step=350 mean_l2=0.03243 std_l2=0.38546
2026-05-13 16:57:54,284 INFO CSMF2.step_1_1_1.run :: epoch=0 step=350/429 train_nll=-1059.451
2026-05-13 16:58:02,050 INFO CSMF2.step_1_1_1.run :: [h] epoch=0 step=400 total=0.24923 batch=0.00008
2026-05-13 16:58:02,050 INFO CSMF2.step_1_1_1.run :: [lat] epoch=0 step=400 mean_l2=0.02567 std_l2=0.38708
2026-05-13 16:58:02,118 INFO CSMF2.step_1_1_1.run :: epoch=0 step=400/429 train_nll=-1091.764
2026-05-13 16:58:09,953 INFO CSMF2.step_1_1_1.run :: epoch=0  train_nll=-1108.172  val_nll=-1344.594  t=69.9s
2026-05-13 16:58:09,954 INFO CSMF2.step_1_1_1.run :: [h_std] total=0.18361 batch=0.00058 (no penalty)
2026-05-13 16:58:09,954 INFO CSMF2.step_1_1_1.run :: [lat_epoch] mean_l2=0.10414 std_l2=1.09923 lambda=0.100
2026-05-13 16:58:09,954 INFO CSMF2.step_1_1_1.run :: [grad] cond=2.6070 film_gain=0.0000
2026-05-13 16:58:21,305 INFO CSMF2.step_1_1_1.run :: [h] epoch=1 step=50 total=0.26907 batch=0.00008
2026-05-13 16:58:21,306 INFO CSMF2.step_1_1_1.run :: [lat] epoch=1 step=50 mean_l2=0.02898 std_l2=0.37859
2026-05-13 16:58:21,371 INFO CSMF2.step_1_1_1.run :: epoch=1 step=50/429 train_nll=-1355.294
2026-05-13 16:58:29,055 INFO CSMF2.step_1_1_1.run :: [h] epoch=1 step=100 total=0.27479 batch=0.00017
2026-05-13 16:58:29,055 INFO CSMF2.step_1_1_1.run :: [lat] epoch=1 step=100 mean_l2=0.02617 std_l2=0.38247
2026-05-13 16:58:29,130 INFO CSMF2.step_1_1_1.run :: epoch=1 step=100/429 train_nll=-1365.619
2026-05-13 16:58:36,849 INFO CSMF2.step_1_1_1.run :: [h] epoch=1 step=150 total=0.26392 batch=0.00020
2026-05-13 16:58:36,849 INFO CSMF2.step_1_1_1.run :: [lat] epoch=1 step=150 mean_l2=0.02544 std_l2=0.35687
2026-05-13 16:58:36,915 INFO CSMF2.step_1_1_1.run :: epoch=1 step=150/429 train_nll=-1376.730
2026-05-13 16:58:44,707 INFO CSMF2.step_1_1_1.run :: [h] epoch=1 step=200 total=0.26048 batch=0.00143
2026-05-13 16:58:44,707 INFO CSMF2.step_1_1_1.run :: [lat] epoch=1 step=200 mean_l2=0.02987 std_l2=0.38897
2026-05-13 16:58:44,773 INFO CSMF2.step_1_1_1.run :: epoch=1 step=200/429 train_nll=-1385.961
2026-05-13 16:58:52,683 INFO CSMF2.step_1_1_1.run :: [h] epoch=1 step=250 total=0.26835 batch=0.00204
2026-05-13 16:58:52,684 INFO CSMF2.step_1_1_1.run :: [lat] epoch=1 step=250 mean_l2=0.02531 std_l2=0.37845
2026-05-13 16:58:52,754 INFO CSMF2.step_1_1_1.run :: epoch=1 step=250/429 train_nll=-1395.820
2026-05-13 16:59:00,909 INFO CSMF2.step_1_1_1.run :: [h] epoch=1 step=300 total=0.26612 batch=0.00350
2026-05-13 16:59:00,909 INFO CSMF2.step_1_1_1.run :: [lat] epoch=1 step=300 mean_l2=0.03197 std_l2=0.33974
2026-05-13 16:59:00,983 INFO CSMF2.step_1_1_1.run :: epoch=1 step=300/429 train_nll=-1405.101
2026-05-13 16:59:09,201 INFO CSMF2.step_1_1_1.run :: [h] epoch=1 step=350 total=0.26550 batch=0.00640
2026-05-13 16:59:09,201 INFO CSMF2.step_1_1_1.run :: [lat] epoch=1 step=350 mean_l2=0.02225 std_l2=0.38924
2026-05-13 16:59:09,275 INFO CSMF2.step_1_1_1.run :: epoch=1 step=350/429 train_nll=-1414.855
2026-05-13 16:59:17,708 INFO CSMF2.step_1_1_1.run :: [h] epoch=1 step=400 total=0.25921 batch=0.01042
2026-05-13 16:59:17,708 INFO CSMF2.step_1_1_1.run :: [lat] epoch=1 step=400 mean_l2=0.02199 std_l2=0.37822
2026-05-13 16:59:17,782 INFO CSMF2.step_1_1_1.run :: epoch=1 step=400/429 train_nll=-1423.858
2026-05-13 16:59:25,989 INFO CSMF2.step_1_1_1.run :: epoch=1  train_nll=-1429.026  val_nll=-1507.076  t=72.2s
2026-05-13 16:59:25,989 INFO CSMF2.step_1_1_1.run :: [h_std] total=0.26505 batch=0.00306 (no penalty)
2026-05-13 16:59:25,989 INFO CSMF2.step_1_1_1.run :: [lat_epoch] mean_l2=0.02913 std_l2=0.37529 lambda=0.100
2026-05-13 16:59:25,989 INFO CSMF2.step_1_1_1.run :: [grad] cond=0.6871 film_gain=0.0000
2026-05-13 16:59:37,742 INFO CSMF2.step_1_1_1.run :: [h] epoch=2 step=50 total=0.27115 batch=0.00965
2026-05-13 16:59:37,743 INFO CSMF2.step_1_1_1.run :: [lat] epoch=2 step=50 mean_l2=0.02927 std_l2=0.37009
2026-05-13 16:59:37,815 INFO CSMF2.step_1_1_1.run :: epoch=2 step=50/429 train_nll=-1513.240
2026-05-13 16:59:45,968 INFO CSMF2.step_1_1_1.run :: [h] epoch=2 step=100 total=0.26150 batch=0.01653
2026-05-13 16:59:45,969 INFO CSMF2.step_1_1_1.run :: [lat] epoch=2 step=100 mean_l2=0.02687 std_l2=0.36434
2026-05-13 16:59:46,038 INFO CSMF2.step_1_1_1.run :: epoch=2 step=100/429 train_nll=-1521.024
2026-05-13 16:59:54,114 INFO CSMF2.step_1_1_1.run :: [h] epoch=2 step=150 total=0.25959 batch=0.01511
2026-05-13 16:59:54,115 INFO CSMF2.step_1_1_1.run :: [lat] epoch=2 step=150 mean_l2=0.02922 std_l2=0.32650
2026-05-13 16:59:54,186 INFO CSMF2.step_1_1_1.run :: epoch=2 step=150/429 train_nll=-1529.688
2026-05-13 17:00:02,272 INFO CSMF2.step_1_1_1.run :: [h] epoch=2 step=200 total=0.24504 batch=0.02210
2026-05-13 17:00:02,273 INFO CSMF2.step_1_1_1.run :: [lat] epoch=2 step=200 mean_l2=0.03108 std_l2=0.36550
2026-05-13 17:00:02,343 INFO CSMF2.step_1_1_1.run :: epoch=2 step=200/429 train_nll=-1535.674
2026-05-13 17:00:10,510 INFO CSMF2.step_1_1_1.run :: [h] epoch=2 step=250 total=0.26463 batch=0.01461
2026-05-13 17:00:10,511 INFO CSMF2.step_1_1_1.run :: [lat] epoch=2 step=250 mean_l2=0.03817 std_l2=0.35365
2026-05-13 17:00:10,583 INFO CSMF2.step_1_1_1.run :: epoch=2 step=250/429 train_nll=-1542.951
2026-05-13 17:00:18,566 INFO CSMF2.step_1_1_1.run :: [h] epoch=2 step=300 total=0.26414 batch=0.01990
2026-05-13 17:00:18,566 INFO CSMF2.step_1_1_1.run :: [lat] epoch=2 step=300 mean_l2=0.03930 std_l2=0.31109
2026-05-13 17:00:18,638 INFO CSMF2.step_1_1_1.run :: epoch=2 step=300/429 train_nll=-1549.478
2026-05-13 17:00:26,749 INFO CSMF2.step_1_1_1.run :: [h] epoch=2 step=350 total=0.25602 batch=0.02009
2026-05-13 17:00:26,749 INFO CSMF2.step_1_1_1.run :: [lat] epoch=2 step=350 mean_l2=0.03563 std_l2=0.36121
2026-05-13 17:00:26,821 INFO CSMF2.step_1_1_1.run :: epoch=2 step=350/429 train_nll=-1556.731
2026-05-13 17:00:35,075 INFO CSMF2.step_1_1_1.run :: [h] epoch=2 step=400 total=0.25842 batch=0.02519
2026-05-13 17:00:35,076 INFO CSMF2.step_1_1_1.run :: [lat] epoch=2 step=400 mean_l2=0.03182 std_l2=0.34880
2026-05-13 17:00:35,148 INFO CSMF2.step_1_1_1.run :: epoch=2 step=400/429 train_nll=-1563.195
2026-05-13 17:00:43,245 INFO CSMF2.step_1_1_1.run :: epoch=2  train_nll=-1567.287  val_nll=-1629.270  t=73.6s
2026-05-13 17:00:43,245 INFO CSMF2.step_1_1_1.run :: [h_std] total=0.26098 batch=0.01671 (no penalty)
2026-05-13 17:00:43,245 INFO CSMF2.step_1_1_1.run :: [lat_epoch] mean_l2=0.03385 std_l2=0.35343 lambda=0.100
2026-05-13 17:00:43,245 INFO CSMF2.step_1_1_1.run :: [grad] cond=3.7666 film_gain=0.0000
2026-05-13 17:00:54,913 INFO CSMF2.step_1_1_1.run :: [h] epoch=3 step=50 total=0.26677 batch=0.02636
2026-05-13 17:00:54,913 INFO CSMF2.step_1_1_1.run :: [lat] epoch=3 step=50 mean_l2=0.03802 std_l2=0.33994
2026-05-13 17:00:54,986 INFO CSMF2.step_1_1_1.run :: epoch=3 step=50/429 train_nll=-1630.226
2026-05-13 17:01:03,081 INFO CSMF2.step_1_1_1.run :: [h] epoch=3 step=100 total=0.26761 batch=0.04411
2026-05-13 17:01:03,081 INFO CSMF2.step_1_1_1.run :: [lat] epoch=3 step=100 mean_l2=0.03811 std_l2=0.33464
2026-05-13 17:01:03,154 INFO CSMF2.step_1_1_1.run :: epoch=3 step=100/429 train_nll=-1635.728
2026-05-13 17:01:11,135 INFO CSMF2.step_1_1_1.run :: [h] epoch=3 step=150 total=0.26075 batch=0.05143
2026-05-13 17:01:11,135 INFO CSMF2.step_1_1_1.run :: [lat] epoch=3 step=150 mean_l2=0.03583 std_l2=0.29511
2026-05-13 17:01:11,227 INFO CSMF2.step_1_1_1.run :: epoch=3 step=150/429 train_nll=-1641.988
2026-05-13 17:01:19,390 INFO CSMF2.step_1_1_1.run :: [h] epoch=3 step=200 total=0.25957 batch=0.06110
2026-05-13 17:01:19,391 INFO CSMF2.step_1_1_1.run :: [lat] epoch=3 step=200 mean_l2=0.04494 std_l2=0.33843
2026-05-13 17:01:19,463 INFO CSMF2.step_1_1_1.run :: epoch=3 step=200/429 train_nll=-1646.440
2026-05-13 17:01:27,497 INFO CSMF2.step_1_1_1.run :: [h] epoch=3 step=250 total=0.25833 batch=0.04992
2026-05-13 17:01:27,497 INFO CSMF2.step_1_1_1.run :: [lat] epoch=3 step=250 mean_l2=0.03433 std_l2=0.32393
2026-05-13 17:01:27,570 INFO CSMF2.step_1_1_1.run :: epoch=3 step=250/429 train_nll=-1651.443
2026-05-13 17:01:35,760 INFO CSMF2.step_1_1_1.run :: [h] epoch=3 step=300 total=0.26465 batch=0.05979
2026-05-13 17:01:35,761 INFO CSMF2.step_1_1_1.run :: [lat] epoch=3 step=300 mean_l2=0.04251 std_l2=0.29533
2026-05-13 17:01:35,852 INFO CSMF2.step_1_1_1.run :: epoch=3 step=300/429 train_nll=-1657.030
2026-05-13 17:01:43,921 INFO CSMF2.step_1_1_1.run :: [h] epoch=3 step=350 total=0.25451 batch=0.06505
2026-05-13 17:01:43,922 INFO CSMF2.step_1_1_1.run :: [lat] epoch=3 step=350 mean_l2=0.04289 std_l2=0.33673
2026-05-13 17:01:43,994 INFO CSMF2.step_1_1_1.run :: epoch=3 step=350/429 train_nll=-1663.252
2026-05-13 17:01:52,038 INFO CSMF2.step_1_1_1.run :: [h] epoch=3 step=400 total=0.25996 batch=0.07262
2026-05-13 17:01:52,038 INFO CSMF2.step_1_1_1.run :: [lat] epoch=3 step=400 mean_l2=0.03932 std_l2=0.32667
2026-05-13 17:01:52,130 INFO CSMF2.step_1_1_1.run :: epoch=3 step=400/429 train_nll=-1668.453
2026-05-13 17:02:00,214 INFO CSMF2.step_1_1_1.run :: epoch=3  train_nll=-1671.445  val_nll=-1716.057  t=73.1s
2026-05-13 17:02:00,214 INFO CSMF2.step_1_1_1.run :: [h_std] total=0.26036 batch=0.05086 (no penalty)
2026-05-13 17:02:00,214 INFO CSMF2.step_1_1_1.run :: [lat_epoch] mean_l2=0.04065 std_l2=0.32616 lambda=0.100
2026-05-13 17:02:00,214 INFO CSMF2.step_1_1_1.run :: [grad] cond=35.9268 film_gain=0.0000
2026-05-13 17:02:11,894 INFO CSMF2.step_1_1_1.run :: [h] epoch=4 step=50 total=0.25702 batch=0.06891
2026-05-13 17:02:11,894 INFO CSMF2.step_1_1_1.run :: [lat] epoch=4 step=50 mean_l2=0.03918 std_l2=0.31959
2026-05-13 17:02:11,966 INFO CSMF2.step_1_1_1.run :: epoch=4 step=50/429 train_nll=-1716.040
2026-05-13 17:02:20,113 INFO CSMF2.step_1_1_1.run :: [h] epoch=4 step=100 total=0.26069 batch=0.07955
2026-05-13 17:02:20,113 INFO CSMF2.step_1_1_1.run :: [lat] epoch=4 step=100 mean_l2=0.03830 std_l2=0.31457
2026-05-13 17:02:20,186 INFO CSMF2.step_1_1_1.run :: epoch=4 step=100/429 train_nll=-1721.360
2026-05-13 17:02:28,384 INFO CSMF2.step_1_1_1.run :: [h] epoch=4 step=150 total=0.24771 batch=0.07231
2026-05-13 17:02:28,385 INFO CSMF2.step_1_1_1.run :: [lat] epoch=4 step=150 mean_l2=0.05938 std_l2=0.27186
2026-05-13 17:02:28,458 INFO CSMF2.step_1_1_1.run :: epoch=4 step=150/429 train_nll=-1727.101
2026-05-13 17:02:36,629 INFO CSMF2.step_1_1_1.run :: [h] epoch=4 step=200 total=0.25341 batch=0.08299
2026-05-13 17:02:36,630 INFO CSMF2.step_1_1_1.run :: [lat] epoch=4 step=200 mean_l2=0.03100 std_l2=0.32009
2026-05-13 17:02:36,721 INFO CSMF2.step_1_1_1.run :: epoch=4 step=200/429 train_nll=-1731.698
2026-05-13 17:02:44,968 INFO CSMF2.step_1_1_1.run :: [h] epoch=4 step=250 total=0.25121 batch=0.06371
2026-05-13 17:02:44,969 INFO CSMF2.step_1_1_1.run :: [lat] epoch=4 step=250 mean_l2=0.04620 std_l2=0.31095
2026-05-13 17:02:45,041 INFO CSMF2.step_1_1_1.run :: epoch=4 step=250/429 train_nll=-1736.837
2026-05-13 17:02:53,250 INFO CSMF2.step_1_1_1.run :: [h] epoch=4 step=300 total=0.24607 batch=0.07305
2026-05-13 17:02:53,251 INFO CSMF2.step_1_1_1.run :: [lat] epoch=4 step=300 mean_l2=0.04584 std_l2=0.28703
2026-05-13 17:02:53,323 INFO CSMF2.step_1_1_1.run :: epoch=4 step=300/429 train_nll=-1740.880
2026-05-13 17:03:01,584 INFO CSMF2.step_1_1_1.run :: [h] epoch=4 step=350 total=0.24411 batch=0.08199
2026-05-13 17:03:01,585 INFO CSMF2.step_1_1_1.run :: [lat] epoch=4 step=350 mean_l2=0.05120 std_l2=0.30870
2026-05-13 17:03:01,657 INFO CSMF2.step_1_1_1.run :: epoch=4 step=350/429 train_nll=-1744.968
2026-05-13 17:03:09,625 INFO CSMF2.step_1_1_1.run :: [h] epoch=4 step=400 total=0.25138 batch=0.08607
2026-05-13 17:03:09,625 INFO CSMF2.step_1_1_1.run :: [lat] epoch=4 step=400 mean_l2=0.04671 std_l2=0.31386
2026-05-13 17:03:09,698 INFO CSMF2.step_1_1_1.run :: epoch=4 step=400/429 train_nll=-1749.142
2026-05-13 17:03:17,854 INFO CSMF2.step_1_1_1.run :: epoch=4  train_nll=-1751.899  val_nll=-1795.833  t=73.8s
2026-05-13 17:03:17,854 INFO CSMF2.step_1_1_1.run :: [h_std] total=0.24838 batch=0.07424 (no penalty)
2026-05-13 17:03:17,855 INFO CSMF2.step_1_1_1.run :: [lat_epoch] mean_l2=0.04822 std_l2=0.30474 lambda=0.100
2026-05-13 17:03:17,855 INFO CSMF2.step_1_1_1.run :: [grad] cond=14.2743 film_gain=0.0000
2026-05-13 17:03:29,661 INFO CSMF2.step_1_1_1.run :: [h] epoch=5 step=50 total=0.24644 batch=0.07374
2026-05-13 17:03:29,662 INFO CSMF2.step_1_1_1.run :: [lat] epoch=5 step=50 mean_l2=0.03734 std_l2=0.31137
2026-05-13 17:03:29,733 INFO CSMF2.step_1_1_1.run :: epoch=5 step=50/429 train_nll=-1793.773
2026-05-13 17:03:37,742 INFO CSMF2.step_1_1_1.run :: [h] epoch=5 step=100 total=0.25239 batch=0.08500
2026-05-13 17:03:37,743 INFO CSMF2.step_1_1_1.run :: [lat] epoch=5 step=100 mean_l2=0.04847 std_l2=0.31478
2026-05-13 17:03:37,833 INFO CSMF2.step_1_1_1.run :: epoch=5 step=100/429 train_nll=-1799.422
2026-05-13 17:03:45,910 INFO CSMF2.step_1_1_1.run :: [h] epoch=5 step=150 total=0.24035 batch=0.08076
2026-05-13 17:03:45,911 INFO CSMF2.step_1_1_1.run :: [lat] epoch=5 step=150 mean_l2=0.05094 std_l2=0.27338
2026-05-13 17:03:46,002 INFO CSMF2.step_1_1_1.run :: epoch=5 step=150/429 train_nll=-1804.135
2026-05-13 17:03:54,076 INFO CSMF2.step_1_1_1.run :: [h] epoch=5 step=200 total=0.23985 batch=0.08622
2026-05-13 17:03:54,077 INFO CSMF2.step_1_1_1.run :: [lat] epoch=5 step=200 mean_l2=0.04305 std_l2=0.30043
2026-05-13 17:03:54,167 INFO CSMF2.step_1_1_1.run :: epoch=5 step=200/429 train_nll=-1807.099
2026-05-13 17:04:02,227 INFO CSMF2.step_1_1_1.run :: [h] epoch=5 step=250 total=0.23816 batch=0.07507
2026-05-13 17:04:02,227 INFO CSMF2.step_1_1_1.run :: [lat] epoch=5 step=250 mean_l2=0.08430 std_l2=0.31947
2026-05-13 17:04:02,318 INFO CSMF2.step_1_1_1.run :: epoch=5 step=250/429 train_nll=-1810.448
2026-05-13 17:04:10,472 INFO CSMF2.step_1_1_1.run :: [h] epoch=5 step=300 total=0.23438 batch=0.08165
2026-05-13 17:04:10,473 INFO CSMF2.step_1_1_1.run :: [lat] epoch=5 step=300 mean_l2=0.06117 std_l2=0.31053
2026-05-13 17:04:10,545 INFO CSMF2.step_1_1_1.run :: epoch=5 step=300/429 train_nll=-1812.841
2026-05-13 17:04:18,845 INFO CSMF2.step_1_1_1.run :: [h] epoch=5 step=350 total=0.23756 batch=0.08824
2026-05-13 17:04:18,845 INFO CSMF2.step_1_1_1.run :: [lat] epoch=5 step=350 mean_l2=0.06199 std_l2=0.30968
2026-05-13 17:04:18,917 INFO CSMF2.step_1_1_1.run :: epoch=5 step=350/429 train_nll=-1816.817
2026-05-13 17:04:27,002 INFO CSMF2.step_1_1_1.run :: [h] epoch=5 step=400 total=0.23824 batch=0.09561
2026-05-13 17:04:27,003 INFO CSMF2.step_1_1_1.run :: [lat] epoch=5 step=400 mean_l2=0.04575 std_l2=0.30980
2026-05-13 17:04:27,075 INFO CSMF2.step_1_1_1.run :: epoch=5 step=400/429 train_nll=-1820.013
2026-05-13 17:04:35,328 INFO CSMF2.step_1_1_1.run :: epoch=5  train_nll=-1822.318  val_nll=-1852.923  t=73.6s
2026-05-13 17:04:35,328 INFO CSMF2.step_1_1_1.run :: [h_std] total=0.23835 batch=0.08196 (no penalty)
2026-05-13 17:04:35,328 INFO CSMF2.step_1_1_1.run :: [lat_epoch] mean_l2=0.05183 std_l2=0.29847 lambda=0.100
2026-05-13 17:04:35,328 INFO CSMF2.step_1_1_1.run :: [grad] cond=130.0302 film_gain=0.0000
2026-05-13 17:04:46,874 INFO CSMF2.step_1_1_1.run :: [h] epoch=6 step=50 total=0.23093 batch=0.08825
2026-05-13 17:04:46,875 INFO CSMF2.step_1_1_1.run :: [lat] epoch=6 step=50 mean_l2=0.04646 std_l2=0.30267
2026-05-13 17:04:46,965 INFO CSMF2.step_1_1_1.run :: epoch=6 step=50/429 train_nll=-1849.945
2026-05-13 17:04:55,165 INFO CSMF2.step_1_1_1.run :: [h] epoch=6 step=100 total=0.24172 batch=0.10086
2026-05-13 17:04:55,165 INFO CSMF2.step_1_1_1.run :: [lat] epoch=6 step=100 mean_l2=0.06718 std_l2=0.32935
2026-05-13 17:04:55,237 INFO CSMF2.step_1_1_1.run :: epoch=6 step=100/429 train_nll=-1855.304
2026-05-13 17:05:03,196 INFO CSMF2.step_1_1_1.run :: [h] epoch=6 step=150 total=0.22907 batch=0.09186
2026-05-13 17:05:03,196 INFO CSMF2.step_1_1_1.run :: [lat] epoch=6 step=150 mean_l2=0.04420 std_l2=0.29153
2026-05-13 17:05:03,287 INFO CSMF2.step_1_1_1.run :: epoch=6 step=150/429 train_nll=-1861.065
2026-05-13 17:05:11,388 INFO CSMF2.step_1_1_1.run :: [h] epoch=6 step=200 total=0.23069 batch=0.10245
2026-05-13 17:05:11,389 INFO CSMF2.step_1_1_1.run :: [lat] epoch=6 step=200 mean_l2=0.07060 std_l2=0.29161
2026-05-13 17:05:11,480 INFO CSMF2.step_1_1_1.run :: epoch=6 step=200/429 train_nll=-1864.428
2026-05-13 17:05:19,572 INFO CSMF2.step_1_1_1.run :: [h] epoch=6 step=250 total=0.22607 batch=0.09189
2026-05-13 17:05:19,573 INFO CSMF2.step_1_1_1.run :: [lat] epoch=6 step=250 mean_l2=0.05668 std_l2=0.34924
2026-05-13 17:05:19,645 INFO CSMF2.step_1_1_1.run :: epoch=6 step=250/429 train_nll=-1867.683
2026-05-13 17:05:27,801 INFO CSMF2.step_1_1_1.run :: [h] epoch=6 step=300 total=0.22504 batch=0.09516
2026-05-13 17:05:27,801 INFO CSMF2.step_1_1_1.run :: [lat] epoch=6 step=300 mean_l2=0.06162 std_l2=0.36401
2026-05-13 17:05:27,874 INFO CSMF2.step_1_1_1.run :: epoch=6 step=300/429 train_nll=-1870.982
2026-05-13 17:05:36,138 INFO CSMF2.step_1_1_1.run :: [h] epoch=6 step=350 total=0.22496 batch=0.09962
2026-05-13 17:05:36,139 INFO CSMF2.step_1_1_1.run :: [lat] epoch=6 step=350 mean_l2=0.05494 std_l2=0.32538
2026-05-13 17:05:36,229 INFO CSMF2.step_1_1_1.run :: epoch=6 step=350/429 train_nll=-1875.052
2026-05-13 17:05:44,253 INFO CSMF2.step_1_1_1.run :: [h] epoch=6 step=400 total=0.23078 batch=0.10536
2026-05-13 17:05:44,254 INFO CSMF2.step_1_1_1.run :: [lat] epoch=6 step=400 mean_l2=0.06224 std_l2=0.32930
2026-05-13 17:05:44,325 INFO CSMF2.step_1_1_1.run :: epoch=6 step=400/429 train_nll=-1877.809
2026-05-13 17:05:52,436 INFO CSMF2.step_1_1_1.run :: epoch=6  train_nll=-1879.990  val_nll=-1892.554  t=73.3s
2026-05-13 17:05:52,436 INFO CSMF2.step_1_1_1.run :: [h_std] total=0.22694 batch=0.09491 (no penalty)
2026-05-13 17:05:52,436 INFO CSMF2.step_1_1_1.run :: [lat_epoch] mean_l2=0.05712 std_l2=0.30524 lambda=0.100
2026-05-13 17:05:52,437 INFO CSMF2.step_1_1_1.run :: [grad] cond=37.2734 film_gain=0.0000
2026-05-13 17:06:04,115 INFO CSMF2.step_1_1_1.run :: [h] epoch=7 step=50 total=0.21965 batch=0.09520
2026-05-13 17:06:04,116 INFO CSMF2.step_1_1_1.run :: [lat] epoch=7 step=50 mean_l2=0.05319 std_l2=0.31237
2026-05-13 17:06:04,188 INFO CSMF2.step_1_1_1.run :: epoch=7 step=50/429 train_nll=-1906.482
2026-05-13 17:06:12,217 INFO CSMF2.step_1_1_1.run :: [h] epoch=7 step=100 total=0.22423 batch=0.10620
2026-05-13 17:06:12,217 INFO CSMF2.step_1_1_1.run :: [lat] epoch=7 step=100 mean_l2=0.06286 std_l2=0.39047
2026-05-13 17:06:12,289 INFO CSMF2.step_1_1_1.run :: epoch=7 step=100/429 train_nll=-1909.480
2026-05-13 17:06:20,386 INFO CSMF2.step_1_1_1.run :: [h] epoch=7 step=150 total=0.21215 batch=0.09960
2026-05-13 17:06:20,386 INFO CSMF2.step_1_1_1.run :: [lat] epoch=7 step=150 mean_l2=0.07311 std_l2=0.32709
2026-05-13 17:06:20,459 INFO CSMF2.step_1_1_1.run :: epoch=7 step=150/429 train_nll=-1914.275
2026-05-13 17:06:28,600 INFO CSMF2.step_1_1_1.run :: [h] epoch=7 step=200 total=0.21725 batch=0.10699
2026-05-13 17:06:28,601 INFO CSMF2.step_1_1_1.run :: [lat] epoch=7 step=200 mean_l2=0.08176 std_l2=0.29168
2026-05-13 17:06:28,691 INFO CSMF2.step_1_1_1.run :: epoch=7 step=200/429 train_nll=-1916.099
2026-05-13 17:06:36,874 INFO CSMF2.step_1_1_1.run :: [h] epoch=7 step=250 total=0.21383 batch=0.09742
2026-05-13 17:06:36,875 INFO CSMF2.step_1_1_1.run :: [lat] epoch=7 step=250 mean_l2=0.07428 std_l2=0.41363
2026-05-13 17:06:36,947 INFO CSMF2.step_1_1_1.run :: epoch=7 step=250/429 train_nll=-1918.124
2026-05-13 17:06:45,194 INFO CSMF2.step_1_1_1.run :: [h] epoch=7 step=300 total=0.21060 batch=0.09663
2026-05-13 17:06:45,194 INFO CSMF2.step_1_1_1.run :: [lat] epoch=7 step=300 mean_l2=0.05813 std_l2=0.44045
2026-05-13 17:06:45,285 INFO CSMF2.step_1_1_1.run :: epoch=7 step=300/429 train_nll=-1920.308
2026-05-13 17:06:53,573 INFO CSMF2.step_1_1_1.run :: [h] epoch=7 step=350 total=0.21093 batch=0.10235
2026-05-13 17:06:53,573 INFO CSMF2.step_1_1_1.run :: [lat] epoch=7 step=350 mean_l2=0.05535 std_l2=0.34380
2026-05-13 17:06:53,645 INFO CSMF2.step_1_1_1.run :: epoch=7 step=350/429 train_nll=-1924.073
2026-05-13 17:07:01,726 INFO CSMF2.step_1_1_1.run :: [h] epoch=7 step=400 total=0.21639 batch=0.10568
2026-05-13 17:07:01,726 INFO CSMF2.step_1_1_1.run :: [lat] epoch=7 step=400 mean_l2=0.05742 std_l2=0.37656
2026-05-13 17:07:01,798 INFO CSMF2.step_1_1_1.run :: epoch=7 step=400/429 train_nll=-1926.993
2026-05-13 17:07:09,896 INFO CSMF2.step_1_1_1.run :: epoch=7  train_nll=-1928.923  val_nll=-1954.265  t=73.6s
2026-05-13 17:07:09,896 INFO CSMF2.step_1_1_1.run :: [h_std] total=0.21475 batch=0.09973 (no penalty)
2026-05-13 17:07:09,896 INFO CSMF2.step_1_1_1.run :: [lat_epoch] mean_l2=0.06336 std_l2=0.32518 lambda=0.100
2026-05-13 17:07:09,896 INFO CSMF2.step_1_1_1.run :: [grad] cond=55.6177 film_gain=0.0000
2026-05-13 17:07:21,528 INFO CSMF2.step_1_1_1.run :: [h] epoch=8 step=50 total=0.20694 batch=0.09709
2026-05-13 17:07:21,529 INFO CSMF2.step_1_1_1.run :: [lat] epoch=8 step=50 mean_l2=0.06561 std_l2=0.32013
2026-05-13 17:07:21,601 INFO CSMF2.step_1_1_1.run :: epoch=8 step=50/429 train_nll=-1952.762
2026-05-13 17:07:29,791 INFO CSMF2.step_1_1_1.run :: [h] epoch=8 step=100 total=0.21151 batch=0.10539
2026-05-13 17:07:29,791 INFO CSMF2.step_1_1_1.run :: [lat] epoch=8 step=100 mean_l2=0.09019 std_l2=0.45464
2026-05-13 17:07:29,863 INFO CSMF2.step_1_1_1.run :: epoch=8 step=100/429 train_nll=-1955.889
2026-05-13 17:07:38,104 INFO CSMF2.step_1_1_1.run :: [h] epoch=8 step=150 total=0.20090 batch=0.09702
2026-05-13 17:07:38,104 INFO CSMF2.step_1_1_1.run :: [lat] epoch=8 step=150 mean_l2=0.07621 std_l2=0.41126
2026-05-13 17:07:38,195 INFO CSMF2.step_1_1_1.run :: epoch=8 step=150/429 train_nll=-1959.218
2026-05-13 17:07:46,476 INFO CSMF2.step_1_1_1.run :: [h] epoch=8 step=200 total=0.20883 batch=0.10558
2026-05-13 17:07:46,476 INFO CSMF2.step_1_1_1.run :: [lat] epoch=8 step=200 mean_l2=0.07893 std_l2=0.28549
2026-05-13 17:07:46,548 INFO CSMF2.step_1_1_1.run :: epoch=8 step=200/429 train_nll=-1961.603
2026-05-13 17:07:54,756 INFO CSMF2.step_1_1_1.run :: [h] epoch=8 step=250 total=0.20132 batch=0.09693
2026-05-13 17:07:54,757 INFO CSMF2.step_1_1_1.run :: [lat] epoch=8 step=250 mean_l2=0.08820 std_l2=0.47755
2026-05-13 17:07:54,848 INFO CSMF2.step_1_1_1.run :: epoch=8 step=250/429 train_nll=-1963.849
2026-05-13 17:08:02,986 INFO CSMF2.step_1_1_1.run :: [h] epoch=8 step=300 total=0.20155 batch=0.09808
2026-05-13 17:08:02,986 INFO CSMF2.step_1_1_1.run :: [lat] epoch=8 step=300 mean_l2=0.07848 std_l2=0.53510
2026-05-13 17:08:03,058 INFO CSMF2.step_1_1_1.run :: epoch=8 step=300/429 train_nll=-1965.330
2026-05-13 17:08:11,168 INFO CSMF2.step_1_1_1.run :: [h] epoch=8 step=350 total=0.19954 batch=0.10131
2026-05-13 17:08:11,168 INFO CSMF2.step_1_1_1.run :: [lat] epoch=8 step=350 mean_l2=0.08104 std_l2=0.39203
2026-05-13 17:08:11,241 INFO CSMF2.step_1_1_1.run :: epoch=8 step=350/429 train_nll=-1968.416
2026-05-13 17:08:19,364 INFO CSMF2.step_1_1_1.run :: [h] epoch=8 step=400 total=0.20213 batch=0.10669
2026-05-13 17:08:19,365 INFO CSMF2.step_1_1_1.run :: [lat] epoch=8 step=400 mean_l2=0.06178 std_l2=0.45080
2026-05-13 17:08:19,437 INFO CSMF2.step_1_1_1.run :: epoch=8 step=400/429 train_nll=-1969.910
2026-05-13 17:08:27,570 INFO CSMF2.step_1_1_1.run :: epoch=8  train_nll=-1971.368  val_nll=-1984.949  t=73.9s
2026-05-13 17:08:27,571 INFO CSMF2.step_1_1_1.run :: [h_std] total=0.20266 batch=0.10001 (no penalty)
2026-05-13 17:08:27,571 INFO CSMF2.step_1_1_1.run :: [lat_epoch] mean_l2=0.06880 std_l2=0.36253 lambda=0.100
2026-05-13 17:08:27,571 INFO CSMF2.step_1_1_1.run :: [grad] cond=75.7815 film_gain=0.0000
2026-05-13 17:08:39,268 INFO CSMF2.step_1_1_1.run :: [h] epoch=9 step=50 total=0.19700 batch=0.09852
2026-05-13 17:08:39,268 INFO CSMF2.step_1_1_1.run :: [lat] epoch=9 step=50 mean_l2=0.05385 std_l2=0.32480
2026-05-13 17:08:39,340 INFO CSMF2.step_1_1_1.run :: epoch=9 step=50/429 train_nll=-1992.369
2026-05-13 17:08:47,462 INFO CSMF2.step_1_1_1.run :: [h] epoch=9 step=100 total=0.20075 batch=0.10987
2026-05-13 17:08:47,462 INFO CSMF2.step_1_1_1.run :: [lat] epoch=9 step=100 mean_l2=0.06338 std_l2=0.55602
2026-05-13 17:08:47,553 INFO CSMF2.step_1_1_1.run :: epoch=9 step=100/429 train_nll=-1994.939
2026-05-13 17:08:55,691 INFO CSMF2.step_1_1_1.run :: [h] epoch=9 step=150 total=0.19290 batch=0.10352
2026-05-13 17:08:55,691 INFO CSMF2.step_1_1_1.run :: [lat] epoch=9 step=150 mean_l2=0.05600 std_l2=0.43403
2026-05-13 17:08:55,772 INFO CSMF2.step_1_1_1.run :: epoch=9 step=150/429 train_nll=-1999.852
2026-05-13 17:09:03,904 INFO CSMF2.step_1_1_1.run :: [h] epoch=9 step=200 total=0.20015 batch=0.11279
2026-05-13 17:09:03,905 INFO CSMF2.step_1_1_1.run :: [lat] epoch=9 step=200 mean_l2=0.07569 std_l2=0.30806
2026-05-13 17:09:03,996 INFO CSMF2.step_1_1_1.run :: epoch=9 step=200/429 train_nll=-2001.652
2026-05-13 17:09:11,958 INFO CSMF2.step_1_1_1.run :: [h] epoch=9 step=250 total=0.19321 batch=0.10625
2026-05-13 17:09:11,958 INFO CSMF2.step_1_1_1.run :: [lat] epoch=9 step=250 mean_l2=0.09610 std_l2=0.57543
2026-05-13 17:09:12,049 INFO CSMF2.step_1_1_1.run :: epoch=9 step=250/429 train_nll=-2001.762
2026-05-13 17:09:20,241 INFO CSMF2.step_1_1_1.run :: [h] epoch=9 step=300 total=0.19048 batch=0.10359
2026-05-13 17:09:20,242 INFO CSMF2.step_1_1_1.run :: [lat] epoch=9 step=300 mean_l2=0.06637 std_l2=0.64536
2026-05-13 17:09:20,314 INFO CSMF2.step_1_1_1.run :: epoch=9 step=300/429 train_nll=-2002.737
2026-05-13 17:09:28,384 INFO CSMF2.step_1_1_1.run :: [h] epoch=9 step=350 total=0.19193 batch=0.10666
2026-05-13 17:09:28,384 INFO CSMF2.step_1_1_1.run :: [lat] epoch=9 step=350 mean_l2=0.06451 std_l2=0.50377
2026-05-13 17:09:28,457 INFO CSMF2.step_1_1_1.run :: epoch=9 step=350/429 train_nll=-2006.641
2026-05-13 17:09:36,429 INFO CSMF2.step_1_1_1.run :: [h] epoch=9 step=400 total=0.19516 batch=0.11228
2026-05-13 17:09:36,429 INFO CSMF2.step_1_1_1.run :: [lat] epoch=9 step=400 mean_l2=0.07806 std_l2=0.59164
2026-05-13 17:09:36,502 INFO CSMF2.step_1_1_1.run :: epoch=9 step=400/429 train_nll=-2007.904
2026-05-13 17:09:44,611 INFO CSMF2.step_1_1_1.run :: epoch=9  train_nll=-2008.837  val_nll=-2031.281  t=73.3s
2026-05-13 17:09:44,611 INFO CSMF2.step_1_1_1.run :: [h_std] total=0.19376 batch=0.10538 (no penalty)
2026-05-13 17:09:44,611 INFO CSMF2.step_1_1_1.run :: [lat_epoch] mean_l2=0.07190 std_l2=0.41342 lambda=0.100
2026-05-13 17:09:44,611 INFO CSMF2.step_1_1_1.run :: [grad] cond=152.2473 film_gain=0.0000
2026-05-13 17:09:56,592 INFO CSMF2.step_1_1_1.run :: [h] epoch=10 step=50 total=0.18953 batch=0.10294
2026-05-13 17:09:56,592 INFO CSMF2.step_1_1_1.run :: [lat] epoch=10 step=50 mean_l2=0.06670 std_l2=0.33586
2026-05-13 17:09:56,686 INFO CSMF2.step_1_1_1.run :: epoch=10 step=50/429 train_nll=-2025.999
2026-05-13 17:10:04,864 INFO CSMF2.step_1_1_1.run :: [h] epoch=10 step=100 total=0.19325 batch=0.11394
2026-05-13 17:10:04,864 INFO CSMF2.step_1_1_1.run :: [lat] epoch=10 step=100 mean_l2=0.08853 std_l2=0.62313
2026-05-13 17:10:04,958 INFO CSMF2.step_1_1_1.run :: epoch=10 step=100/429 train_nll=-2026.789
2026-05-13 17:10:13,349 INFO CSMF2.step_1_1_1.run :: [h] epoch=10 step=150 total=0.18470 batch=0.10898
2026-05-13 17:10:13,349 INFO CSMF2.step_1_1_1.run :: [lat] epoch=10 step=150 mean_l2=0.06782 std_l2=0.48137
2026-05-13 17:10:13,423 INFO CSMF2.step_1_1_1.run :: epoch=10 step=150/429 train_nll=-2031.832
2026-05-13 17:10:21,531 INFO CSMF2.step_1_1_1.run :: [h] epoch=10 step=200 total=0.19101 batch=0.11562
2026-05-13 17:10:21,532 INFO CSMF2.step_1_1_1.run :: [lat] epoch=10 step=200 mean_l2=0.08379 std_l2=0.28933
2026-05-13 17:10:21,606 INFO CSMF2.step_1_1_1.run :: epoch=10 step=200/429 train_nll=-2033.151
2026-05-13 17:10:30,012 INFO CSMF2.step_1_1_1.run :: [h] epoch=10 step=250 total=0.18655 batch=0.10967
2026-05-13 17:10:30,013 INFO CSMF2.step_1_1_1.run :: [lat] epoch=10 step=250 mean_l2=0.07503 std_l2=0.66393
2026-05-13 17:10:30,086 INFO CSMF2.step_1_1_1.run :: epoch=10 step=250/429 train_nll=-2035.503
2026-05-13 17:10:38,396 INFO CSMF2.step_1_1_1.run :: [h] epoch=10 step=300 total=0.18497 batch=0.10811
2026-05-13 17:10:38,397 INFO CSMF2.step_1_1_1.run :: [lat] epoch=10 step=300 mean_l2=0.06082 std_l2=0.65145
2026-05-13 17:10:38,491 INFO CSMF2.step_1_1_1.run :: epoch=10 step=300/429 train_nll=-2037.287
2026-05-13 17:10:46,756 INFO CSMF2.step_1_1_1.run :: [h] epoch=10 step=350 total=0.18418 batch=0.11305
2026-05-13 17:10:46,757 INFO CSMF2.step_1_1_1.run :: [lat] epoch=10 step=350 mean_l2=0.07728 std_l2=0.62514
2026-05-13 17:10:46,830 INFO CSMF2.step_1_1_1.run :: epoch=10 step=350/429 train_nll=-2040.594
2026-05-13 17:10:54,927 INFO CSMF2.step_1_1_1.run :: [h] epoch=10 step=400 total=0.18892 batch=0.11690
2026-05-13 17:10:54,927 INFO CSMF2.step_1_1_1.run :: [lat] epoch=10 step=400 mean_l2=0.08906 std_l2=0.84228
2026-05-13 17:10:55,001 INFO CSMF2.step_1_1_1.run :: epoch=10 step=400/429 train_nll=-2041.757
2026-05-13 17:11:03,168 INFO CSMF2.step_1_1_1.run :: epoch=10  train_nll=-2042.852  val_nll=-2058.241  t=74.7s
2026-05-13 17:11:03,169 INFO CSMF2.step_1_1_1.run :: [h_std] total=0.18690 batch=0.11001 (no penalty)
2026-05-13 17:11:03,169 INFO CSMF2.step_1_1_1.run :: [lat_epoch] mean_l2=0.07530 std_l2=0.47615 lambda=0.100
2026-05-13 17:11:03,169 INFO CSMF2.step_1_1_1.run :: [grad] cond=228.6364 film_gain=0.0000
2026-05-13 17:11:14,936 INFO CSMF2.step_1_1_1.run :: [h] epoch=11 step=50 total=0.18338 batch=0.11130
2026-05-13 17:11:14,936 INFO CSMF2.step_1_1_1.run :: [lat] epoch=11 step=50 mean_l2=0.06174 std_l2=0.33762
2026-05-13 17:11:15,027 INFO CSMF2.step_1_1_1.run :: epoch=11 step=50/429 train_nll=-2058.814
2026-05-13 17:11:23,156 INFO CSMF2.step_1_1_1.run :: [h] epoch=11 step=100 total=0.18756 batch=0.12007
2026-05-13 17:11:23,156 INFO CSMF2.step_1_1_1.run :: [lat] epoch=11 step=100 mean_l2=0.09419 std_l2=0.71561
2026-05-13 17:11:23,228 INFO CSMF2.step_1_1_1.run :: epoch=11 step=100/429 train_nll=-2059.041
2026-05-13 17:11:31,234 INFO CSMF2.step_1_1_1.run :: [h] epoch=11 step=150 total=0.18146 batch=0.11530
2026-05-13 17:11:31,235 INFO CSMF2.step_1_1_1.run :: [lat] epoch=11 step=150 mean_l2=0.06787 std_l2=0.51719
2026-05-13 17:11:31,325 INFO CSMF2.step_1_1_1.run :: epoch=11 step=150/429 train_nll=-2063.592
2026-05-13 17:11:39,630 INFO CSMF2.step_1_1_1.run :: [h] epoch=11 step=200 total=0.18780 batch=0.12181
2026-05-13 17:11:39,630 INFO CSMF2.step_1_1_1.run :: [lat] epoch=11 step=200 mean_l2=0.08747 std_l2=0.30085
2026-05-13 17:11:39,702 INFO CSMF2.step_1_1_1.run :: epoch=11 step=200/429 train_nll=-2064.463
2026-05-13 17:11:47,792 INFO CSMF2.step_1_1_1.run :: [h] epoch=11 step=250 total=0.18354 batch=0.11731
2026-05-13 17:11:47,793 INFO CSMF2.step_1_1_1.run :: [lat] epoch=11 step=250 mean_l2=0.07823 std_l2=0.70665
2026-05-13 17:11:47,865 INFO CSMF2.step_1_1_1.run :: epoch=11 step=250/429 train_nll=-2065.957
2026-05-13 17:11:56,149 INFO CSMF2.step_1_1_1.run :: [h] epoch=11 step=300 total=0.17875 batch=0.11520
2026-05-13 17:11:56,149 INFO CSMF2.step_1_1_1.run :: [lat] epoch=11 step=300 mean_l2=0.06764 std_l2=0.81102
2026-05-13 17:11:56,217 INFO CSMF2.step_1_1_1.run :: epoch=11 step=300/429 train_nll=-2066.315
2026-05-13 17:12:04,305 INFO CSMF2.step_1_1_1.run :: [h] epoch=11 step=350 total=0.17900 batch=0.11812
2026-05-13 17:12:04,305 INFO CSMF2.step_1_1_1.run :: [lat] epoch=11 step=350 mean_l2=0.07362 std_l2=0.81047
2026-05-13 17:12:04,377 INFO CSMF2.step_1_1_1.run :: epoch=11 step=350/429 train_nll=-2069.658
2026-05-13 17:12:12,483 INFO CSMF2.step_1_1_1.run :: [h] epoch=11 step=400 total=0.18476 batch=0.12097
2026-05-13 17:12:12,484 INFO CSMF2.step_1_1_1.run :: [lat] epoch=11 step=400 mean_l2=0.06997 std_l2=1.20150
2026-05-13 17:12:12,575 INFO CSMF2.step_1_1_1.run :: epoch=11 step=400/429 train_nll=-2070.784
2026-05-13 17:12:20,797 INFO CSMF2.step_1_1_1.run :: epoch=11  train_nll=-2072.151  val_nll=-2090.412  t=73.9s
2026-05-13 17:12:20,797 INFO CSMF2.step_1_1_1.run :: [h_std] total=0.18213 batch=0.11627 (no penalty)
2026-05-13 17:12:20,797 INFO CSMF2.step_1_1_1.run :: [lat_epoch] mean_l2=0.07850 std_l2=0.55195 lambda=0.100
2026-05-13 17:12:20,797 INFO CSMF2.step_1_1_1.run :: [grad] cond=199.6042 film_gain=0.0000
2026-05-13 17:12:32,578 INFO CSMF2.step_1_1_1.run :: [h] epoch=12 step=50 total=0.18108 batch=0.11898
2026-05-13 17:12:32,579 INFO CSMF2.step_1_1_1.run :: [lat] epoch=12 step=50 mean_l2=0.09117 std_l2=0.31500
2026-05-13 17:12:32,673 INFO CSMF2.step_1_1_1.run :: epoch=12 step=50/429 train_nll=-2090.546
2026-05-13 17:12:41,046 INFO CSMF2.step_1_1_1.run :: [h] epoch=12 step=100 total=0.18332 batch=0.12347
2026-05-13 17:12:41,047 INFO CSMF2.step_1_1_1.run :: [lat] epoch=12 step=100 mean_l2=0.07120 std_l2=0.74456
2026-05-13 17:12:41,121 INFO CSMF2.step_1_1_1.run :: epoch=12 step=100/429 train_nll=-2092.199
2026-05-13 17:12:49,350 INFO CSMF2.step_1_1_1.run :: [h] epoch=12 step=150 total=0.17725 batch=0.11946
2026-05-13 17:12:49,350 INFO CSMF2.step_1_1_1.run :: [lat] epoch=12 step=150 mean_l2=0.08127 std_l2=0.55505
2026-05-13 17:12:49,425 INFO CSMF2.step_1_1_1.run :: epoch=12 step=150/429 train_nll=-2096.287
2026-05-13 17:12:57,771 INFO CSMF2.step_1_1_1.run :: [h] epoch=12 step=200 total=0.18205 batch=0.12578
2026-05-13 17:12:57,771 INFO CSMF2.step_1_1_1.run :: [lat] epoch=12 step=200 mean_l2=0.07431 std_l2=0.29727
2026-05-13 17:12:57,865 INFO CSMF2.step_1_1_1.run :: epoch=12 step=200/429 train_nll=-2096.002
2026-05-13 17:13:06,155 INFO CSMF2.step_1_1_1.run :: [h] epoch=12 step=250 total=0.17553 batch=0.11575
2026-05-13 17:13:06,155 INFO CSMF2.step_1_1_1.run :: [lat] epoch=12 step=250 mean_l2=0.13817 std_l2=0.79309
2026-05-13 17:13:06,229 INFO CSMF2.step_1_1_1.run :: epoch=12 step=250/429 train_nll=-2096.208
2026-05-13 17:13:14,479 INFO CSMF2.step_1_1_1.run :: [h] epoch=12 step=300 total=0.17503 batch=0.11919
2026-05-13 17:13:14,480 INFO CSMF2.step_1_1_1.run :: [lat] epoch=12 step=300 mean_l2=0.07926 std_l2=0.90762
2026-05-13 17:13:14,574 INFO CSMF2.step_1_1_1.run :: epoch=12 step=300/429 train_nll=-2096.935
2026-05-13 17:13:22,871 INFO CSMF2.step_1_1_1.run :: [h] epoch=12 step=350 total=0.17479 batch=0.12391
2026-05-13 17:13:22,871 INFO CSMF2.step_1_1_1.run :: [lat] epoch=12 step=350 mean_l2=0.07564 std_l2=1.03045
2026-05-13 17:13:22,945 INFO CSMF2.step_1_1_1.run :: epoch=12 step=350/429 train_nll=-2099.862
2026-05-13 17:13:31,158 INFO CSMF2.step_1_1_1.run :: [h] epoch=12 step=400 total=0.18089 batch=0.12398
2026-05-13 17:13:31,159 INFO CSMF2.step_1_1_1.run :: [lat] epoch=12 step=400 mean_l2=0.07428 std_l2=1.67960
2026-05-13 17:13:31,233 INFO CSMF2.step_1_1_1.run :: epoch=12 step=400/429 train_nll=-2099.974
2026-05-13 17:13:39,332 INFO CSMF2.step_1_1_1.run :: epoch=12  train_nll=-2100.809  val_nll=-2114.292  t=74.8s
2026-05-13 17:13:39,332 INFO CSMF2.step_1_1_1.run :: [h_std] total=0.17839 batch=0.12119 (no penalty)
2026-05-13 17:13:39,332 INFO CSMF2.step_1_1_1.run :: [lat_epoch] mean_l2=0.07896 std_l2=0.63395 lambda=0.100
2026-05-13 17:13:39,332 INFO CSMF2.step_1_1_1.run :: [grad] cond=134.4310 film_gain=0.0000
2026-05-13 17:13:51,091 INFO CSMF2.step_1_1_1.run :: [h] epoch=13 step=50 total=0.17695 batch=0.12034
2026-05-13 17:13:51,091 INFO CSMF2.step_1_1_1.run :: [lat] epoch=13 step=50 mean_l2=0.06675 std_l2=0.31742
2026-05-13 17:13:51,163 INFO CSMF2.step_1_1_1.run :: epoch=13 step=50/429 train_nll=-2116.392
2026-05-13 17:13:59,261 INFO CSMF2.step_1_1_1.run :: [h] epoch=13 step=100 total=0.17658 batch=0.12342
2026-05-13 17:13:59,261 INFO CSMF2.step_1_1_1.run :: [lat] epoch=13 step=100 mean_l2=0.06503 std_l2=0.79579
2026-05-13 17:13:59,352 INFO CSMF2.step_1_1_1.run :: epoch=13 step=100/429 train_nll=-2116.080
2026-05-13 17:14:07,473 INFO CSMF2.step_1_1_1.run :: [h] epoch=13 step=150 total=0.17167 batch=0.12004
2026-05-13 17:14:07,474 INFO CSMF2.step_1_1_1.run :: [lat] epoch=13 step=150 mean_l2=0.07824 std_l2=0.60827
2026-05-13 17:14:07,565 INFO CSMF2.step_1_1_1.run :: epoch=13 step=150/429 train_nll=-2120.486
2026-05-13 17:14:15,687 INFO CSMF2.step_1_1_1.run :: [h] epoch=13 step=200 total=0.17795 batch=0.12826
2026-05-13 17:14:15,687 INFO CSMF2.step_1_1_1.run :: [lat] epoch=13 step=200 mean_l2=0.08987 std_l2=0.32731
2026-05-13 17:14:15,759 INFO CSMF2.step_1_1_1.run :: epoch=13 step=200/429 train_nll=-2120.963
2026-05-13 17:14:24,025 INFO CSMF2.step_1_1_1.run :: [h] epoch=13 step=250 total=0.17134 batch=0.11817
2026-05-13 17:14:24,025 INFO CSMF2.step_1_1_1.run :: [lat] epoch=13 step=250 mean_l2=0.10324 std_l2=0.90756
2026-05-13 17:14:24,117 INFO CSMF2.step_1_1_1.run :: epoch=13 step=250/429 train_nll=-2121.398
2026-05-13 17:14:32,205 INFO CSMF2.step_1_1_1.run :: [h] epoch=13 step=300 total=0.16989 batch=0.12028
2026-05-13 17:14:32,205 INFO CSMF2.step_1_1_1.run :: [lat] epoch=13 step=300 mean_l2=0.10528 std_l2=0.92325
2026-05-13 17:14:32,278 INFO CSMF2.step_1_1_1.run :: epoch=13 step=300/429 train_nll=-2121.770
2026-05-13 17:14:40,472 INFO CSMF2.step_1_1_1.run :: [h] epoch=13 step=350 total=0.17125 batch=0.12449
2026-05-13 17:14:40,473 INFO CSMF2.step_1_1_1.run :: [lat] epoch=13 step=350 mean_l2=0.07240 std_l2=1.17134
2026-05-13 17:14:40,545 INFO CSMF2.step_1_1_1.run :: epoch=13 step=350/429 train_nll=-2124.910
2026-05-13 17:14:48,571 INFO CSMF2.step_1_1_1.run :: [h] epoch=13 step=400 total=0.17427 batch=0.12441
2026-05-13 17:14:48,571 INFO CSMF2.step_1_1_1.run :: [lat] epoch=13 step=400 mean_l2=0.07459 std_l2=2.11053
2026-05-13 17:14:48,663 INFO CSMF2.step_1_1_1.run :: epoch=13 step=400/429 train_nll=-2125.318
2026-05-13 17:14:56,713 INFO CSMF2.step_1_1_1.run :: epoch=13  train_nll=-2126.422  val_nll=-2136.166  t=73.5s
2026-05-13 17:14:56,713 INFO CSMF2.step_1_1_1.run :: [h_std] total=0.17353 batch=0.12217 (no penalty)
2026-05-13 17:14:56,713 INFO CSMF2.step_1_1_1.run :: [lat_epoch] mean_l2=0.07949 std_l2=0.71420 lambda=0.100
2026-05-13 17:14:56,713 INFO CSMF2.step_1_1_1.run :: [grad] cond=121.2324 film_gain=0.0000
2026-05-13 17:15:08,403 INFO CSMF2.step_1_1_1.run :: [h] epoch=14 step=50 total=0.17065 batch=0.12054
2026-05-13 17:15:08,403 INFO CSMF2.step_1_1_1.run :: [lat] epoch=14 step=50 mean_l2=0.08722 std_l2=0.32176
2026-05-13 17:15:08,476 INFO CSMF2.step_1_1_1.run :: epoch=14 step=50/429 train_nll=-2142.174
2026-05-13 17:15:16,493 INFO CSMF2.step_1_1_1.run :: [h] epoch=14 step=100 total=0.17279 batch=0.12491
2026-05-13 17:15:16,494 INFO CSMF2.step_1_1_1.run :: [lat] epoch=14 step=100 mean_l2=0.07979 std_l2=0.79683
2026-05-13 17:15:16,584 INFO CSMF2.step_1_1_1.run :: epoch=14 step=100/429 train_nll=-2139.371
2026-05-13 17:15:24,625 INFO CSMF2.step_1_1_1.run :: [h] epoch=14 step=150 total=0.16776 batch=0.12138
2026-05-13 17:15:24,625 INFO CSMF2.step_1_1_1.run :: [lat] epoch=14 step=150 mean_l2=0.08609 std_l2=0.61957
2026-05-13 17:15:24,697 INFO CSMF2.step_1_1_1.run :: epoch=14 step=150/429 train_nll=-2143.003
2026-05-13 17:15:32,813 INFO CSMF2.step_1_1_1.run :: [h] epoch=14 step=200 total=0.17367 batch=0.12934
2026-05-13 17:15:32,813 INFO CSMF2.step_1_1_1.run :: [lat] epoch=14 step=200 mean_l2=0.08199 std_l2=0.31010
2026-05-13 17:15:32,885 INFO CSMF2.step_1_1_1.run :: epoch=14 step=200/429 train_nll=-2142.372
2026-05-13 17:15:40,992 INFO CSMF2.step_1_1_1.run :: [h] epoch=14 step=250 total=0.16827 batch=0.12126
2026-05-13 17:15:40,993 INFO CSMF2.step_1_1_1.run :: [lat] epoch=14 step=250 mean_l2=0.08207 std_l2=0.84605
2026-05-13 17:15:41,064 INFO CSMF2.step_1_1_1.run :: epoch=14 step=250/429 train_nll=-2143.530
2026-05-13 17:15:49,254 INFO CSMF2.step_1_1_1.run :: [h] epoch=14 step=300 total=0.16845 batch=0.12434
2026-05-13 17:15:49,255 INFO CSMF2.step_1_1_1.run :: [lat] epoch=14 step=300 mean_l2=0.08229 std_l2=0.90985
2026-05-13 17:15:49,327 INFO CSMF2.step_1_1_1.run :: epoch=14 step=300/429 train_nll=-2144.033
2026-05-13 17:15:57,473 INFO CSMF2.step_1_1_1.run :: [h] epoch=14 step=350 total=0.16790 batch=0.12597
2026-05-13 17:15:57,474 INFO CSMF2.step_1_1_1.run :: [lat] epoch=14 step=350 mean_l2=0.08311 std_l2=1.51859
2026-05-13 17:15:57,565 INFO CSMF2.step_1_1_1.run :: epoch=14 step=350/429 train_nll=-2146.396
2026-05-13 17:16:05,727 INFO CSMF2.step_1_1_1.run :: [h] epoch=14 step=400 total=0.17171 batch=0.12586
2026-05-13 17:16:05,727 INFO CSMF2.step_1_1_1.run :: [lat] epoch=14 step=400 mean_l2=0.07959 std_l2=2.54168
2026-05-13 17:16:05,799 INFO CSMF2.step_1_1_1.run :: epoch=14 step=400/429 train_nll=-2146.192
2026-05-13 17:16:13,873 INFO CSMF2.step_1_1_1.run :: epoch=14  train_nll=-2147.129  val_nll=-2150.411  t=73.3s
2026-05-13 17:16:13,873 INFO CSMF2.step_1_1_1.run :: [h_std] total=0.16964 batch=0.12384 (no penalty)
2026-05-13 17:16:13,873 INFO CSMF2.step_1_1_1.run :: [lat_epoch] mean_l2=0.08298 std_l2=0.79415 lambda=0.100
2026-05-13 17:16:13,873 INFO CSMF2.step_1_1_1.run :: [grad] cond=172.3486 film_gain=0.0000
2026-05-13 17:16:25,434 INFO CSMF2.step_1_1_1.run :: [h] epoch=15 step=50 total=0.16638 batch=0.12050
2026-05-13 17:16:25,434 INFO CSMF2.step_1_1_1.run :: [lat] epoch=15 step=50 mean_l2=0.08396 std_l2=0.30607
2026-05-13 17:16:25,526 INFO CSMF2.step_1_1_1.run :: epoch=15 step=50/429 train_nll=-2159.604
2026-05-13 17:16:33,721 INFO CSMF2.step_1_1_1.run :: [h] epoch=15 step=100 total=0.16784 batch=0.12329
2026-05-13 17:16:33,722 INFO CSMF2.step_1_1_1.run :: [lat] epoch=15 step=100 mean_l2=0.07475 std_l2=0.70589
2026-05-13 17:16:33,794 INFO CSMF2.step_1_1_1.run :: epoch=15 step=100/429 train_nll=-2159.816
2026-05-13 17:16:42,143 INFO CSMF2.step_1_1_1.run :: [h] epoch=15 step=150 total=0.16425 batch=0.12084
2026-05-13 17:16:42,143 INFO CSMF2.step_1_1_1.run :: [lat] epoch=15 step=150 mean_l2=0.08595 std_l2=0.65772
2026-05-13 17:16:42,216 INFO CSMF2.step_1_1_1.run :: epoch=15 step=150/429 train_nll=-2163.032
2026-05-13 17:16:50,408 INFO CSMF2.step_1_1_1.run :: [h] epoch=15 step=200 total=0.16884 batch=0.12887
2026-05-13 17:16:50,408 INFO CSMF2.step_1_1_1.run :: [lat] epoch=15 step=200 mean_l2=0.09256 std_l2=0.30362
2026-05-13 17:16:50,481 INFO CSMF2.step_1_1_1.run :: epoch=15 step=200/429 train_nll=-2162.644
2026-05-13 17:16:58,651 INFO CSMF2.step_1_1_1.run :: [h] epoch=15 step=250 total=0.16190 batch=0.11938
2026-05-13 17:16:58,652 INFO CSMF2.step_1_1_1.run :: [lat] epoch=15 step=250 mean_l2=0.07418 std_l2=0.94760
2026-05-13 17:16:58,724 INFO CSMF2.step_1_1_1.run :: epoch=15 step=250/429 train_nll=-2163.134
2026-05-13 17:17:06,968 INFO CSMF2.step_1_1_1.run :: [h] epoch=15 step=300 total=0.16416 batch=0.12386
2026-05-13 17:17:06,969 INFO CSMF2.step_1_1_1.run :: [lat] epoch=15 step=300 mean_l2=0.07992 std_l2=0.95387
2026-05-13 17:17:07,041 INFO CSMF2.step_1_1_1.run :: epoch=15 step=300/429 train_nll=-2162.984
2026-05-13 17:17:15,247 INFO CSMF2.step_1_1_1.run :: [h] epoch=15 step=350 total=0.16459 batch=0.12511
2026-05-13 17:17:15,247 INFO CSMF2.step_1_1_1.run :: [lat] epoch=15 step=350 mean_l2=0.08994 std_l2=1.62897
2026-05-13 17:17:15,320 INFO CSMF2.step_1_1_1.run :: epoch=15 step=350/429 train_nll=-2165.663
2026-05-13 17:17:23,509 INFO CSMF2.step_1_1_1.run :: [h] epoch=15 step=400 total=0.16507 batch=0.12212
2026-05-13 17:17:23,509 INFO CSMF2.step_1_1_1.run :: [lat] epoch=15 step=400 mean_l2=0.08534 std_l2=2.83344
2026-05-13 17:17:23,582 INFO CSMF2.step_1_1_1.run :: epoch=15 step=400/429 train_nll=-2165.430
2026-05-13 17:17:31,700 INFO CSMF2.step_1_1_1.run :: epoch=15  train_nll=-2166.205  val_nll=-2171.804  t=74.1s
2026-05-13 17:17:31,700 INFO CSMF2.step_1_1_1.run :: [h_std] total=0.16467 batch=0.12252 (no penalty)
2026-05-13 17:17:31,700 INFO CSMF2.step_1_1_1.run :: [lat_epoch] mean_l2=0.08305 std_l2=0.86564 lambda=0.100
2026-05-13 17:17:31,700 INFO CSMF2.step_1_1_1.run :: [grad] cond=155.5901 film_gain=0.0000
2026-05-13 17:17:43,171 INFO CSMF2.step_1_1_1.run :: [h] epoch=16 step=50 total=0.15985 batch=0.11806
2026-05-13 17:17:43,172 INFO CSMF2.step_1_1_1.run :: [lat] epoch=16 step=50 mean_l2=0.07752 std_l2=0.28341
2026-05-13 17:17:43,244 INFO CSMF2.step_1_1_1.run :: epoch=16 step=50/429 train_nll=-2174.161
2026-05-13 17:17:51,365 INFO CSMF2.step_1_1_1.run :: [h] epoch=16 step=100 total=0.16228 batch=0.12135
2026-05-13 17:17:51,366 INFO CSMF2.step_1_1_1.run :: [lat] epoch=16 step=100 mean_l2=0.06467 std_l2=0.68808
2026-05-13 17:17:51,458 INFO CSMF2.step_1_1_1.run :: epoch=16 step=100/429 train_nll=-2175.770
2026-05-13 17:17:59,582 INFO CSMF2.step_1_1_1.run :: [h] epoch=16 step=150 total=0.15925 batch=0.11946
2026-05-13 17:17:59,583 INFO CSMF2.step_1_1_1.run :: [lat] epoch=16 step=150 mean_l2=0.08876 std_l2=0.60757
2026-05-13 17:17:59,656 INFO CSMF2.step_1_1_1.run :: epoch=16 step=150/429 train_nll=-2178.808
2026-05-13 17:18:07,890 INFO CSMF2.step_1_1_1.run :: [h] epoch=16 step=200 total=0.16255 batch=0.12489
2026-05-13 17:18:07,890 INFO CSMF2.step_1_1_1.run :: [lat] epoch=16 step=200 mean_l2=0.08625 std_l2=0.33831
2026-05-13 17:18:07,963 INFO CSMF2.step_1_1_1.run :: epoch=16 step=200/429 train_nll=-2178.680
2026-05-13 17:18:16,156 INFO CSMF2.step_1_1_1.run :: [h] epoch=16 step=250 total=0.15560 batch=0.11569
2026-05-13 17:18:16,156 INFO CSMF2.step_1_1_1.run :: [lat] epoch=16 step=250 mean_l2=0.07752 std_l2=0.97019
2026-05-13 17:18:16,228 INFO CSMF2.step_1_1_1.run :: epoch=16 step=250/429 train_nll=-2178.811
2026-05-13 17:18:24,473 INFO CSMF2.step_1_1_1.run :: [h] epoch=16 step=300 total=0.15801 batch=0.11926
2026-05-13 17:18:24,474 INFO CSMF2.step_1_1_1.run :: [lat] epoch=16 step=300 mean_l2=0.09232 std_l2=0.88072
2026-05-13 17:18:24,565 INFO CSMF2.step_1_1_1.run :: epoch=16 step=300/429 train_nll=-2178.952
2026-05-13 17:18:32,685 INFO CSMF2.step_1_1_1.run :: [h] epoch=16 step=350 total=0.15720 batch=0.12052
2026-05-13 17:18:32,686 INFO CSMF2.step_1_1_1.run :: [lat] epoch=16 step=350 mean_l2=0.08911 std_l2=1.65900
2026-05-13 17:18:32,777 INFO CSMF2.step_1_1_1.run :: epoch=16 step=350/429 train_nll=-2181.664
2026-05-13 17:18:40,964 INFO CSMF2.step_1_1_1.run :: [h] epoch=16 step=400 total=0.15954 batch=0.11920
2026-05-13 17:18:40,964 INFO CSMF2.step_1_1_1.run :: [lat] epoch=16 step=400 mean_l2=0.07558 std_l2=3.07857
2026-05-13 17:18:41,036 INFO CSMF2.step_1_1_1.run :: epoch=16 step=400/429 train_nll=-2181.583
2026-05-13 17:18:49,038 INFO CSMF2.step_1_1_1.run :: epoch=16  train_nll=-2182.160  val_nll=-2187.258  t=73.7s
2026-05-13 17:18:49,038 INFO CSMF2.step_1_1_1.run :: [h_std] total=0.15943 batch=0.12009 (no penalty)
2026-05-13 17:18:49,038 INFO CSMF2.step_1_1_1.run :: [lat_epoch] mean_l2=0.08475 std_l2=0.91558 lambda=0.100
2026-05-13 17:18:49,038 INFO CSMF2.step_1_1_1.run :: [grad] cond=293.3795 film_gain=0.0000
2026-05-13 17:19:00,618 INFO CSMF2.step_1_1_1.run :: [h] epoch=17 step=50 total=0.15506 batch=0.11534
2026-05-13 17:19:00,618 INFO CSMF2.step_1_1_1.run :: [lat] epoch=17 step=50 mean_l2=0.06224 std_l2=0.29938
2026-05-13 17:19:00,710 INFO CSMF2.step_1_1_1.run :: epoch=17 step=50/429 train_nll=-2194.905
2026-05-13 17:19:08,935 INFO CSMF2.step_1_1_1.run :: [h] epoch=17 step=100 total=0.15585 batch=0.11839
2026-05-13 17:19:08,935 INFO CSMF2.step_1_1_1.run :: [lat] epoch=17 step=100 mean_l2=0.08057 std_l2=0.62045
2026-05-13 17:19:09,008 INFO CSMF2.step_1_1_1.run :: epoch=17 step=100/429 train_nll=-2193.814
2026-05-13 17:19:17,117 INFO CSMF2.step_1_1_1.run :: [h] epoch=17 step=150 total=0.15339 batch=0.11619
2026-05-13 17:19:17,118 INFO CSMF2.step_1_1_1.run :: [lat] epoch=17 step=150 mean_l2=0.07133 std_l2=0.60871
2026-05-13 17:19:17,190 INFO CSMF2.step_1_1_1.run :: epoch=17 step=150/429 train_nll=-2196.065
2026-05-13 17:19:25,238 INFO CSMF2.step_1_1_1.run :: [h] epoch=17 step=200 total=0.15758 batch=0.12216
2026-05-13 17:19:25,239 INFO CSMF2.step_1_1_1.run :: [lat] epoch=17 step=200 mean_l2=0.10792 std_l2=0.28857
2026-05-13 17:19:25,331 INFO CSMF2.step_1_1_1.run :: epoch=17 step=200/429 train_nll=-2194.280
2026-05-13 17:19:33,481 INFO CSMF2.step_1_1_1.run :: [h] epoch=17 step=250 total=0.15136 batch=0.11458
2026-05-13 17:19:33,481 INFO CSMF2.step_1_1_1.run :: [lat] epoch=17 step=250 mean_l2=0.07987 std_l2=0.93567
2026-05-13 17:19:33,553 INFO CSMF2.step_1_1_1.run :: epoch=17 step=250/429 train_nll=-2194.067
2026-05-13 17:19:41,790 INFO CSMF2.step_1_1_1.run :: [h] epoch=17 step=300 total=0.15287 batch=0.11678
2026-05-13 17:19:41,790 INFO CSMF2.step_1_1_1.run :: [lat] epoch=17 step=300 mean_l2=0.08973 std_l2=0.89404
2026-05-13 17:19:41,863 INFO CSMF2.step_1_1_1.run :: epoch=17 step=300/429 train_nll=-2194.293
2026-05-13 17:19:49,962 INFO CSMF2.step_1_1_1.run :: [h] epoch=17 step=350 total=0.15287 batch=0.11766
2026-05-13 17:19:49,962 INFO CSMF2.step_1_1_1.run :: [lat] epoch=17 step=350 mean_l2=0.07632 std_l2=1.73208
2026-05-13 17:19:50,035 INFO CSMF2.step_1_1_1.run :: epoch=17 step=350/429 train_nll=-2196.802
2026-05-13 17:19:58,172 INFO CSMF2.step_1_1_1.run :: [h] epoch=17 step=400 total=0.15567 batch=0.11804
2026-05-13 17:19:58,173 INFO CSMF2.step_1_1_1.run :: [lat] epoch=17 step=400 mean_l2=0.09760 std_l2=3.43333
2026-05-13 17:19:58,245 INFO CSMF2.step_1_1_1.run :: epoch=17 step=400/429 train_nll=-2196.350
2026-05-13 17:20:06,215 INFO CSMF2.step_1_1_1.run :: epoch=17  train_nll=-2197.107  val_nll=-2203.766  t=73.5s
2026-05-13 17:20:06,215 INFO CSMF2.step_1_1_1.run :: [h_std] total=0.15420 batch=0.11710 (no penalty)
2026-05-13 17:20:06,215 INFO CSMF2.step_1_1_1.run :: [lat_epoch] mean_l2=0.08579 std_l2=0.96646 lambda=0.100
2026-05-13 17:20:06,215 INFO CSMF2.step_1_1_1.run :: [grad] cond=231.5442 film_gain=0.0000
2026-05-13 17:20:17,792 INFO CSMF2.step_1_1_1.run :: [h] epoch=18 step=50 total=0.15175 batch=0.11396
2026-05-13 17:20:17,792 INFO CSMF2.step_1_1_1.run :: [lat] epoch=18 step=50 mean_l2=0.06573 std_l2=0.28368
2026-05-13 17:20:17,883 INFO CSMF2.step_1_1_1.run :: epoch=18 step=50/429 train_nll=-2204.362
2026-05-13 17:20:25,911 INFO CSMF2.step_1_1_1.run :: [h] epoch=18 step=100 total=0.15186 batch=0.11600
2026-05-13 17:20:25,912 INFO CSMF2.step_1_1_1.run :: [lat] epoch=18 step=100 mean_l2=0.09812 std_l2=0.53136
2026-05-13 17:20:25,984 INFO CSMF2.step_1_1_1.run :: epoch=18 step=100/429 train_nll=-2204.503
2026-05-13 17:20:34,038 INFO CSMF2.step_1_1_1.run :: [h] epoch=18 step=150 total=0.15097 batch=0.11481
2026-05-13 17:20:34,039 INFO CSMF2.step_1_1_1.run :: [lat] epoch=18 step=150 mean_l2=0.10644 std_l2=0.59424
2026-05-13 17:20:34,111 INFO CSMF2.step_1_1_1.run :: epoch=18 step=150/429 train_nll=-2207.681
2026-05-13 17:20:42,205 INFO CSMF2.step_1_1_1.run :: [h] epoch=18 step=200 total=0.15243 batch=0.11876
2026-05-13 17:20:42,205 INFO CSMF2.step_1_1_1.run :: [lat] epoch=18 step=200 mean_l2=0.08764 std_l2=0.31555
2026-05-13 17:20:42,297 INFO CSMF2.step_1_1_1.run :: epoch=18 step=200/429 train_nll=-2206.784
2026-05-13 17:20:50,459 INFO CSMF2.step_1_1_1.run :: [h] epoch=18 step=250 total=0.14772 batch=0.11283
2026-05-13 17:20:50,459 INFO CSMF2.step_1_1_1.run :: [lat] epoch=18 step=250 mean_l2=0.07212 std_l2=0.80664
2026-05-13 17:20:50,551 INFO CSMF2.step_1_1_1.run :: epoch=18 step=250/429 train_nll=-2206.948
2026-05-13 17:20:58,653 INFO CSMF2.step_1_1_1.run :: [h] epoch=18 step=300 total=0.14776 batch=0.11393
2026-05-13 17:20:58,654 INFO CSMF2.step_1_1_1.run :: [lat] epoch=18 step=300 mean_l2=0.08529 std_l2=0.85147
2026-05-13 17:20:58,726 INFO CSMF2.step_1_1_1.run :: epoch=18 step=300/429 train_nll=-2207.621
2026-05-13 17:21:06,955 INFO CSMF2.step_1_1_1.run :: [h] epoch=18 step=350 total=0.14951 batch=0.11664
2026-05-13 17:21:06,955 INFO CSMF2.step_1_1_1.run :: [lat] epoch=18 step=350 mean_l2=0.07925 std_l2=1.69528
2026-05-13 17:21:07,027 INFO CSMF2.step_1_1_1.run :: epoch=18 step=350/429 train_nll=-2210.437
2026-05-13 17:21:15,228 INFO CSMF2.step_1_1_1.run :: [h] epoch=18 step=400 total=0.15012 batch=0.11534
2026-05-13 17:21:15,229 INFO CSMF2.step_1_1_1.run :: [lat] epoch=18 step=400 mean_l2=0.07316 std_l2=3.74056
2026-05-13 17:21:15,320 INFO CSMF2.step_1_1_1.run :: epoch=18 step=400/429 train_nll=-2210.246
2026-05-13 17:21:23,295 INFO CSMF2.step_1_1_1.run :: epoch=18  train_nll=-2210.802  val_nll=-2200.597  t=73.4s
2026-05-13 17:21:23,295 INFO CSMF2.step_1_1_1.run :: [h_std] total=0.14963 batch=0.11459 (no penalty)
2026-05-13 17:21:23,295 INFO CSMF2.step_1_1_1.run :: [lat_epoch] mean_l2=0.08482 std_l2=1.01517 lambda=0.100
2026-05-13 17:21:23,295 INFO CSMF2.step_1_1_1.run :: [grad] cond=170.3281 film_gain=0.0000
2026-05-13 17:21:35,063 INFO CSMF2.step_1_1_1.run :: [h] epoch=19 step=50 total=0.14627 batch=0.11070
2026-05-13 17:21:35,063 INFO CSMF2.step_1_1_1.run :: [lat] epoch=19 step=50 mean_l2=0.06422 std_l2=0.28352
2026-05-13 17:21:35,136 INFO CSMF2.step_1_1_1.run :: epoch=19 step=50/429 train_nll=-2218.720
2026-05-13 17:21:43,350 INFO CSMF2.step_1_1_1.run :: [h] epoch=19 step=100 total=0.14699 batch=0.11294
2026-05-13 17:21:43,350 INFO CSMF2.step_1_1_1.run :: [lat] epoch=19 step=100 mean_l2=0.09177 std_l2=0.53328
2026-05-13 17:21:43,423 INFO CSMF2.step_1_1_1.run :: epoch=19 step=100/429 train_nll=-2218.035
2026-05-13 17:21:51,578 INFO CSMF2.step_1_1_1.run :: [h] epoch=19 step=150 total=0.14562 batch=0.11212
2026-05-13 17:21:51,578 INFO CSMF2.step_1_1_1.run :: [lat] epoch=19 step=150 mean_l2=0.08369 std_l2=0.58626
2026-05-13 17:21:51,651 INFO CSMF2.step_1_1_1.run :: epoch=19 step=150/429 train_nll=-2221.171
2026-05-13 17:21:59,728 INFO CSMF2.step_1_1_1.run :: [h] epoch=19 step=200 total=0.14565 batch=0.11350
2026-05-13 17:21:59,729 INFO CSMF2.step_1_1_1.run :: [lat] epoch=19 step=200 mean_l2=0.08534 std_l2=0.34436
2026-05-13 17:21:59,801 INFO CSMF2.step_1_1_1.run :: epoch=19 step=200/429 train_nll=-2220.514
2026-05-13 17:22:08,013 INFO CSMF2.step_1_1_1.run :: [h] epoch=19 step=250 total=0.14079 batch=0.10670
2026-05-13 17:22:08,014 INFO CSMF2.step_1_1_1.run :: [lat] epoch=19 step=250 mean_l2=0.07407 std_l2=0.84556
2026-05-13 17:22:08,086 INFO CSMF2.step_1_1_1.run :: epoch=19 step=250/429 train_nll=-2220.363
2026-05-13 17:22:16,378 INFO CSMF2.step_1_1_1.run :: [h] epoch=19 step=300 total=0.14382 batch=0.11117
2026-05-13 17:22:16,379 INFO CSMF2.step_1_1_1.run :: [lat] epoch=19 step=300 mean_l2=0.06944 std_l2=0.90037
2026-05-13 17:22:16,451 INFO CSMF2.step_1_1_1.run :: epoch=19 step=300/429 train_nll=-2221.030
2026-05-13 17:22:24,578 INFO CSMF2.step_1_1_1.run :: [h] epoch=19 step=350 total=0.14284 batch=0.11058
2026-05-13 17:22:24,578 INFO CSMF2.step_1_1_1.run :: [lat] epoch=19 step=350 mean_l2=0.08096 std_l2=1.68511
2026-05-13 17:22:24,651 INFO CSMF2.step_1_1_1.run :: epoch=19 step=350/429 train_nll=-2223.951
2026-05-13 17:22:32,853 INFO CSMF2.step_1_1_1.run :: [h] epoch=19 step=400 total=0.14277 batch=0.10951
2026-05-13 17:22:32,853 INFO CSMF2.step_1_1_1.run :: [lat] epoch=19 step=400 mean_l2=0.10024 std_l2=3.75417
2026-05-13 17:22:32,926 INFO CSMF2.step_1_1_1.run :: epoch=19 step=400/429 train_nll=-2223.837
2026-05-13 17:22:41,135 INFO CSMF2.step_1_1_1.run :: epoch=19  train_nll=-2224.518  val_nll=-2222.698  t=74.0s
2026-05-13 17:22:41,135 INFO CSMF2.step_1_1_1.run :: [h_std] total=0.14459 batch=0.11086 (no penalty)
2026-05-13 17:22:41,135 INFO CSMF2.step_1_1_1.run :: [lat_epoch] mean_l2=0.08489 std_l2=1.06534 lambda=0.100
2026-05-13 17:22:41,135 INFO CSMF2.step_1_1_1.run :: [grad] cond=327.7735 film_gain=0.0000
2026-05-13 17:22:52,549 INFO CSMF2.step_1_1_1.run :: [h] epoch=20 step=50 total=0.14220 batch=0.10761
2026-05-13 17:22:52,550 INFO CSMF2.step_1_1_1.run :: [lat] epoch=20 step=50 mean_l2=0.07383 std_l2=0.26580
2026-05-13 17:22:52,622 INFO CSMF2.step_1_1_1.run :: epoch=20 step=50/429 train_nll=-2231.949
2026-05-13 17:23:00,697 INFO CSMF2.step_1_1_1.run :: [h] epoch=20 step=100 total=0.14069 batch=0.10856
2026-05-13 17:23:00,698 INFO CSMF2.step_1_1_1.run :: [lat] epoch=20 step=100 mean_l2=0.07770 std_l2=0.50314
2026-05-13 17:23:00,770 INFO CSMF2.step_1_1_1.run :: epoch=20 step=100/429 train_nll=-2228.864
2026-05-13 17:23:08,813 INFO CSMF2.step_1_1_1.run :: [h] epoch=20 step=150 total=0.14132 batch=0.10939
2026-05-13 17:23:08,814 INFO CSMF2.step_1_1_1.run :: [lat] epoch=20 step=150 mean_l2=0.10170 std_l2=0.55219
2026-05-13 17:23:08,905 INFO CSMF2.step_1_1_1.run :: epoch=20 step=150/429 train_nll=-2232.760
2026-05-13 17:23:16,969 INFO CSMF2.step_1_1_1.run :: [h] epoch=20 step=200 total=0.14260 batch=0.11141
2026-05-13 17:23:16,970 INFO CSMF2.step_1_1_1.run :: [lat] epoch=20 step=200 mean_l2=0.07815 std_l2=0.27439
2026-05-13 17:23:17,042 INFO CSMF2.step_1_1_1.run :: epoch=20 step=200/429 train_nll=-2232.358
2026-05-13 17:23:25,049 INFO CSMF2.step_1_1_1.run :: [h] epoch=20 step=250 total=0.13859 batch=0.10669
2026-05-13 17:23:25,049 INFO CSMF2.step_1_1_1.run :: [lat] epoch=20 step=250 mean_l2=0.07901 std_l2=0.74750
2026-05-13 17:23:25,122 INFO CSMF2.step_1_1_1.run :: epoch=20 step=250/429 train_nll=-2232.837
2026-05-13 17:23:33,324 INFO CSMF2.step_1_1_1.run :: [h] epoch=20 step=300 total=0.14008 batch=0.10869
2026-05-13 17:23:33,324 INFO CSMF2.step_1_1_1.run :: [lat] epoch=20 step=300 mean_l2=0.10635 std_l2=0.93327
2026-05-13 17:23:33,416 INFO CSMF2.step_1_1_1.run :: epoch=20 step=300/429 train_nll=-2231.875
2026-05-13 17:23:41,500 INFO CSMF2.step_1_1_1.run :: [h] epoch=20 step=350 total=0.13887 batch=0.10846
2026-05-13 17:23:41,500 INFO CSMF2.step_1_1_1.run :: [lat] epoch=20 step=350 mean_l2=0.07483 std_l2=1.66515
2026-05-13 17:23:41,592 INFO CSMF2.step_1_1_1.run :: epoch=20 step=350/429 train_nll=-2234.541
2026-05-13 17:23:49,773 INFO CSMF2.step_1_1_1.run :: [h] epoch=20 step=400 total=0.14077 batch=0.10869
2026-05-13 17:23:49,773 INFO CSMF2.step_1_1_1.run :: [lat] epoch=20 step=400 mean_l2=0.09752 std_l2=3.99243
2026-05-13 17:23:49,865 INFO CSMF2.step_1_1_1.run :: epoch=20 step=400/429 train_nll=-2234.538
2026-05-13 17:23:58,034 INFO CSMF2.step_1_1_1.run :: epoch=20  train_nll=-2235.389  val_nll=-2229.220  t=73.2s
2026-05-13 17:23:58,034 INFO CSMF2.step_1_1_1.run :: [h_std] total=0.14042 batch=0.10804 (no penalty)
2026-05-13 17:23:58,034 INFO CSMF2.step_1_1_1.run :: [lat_epoch] mean_l2=0.08482 std_l2=1.11962 lambda=0.100
2026-05-13 17:23:58,034 INFO CSMF2.step_1_1_1.run :: [grad] cond=174.7906 film_gain=0.0000
2026-05-13 17:24:09,643 INFO CSMF2.step_1_1_1.run :: [h] epoch=21 step=50 total=0.13944 batch=0.10634
2026-05-13 17:24:09,643 INFO CSMF2.step_1_1_1.run :: [lat] epoch=21 step=50 mean_l2=0.07388 std_l2=0.27451
2026-05-13 17:24:09,715 INFO CSMF2.step_1_1_1.run :: epoch=21 step=50/429 train_nll=-2242.197
2026-05-13 17:24:17,899 INFO CSMF2.step_1_1_1.run :: [h] epoch=21 step=100 total=0.13868 batch=0.10731
2026-05-13 17:24:17,899 INFO CSMF2.step_1_1_1.run :: [lat] epoch=21 step=100 mean_l2=0.07219 std_l2=0.51803
2026-05-13 17:24:17,970 INFO CSMF2.step_1_1_1.run :: epoch=21 step=100/429 train_nll=-2242.150
2026-05-13 17:24:26,165 INFO CSMF2.step_1_1_1.run :: [h] epoch=21 step=150 total=0.13745 batch=0.10589
2026-05-13 17:24:26,166 INFO CSMF2.step_1_1_1.run :: [lat] epoch=21 step=150 mean_l2=0.08064 std_l2=0.58405
2026-05-13 17:24:26,239 INFO CSMF2.step_1_1_1.run :: epoch=21 step=150/429 train_nll=-2246.326
2026-05-13 17:24:34,550 INFO CSMF2.step_1_1_1.run :: [h] epoch=21 step=200 total=0.14038 batch=0.11022
2026-05-13 17:24:34,550 INFO CSMF2.step_1_1_1.run :: [lat] epoch=21 step=200 mean_l2=0.07530 std_l2=0.27502
2026-05-13 17:24:34,623 INFO CSMF2.step_1_1_1.run :: epoch=21 step=200/429 train_nll=-2245.948
2026-05-13 17:24:43,008 INFO CSMF2.step_1_1_1.run :: [h] epoch=21 step=250 total=0.13415 batch=0.10386
2026-05-13 17:24:43,009 INFO CSMF2.step_1_1_1.run :: [lat] epoch=21 step=250 mean_l2=0.09178 std_l2=0.69907
2026-05-13 17:24:43,081 INFO CSMF2.step_1_1_1.run :: epoch=21 step=250/429 train_nll=-2245.605
2026-05-13 17:24:51,425 INFO CSMF2.step_1_1_1.run :: [h] epoch=21 step=300 total=0.13746 batch=0.10778
2026-05-13 17:24:51,425 INFO CSMF2.step_1_1_1.run :: [lat] epoch=21 step=300 mean_l2=0.10047 std_l2=0.81838
2026-05-13 17:24:51,494 INFO CSMF2.step_1_1_1.run :: epoch=21 step=300/429 train_nll=-2245.126
2026-05-13 17:24:59,533 INFO CSMF2.step_1_1_1.run :: [h] epoch=21 step=350 total=0.13587 batch=0.10690
2026-05-13 17:24:59,533 INFO CSMF2.step_1_1_1.run :: [lat] epoch=21 step=350 mean_l2=0.07276 std_l2=1.72182
2026-05-13 17:24:59,625 INFO CSMF2.step_1_1_1.run :: epoch=21 step=350/429 train_nll=-2247.830
2026-05-13 17:25:07,858 INFO CSMF2.step_1_1_1.run :: [h] epoch=21 step=400 total=0.13906 batch=0.10872
2026-05-13 17:25:07,858 INFO CSMF2.step_1_1_1.run :: [lat] epoch=21 step=400 mean_l2=0.07985 std_l2=4.26140
2026-05-13 17:25:07,930 INFO CSMF2.step_1_1_1.run :: epoch=21 step=400/429 train_nll=-2247.540
2026-05-13 17:25:16,115 INFO CSMF2.step_1_1_1.run :: epoch=21  train_nll=-2248.166  val_nll=-2243.056  t=74.4s
2026-05-13 17:25:16,115 INFO CSMF2.step_1_1_1.run :: [h_std] total=0.13724 batch=0.10625 (no penalty)
2026-05-13 17:25:16,115 INFO CSMF2.step_1_1_1.run :: [lat_epoch] mean_l2=0.08501 std_l2=1.16364 lambda=0.100
2026-05-13 17:25:16,116 INFO CSMF2.step_1_1_1.run :: [grad] cond=204.8764 film_gain=0.0000
2026-05-13 17:25:27,724 INFO CSMF2.step_1_1_1.run :: [h] epoch=22 step=50 total=0.13573 batch=0.10395
2026-05-13 17:25:27,724 INFO CSMF2.step_1_1_1.run :: [lat] epoch=22 step=50 mean_l2=0.06872 std_l2=0.25542
2026-05-13 17:25:27,797 INFO CSMF2.step_1_1_1.run :: epoch=22 step=50/429 train_nll=-2252.344
2026-05-13 17:25:36,098 INFO CSMF2.step_1_1_1.run :: [h] epoch=22 step=100 total=0.13503 batch=0.10521
2026-05-13 17:25:36,098 INFO CSMF2.step_1_1_1.run :: [lat] epoch=22 step=100 mean_l2=0.07029 std_l2=0.55074
2026-05-13 17:25:36,170 INFO CSMF2.step_1_1_1.run :: epoch=22 step=100/429 train_nll=-2253.149
2026-05-13 17:25:44,306 INFO CSMF2.step_1_1_1.run :: [h] epoch=22 step=150 total=0.13374 batch=0.10383
2026-05-13 17:25:44,306 INFO CSMF2.step_1_1_1.run :: [lat] epoch=22 step=150 mean_l2=0.07639 std_l2=0.58661
2026-05-13 17:25:44,380 INFO CSMF2.step_1_1_1.run :: epoch=22 step=150/429 train_nll=-2256.275
2026-05-13 17:25:52,607 INFO CSMF2.step_1_1_1.run :: [h] epoch=22 step=200 total=0.13602 batch=0.10640
2026-05-13 17:25:52,607 INFO CSMF2.step_1_1_1.run :: [lat] epoch=22 step=200 mean_l2=0.07968 std_l2=0.24061
2026-05-13 17:25:52,681 INFO CSMF2.step_1_1_1.run :: epoch=22 step=200/429 train_nll=-2255.359
2026-05-13 17:26:00,885 INFO CSMF2.step_1_1_1.run :: [h] epoch=22 step=250 total=0.13136 batch=0.10116
2026-05-13 17:26:00,885 INFO CSMF2.step_1_1_1.run :: [lat] epoch=22 step=250 mean_l2=0.08450 std_l2=0.96959
2026-05-13 17:26:00,958 INFO CSMF2.step_1_1_1.run :: epoch=22 step=250/429 train_nll=-2255.287
2026-05-13 17:26:09,129 INFO CSMF2.step_1_1_1.run :: [h] epoch=22 step=300 total=0.13409 batch=0.10589
2026-05-13 17:26:09,129 INFO CSMF2.step_1_1_1.run :: [lat] epoch=22 step=300 mean_l2=0.08400 std_l2=0.94246
2026-05-13 17:26:09,202 INFO CSMF2.step_1_1_1.run :: epoch=22 step=300/429 train_nll=-2255.127
2026-05-13 17:26:17,302 INFO CSMF2.step_1_1_1.run :: [h] epoch=22 step=350 total=0.13280 batch=0.10380
2026-05-13 17:26:17,302 INFO CSMF2.step_1_1_1.run :: [lat] epoch=22 step=350 mean_l2=0.07981 std_l2=1.50733
2026-05-13 17:26:17,376 INFO CSMF2.step_1_1_1.run :: epoch=22 step=350/429 train_nll=-2257.854
2026-05-13 17:26:25,419 INFO CSMF2.step_1_1_1.run :: [h] epoch=22 step=400 total=0.13411 batch=0.10503
2026-05-13 17:26:25,420 INFO CSMF2.step_1_1_1.run :: [lat] epoch=22 step=400 mean_l2=0.07553 std_l2=4.43523
2026-05-13 17:26:25,492 INFO CSMF2.step_1_1_1.run :: epoch=22 step=400/429 train_nll=-2257.696
2026-05-13 17:26:33,696 INFO CSMF2.step_1_1_1.run :: epoch=22  train_nll=-2258.436  val_nll=-2258.518  t=73.9s
2026-05-13 17:26:33,696 INFO CSMF2.step_1_1_1.run :: [h_std] total=0.13349 batch=0.10364 (no penalty)
2026-05-13 17:26:33,696 INFO CSMF2.step_1_1_1.run :: [lat_epoch] mean_l2=0.08391 std_l2=1.21967 lambda=0.100
2026-05-13 17:26:33,696 INFO CSMF2.step_1_1_1.run :: [grad] cond=449.9871 film_gain=0.0000
2026-05-13 17:26:45,109 INFO CSMF2.step_1_1_1.run :: [h] epoch=23 step=50 total=0.13219 batch=0.10150
2026-05-13 17:26:45,109 INFO CSMF2.step_1_1_1.run :: [lat] epoch=23 step=50 mean_l2=0.07421 std_l2=0.24608
2026-05-13 17:26:45,202 INFO CSMF2.step_1_1_1.run :: epoch=23 step=50/429 train_nll=-2267.246
2026-05-13 17:26:53,409 INFO CSMF2.step_1_1_1.run :: [h] epoch=23 step=100 total=0.13064 batch=0.10159
2026-05-13 17:26:53,410 INFO CSMF2.step_1_1_1.run :: [lat] epoch=23 step=100 mean_l2=0.08021 std_l2=0.48036
2026-05-13 17:26:53,483 INFO CSMF2.step_1_1_1.run :: epoch=23 step=100/429 train_nll=-2266.265
2026-05-13 17:27:01,601 INFO CSMF2.step_1_1_1.run :: [h] epoch=23 step=150 total=0.13236 batch=0.10338
2026-05-13 17:27:01,602 INFO CSMF2.step_1_1_1.run :: [lat] epoch=23 step=150 mean_l2=0.09763 std_l2=0.59318
2026-05-13 17:27:01,674 INFO CSMF2.step_1_1_1.run :: epoch=23 step=150/429 train_nll=-2268.795
2026-05-13 17:27:09,794 INFO CSMF2.step_1_1_1.run :: [h] epoch=23 step=200 total=0.13258 batch=0.10452
2026-05-13 17:27:09,795 INFO CSMF2.step_1_1_1.run :: [lat] epoch=23 step=200 mean_l2=0.10189 std_l2=0.28729
2026-05-13 17:27:09,868 INFO CSMF2.step_1_1_1.run :: epoch=23 step=200/429 train_nll=-2267.765
2026-05-13 17:27:18,072 INFO CSMF2.step_1_1_1.run :: [h] epoch=23 step=250 total=0.12831 batch=0.09897
2026-05-13 17:27:18,072 INFO CSMF2.step_1_1_1.run :: [lat] epoch=23 step=250 mean_l2=0.08665 std_l2=0.57098
2026-05-13 17:27:18,145 INFO CSMF2.step_1_1_1.run :: epoch=23 step=250/429 train_nll=-2266.887
2026-05-13 17:27:26,279 INFO CSMF2.step_1_1_1.run :: [h] epoch=23 step=300 total=0.13258 batch=0.10500
2026-05-13 17:27:26,280 INFO CSMF2.step_1_1_1.run :: [lat] epoch=23 step=300 mean_l2=0.09459 std_l2=0.76867
2026-05-13 17:27:26,353 INFO CSMF2.step_1_1_1.run :: epoch=23 step=300/429 train_nll=-2266.035
2026-05-13 17:27:34,713 INFO CSMF2.step_1_1_1.run :: [h] epoch=23 step=350 total=0.12967 batch=0.10202
2026-05-13 17:27:34,713 INFO CSMF2.step_1_1_1.run :: [lat] epoch=23 step=350 mean_l2=0.08383 std_l2=1.66509
2026-05-13 17:27:34,805 INFO CSMF2.step_1_1_1.run :: epoch=23 step=350/429 train_nll=-2268.835
2026-05-13 17:27:42,963 INFO CSMF2.step_1_1_1.run :: [h] epoch=23 step=400 total=0.12979 batch=0.10084
2026-05-13 17:27:42,963 INFO CSMF2.step_1_1_1.run :: [lat] epoch=23 step=400 mean_l2=0.07699 std_l2=4.37613
2026-05-13 17:27:43,035 INFO CSMF2.step_1_1_1.run :: epoch=23 step=400/429 train_nll=-2268.017
2026-05-13 17:27:51,146 INFO CSMF2.step_1_1_1.run :: epoch=23  train_nll=-2268.463  val_nll=-2268.041  t=73.8s
2026-05-13 17:27:51,146 INFO CSMF2.step_1_1_1.run :: [h_std] total=0.13060 batch=0.10162 (no penalty)
2026-05-13 17:27:51,146 INFO CSMF2.step_1_1_1.run :: [lat_epoch] mean_l2=0.08510 std_l2=1.24988 lambda=0.100
2026-05-13 17:27:51,146 INFO CSMF2.step_1_1_1.run :: [grad] cond=214.5558 film_gain=0.0000
2026-05-13 17:28:02,810 INFO CSMF2.step_1_1_1.run :: [h] epoch=24 step=50 total=0.12838 batch=0.09889
2026-05-13 17:28:02,810 INFO CSMF2.step_1_1_1.run :: [lat] epoch=24 step=50 mean_l2=0.08988 std_l2=0.25654
2026-05-13 17:28:02,884 INFO CSMF2.step_1_1_1.run :: epoch=24 step=50/429 train_nll=-2275.465
2026-05-13 17:28:10,973 INFO CSMF2.step_1_1_1.run :: [h] epoch=24 step=100 total=0.12853 batch=0.10070
2026-05-13 17:28:10,974 INFO CSMF2.step_1_1_1.run :: [lat] epoch=24 step=100 mean_l2=0.09298 std_l2=0.48398
2026-05-13 17:28:11,047 INFO CSMF2.step_1_1_1.run :: epoch=24 step=100/429 train_nll=-2275.180
2026-05-13 17:28:19,231 INFO CSMF2.step_1_1_1.run :: [h] epoch=24 step=150 total=0.13039 batch=0.10227
2026-05-13 17:28:19,231 INFO CSMF2.step_1_1_1.run :: [lat] epoch=24 step=150 mean_l2=0.08204 std_l2=0.50780
2026-05-13 17:28:19,300 INFO CSMF2.step_1_1_1.run :: epoch=24 step=150/429 train_nll=-2278.710
2026-05-13 17:28:27,592 INFO CSMF2.step_1_1_1.run :: [h] epoch=24 step=200 total=0.13033 batch=0.10339
2026-05-13 17:28:27,592 INFO CSMF2.step_1_1_1.run :: [lat] epoch=24 step=200 mean_l2=0.07888 std_l2=0.29718
2026-05-13 17:28:27,666 INFO CSMF2.step_1_1_1.run :: epoch=24 step=200/429 train_nll=-2277.632
2026-05-13 17:28:35,889 INFO CSMF2.step_1_1_1.run :: [h] epoch=24 step=250 total=0.12403 batch=0.09586
2026-05-13 17:28:35,889 INFO CSMF2.step_1_1_1.run :: [lat] epoch=24 step=250 mean_l2=0.07747 std_l2=0.64423
2026-05-13 17:28:35,962 INFO CSMF2.step_1_1_1.run :: epoch=24 step=250/429 train_nll=-2276.913
2026-05-13 17:28:44,134 INFO CSMF2.step_1_1_1.run :: [h] epoch=24 step=300 total=0.12798 batch=0.10143
2026-05-13 17:28:44,135 INFO CSMF2.step_1_1_1.run :: [lat] epoch=24 step=300 mean_l2=0.08970 std_l2=0.73540
2026-05-13 17:28:44,208 INFO CSMF2.step_1_1_1.run :: epoch=24 step=300/429 train_nll=-2275.897
2026-05-13 17:28:52,327 INFO CSMF2.step_1_1_1.run :: [h] epoch=24 step=350 total=0.12608 batch=0.09869
2026-05-13 17:28:52,328 INFO CSMF2.step_1_1_1.run :: [lat] epoch=24 step=350 mean_l2=0.07600 std_l2=1.27812
2026-05-13 17:28:52,401 INFO CSMF2.step_1_1_1.run :: epoch=24 step=350/429 train_nll=-2278.442
2026-05-13 17:29:00,612 INFO CSMF2.step_1_1_1.run :: [h] epoch=24 step=400 total=0.12877 batch=0.10116
2026-05-13 17:29:00,612 INFO CSMF2.step_1_1_1.run :: [lat] epoch=24 step=400 mean_l2=0.11487 std_l2=4.53927
2026-05-13 17:29:00,685 INFO CSMF2.step_1_1_1.run :: epoch=24 step=400/429 train_nll=-2277.891
2026-05-13 17:29:08,898 INFO CSMF2.step_1_1_1.run :: epoch=24  train_nll=-2278.683  val_nll=-2263.638  t=74.1s
2026-05-13 17:29:08,898 INFO CSMF2.step_1_1_1.run :: [h_std] total=0.12749 batch=0.09937 (no penalty)
2026-05-13 17:29:08,898 INFO CSMF2.step_1_1_1.run :: [lat_epoch] mean_l2=0.08407 std_l2=1.26903 lambda=0.100
2026-05-13 17:29:08,898 INFO CSMF2.step_1_1_1.run :: [grad] cond=431.4195 film_gain=0.0000
2026-05-13 17:29:20,529 INFO CSMF2.step_1_1_1.run :: [h] epoch=25 step=50 total=0.12718 batch=0.09855
2026-05-13 17:29:20,529 INFO CSMF2.step_1_1_1.run :: [lat] epoch=25 step=50 mean_l2=0.07458 std_l2=0.23749
2026-05-13 17:29:20,624 INFO CSMF2.step_1_1_1.run :: epoch=25 step=50/429 train_nll=-2282.613
2026-05-13 17:29:29,141 INFO CSMF2.step_1_1_1.run :: [h] epoch=25 step=100 total=0.12496 batch=0.09749
2026-05-13 17:29:29,142 INFO CSMF2.step_1_1_1.run :: [lat] epoch=25 step=100 mean_l2=0.09502 std_l2=0.37542
2026-05-13 17:29:29,216 INFO CSMF2.step_1_1_1.run :: epoch=25 step=100/429 train_nll=-2280.780
2026-05-13 17:29:37,529 INFO CSMF2.step_1_1_1.run :: [h] epoch=25 step=150 total=0.12669 batch=0.09902
2026-05-13 17:29:37,530 INFO CSMF2.step_1_1_1.run :: [lat] epoch=25 step=150 mean_l2=0.06810 std_l2=0.52421
2026-05-13 17:29:37,605 INFO CSMF2.step_1_1_1.run :: epoch=25 step=150/429 train_nll=-2285.360
2026-05-13 17:29:45,965 INFO CSMF2.step_1_1_1.run :: [h] epoch=25 step=200 total=0.12840 batch=0.10133
2026-05-13 17:29:45,966 INFO CSMF2.step_1_1_1.run :: [lat] epoch=25 step=200 mean_l2=0.09906 std_l2=0.26128
2026-05-13 17:29:46,061 INFO CSMF2.step_1_1_1.run :: epoch=25 step=200/429 train_nll=-2284.136
2026-05-13 17:29:54,310 INFO CSMF2.step_1_1_1.run :: [h] epoch=25 step=250 total=0.12322 batch=0.09535
2026-05-13 17:29:54,311 INFO CSMF2.step_1_1_1.run :: [lat] epoch=25 step=250 mean_l2=0.08305 std_l2=0.62026
2026-05-13 17:29:54,385 INFO CSMF2.step_1_1_1.run :: epoch=25 step=250/429 train_nll=-2283.429
2026-05-13 17:30:02,609 INFO CSMF2.step_1_1_1.run :: [h] epoch=25 step=300 total=0.12533 batch=0.09929
2026-05-13 17:30:02,610 INFO CSMF2.step_1_1_1.run :: [lat] epoch=25 step=300 mean_l2=0.08462 std_l2=0.72793
2026-05-13 17:30:02,685 INFO CSMF2.step_1_1_1.run :: epoch=25 step=300/429 train_nll=-2282.787
2026-05-13 17:30:11,077 INFO CSMF2.step_1_1_1.run :: [h] epoch=25 step=350 total=0.12302 batch=0.09690
2026-05-13 17:30:11,078 INFO CSMF2.step_1_1_1.run :: [lat] epoch=25 step=350 mean_l2=0.09880 std_l2=1.46448
2026-05-13 17:30:11,152 INFO CSMF2.step_1_1_1.run :: epoch=25 step=350/429 train_nll=-2285.521
2026-05-13 17:30:19,408 INFO CSMF2.step_1_1_1.run :: [h] epoch=25 step=400 total=0.12680 batch=0.09975
2026-05-13 17:30:19,409 INFO CSMF2.step_1_1_1.run :: [lat] epoch=25 step=400 mean_l2=0.08901 std_l2=4.69156
2026-05-13 17:30:19,483 INFO CSMF2.step_1_1_1.run :: epoch=25 step=400/429 train_nll=-2285.177
2026-05-13 17:30:27,739 INFO CSMF2.step_1_1_1.run :: epoch=25  train_nll=-2285.826  val_nll=-2271.626  t=75.2s
2026-05-13 17:30:27,739 INFO CSMF2.step_1_1_1.run :: [h_std] total=0.12471 batch=0.09733 (no penalty)
2026-05-13 17:30:27,739 INFO CSMF2.step_1_1_1.run :: [lat_epoch] mean_l2=0.08485 std_l2=1.30076 lambda=0.100
2026-05-13 17:30:27,739 INFO CSMF2.step_1_1_1.run :: [grad] cond=362.5644 film_gain=0.0000
2026-05-13 17:30:39,360 INFO CSMF2.step_1_1_1.run :: [h] epoch=26 step=50 total=0.12405 batch=0.09630
2026-05-13 17:30:39,361 INFO CSMF2.step_1_1_1.run :: [lat] epoch=26 step=50 mean_l2=0.06813 std_l2=0.25624
2026-05-13 17:30:39,435 INFO CSMF2.step_1_1_1.run :: epoch=26 step=50/429 train_nll=-2290.148
2026-05-13 17:30:47,618 INFO CSMF2.step_1_1_1.run :: [h] epoch=26 step=100 total=0.12272 batch=0.09597
2026-05-13 17:30:47,618 INFO CSMF2.step_1_1_1.run :: [lat] epoch=26 step=100 mean_l2=0.08315 std_l2=0.39662
2026-05-13 17:30:47,691 INFO CSMF2.step_1_1_1.run :: epoch=26 step=100/429 train_nll=-2291.320
2026-05-13 17:30:55,980 INFO CSMF2.step_1_1_1.run :: [h] epoch=26 step=150 total=0.12308 batch=0.09629
2026-05-13 17:30:55,981 INFO CSMF2.step_1_1_1.run :: [lat] epoch=26 step=150 mean_l2=0.07247 std_l2=0.61796
2026-05-13 17:30:56,054 INFO CSMF2.step_1_1_1.run :: epoch=26 step=150/429 train_nll=-2296.210
2026-05-13 17:31:04,156 INFO CSMF2.step_1_1_1.run :: [h] epoch=26 step=200 total=0.12463 batch=0.09857
2026-05-13 17:31:04,156 INFO CSMF2.step_1_1_1.run :: [lat] epoch=26 step=200 mean_l2=0.09061 std_l2=0.27671
2026-05-13 17:31:04,229 INFO CSMF2.step_1_1_1.run :: epoch=26 step=200/429 train_nll=-2294.263
2026-05-13 17:31:12,318 INFO CSMF2.step_1_1_1.run :: [h] epoch=26 step=250 total=0.12042 batch=0.09323
2026-05-13 17:31:12,319 INFO CSMF2.step_1_1_1.run :: [lat] epoch=26 step=250 mean_l2=0.07244 std_l2=0.77111
2026-05-13 17:31:12,411 INFO CSMF2.step_1_1_1.run :: epoch=26 step=250/429 train_nll=-2294.187
2026-05-13 17:31:20,544 INFO CSMF2.step_1_1_1.run :: [h] epoch=26 step=300 total=0.12327 batch=0.09794
2026-05-13 17:31:20,544 INFO CSMF2.step_1_1_1.run :: [lat] epoch=26 step=300 mean_l2=0.09468 std_l2=0.85609
2026-05-13 17:31:20,620 INFO CSMF2.step_1_1_1.run :: epoch=26 step=300/429 train_nll=-2294.083
2026-05-13 17:31:28,782 INFO CSMF2.step_1_1_1.run :: [h] epoch=26 step=350 total=0.12224 batch=0.09613
2026-05-13 17:31:28,783 INFO CSMF2.step_1_1_1.run :: [lat] epoch=26 step=350 mean_l2=0.07569 std_l2=1.36222
2026-05-13 17:31:28,856 INFO CSMF2.step_1_1_1.run :: epoch=26 step=350/429 train_nll=-2296.597
2026-05-13 17:31:36,924 INFO CSMF2.step_1_1_1.run :: [h] epoch=26 step=400 total=0.12296 batch=0.09677
2026-05-13 17:31:36,924 INFO CSMF2.step_1_1_1.run :: [lat] epoch=26 step=400 mean_l2=0.09109 std_l2=4.67084
2026-05-13 17:31:36,997 INFO CSMF2.step_1_1_1.run :: epoch=26 step=400/429 train_nll=-2296.419
2026-05-13 17:31:45,089 INFO CSMF2.step_1_1_1.run :: epoch=26  train_nll=-2296.845  val_nll=-2274.603  t=73.7s
2026-05-13 17:31:45,089 INFO CSMF2.step_1_1_1.run :: [h_std] total=0.12237 batch=0.09563 (no penalty)
2026-05-13 17:31:45,089 INFO CSMF2.step_1_1_1.run :: [lat_epoch] mean_l2=0.08328 std_l2=1.31664 lambda=0.100
2026-05-13 17:31:45,089 INFO CSMF2.step_1_1_1.run :: [grad] cond=323.3715 film_gain=0.0000
2026-05-13 17:31:56,771 INFO CSMF2.step_1_1_1.run :: [h] epoch=27 step=50 total=0.12091 batch=0.09351
2026-05-13 17:31:56,771 INFO CSMF2.step_1_1_1.run :: [lat] epoch=27 step=50 mean_l2=0.08223 std_l2=0.23643
2026-05-13 17:31:56,866 INFO CSMF2.step_1_1_1.run :: epoch=27 step=50/429 train_nll=-2301.620
2026-05-13 17:32:05,390 INFO CSMF2.step_1_1_1.run :: [h] epoch=27 step=100 total=0.11892 batch=0.09245
2026-05-13 17:32:05,391 INFO CSMF2.step_1_1_1.run :: [lat] epoch=27 step=100 mean_l2=0.06678 std_l2=0.40120
2026-05-13 17:32:05,486 INFO CSMF2.step_1_1_1.run :: epoch=27 step=100/429 train_nll=-2299.179
2026-05-13 17:32:13,688 INFO CSMF2.step_1_1_1.run :: [h] epoch=27 step=150 total=0.12080 batch=0.09404
2026-05-13 17:32:13,688 INFO CSMF2.step_1_1_1.run :: [lat] epoch=27 step=150 mean_l2=0.09250 std_l2=0.52193
2026-05-13 17:32:13,762 INFO CSMF2.step_1_1_1.run :: epoch=27 step=150/429 train_nll=-2301.184
2026-05-13 17:32:22,103 INFO CSMF2.step_1_1_1.run :: [h] epoch=27 step=200 total=0.12118 batch=0.09529
2026-05-13 17:32:22,104 INFO CSMF2.step_1_1_1.run :: [lat] epoch=27 step=200 mean_l2=0.11005 std_l2=0.40793
2026-05-13 17:32:22,178 INFO CSMF2.step_1_1_1.run :: epoch=27 step=200/429 train_nll=-2299.284
2026-05-13 17:32:30,694 INFO CSMF2.step_1_1_1.run :: [h] epoch=27 step=250 total=0.11731 batch=0.09051
2026-05-13 17:32:30,695 INFO CSMF2.step_1_1_1.run :: [lat] epoch=27 step=250 mean_l2=0.07263 std_l2=0.40280
2026-05-13 17:32:30,770 INFO CSMF2.step_1_1_1.run :: epoch=27 step=250/429 train_nll=-2299.448
2026-05-13 17:32:39,065 INFO CSMF2.step_1_1_1.run :: [h] epoch=27 step=300 total=0.11864 batch=0.09357
2026-05-13 17:32:39,066 INFO CSMF2.step_1_1_1.run :: [lat] epoch=27 step=300 mean_l2=0.08718 std_l2=0.92429
2026-05-13 17:32:39,140 INFO CSMF2.step_1_1_1.run :: epoch=27 step=300/429 train_nll=-2299.323
2026-05-13 17:32:47,298 INFO CSMF2.step_1_1_1.run :: [h] epoch=27 step=350 total=0.11829 batch=0.09292
2026-05-13 17:32:47,299 INFO CSMF2.step_1_1_1.run :: [lat] epoch=27 step=350 mean_l2=0.09437 std_l2=1.12363
2026-05-13 17:32:47,393 INFO CSMF2.step_1_1_1.run :: epoch=27 step=350/429 train_nll=-2301.577
2026-05-13 17:32:55,698 INFO CSMF2.step_1_1_1.run :: [h] epoch=27 step=400 total=0.12084 batch=0.09479
2026-05-13 17:32:55,699 INFO CSMF2.step_1_1_1.run :: [lat] epoch=27 step=400 mean_l2=0.07350 std_l2=4.97086
2026-05-13 17:32:55,768 INFO CSMF2.step_1_1_1.run :: epoch=27 step=400/429 train_nll=-2300.909
2026-05-13 17:33:04,004 INFO CSMF2.step_1_1_1.run :: epoch=27  train_nll=-2301.495  val_nll=-2289.072  t=75.3s
2026-05-13 17:33:04,004 INFO CSMF2.step_1_1_1.run :: [h_std] total=0.11871 batch=0.09230 (no penalty)
2026-05-13 17:33:04,004 INFO CSMF2.step_1_1_1.run :: [lat_epoch] mean_l2=0.08504 std_l2=1.36962 lambda=0.100
2026-05-13 17:33:04,004 INFO CSMF2.step_1_1_1.run :: [grad] cond=244.0040 film_gain=0.0000
2026-05-13 17:33:15,672 INFO CSMF2.step_1_1_1.run :: [h] epoch=28 step=50 total=0.11876 batch=0.09196
2026-05-13 17:33:15,672 INFO CSMF2.step_1_1_1.run :: [lat] epoch=28 step=50 mean_l2=0.07037 std_l2=0.22990
2026-05-13 17:33:15,747 INFO CSMF2.step_1_1_1.run :: epoch=28 step=50/429 train_nll=-2308.999
2026-05-13 17:33:24,201 INFO CSMF2.step_1_1_1.run :: [h] epoch=28 step=100 total=0.11761 batch=0.09134
2026-05-13 17:33:24,201 INFO CSMF2.step_1_1_1.run :: [lat] epoch=28 step=100 mean_l2=0.09016 std_l2=0.44040
2026-05-13 17:33:24,276 INFO CSMF2.step_1_1_1.run :: epoch=28 step=100/429 train_nll=-2308.442
2026-05-13 17:33:32,513 INFO CSMF2.step_1_1_1.run :: [h] epoch=28 step=150 total=0.11862 batch=0.09243
2026-05-13 17:33:32,513 INFO CSMF2.step_1_1_1.run :: [lat] epoch=28 step=150 mean_l2=0.08485 std_l2=0.55066
2026-05-13 17:33:32,588 INFO CSMF2.step_1_1_1.run :: epoch=28 step=150/429 train_nll=-2312.400
2026-05-13 17:33:40,828 INFO CSMF2.step_1_1_1.run :: [h] epoch=28 step=200 total=0.11815 batch=0.09300
2026-05-13 17:33:40,829 INFO CSMF2.step_1_1_1.run :: [lat] epoch=28 step=200 mean_l2=0.09993 std_l2=0.25343
2026-05-13 17:33:40,903 INFO CSMF2.step_1_1_1.run :: epoch=28 step=200/429 train_nll=-2311.132
2026-05-13 17:33:49,104 INFO CSMF2.step_1_1_1.run :: [h] epoch=28 step=250 total=0.11511 batch=0.08925
2026-05-13 17:33:49,105 INFO CSMF2.step_1_1_1.run :: [lat] epoch=28 step=250 mean_l2=0.07913 std_l2=0.32708
2026-05-13 17:33:49,200 INFO CSMF2.step_1_1_1.run :: epoch=28 step=250/429 train_nll=-2310.267
2026-05-13 17:33:57,578 INFO CSMF2.step_1_1_1.run :: [h] epoch=28 step=300 total=0.11815 batch=0.09284
2026-05-13 17:33:57,579 INFO CSMF2.step_1_1_1.run :: [lat] epoch=28 step=300 mean_l2=0.09101 std_l2=0.75461
2026-05-13 17:33:57,654 INFO CSMF2.step_1_1_1.run :: epoch=28 step=300/429 train_nll=-2309.597
2026-05-13 17:34:06,047 INFO CSMF2.step_1_1_1.run :: [h] epoch=28 step=350 total=0.11714 batch=0.09208
2026-05-13 17:34:06,048 INFO CSMF2.step_1_1_1.run :: [lat] epoch=28 step=350 mean_l2=0.08944 std_l2=1.07741
2026-05-13 17:34:06,142 INFO CSMF2.step_1_1_1.run :: epoch=28 step=350/429 train_nll=-2312.105
2026-05-13 17:34:14,479 INFO CSMF2.step_1_1_1.run :: [h] epoch=28 step=400 total=0.11881 batch=0.09269
2026-05-13 17:34:14,479 INFO CSMF2.step_1_1_1.run :: [lat] epoch=28 step=400 mean_l2=0.11646 std_l2=4.97183
2026-05-13 17:34:14,554 INFO CSMF2.step_1_1_1.run :: epoch=28 step=400/429 train_nll=-2311.143
2026-05-13 17:34:22,891 INFO CSMF2.step_1_1_1.run :: epoch=28  train_nll=-2311.703  val_nll=-2301.434  t=75.2s
2026-05-13 17:34:22,891 INFO CSMF2.step_1_1_1.run :: [h_std] total=0.11688 batch=0.09079 (no penalty)
2026-05-13 17:34:22,891 INFO CSMF2.step_1_1_1.run :: [lat_epoch] mean_l2=0.08485 std_l2=1.36242 lambda=0.100
2026-05-13 17:34:22,891 INFO CSMF2.step_1_1_1.run :: [grad] cond=271.6175 film_gain=0.0000
2026-05-13 17:34:34,473 INFO CSMF2.step_1_1_1.run :: [h] epoch=29 step=50 total=0.11579 batch=0.08949
2026-05-13 17:34:34,473 INFO CSMF2.step_1_1_1.run :: [lat] epoch=29 step=50 mean_l2=0.08128 std_l2=0.22731
2026-05-13 17:34:34,547 INFO CSMF2.step_1_1_1.run :: epoch=29 step=50/429 train_nll=-2314.939
2026-05-13 17:34:42,697 INFO CSMF2.step_1_1_1.run :: [h] epoch=29 step=100 total=0.11456 batch=0.08904
2026-05-13 17:34:42,697 INFO CSMF2.step_1_1_1.run :: [lat] epoch=29 step=100 mean_l2=0.09510 std_l2=0.39295
2026-05-13 17:34:42,771 INFO CSMF2.step_1_1_1.run :: epoch=29 step=100/429 train_nll=-2315.339
2026-05-13 17:34:50,929 INFO CSMF2.step_1_1_1.run :: [h] epoch=29 step=150 total=0.11790 batch=0.09189
2026-05-13 17:34:50,929 INFO CSMF2.step_1_1_1.run :: [lat] epoch=29 step=150 mean_l2=0.08708 std_l2=0.50070
2026-05-13 17:34:51,022 INFO CSMF2.step_1_1_1.run :: epoch=29 step=150/429 train_nll=-2319.670
2026-05-13 17:34:59,176 INFO CSMF2.step_1_1_1.run :: [h] epoch=29 step=200 total=0.11751 batch=0.09230
2026-05-13 17:34:59,176 INFO CSMF2.step_1_1_1.run :: [lat] epoch=29 step=200 mean_l2=0.07699 std_l2=0.24173
2026-05-13 17:34:59,249 INFO CSMF2.step_1_1_1.run :: epoch=29 step=200/429 train_nll=-2317.248
2026-05-13 17:35:07,411 INFO CSMF2.step_1_1_1.run :: [h] epoch=29 step=250 total=0.11389 batch=0.08814
2026-05-13 17:35:07,411 INFO CSMF2.step_1_1_1.run :: [lat] epoch=29 step=250 mean_l2=0.08322 std_l2=0.73763
2026-05-13 17:35:07,484 INFO CSMF2.step_1_1_1.run :: epoch=29 step=250/429 train_nll=-2315.793
2026-05-13 17:35:15,749 INFO CSMF2.step_1_1_1.run :: [h] epoch=29 step=300 total=0.11594 batch=0.09188
2026-05-13 17:35:15,750 INFO CSMF2.step_1_1_1.run :: [lat] epoch=29 step=300 mean_l2=0.08045 std_l2=0.70294
2026-05-13 17:35:15,819 INFO CSMF2.step_1_1_1.run :: epoch=29 step=300/429 train_nll=-2314.904
2026-05-13 17:35:24,153 INFO CSMF2.step_1_1_1.run :: [h] epoch=29 step=350 total=0.11462 batch=0.08958
2026-05-13 17:35:24,153 INFO CSMF2.step_1_1_1.run :: [lat] epoch=29 step=350 mean_l2=0.08023 std_l2=0.88613
2026-05-13 17:35:24,226 INFO CSMF2.step_1_1_1.run :: epoch=29 step=350/429 train_nll=-2317.516
2026-05-13 17:35:32,498 INFO CSMF2.step_1_1_1.run :: [h] epoch=29 step=400 total=0.11638 batch=0.09088
2026-05-13 17:35:32,498 INFO CSMF2.step_1_1_1.run :: [lat] epoch=29 step=400 mean_l2=0.07194 std_l2=5.07158
2026-05-13 17:35:32,591 INFO CSMF2.step_1_1_1.run :: epoch=29 step=400/429 train_nll=-2316.875
2026-05-13 17:35:40,837 INFO CSMF2.step_1_1_1.run :: epoch=29  train_nll=-2317.567  val_nll=-2311.602  t=74.2s
2026-05-13 17:35:40,837 INFO CSMF2.step_1_1_1.run :: [h_std] total=0.11502 batch=0.08943 (no penalty)
2026-05-13 17:35:40,837 INFO CSMF2.step_1_1_1.run :: [lat_epoch] mean_l2=0.08505 std_l2=1.38295 lambda=0.100
2026-05-13 17:35:40,837 INFO CSMF2.step_1_1_1.run :: [grad] cond=629.2363 film_gain=0.0000
2026-05-13 17:35:50,872 INFO CSMF2.step_1_1_1.run :: [run] FINAL test_nll (sealed 10k) = -2321.423
2026-05-13 17:35:51,432 INFO CSMF2.experiments.step_1_1_1.density_plots :: [plot_latent_density] saved -> CSMF2/experiments/step_1_1_1/results/nice_s2_n0.00_seed0_d1e51e88bd2c/plots/latent_density.png  (ks=0.0676, mean=0.008, std=1.023)
2026-05-13 17:35:51,606 INFO CSMF2.experiments.step_1_1_1.density_plots :: [plot_cycle_density] saved -> CSMF2/experiments/step_1_1_1/results/nice_s2_n0.00_seed0_d1e51e88bd2c/plots/cycle_density.png  (max|err|=5.722e-06 rms=5.553e-07)
2026-05-13 17:35:51,938 INFO CSMF2.experiments.step_1_1_1.density_plots :: [plot_reconstruction_panel] saved -> CSMF2/experiments/step_1_1_1/results/nice_s2_n0.00_seed0_d1e51e88bd2c/plots/reconstruction_panel.png  rms(enc-prior)=1.267
==============================================================
[1mSTEP-1_1_1 RUN SUMMARY[0m
==============================================================
expert: nice   scale: 2   noise: 0.0   seed: 0   epochs: 30
train NLL:    -1108.17  ->    -2317.57  (Δ = -1209.40)
test  NLL:    -1344.59  ->    -2311.60

[1mHARD GATES (halt on fail)[0m
  [32m 30/30  ✓[0m  invertibility FP64 <1e-5
  [31m  0/30  ✗[0m  latent KS vs N(0,1) <0.05
  [32m 30/30  ✓[0m  cycle_max < 1e-12
  [32m 30/30  ✓[0m  h std > 1e-3
  [32m 30/30  ✓[0m  FiLM γ,β std > 1e-3 aggregate
  [32m 30/30  ✓[0m  (y,seed) max|Δh| < 1e-6
  [32m 30/30  ✓[0m  no NaN/Inf this epoch
  [32m  1/1   ✓[0m  numeric log-det (FP64, once)

[1mINFORMATIONAL (logged, non-blocking)[0m
  [33m 29/30  ✗[0m  null-control gap ≥ 0.10
  [33m 29/30  ✗[0m  h_st Δlogp slope > 1e-3
  [32m 30/30  ✓[0m  grad norm > 1e-6
  [32m 30/30  ✓[0m  fwd residual reported
--------------------------------------------------------------
[1mHARD TOTAL: 181/211[0m  (85.8%)
[1mEXIT_CRITERIA_MET:[0m [31mNO[0m
[1mREMEDY HINTS:[0m
  - hard gate failed: latent_ks (latent KS vs N(0,1) <0.05) -- check epochs [0, 1, 2, 3, 4, 5, 6, 7, 8, 9, 10, 11, 12, 13, 14, 15, 16, 17, 18, 19, 20, 21, 22, 23, 24, 25, 26, 27, 28, 29]
==============================================================
2026-05-13 17:35:52,005 INFO CSMF2.step_1_1_1.run :: STEP-1_1 run DONE  exit_ok=False  out=CSMF2/experiments/step_1_1_1/results/nice_s2_n0.00_seed0_d1e51e88bd2c
