2026-05-13 12:52:38,811 INFO CSMF2.step_1_1_1.run :: STEP-1_1 run | tag=realnvp_s2_n0.00_seed0_c2f0c505bb37 | cfg=StepCfg(data_root='./mnist_data', scale=2, blur_sigma=1.0, noise_sigma=0.0, batch_size=128, expert='realnvp', dim=784, cond_width=128, h_dim=256, flow_hidden=256, use_film=True, cache_h=True, use_v2_conditioner=True, film_depth=2, film_hidden=128, film_use_gelu=True, realnvp_n_couplings=6, realnvp_s_max=2.0, glow_n_steps=8, glow_coupling_hidden=256, glow_s_max=2.0, glow_squeeze=True, glow_n_levels=1, glow_image_c=1, glow_image_h=28, glow_image_w=28, glow_film_gain_init=0.3, lr=0.001, epochs=30, weight_decay=0.0, grad_clip=5.0, shuffle_loss_lambda=0.0, shuffle_loss_margin=0.5, h_std_penalty_mu=0.0, h_std_target=0.05, cond_y_residual_alpha_init=0.0, latent_moment_lambda=0.0, latent_ks_target=0.1, fwd_rel_target=0.5, resume_from=None, seed=0, out_root='./CSMF2/experiments/step_1_1_1/results', log_every=50, sanity_every_epoch=True)
2026-05-13 12:52:38,890 INFO CSMF2.step_1_1_1.run :: [run] data sizes: train=55000  val=5000 (per-epoch)  test=10000 (final-only)
2026-05-13 12:52:38,961 INFO CSMF2.step_1_1_1.run :: [y_sanity] y.std(dim=0).mean() = 0.1294  shape=(128, 1, 14, 14)
2026-05-13 12:52:46,714 INFO CSMF2.step_1_1_1.run :: [h] epoch=0 step=50 total=0.32068 batch=0.00752
2026-05-13 12:52:46,715 INFO CSMF2.step_1_1_1.run :: [lat] epoch=0 step=50 mean_l2=0.28572 std_l2=0.42907
2026-05-13 12:52:46,784 INFO CSMF2.step_1_1_1.run :: epoch=0 step=50/429 train_nll=-778.555
2026-05-13 12:52:54,899 INFO CSMF2.step_1_1_1.run :: [h] epoch=0 step=100 total=0.41258 batch=0.00775
2026-05-13 12:52:54,899 INFO CSMF2.step_1_1_1.run :: [lat] epoch=0 step=100 mean_l2=0.70283 std_l2=0.56524
2026-05-13 12:52:54,974 INFO CSMF2.step_1_1_1.run :: epoch=0 step=100/429 train_nll=-1162.033
2026-05-13 12:53:03,072 INFO CSMF2.step_1_1_1.run :: [h] epoch=0 step=150 total=0.43782 batch=0.00777
2026-05-13 12:53:03,072 INFO CSMF2.step_1_1_1.run :: [lat] epoch=0 step=150 mean_l2=0.25920 std_l2=0.44521
2026-05-13 12:53:03,145 INFO CSMF2.step_1_1_1.run :: epoch=0 step=150/429 train_nll=-1355.736
2026-05-13 12:53:11,337 INFO CSMF2.step_1_1_1.run :: [h] epoch=0 step=200 total=0.47065 batch=0.00976
2026-05-13 12:53:11,337 INFO CSMF2.step_1_1_1.run :: [lat] epoch=0 step=200 mean_l2=0.19030 std_l2=0.58307
2026-05-13 12:53:11,409 INFO CSMF2.step_1_1_1.run :: epoch=0 step=200/429 train_nll=-1485.087
2026-05-13 12:53:19,468 INFO CSMF2.step_1_1_1.run :: [h] epoch=0 step=250 total=0.49211 batch=0.00955
2026-05-13 12:53:19,469 INFO CSMF2.step_1_1_1.run :: [lat] epoch=0 step=250 mean_l2=0.30255 std_l2=0.37178
2026-05-13 12:53:19,542 INFO CSMF2.step_1_1_1.run :: epoch=0 step=250/429 train_nll=-1598.954
2026-05-13 12:53:27,817 INFO CSMF2.step_1_1_1.run :: [h] epoch=0 step=300 total=0.51595 batch=0.01074
2026-05-13 12:53:27,817 INFO CSMF2.step_1_1_1.run :: [lat] epoch=0 step=300 mean_l2=0.29020 std_l2=0.40548
2026-05-13 12:53:27,890 INFO CSMF2.step_1_1_1.run :: epoch=0 step=300/429 train_nll=-1688.264
2026-05-13 12:53:36,025 INFO CSMF2.step_1_1_1.run :: [h] epoch=0 step=350 total=0.50258 batch=0.01132
2026-05-13 12:53:36,026 INFO CSMF2.step_1_1_1.run :: [lat] epoch=0 step=350 mean_l2=0.27823 std_l2=0.36317
2026-05-13 12:53:36,099 INFO CSMF2.step_1_1_1.run :: epoch=0 step=350/429 train_nll=-1757.440
2026-05-13 12:53:44,266 INFO CSMF2.step_1_1_1.run :: [h] epoch=0 step=400 total=0.48475 batch=0.00986
2026-05-13 12:53:44,267 INFO CSMF2.step_1_1_1.run :: [lat] epoch=0 step=400 mean_l2=0.40892 std_l2=0.49962
2026-05-13 12:53:44,340 INFO CSMF2.step_1_1_1.run :: epoch=0 step=400/429 train_nll=-1802.360
2026-05-13 12:53:52,659 INFO CSMF2.step_1_1_1.run :: epoch=0  train_nll=-1827.476  val_nll=-2262.468  t=73.7s
2026-05-13 12:53:52,659 INFO CSMF2.step_1_1_1.run :: [h_std] total=0.47540 batch=0.01196 (no penalty)
2026-05-13 12:53:52,659 INFO CSMF2.step_1_1_1.run :: [lat_epoch] mean_l2=0.34936 std_l2=0.71478 (no penalty)
2026-05-13 12:53:52,659 INFO CSMF2.step_1_1_1.run :: [grad] cond=93.3046 film_gain=0.0000
2026-05-13 12:54:04,475 INFO CSMF2.step_1_1_1.run :: [h] epoch=1 step=50 total=0.47662 batch=0.01029
2026-05-13 12:54:04,476 INFO CSMF2.step_1_1_1.run :: [lat] epoch=1 step=50 mean_l2=0.27797 std_l2=0.40781
2026-05-13 12:54:04,558 INFO CSMF2.step_1_1_1.run :: epoch=1 step=50/429 train_nll=-2283.961
2026-05-13 12:54:12,592 INFO CSMF2.step_1_1_1.run :: [h] epoch=1 step=100 total=0.47361 batch=0.01310
2026-05-13 12:54:12,593 INFO CSMF2.step_1_1_1.run :: [lat] epoch=1 step=100 mean_l2=0.36259 std_l2=0.45390
2026-05-13 12:54:12,663 INFO CSMF2.step_1_1_1.run :: epoch=1 step=100/429 train_nll=-2279.031
2026-05-13 12:54:20,740 INFO CSMF2.step_1_1_1.run :: [h] epoch=1 step=150 total=0.46814 batch=0.01233
2026-05-13 12:54:20,740 INFO CSMF2.step_1_1_1.run :: [lat] epoch=1 step=150 mean_l2=0.37825 std_l2=1.68214
2026-05-13 12:54:20,826 INFO CSMF2.step_1_1_1.run :: epoch=1 step=150/429 train_nll=-2273.204
2026-05-13 12:54:28,907 INFO CSMF2.step_1_1_1.run :: [h] epoch=1 step=200 total=0.46991 batch=0.01398
2026-05-13 12:54:28,907 INFO CSMF2.step_1_1_1.run :: [lat] epoch=1 step=200 mean_l2=0.38315 std_l2=1.21696
2026-05-13 12:54:28,984 INFO CSMF2.step_1_1_1.run :: epoch=1 step=200/429 train_nll=-2280.409
2026-05-13 12:54:37,337 INFO CSMF2.step_1_1_1.run :: [h] epoch=1 step=250 total=0.45656 batch=0.01222
2026-05-13 12:54:37,337 INFO CSMF2.step_1_1_1.run :: [lat] epoch=1 step=250 mean_l2=0.64854 std_l2=0.50280
2026-05-13 12:54:37,417 INFO CSMF2.step_1_1_1.run :: epoch=1 step=250/429 train_nll=-2291.052
2026-05-13 12:54:46,018 INFO CSMF2.step_1_1_1.run :: [h] epoch=1 step=300 total=0.47151 batch=0.01503
2026-05-13 12:54:46,018 INFO CSMF2.step_1_1_1.run :: [lat] epoch=1 step=300 mean_l2=0.32107 std_l2=1.18666
2026-05-13 12:54:46,100 INFO CSMF2.step_1_1_1.run :: epoch=1 step=300/429 train_nll=-2301.846
2026-05-13 12:54:54,822 INFO CSMF2.step_1_1_1.run :: [h] epoch=1 step=350 total=0.45078 batch=0.01493
2026-05-13 12:54:54,822 INFO CSMF2.step_1_1_1.run :: [lat] epoch=1 step=350 mean_l2=0.24197 std_l2=0.34575
2026-05-13 12:54:54,900 INFO CSMF2.step_1_1_1.run :: epoch=1 step=350/429 train_nll=-2312.396
2026-05-13 12:55:03,454 INFO CSMF2.step_1_1_1.run :: [h] epoch=1 step=400 total=0.46480 batch=0.01741
2026-05-13 12:55:03,454 INFO CSMF2.step_1_1_1.run :: [lat] epoch=1 step=400 mean_l2=0.21915 std_l2=0.72218
2026-05-13 12:55:03,536 INFO CSMF2.step_1_1_1.run :: epoch=1 step=400/429 train_nll=-2321.016
2026-05-13 12:55:12,020 INFO CSMF2.step_1_1_1.run :: epoch=1  train_nll=-2325.271  val_nll=-2433.906  t=75.4s
2026-05-13 12:55:12,020 INFO CSMF2.step_1_1_1.run :: [h_std] total=0.46494 batch=0.01348 (no penalty)
2026-05-13 12:55:12,020 INFO CSMF2.step_1_1_1.run :: [lat_epoch] mean_l2=0.32287 std_l2=0.83158 (no penalty)
2026-05-13 12:55:12,020 INFO CSMF2.step_1_1_1.run :: [grad] cond=46.3376 film_gain=0.0000
2026-05-13 12:55:24,089 INFO CSMF2.step_1_1_1.run :: [h] epoch=2 step=50 total=0.42409 batch=0.01625
2026-05-13 12:55:24,090 INFO CSMF2.step_1_1_1.run :: [lat] epoch=2 step=50 mean_l2=0.21223 std_l2=0.28398
2026-05-13 12:55:24,170 INFO CSMF2.step_1_1_1.run :: epoch=2 step=50/429 train_nll=-2423.890
2026-05-13 12:55:32,735 INFO CSMF2.step_1_1_1.run :: [h] epoch=2 step=100 total=0.43716 batch=0.01853
2026-05-13 12:55:32,735 INFO CSMF2.step_1_1_1.run :: [lat] epoch=2 step=100 mean_l2=0.36944 std_l2=0.52169
2026-05-13 12:55:32,816 INFO CSMF2.step_1_1_1.run :: epoch=2 step=100/429 train_nll=-2430.205
2026-05-13 12:55:41,407 INFO CSMF2.step_1_1_1.run :: [h] epoch=2 step=150 total=0.42722 batch=0.01810
2026-05-13 12:55:41,407 INFO CSMF2.step_1_1_1.run :: [lat] epoch=2 step=150 mean_l2=0.26125 std_l2=0.48539
2026-05-13 12:55:41,489 INFO CSMF2.step_1_1_1.run :: epoch=2 step=150/429 train_nll=-2440.709
2026-05-13 12:55:50,066 INFO CSMF2.step_1_1_1.run :: [h] epoch=2 step=200 total=0.41591 batch=0.02228
2026-05-13 12:55:50,067 INFO CSMF2.step_1_1_1.run :: [lat] epoch=2 step=200 mean_l2=0.26012 std_l2=0.41297
2026-05-13 12:55:50,147 INFO CSMF2.step_1_1_1.run :: epoch=2 step=200/429 train_nll=-2449.448
2026-05-13 12:55:58,784 INFO CSMF2.step_1_1_1.run :: [h] epoch=2 step=250 total=0.41806 batch=0.01972
2026-05-13 12:55:58,785 INFO CSMF2.step_1_1_1.run :: [lat] epoch=2 step=250 mean_l2=0.21887 std_l2=0.61003
2026-05-13 12:55:58,882 INFO CSMF2.step_1_1_1.run :: epoch=2 step=250/429 train_nll=-2451.465
2026-05-13 12:56:07,420 INFO CSMF2.step_1_1_1.run :: [h] epoch=2 step=300 total=0.43205 batch=0.02803
2026-05-13 12:56:07,421 INFO CSMF2.step_1_1_1.run :: [lat] epoch=2 step=300 mean_l2=0.19397 std_l2=0.79425
2026-05-13 12:56:07,503 INFO CSMF2.step_1_1_1.run :: epoch=2 step=300/429 train_nll=-2417.737
2026-05-13 12:56:16,171 INFO CSMF2.step_1_1_1.run :: [h] epoch=2 step=350 total=0.35747 batch=0.02583
2026-05-13 12:56:16,172 INFO CSMF2.step_1_1_1.run :: [lat] epoch=2 step=350 mean_l2=0.31059 std_l2=0.28209
2026-05-13 12:56:16,269 INFO CSMF2.step_1_1_1.run :: epoch=2 step=350/429 train_nll=-2417.080
2026-05-13 12:56:24,885 INFO CSMF2.step_1_1_1.run :: [h] epoch=2 step=400 total=0.37130 batch=0.03331
2026-05-13 12:56:24,885 INFO CSMF2.step_1_1_1.run :: [lat] epoch=2 step=400 mean_l2=0.19965 std_l2=0.32968
2026-05-13 12:56:24,963 INFO CSMF2.step_1_1_1.run :: epoch=2 step=400/429 train_nll=-2425.374
2026-05-13 12:56:33,463 INFO CSMF2.step_1_1_1.run :: epoch=2  train_nll=-2427.774  val_nll=-2407.052  t=77.8s
2026-05-13 12:56:33,463 INFO CSMF2.step_1_1_1.run :: [h_std] total=0.40510 batch=0.02211 (no penalty)
2026-05-13 12:56:33,463 INFO CSMF2.step_1_1_1.run :: [lat_epoch] mean_l2=0.33471 std_l2=0.73352 (no penalty)
2026-05-13 12:56:33,463 INFO CSMF2.step_1_1_1.run :: [grad] cond=19.6135 film_gain=0.0000
2026-05-13 12:56:45,649 INFO CSMF2.step_1_1_1.run :: [h] epoch=3 step=50 total=0.35756 batch=0.02924
2026-05-13 12:56:45,650 INFO CSMF2.step_1_1_1.run :: [lat] epoch=3 step=50 mean_l2=0.41248 std_l2=0.61095
2026-05-13 12:56:45,748 INFO CSMF2.step_1_1_1.run :: epoch=3 step=50/429 train_nll=-2503.955
2026-05-13 12:56:54,412 INFO CSMF2.step_1_1_1.run :: [h] epoch=3 step=100 total=0.31705 batch=0.03001
2026-05-13 12:56:54,412 INFO CSMF2.step_1_1_1.run :: [lat] epoch=3 step=100 mean_l2=0.29909 std_l2=0.38623
2026-05-13 12:56:54,494 INFO CSMF2.step_1_1_1.run :: epoch=3 step=100/429 train_nll=-2515.184
2026-05-13 12:57:03,151 INFO CSMF2.step_1_1_1.run :: [h] epoch=3 step=150 total=0.34306 batch=0.03153
2026-05-13 12:57:03,152 INFO CSMF2.step_1_1_1.run :: [lat] epoch=3 step=150 mean_l2=0.25179 std_l2=0.41769
2026-05-13 12:57:03,234 INFO CSMF2.step_1_1_1.run :: epoch=3 step=150/429 train_nll=-2515.525
2026-05-13 12:57:11,854 INFO CSMF2.step_1_1_1.run :: [h] epoch=3 step=200 total=0.37387 batch=0.04149
2026-05-13 12:57:11,854 INFO CSMF2.step_1_1_1.run :: [lat] epoch=3 step=200 mean_l2=0.26086 std_l2=0.52453
2026-05-13 12:57:11,937 INFO CSMF2.step_1_1_1.run :: epoch=3 step=200/429 train_nll=-2518.341
2026-05-13 12:57:20,452 INFO CSMF2.step_1_1_1.run :: [h] epoch=3 step=250 total=0.31335 batch=0.02889
2026-05-13 12:57:20,453 INFO CSMF2.step_1_1_1.run :: [lat] epoch=3 step=250 mean_l2=0.30098 std_l2=0.63019
2026-05-13 12:57:20,535 INFO CSMF2.step_1_1_1.run :: epoch=3 step=250/429 train_nll=-2520.658
2026-05-13 12:57:29,164 INFO CSMF2.step_1_1_1.run :: [h] epoch=3 step=300 total=0.34709 batch=0.03868
2026-05-13 12:57:29,165 INFO CSMF2.step_1_1_1.run :: [lat] epoch=3 step=300 mean_l2=0.44752 std_l2=0.81303
2026-05-13 12:57:29,264 INFO CSMF2.step_1_1_1.run :: epoch=3 step=300/429 train_nll=-2528.827
2026-05-13 12:57:37,928 INFO CSMF2.step_1_1_1.run :: [h] epoch=3 step=350 total=0.29555 batch=0.03100
2026-05-13 12:57:37,928 INFO CSMF2.step_1_1_1.run :: [lat] epoch=3 step=350 mean_l2=0.41576 std_l2=0.33512
2026-05-13 12:57:38,010 INFO CSMF2.step_1_1_1.run :: epoch=3 step=350/429 train_nll=-2523.912
2026-05-13 12:57:46,730 INFO CSMF2.step_1_1_1.run :: [h] epoch=3 step=400 total=0.25590 batch=0.03249
2026-05-13 12:57:46,730 INFO CSMF2.step_1_1_1.run :: [lat] epoch=3 step=400 mean_l2=0.30336 std_l2=0.32550
2026-05-13 12:57:46,813 INFO CSMF2.step_1_1_1.run :: epoch=3 step=400/429 train_nll=-2527.536
2026-05-13 12:57:55,130 INFO CSMF2.step_1_1_1.run :: epoch=3  train_nll=-2528.733  val_nll=-2520.863  t=77.9s
2026-05-13 12:57:55,130 INFO CSMF2.step_1_1_1.run :: [h_std] total=0.34105 batch=0.03478 (no penalty)
2026-05-13 12:57:55,130 INFO CSMF2.step_1_1_1.run :: [lat_epoch] mean_l2=0.29211 std_l2=0.78494 (no penalty)
2026-05-13 12:57:55,130 INFO CSMF2.step_1_1_1.run :: [grad] cond=17.7018 film_gain=0.0000
2026-05-13 12:58:07,295 INFO CSMF2.step_1_1_1.run :: [h] epoch=4 step=50 total=0.30131 batch=0.04026
2026-05-13 12:58:07,296 INFO CSMF2.step_1_1_1.run :: [lat] epoch=4 step=50 mean_l2=0.58539 std_l2=0.52954
2026-05-13 12:58:07,373 INFO CSMF2.step_1_1_1.run :: epoch=4 step=50/429 train_nll=-2512.673
2026-05-13 12:58:16,229 INFO CSMF2.step_1_1_1.run :: [h] epoch=4 step=100 total=0.31853 batch=0.05672
2026-05-13 12:58:16,230 INFO CSMF2.step_1_1_1.run :: [lat] epoch=4 step=100 mean_l2=0.21964 std_l2=0.29169
2026-05-13 12:58:16,329 INFO CSMF2.step_1_1_1.run :: epoch=4 step=100/429 train_nll=-2536.322
2026-05-13 12:58:24,982 INFO CSMF2.step_1_1_1.run :: [h] epoch=4 step=150 total=0.31762 batch=0.05437
2026-05-13 12:58:24,982 INFO CSMF2.step_1_1_1.run :: [lat] epoch=4 step=150 mean_l2=0.32887 std_l2=1.22847
2026-05-13 12:58:25,082 INFO CSMF2.step_1_1_1.run :: epoch=4 step=150/429 train_nll=-2554.333
2026-05-13 12:58:33,623 INFO CSMF2.step_1_1_1.run :: [h] epoch=4 step=200 total=0.33975 batch=0.06926
2026-05-13 12:58:33,623 INFO CSMF2.step_1_1_1.run :: [lat] epoch=4 step=200 mean_l2=0.29263 std_l2=0.37612
2026-05-13 12:58:33,705 INFO CSMF2.step_1_1_1.run :: epoch=4 step=200/429 train_nll=-2564.292
2026-05-13 12:58:42,280 INFO CSMF2.step_1_1_1.run :: [h] epoch=4 step=250 total=0.28519 batch=0.05575
2026-05-13 12:58:42,280 INFO CSMF2.step_1_1_1.run :: [lat] epoch=4 step=250 mean_l2=0.19728 std_l2=1.26314
2026-05-13 12:58:42,380 INFO CSMF2.step_1_1_1.run :: epoch=4 step=250/429 train_nll=-2565.470
2026-05-13 12:58:50,901 INFO CSMF2.step_1_1_1.run :: [h] epoch=4 step=300 total=0.27363 batch=0.05558
2026-05-13 12:58:50,901 INFO CSMF2.step_1_1_1.run :: [lat] epoch=4 step=300 mean_l2=0.58689 std_l2=1.42171
2026-05-13 12:58:50,983 INFO CSMF2.step_1_1_1.run :: epoch=4 step=300/429 train_nll=-2573.927
2026-05-13 12:58:59,592 INFO CSMF2.step_1_1_1.run :: [h] epoch=4 step=350 total=0.26740 batch=0.05813
2026-05-13 12:58:59,593 INFO CSMF2.step_1_1_1.run :: [lat] epoch=4 step=350 mean_l2=0.32955 std_l2=0.38053
2026-05-13 12:58:59,675 INFO CSMF2.step_1_1_1.run :: epoch=4 step=350/429 train_nll=-2574.975
2026-05-13 12:59:08,283 INFO CSMF2.step_1_1_1.run :: [h] epoch=4 step=400 total=0.33696 batch=0.08656
2026-05-13 12:59:08,283 INFO CSMF2.step_1_1_1.run :: [lat] epoch=4 step=400 mean_l2=0.50959 std_l2=0.46586
2026-05-13 12:59:08,383 INFO CSMF2.step_1_1_1.run :: epoch=4 step=400/429 train_nll=-2582.417
2026-05-13 12:59:16,840 INFO CSMF2.step_1_1_1.run :: epoch=4  train_nll=-2584.860  val_nll=-2575.235  t=78.0s
2026-05-13 12:59:16,840 INFO CSMF2.step_1_1_1.run :: [h_std] total=0.29701 batch=0.05584 (no penalty)
2026-05-13 12:59:16,840 INFO CSMF2.step_1_1_1.run :: [lat_epoch] mean_l2=0.29650 std_l2=0.68805 (no penalty)
2026-05-13 12:59:16,840 INFO CSMF2.step_1_1_1.run :: [grad] cond=102.8064 film_gain=0.0000
2026-05-13 12:59:29,126 INFO CSMF2.step_1_1_1.run :: [h] epoch=5 step=50 total=0.27548 batch=0.07636
2026-05-13 12:59:29,126 INFO CSMF2.step_1_1_1.run :: [lat] epoch=5 step=50 mean_l2=0.24755 std_l2=0.50646
2026-05-13 12:59:29,210 INFO CSMF2.step_1_1_1.run :: epoch=5 step=50/429 train_nll=-2636.052
2026-05-13 12:59:37,863 INFO CSMF2.step_1_1_1.run :: [h] epoch=5 step=100 total=0.26114 batch=0.08321
2026-05-13 12:59:37,863 INFO CSMF2.step_1_1_1.run :: [lat] epoch=5 step=100 mean_l2=0.29514 std_l2=0.28360
2026-05-13 12:59:37,948 INFO CSMF2.step_1_1_1.run :: epoch=5 step=100/429 train_nll=-2608.021
2026-05-13 12:59:46,543 INFO CSMF2.step_1_1_1.run :: [h] epoch=5 step=150 total=0.26958 batch=0.08373
2026-05-13 12:59:46,544 INFO CSMF2.step_1_1_1.run :: [lat] epoch=5 step=150 mean_l2=0.20467 std_l2=0.64563
2026-05-13 12:59:46,644 INFO CSMF2.step_1_1_1.run :: epoch=5 step=150/429 train_nll=-2626.416
2026-05-13 12:59:55,311 INFO CSMF2.step_1_1_1.run :: [h] epoch=5 step=200 total=0.28469 batch=0.09553
2026-05-13 12:59:55,312 INFO CSMF2.step_1_1_1.run :: [lat] epoch=5 step=200 mean_l2=0.38766 std_l2=0.41578
2026-05-13 12:59:55,393 INFO CSMF2.step_1_1_1.run :: epoch=5 step=200/429 train_nll=-2631.708
2026-05-13 13:00:04,039 INFO CSMF2.step_1_1_1.run :: [h] epoch=5 step=250 total=0.22064 batch=0.06787
2026-05-13 13:00:04,039 INFO CSMF2.step_1_1_1.run :: [lat] epoch=5 step=250 mean_l2=0.36504 std_l2=0.87172
2026-05-13 13:00:04,121 INFO CSMF2.step_1_1_1.run :: epoch=5 step=250/429 train_nll=-2625.210
2026-05-13 13:00:12,768 INFO CSMF2.step_1_1_1.run :: [h] epoch=5 step=300 total=0.23373 batch=0.07659
2026-05-13 13:00:12,768 INFO CSMF2.step_1_1_1.run :: [lat] epoch=5 step=300 mean_l2=0.35814 std_l2=0.43336
2026-05-13 13:00:12,853 INFO CSMF2.step_1_1_1.run :: epoch=5 step=300/429 train_nll=-2627.642
2026-05-13 13:00:21,622 INFO CSMF2.step_1_1_1.run :: [h] epoch=5 step=350 total=0.29870 batch=0.09496
2026-05-13 13:00:21,622 INFO CSMF2.step_1_1_1.run :: [lat] epoch=5 step=350 mean_l2=0.29686 std_l2=0.35404
2026-05-13 13:00:21,704 INFO CSMF2.step_1_1_1.run :: epoch=5 step=350/429 train_nll=-2619.660
2026-05-13 13:00:30,321 INFO CSMF2.step_1_1_1.run :: [h] epoch=5 step=400 total=0.25445 batch=0.09095
2026-05-13 13:00:30,322 INFO CSMF2.step_1_1_1.run :: [lat] epoch=5 step=400 mean_l2=0.22370 std_l2=0.68824
2026-05-13 13:00:30,406 INFO CSMF2.step_1_1_1.run :: epoch=5 step=400/429 train_nll=-2625.335
2026-05-13 13:00:38,903 INFO CSMF2.step_1_1_1.run :: epoch=5  train_nll=-2630.700  val_nll=-2689.764  t=78.3s
2026-05-13 13:00:38,903 INFO CSMF2.step_1_1_1.run :: [h_std] total=0.25816 batch=0.08150 (no penalty)
2026-05-13 13:00:38,903 INFO CSMF2.step_1_1_1.run :: [lat_epoch] mean_l2=0.27021 std_l2=0.77288 (no penalty)
2026-05-13 13:00:38,903 INFO CSMF2.step_1_1_1.run :: [grad] cond=54.1523 film_gain=0.0000
2026-05-13 13:00:51,155 INFO CSMF2.step_1_1_1.run :: [h] epoch=6 step=50 total=0.23740 batch=0.08019
2026-05-13 13:00:51,155 INFO CSMF2.step_1_1_1.run :: [lat] epoch=6 step=50 mean_l2=0.19488 std_l2=0.25024
2026-05-13 13:00:51,237 INFO CSMF2.step_1_1_1.run :: epoch=6 step=50/429 train_nll=-2692.608
2026-05-13 13:01:00,026 INFO CSMF2.step_1_1_1.run :: [h] epoch=6 step=100 total=0.19340 batch=0.06529
2026-05-13 13:01:00,026 INFO CSMF2.step_1_1_1.run :: [lat] epoch=6 step=100 mean_l2=0.24873 std_l2=0.64390
2026-05-13 13:01:00,108 INFO CSMF2.step_1_1_1.run :: epoch=6 step=100/429 train_nll=-2646.113
2026-05-13 13:01:08,748 INFO CSMF2.step_1_1_1.run :: [h] epoch=6 step=150 total=0.20533 batch=0.06805
2026-05-13 13:01:08,748 INFO CSMF2.step_1_1_1.run :: [lat] epoch=6 step=150 mean_l2=0.40608 std_l2=2.31560
2026-05-13 13:01:08,830 INFO CSMF2.step_1_1_1.run :: epoch=6 step=150/429 train_nll=-2639.329
2026-05-13 13:01:17,535 INFO CSMF2.step_1_1_1.run :: [h] epoch=6 step=200 total=0.22508 batch=0.08805
2026-05-13 13:01:17,536 INFO CSMF2.step_1_1_1.run :: [lat] epoch=6 step=200 mean_l2=0.26936 std_l2=0.81748
2026-05-13 13:01:17,618 INFO CSMF2.step_1_1_1.run :: epoch=6 step=200/429 train_nll=-2650.944
2026-05-13 13:01:26,179 INFO CSMF2.step_1_1_1.run :: [h] epoch=6 step=250 total=0.18035 batch=0.06294
2026-05-13 13:01:26,179 INFO CSMF2.step_1_1_1.run :: [lat] epoch=6 step=250 mean_l2=0.17685 std_l2=2.61418
2026-05-13 13:01:26,261 INFO CSMF2.step_1_1_1.run :: epoch=6 step=250/429 train_nll=-2657.232
2026-05-13 13:01:34,843 INFO CSMF2.step_1_1_1.run :: [h] epoch=6 step=300 total=0.18270 batch=0.06650
2026-05-13 13:01:34,844 INFO CSMF2.step_1_1_1.run :: [lat] epoch=6 step=300 mean_l2=0.32538 std_l2=1.09110
2026-05-13 13:01:34,926 INFO CSMF2.step_1_1_1.run :: epoch=6 step=300/429 train_nll=-2660.030
2026-05-13 13:01:43,778 INFO CSMF2.step_1_1_1.run :: [h] epoch=6 step=350 total=0.20682 batch=0.08057
2026-05-13 13:01:43,778 INFO CSMF2.step_1_1_1.run :: [lat] epoch=6 step=350 mean_l2=0.21964 std_l2=0.23041
2026-05-13 13:01:43,862 INFO CSMF2.step_1_1_1.run :: epoch=6 step=350/429 train_nll=-2663.592
2026-05-13 13:01:52,541 INFO CSMF2.step_1_1_1.run :: [h] epoch=6 step=400 total=0.19630 batch=0.08934
2026-05-13 13:01:52,541 INFO CSMF2.step_1_1_1.run :: [lat] epoch=6 step=400 mean_l2=0.26542 std_l2=0.35822
2026-05-13 13:01:52,624 INFO CSMF2.step_1_1_1.run :: epoch=6 step=400/429 train_nll=-2671.225
2026-05-13 13:02:01,119 INFO CSMF2.step_1_1_1.run :: epoch=6  train_nll=-2675.379  val_nll=-2650.399  t=78.3s
2026-05-13 13:02:01,119 INFO CSMF2.step_1_1_1.run :: [h_std] total=0.20423 batch=0.07573 (no penalty)
2026-05-13 13:02:01,119 INFO CSMF2.step_1_1_1.run :: [lat_epoch] mean_l2=0.25846 std_l2=0.77477 (no penalty)
2026-05-13 13:02:01,119 INFO CSMF2.step_1_1_1.run :: [grad] cond=180.2396 film_gain=0.0000
2026-05-13 13:02:13,311 INFO CSMF2.step_1_1_1.run :: [h] epoch=7 step=50 total=0.19246 batch=0.08321
2026-05-13 13:02:13,312 INFO CSMF2.step_1_1_1.run :: [lat] epoch=7 step=50 mean_l2=0.15695 std_l2=0.25408
2026-05-13 13:02:13,394 INFO CSMF2.step_1_1_1.run :: epoch=7 step=50/429 train_nll=-2706.405
2026-05-13 13:02:22,044 INFO CSMF2.step_1_1_1.run :: [h] epoch=7 step=100 total=0.20303 batch=0.09693
2026-05-13 13:02:22,044 INFO CSMF2.step_1_1_1.run :: [lat] epoch=7 step=100 mean_l2=0.23705 std_l2=0.29185
2026-05-13 13:02:22,147 INFO CSMF2.step_1_1_1.run :: epoch=7 step=100/429 train_nll=-2721.124
2026-05-13 13:02:30,954 INFO CSMF2.step_1_1_1.run :: [h] epoch=7 step=150 total=0.19804 batch=0.08097
2026-05-13 13:02:30,954 INFO CSMF2.step_1_1_1.run :: [lat] epoch=7 step=150 mean_l2=0.16774 std_l2=0.35869
2026-05-13 13:02:31,037 INFO CSMF2.step_1_1_1.run :: epoch=7 step=150/429 train_nll=-2700.602
2026-05-13 13:02:39,629 INFO CSMF2.step_1_1_1.run :: [h] epoch=7 step=200 total=0.19231 batch=0.08741
2026-05-13 13:02:39,629 INFO CSMF2.step_1_1_1.run :: [lat] epoch=7 step=200 mean_l2=0.18703 std_l2=0.39828
2026-05-13 13:02:39,712 INFO CSMF2.step_1_1_1.run :: epoch=7 step=200/429 train_nll=-2696.083
2026-05-13 13:02:48,477 INFO CSMF2.step_1_1_1.run :: [h] epoch=7 step=250 total=0.16195 batch=0.05227
2026-05-13 13:02:48,477 INFO CSMF2.step_1_1_1.run :: [lat] epoch=7 step=250 mean_l2=0.12318 std_l2=0.92784
2026-05-13 13:02:48,560 INFO CSMF2.step_1_1_1.run :: epoch=7 step=250/429 train_nll=-2695.558
2026-05-13 13:02:57,235 INFO CSMF2.step_1_1_1.run :: [h] epoch=7 step=300 total=0.16056 batch=0.06894
2026-05-13 13:02:57,235 INFO CSMF2.step_1_1_1.run :: [lat] epoch=7 step=300 mean_l2=0.35731 std_l2=0.25002
2026-05-13 13:02:57,318 INFO CSMF2.step_1_1_1.run :: epoch=7 step=300/429 train_nll=-2700.814
2026-05-13 13:03:06,024 INFO CSMF2.step_1_1_1.run :: [h] epoch=7 step=350 total=0.18536 batch=0.08079
2026-05-13 13:03:06,025 INFO CSMF2.step_1_1_1.run :: [lat] epoch=7 step=350 mean_l2=0.32512 std_l2=0.26732
2026-05-13 13:03:06,107 INFO CSMF2.step_1_1_1.run :: epoch=7 step=350/429 train_nll=-2704.427
2026-05-13 13:03:14,871 INFO CSMF2.step_1_1_1.run :: [h] epoch=7 step=400 total=0.17338 batch=0.08089
2026-05-13 13:03:14,871 INFO CSMF2.step_1_1_1.run :: [lat] epoch=7 step=400 mean_l2=0.18728 std_l2=0.36004
2026-05-13 13:03:14,954 INFO CSMF2.step_1_1_1.run :: epoch=7 step=400/429 train_nll=-2702.622
2026-05-13 13:03:23,721 INFO CSMF2.step_1_1_1.run :: epoch=7  train_nll=-2701.802  val_nll=-2722.464  t=78.9s
2026-05-13 13:03:23,721 INFO CSMF2.step_1_1_1.run :: [h_std] total=0.18163 batch=0.07823 (no penalty)
2026-05-13 13:03:23,721 INFO CSMF2.step_1_1_1.run :: [lat_epoch] mean_l2=0.25826 std_l2=0.75880 (no penalty)
2026-05-13 13:03:23,721 INFO CSMF2.step_1_1_1.run :: [grad] cond=28.3228 film_gain=0.0000
2026-05-13 13:03:36,124 INFO CSMF2.step_1_1_1.run :: [h] epoch=8 step=50 total=0.14640 batch=0.06813
2026-05-13 13:03:36,124 INFO CSMF2.step_1_1_1.run :: [lat] epoch=8 step=50 mean_l2=0.27389 std_l2=0.72158
2026-05-13 13:03:36,208 INFO CSMF2.step_1_1_1.run :: epoch=8 step=50/429 train_nll=-2735.286
2026-05-13 13:03:44,939 INFO CSMF2.step_1_1_1.run :: [h] epoch=8 step=100 total=0.16603 batch=0.08482
2026-05-13 13:03:44,940 INFO CSMF2.step_1_1_1.run :: [lat] epoch=8 step=100 mean_l2=0.23221 std_l2=0.56971
2026-05-13 13:03:45,043 INFO CSMF2.step_1_1_1.run :: epoch=8 step=100/429 train_nll=-2727.333
2026-05-13 13:03:53,796 INFO CSMF2.step_1_1_1.run :: [h] epoch=8 step=150 total=0.17502 batch=0.08713
2026-05-13 13:03:53,796 INFO CSMF2.step_1_1_1.run :: [lat] epoch=8 step=150 mean_l2=0.21268 std_l2=0.31181
2026-05-13 13:03:53,879 INFO CSMF2.step_1_1_1.run :: epoch=8 step=150/429 train_nll=-2736.913
2026-05-13 13:04:02,675 INFO CSMF2.step_1_1_1.run :: [h] epoch=8 step=200 total=0.18115 batch=0.09887
2026-05-13 13:04:02,675 INFO CSMF2.step_1_1_1.run :: [lat] epoch=8 step=200 mean_l2=0.20320 std_l2=0.71299
2026-05-13 13:04:02,759 INFO CSMF2.step_1_1_1.run :: epoch=8 step=200/429 train_nll=-2732.974
2026-05-13 13:04:11,461 INFO CSMF2.step_1_1_1.run :: [h] epoch=8 step=250 total=0.15485 batch=0.07091
2026-05-13 13:04:11,461 INFO CSMF2.step_1_1_1.run :: [lat] epoch=8 step=250 mean_l2=0.23455 std_l2=0.73249
2026-05-13 13:04:11,565 INFO CSMF2.step_1_1_1.run :: epoch=8 step=250/429 train_nll=-2730.811
2026-05-13 13:04:20,276 INFO CSMF2.step_1_1_1.run :: [h] epoch=8 step=300 total=0.15781 batch=0.07339
2026-05-13 13:04:20,276 INFO CSMF2.step_1_1_1.run :: [lat] epoch=8 step=300 mean_l2=0.22691 std_l2=0.27262
2026-05-13 13:04:20,359 INFO CSMF2.step_1_1_1.run :: epoch=8 step=300/429 train_nll=-2729.985
2026-05-13 13:04:29,133 INFO CSMF2.step_1_1_1.run :: [h] epoch=8 step=350 total=0.16454 batch=0.08840
2026-05-13 13:04:29,133 INFO CSMF2.step_1_1_1.run :: [lat] epoch=8 step=350 mean_l2=0.16980 std_l2=0.48328
2026-05-13 13:04:29,217 INFO CSMF2.step_1_1_1.run :: epoch=8 step=350/429 train_nll=-2738.057
2026-05-13 13:04:38,090 INFO CSMF2.step_1_1_1.run :: [h] epoch=8 step=400 total=0.15930 batch=0.08825
2026-05-13 13:04:38,091 INFO CSMF2.step_1_1_1.run :: [lat] epoch=8 step=400 mean_l2=0.28997 std_l2=0.50241
2026-05-13 13:04:38,195 INFO CSMF2.step_1_1_1.run :: epoch=8 step=400/429 train_nll=-2744.611
2026-05-13 13:04:46,890 INFO CSMF2.step_1_1_1.run :: epoch=8  train_nll=-2748.187  val_nll=-2723.385  t=79.4s
2026-05-13 13:04:46,890 INFO CSMF2.step_1_1_1.run :: [h_std] total=0.16490 batch=0.08239 (no penalty)
2026-05-13 13:04:46,890 INFO CSMF2.step_1_1_1.run :: [lat_epoch] mean_l2=0.23697 std_l2=0.84661 (no penalty)
2026-05-13 13:04:46,890 INFO CSMF2.step_1_1_1.run :: [grad] cond=110.7391 film_gain=0.0000
2026-05-13 13:04:58,966 INFO CSMF2.step_1_1_1.run :: [h] epoch=9 step=50 total=0.15398 batch=0.08230
2026-05-13 13:04:58,966 INFO CSMF2.step_1_1_1.run :: [lat] epoch=9 step=50 mean_l2=0.19433 std_l2=0.39069
2026-05-13 13:04:59,049 INFO CSMF2.step_1_1_1.run :: epoch=9 step=50/429 train_nll=-2739.262
2026-05-13 13:05:07,752 INFO CSMF2.step_1_1_1.run :: [h] epoch=9 step=100 total=0.16934 batch=0.09691
2026-05-13 13:05:07,752 INFO CSMF2.step_1_1_1.run :: [lat] epoch=9 step=100 mean_l2=0.16190 std_l2=0.28389
2026-05-13 13:05:07,835 INFO CSMF2.step_1_1_1.run :: epoch=9 step=100/429 train_nll=-2730.055
2026-05-13 13:05:16,691 INFO CSMF2.step_1_1_1.run :: [h] epoch=9 step=150 total=0.17038 batch=0.09377
2026-05-13 13:05:16,692 INFO CSMF2.step_1_1_1.run :: [lat] epoch=9 step=150 mean_l2=0.17073 std_l2=0.25359
2026-05-13 13:05:16,776 INFO CSMF2.step_1_1_1.run :: epoch=9 step=150/429 train_nll=-2736.780
2026-05-13 13:05:25,650 INFO CSMF2.step_1_1_1.run :: [h] epoch=9 step=200 total=0.15896 batch=0.08944
2026-05-13 13:05:25,650 INFO CSMF2.step_1_1_1.run :: [lat] epoch=9 step=200 mean_l2=0.20336 std_l2=0.42451
2026-05-13 13:05:25,735 INFO CSMF2.step_1_1_1.run :: epoch=9 step=200/429 train_nll=-2744.698
2026-05-13 13:05:34,515 INFO CSMF2.step_1_1_1.run :: [h] epoch=9 step=250 total=0.15228 batch=0.08189
2026-05-13 13:05:34,516 INFO CSMF2.step_1_1_1.run :: [lat] epoch=9 step=250 mean_l2=0.22724 std_l2=2.21898
2026-05-13 13:05:34,600 INFO CSMF2.step_1_1_1.run :: epoch=9 step=250/429 train_nll=-2750.108
2026-05-13 13:05:43,247 INFO CSMF2.step_1_1_1.run :: [h] epoch=9 step=300 total=0.14814 batch=0.06785
2026-05-13 13:05:43,248 INFO CSMF2.step_1_1_1.run :: [lat] epoch=9 step=300 mean_l2=0.20648 std_l2=3.35915
2026-05-13 13:05:43,332 INFO CSMF2.step_1_1_1.run :: epoch=9 step=300/429 train_nll=-2756.140
2026-05-13 13:05:51,986 INFO CSMF2.step_1_1_1.run :: [h] epoch=9 step=350 total=0.14026 batch=0.07605
2026-05-13 13:05:51,987 INFO CSMF2.step_1_1_1.run :: [lat] epoch=9 step=350 mean_l2=0.51531 std_l2=0.69056
2026-05-13 13:05:52,071 INFO CSMF2.step_1_1_1.run :: epoch=9 step=350/429 train_nll=-2755.245
2026-05-13 13:06:00,793 INFO CSMF2.step_1_1_1.run :: [h] epoch=9 step=400 total=0.14746 batch=0.08078
2026-05-13 13:06:00,794 INFO CSMF2.step_1_1_1.run :: [lat] epoch=9 step=400 mean_l2=0.21064 std_l2=0.35063
2026-05-13 13:06:00,878 INFO CSMF2.step_1_1_1.run :: epoch=9 step=400/429 train_nll=-2750.494
2026-05-13 13:06:09,272 INFO CSMF2.step_1_1_1.run :: epoch=9  train_nll=-2752.576  val_nll=-2784.951  t=78.7s
2026-05-13 13:06:09,272 INFO CSMF2.step_1_1_1.run :: [h_std] total=0.15555 batch=0.08257 (no penalty)
2026-05-13 13:06:09,272 INFO CSMF2.step_1_1_1.run :: [lat_epoch] mean_l2=0.23808 std_l2=0.95379 (no penalty)
2026-05-13 13:06:09,272 INFO CSMF2.step_1_1_1.run :: [grad] cond=27.4988 film_gain=0.0000
2026-05-13 13:06:21,368 INFO CSMF2.step_1_1_1.run :: [h] epoch=10 step=50 total=0.13866 batch=0.07330
2026-05-13 13:06:21,368 INFO CSMF2.step_1_1_1.run :: [lat] epoch=10 step=50 mean_l2=0.32550 std_l2=0.39970
2026-05-13 13:06:21,452 INFO CSMF2.step_1_1_1.run :: epoch=10 step=50/429 train_nll=-2672.866
2026-05-13 13:06:30,131 INFO CSMF2.step_1_1_1.run :: [h] epoch=10 step=100 total=0.14742 batch=0.08032
2026-05-13 13:06:30,131 INFO CSMF2.step_1_1_1.run :: [lat] epoch=10 step=100 mean_l2=0.26701 std_l2=0.44640
2026-05-13 13:06:30,215 INFO CSMF2.step_1_1_1.run :: epoch=10 step=100/429 train_nll=-2694.773
2026-05-13 13:06:38,874 INFO CSMF2.step_1_1_1.run :: [h] epoch=10 step=150 total=0.14662 batch=0.07274
2026-05-13 13:06:38,875 INFO CSMF2.step_1_1_1.run :: [lat] epoch=10 step=150 mean_l2=0.23308 std_l2=0.70300
2026-05-13 13:06:38,959 INFO CSMF2.step_1_1_1.run :: epoch=10 step=150/429 train_nll=-2729.847
2026-05-13 13:06:47,789 INFO CSMF2.step_1_1_1.run :: [h] epoch=10 step=200 total=0.14649 batch=0.08045
2026-05-13 13:06:47,789 INFO CSMF2.step_1_1_1.run :: [lat] epoch=10 step=200 mean_l2=0.13569 std_l2=0.45603
2026-05-13 13:06:47,873 INFO CSMF2.step_1_1_1.run :: epoch=10 step=200/429 train_nll=-2745.152
2026-05-13 13:06:56,668 INFO CSMF2.step_1_1_1.run :: [h] epoch=10 step=250 total=0.14017 batch=0.07122
2026-05-13 13:06:56,668 INFO CSMF2.step_1_1_1.run :: [lat] epoch=10 step=250 mean_l2=0.20335 std_l2=0.32710
2026-05-13 13:06:56,753 INFO CSMF2.step_1_1_1.run :: epoch=10 step=250/429 train_nll=-2755.052
2026-05-13 13:07:05,694 INFO CSMF2.step_1_1_1.run :: [h] epoch=10 step=300 total=0.13781 batch=0.06779
2026-05-13 13:07:05,694 INFO CSMF2.step_1_1_1.run :: [lat] epoch=10 step=300 mean_l2=0.11536 std_l2=0.31103
2026-05-13 13:07:05,779 INFO CSMF2.step_1_1_1.run :: epoch=10 step=300/429 train_nll=-2761.392
2026-05-13 13:07:14,709 INFO CSMF2.step_1_1_1.run :: [h] epoch=10 step=350 total=0.14114 batch=0.07797
2026-05-13 13:07:14,710 INFO CSMF2.step_1_1_1.run :: [lat] epoch=10 step=350 mean_l2=0.30525 std_l2=0.47585
2026-05-13 13:07:14,817 INFO CSMF2.step_1_1_1.run :: epoch=10 step=350/429 train_nll=-2772.933
2026-05-13 13:07:23,707 INFO CSMF2.step_1_1_1.run :: [h] epoch=10 step=400 total=0.13501 batch=0.07192
2026-05-13 13:07:23,708 INFO CSMF2.step_1_1_1.run :: [lat] epoch=10 step=400 mean_l2=0.16273 std_l2=0.33322
2026-05-13 13:07:23,792 INFO CSMF2.step_1_1_1.run :: epoch=10 step=400/429 train_nll=-2773.506
2026-05-13 13:07:32,441 INFO CSMF2.step_1_1_1.run :: epoch=10  train_nll=-2777.829  val_nll=-2803.993  t=79.5s
2026-05-13 13:07:32,441 INFO CSMF2.step_1_1_1.run :: [h_std] total=0.14084 batch=0.07398 (no penalty)
2026-05-13 13:07:32,441 INFO CSMF2.step_1_1_1.run :: [lat_epoch] mean_l2=0.23628 std_l2=0.73681 (no penalty)
2026-05-13 13:07:32,441 INFO CSMF2.step_1_1_1.run :: [grad] cond=32.7133 film_gain=0.0000
2026-05-13 13:07:44,823 INFO CSMF2.step_1_1_1.run :: [h] epoch=11 step=50 total=0.13797 batch=0.07585
2026-05-13 13:07:44,823 INFO CSMF2.step_1_1_1.run :: [lat] epoch=11 step=50 mean_l2=0.37799 std_l2=0.35311
2026-05-13 13:07:44,930 INFO CSMF2.step_1_1_1.run :: epoch=11 step=50/429 train_nll=-2787.233
2026-05-13 13:07:53,648 INFO CSMF2.step_1_1_1.run :: [h] epoch=11 step=100 total=0.12448 batch=0.06709
2026-05-13 13:07:53,649 INFO CSMF2.step_1_1_1.run :: [lat] epoch=11 step=100 mean_l2=0.22642 std_l2=0.27268
2026-05-13 13:07:53,733 INFO CSMF2.step_1_1_1.run :: epoch=11 step=100/429 train_nll=-2737.760
2026-05-13 13:08:02,382 INFO CSMF2.step_1_1_1.run :: [h] epoch=11 step=150 total=0.13001 batch=0.06764
2026-05-13 13:08:02,382 INFO CSMF2.step_1_1_1.run :: [lat] epoch=11 step=150 mean_l2=0.17131 std_l2=0.53774
2026-05-13 13:08:02,467 INFO CSMF2.step_1_1_1.run :: epoch=11 step=150/429 train_nll=-2753.625
2026-05-13 13:08:11,341 INFO CSMF2.step_1_1_1.run :: [h] epoch=11 step=200 total=0.12088 batch=0.05641
2026-05-13 13:08:11,341 INFO CSMF2.step_1_1_1.run :: [lat] epoch=11 step=200 mean_l2=0.15799 std_l2=0.61008
2026-05-13 13:08:11,449 INFO CSMF2.step_1_1_1.run :: epoch=11 step=200/429 train_nll=-2763.101
2026-05-13 13:08:20,326 INFO CSMF2.step_1_1_1.run :: [h] epoch=11 step=250 total=0.13442 batch=0.06455
2026-05-13 13:08:20,326 INFO CSMF2.step_1_1_1.run :: [lat] epoch=11 step=250 mean_l2=0.32920 std_l2=1.71848
2026-05-13 13:08:20,411 INFO CSMF2.step_1_1_1.run :: epoch=11 step=250/429 train_nll=-2774.242
2026-05-13 13:08:29,430 INFO CSMF2.step_1_1_1.run :: [h] epoch=11 step=300 total=0.12435 batch=0.05993
2026-05-13 13:08:29,430 INFO CSMF2.step_1_1_1.run :: [lat] epoch=11 step=300 mean_l2=0.15916 std_l2=0.20405
2026-05-13 13:08:29,539 INFO CSMF2.step_1_1_1.run :: epoch=11 step=300/429 train_nll=-2769.163
2026-05-13 13:08:38,416 INFO CSMF2.step_1_1_1.run :: [h] epoch=11 step=350 total=0.12587 batch=0.06572
2026-05-13 13:08:38,417 INFO CSMF2.step_1_1_1.run :: [lat] epoch=11 step=350 mean_l2=0.25398 std_l2=0.31504
2026-05-13 13:08:38,501 INFO CSMF2.step_1_1_1.run :: epoch=11 step=350/429 train_nll=-2782.459
2026-05-13 13:08:47,306 INFO CSMF2.step_1_1_1.run :: [h] epoch=11 step=400 total=0.12825 batch=0.06766
2026-05-13 13:08:47,306 INFO CSMF2.step_1_1_1.run :: [lat] epoch=11 step=400 mean_l2=0.23388 std_l2=0.35361
2026-05-13 13:08:47,412 INFO CSMF2.step_1_1_1.run :: epoch=11 step=400/429 train_nll=-2789.892
2026-05-13 13:08:56,181 INFO CSMF2.step_1_1_1.run :: epoch=11  train_nll=-2795.473  val_nll=-2814.817  t=80.1s
2026-05-13 13:08:56,181 INFO CSMF2.step_1_1_1.run :: [h_std] total=0.13014 batch=0.06837 (no penalty)
2026-05-13 13:08:56,181 INFO CSMF2.step_1_1_1.run :: [lat_epoch] mean_l2=0.22635 std_l2=0.70638 (no penalty)
2026-05-13 13:08:56,181 INFO CSMF2.step_1_1_1.run :: [grad] cond=39.1944 film_gain=0.0000
2026-05-13 13:09:08,662 INFO CSMF2.step_1_1_1.run :: [h] epoch=12 step=50 total=0.12973 batch=0.06985
2026-05-13 13:09:08,663 INFO CSMF2.step_1_1_1.run :: [lat] epoch=12 step=50 mean_l2=0.16318 std_l2=0.38767
2026-05-13 13:09:08,771 INFO CSMF2.step_1_1_1.run :: epoch=12 step=50/429 train_nll=-2843.407
2026-05-13 13:09:18,062 INFO CSMF2.step_1_1_1.run :: [h] epoch=12 step=100 total=0.13373 batch=0.07386
2026-05-13 13:09:18,062 INFO CSMF2.step_1_1_1.run :: [lat] epoch=12 step=100 mean_l2=0.15547 std_l2=0.23696
2026-05-13 13:09:18,147 INFO CSMF2.step_1_1_1.run :: epoch=12 step=100/429 train_nll=-2857.695
2026-05-13 13:09:26,907 INFO CSMF2.step_1_1_1.run :: [h] epoch=12 step=150 total=0.13040 batch=0.07007
2026-05-13 13:09:26,908 INFO CSMF2.step_1_1_1.run :: [lat] epoch=12 step=150 mean_l2=0.20755 std_l2=0.53935
2026-05-13 13:09:26,988 INFO CSMF2.step_1_1_1.run :: epoch=12 step=150/429 train_nll=-2860.164
2026-05-13 13:09:35,757 INFO CSMF2.step_1_1_1.run :: [h] epoch=12 step=200 total=0.12408 batch=0.06766
2026-05-13 13:09:35,757 INFO CSMF2.step_1_1_1.run :: [lat] epoch=12 step=200 mean_l2=0.29079 std_l2=0.88445
2026-05-13 13:09:35,842 INFO CSMF2.step_1_1_1.run :: epoch=12 step=200/429 train_nll=-2857.279
2026-05-13 13:09:44,783 INFO CSMF2.step_1_1_1.run :: [h] epoch=12 step=250 total=0.11641 batch=0.05801
2026-05-13 13:09:44,783 INFO CSMF2.step_1_1_1.run :: [lat] epoch=12 step=250 mean_l2=0.15338 std_l2=0.84484
2026-05-13 13:09:44,893 INFO CSMF2.step_1_1_1.run :: epoch=12 step=250/429 train_nll=-2859.195
2026-05-13 13:09:53,836 INFO CSMF2.step_1_1_1.run :: [h] epoch=12 step=300 total=0.12011 batch=0.05980
2026-05-13 13:09:53,837 INFO CSMF2.step_1_1_1.run :: [lat] epoch=12 step=300 mean_l2=0.17233 std_l2=0.17873
2026-05-13 13:09:53,946 INFO CSMF2.step_1_1_1.run :: epoch=12 step=300/429 train_nll=-2861.523
2026-05-13 13:10:02,758 INFO CSMF2.step_1_1_1.run :: [h] epoch=12 step=350 total=0.12464 batch=0.06668
2026-05-13 13:10:02,758 INFO CSMF2.step_1_1_1.run :: [lat] epoch=12 step=350 mean_l2=0.14823 std_l2=0.45808
2026-05-13 13:10:02,843 INFO CSMF2.step_1_1_1.run :: epoch=12 step=350/429 train_nll=-2862.757
2026-05-13 13:10:11,821 INFO CSMF2.step_1_1_1.run :: [h] epoch=12 step=400 total=0.13018 batch=0.06762
2026-05-13 13:10:11,821 INFO CSMF2.step_1_1_1.run :: [lat] epoch=12 step=400 mean_l2=0.34391 std_l2=0.40162
2026-05-13 13:10:11,931 INFO CSMF2.step_1_1_1.run :: epoch=12 step=400/429 train_nll=-2854.274
2026-05-13 13:10:20,756 INFO CSMF2.step_1_1_1.run :: epoch=12  train_nll=-2850.786  val_nll=-2832.232  t=80.9s
2026-05-13 13:10:20,756 INFO CSMF2.step_1_1_1.run :: [h_std] total=0.12656 batch=0.06692 (no penalty)
2026-05-13 13:10:20,756 INFO CSMF2.step_1_1_1.run :: [lat_epoch] mean_l2=0.19795 std_l2=0.64346 (no penalty)
2026-05-13 13:10:20,756 INFO CSMF2.step_1_1_1.run :: [grad] cond=45.1028 film_gain=0.0000
2026-05-13 13:10:33,297 INFO CSMF2.step_1_1_1.run :: [h] epoch=13 step=50 total=0.12150 batch=0.06366
2026-05-13 13:10:33,298 INFO CSMF2.step_1_1_1.run :: [lat] epoch=13 step=50 mean_l2=0.18155 std_l2=0.20800
2026-05-13 13:10:33,383 INFO CSMF2.step_1_1_1.run :: epoch=13 step=50/429 train_nll=-2868.550
2026-05-13 13:10:42,431 INFO CSMF2.step_1_1_1.run :: [h] epoch=13 step=100 total=0.13167 batch=0.07352
2026-05-13 13:10:42,431 INFO CSMF2.step_1_1_1.run :: [lat] epoch=13 step=100 mean_l2=0.15206 std_l2=0.54611
2026-05-13 13:10:42,518 INFO CSMF2.step_1_1_1.run :: epoch=13 step=100/429 train_nll=-2882.610
2026-05-13 13:10:51,371 INFO CSMF2.step_1_1_1.run :: [h] epoch=13 step=150 total=0.11449 batch=0.06005
2026-05-13 13:10:51,371 INFO CSMF2.step_1_1_1.run :: [lat] epoch=13 step=150 mean_l2=0.13910 std_l2=0.33297
2026-05-13 13:10:51,482 INFO CSMF2.step_1_1_1.run :: epoch=13 step=150/429 train_nll=-2877.935
2026-05-13 13:11:00,537 INFO CSMF2.step_1_1_1.run :: [h] epoch=13 step=200 total=0.12704 batch=0.07037
2026-05-13 13:11:00,537 INFO CSMF2.step_1_1_1.run :: [lat] epoch=13 step=200 mean_l2=0.13008 std_l2=0.60461
2026-05-13 13:11:00,622 INFO CSMF2.step_1_1_1.run :: epoch=13 step=200/429 train_nll=-2878.906
2026-05-13 13:11:09,657 INFO CSMF2.step_1_1_1.run :: [h] epoch=13 step=250 total=0.12133 batch=0.05873
2026-05-13 13:11:09,657 INFO CSMF2.step_1_1_1.run :: [lat] epoch=13 step=250 mean_l2=0.21578 std_l2=0.99071
2026-05-13 13:11:09,742 INFO CSMF2.step_1_1_1.run :: epoch=13 step=250/429 train_nll=-2868.117
2026-05-13 13:11:18,600 INFO CSMF2.step_1_1_1.run :: [h] epoch=13 step=300 total=0.12067 batch=0.06144
2026-05-13 13:11:18,601 INFO CSMF2.step_1_1_1.run :: [lat] epoch=13 step=300 mean_l2=0.11784 std_l2=1.66817
2026-05-13 13:11:18,686 INFO CSMF2.step_1_1_1.run :: epoch=13 step=300/429 train_nll=-2868.460
2026-05-13 13:11:27,543 INFO CSMF2.step_1_1_1.run :: [h] epoch=13 step=350 total=0.11658 batch=0.06315
2026-05-13 13:11:27,543 INFO CSMF2.step_1_1_1.run :: [lat] epoch=13 step=350 mean_l2=0.13915 std_l2=0.28106
2026-05-13 13:11:27,629 INFO CSMF2.step_1_1_1.run :: epoch=13 step=350/429 train_nll=-2869.642
2026-05-13 13:11:36,398 INFO CSMF2.step_1_1_1.run :: [h] epoch=13 step=400 total=0.11567 batch=0.05730
2026-05-13 13:11:36,398 INFO CSMF2.step_1_1_1.run :: [lat] epoch=13 step=400 mean_l2=0.16273 std_l2=0.87014
2026-05-13 13:11:36,485 INFO CSMF2.step_1_1_1.run :: epoch=13 step=400/429 train_nll=-2872.368
2026-05-13 13:11:45,124 INFO CSMF2.step_1_1_1.run :: epoch=13  train_nll=-2874.659  val_nll=-2820.616  t=80.6s
2026-05-13 13:11:45,124 INFO CSMF2.step_1_1_1.run :: [h_std] total=0.12067 batch=0.06278 (no penalty)
2026-05-13 13:11:45,124 INFO CSMF2.step_1_1_1.run :: [lat_epoch] mean_l2=0.18279 std_l2=0.61928 (no penalty)
2026-05-13 13:11:45,124 INFO CSMF2.step_1_1_1.run :: [grad] cond=137.2240 film_gain=0.0000
2026-05-13 13:11:57,743 INFO CSMF2.step_1_1_1.run :: [h] epoch=14 step=50 total=0.12036 batch=0.06022
2026-05-13 13:11:57,744 INFO CSMF2.step_1_1_1.run :: [lat] epoch=14 step=50 mean_l2=0.16705 std_l2=0.50398
2026-05-13 13:11:57,829 INFO CSMF2.step_1_1_1.run :: epoch=14 step=50/429 train_nll=-2890.943
2026-05-13 13:12:06,560 INFO CSMF2.step_1_1_1.run :: [h] epoch=14 step=100 total=0.12409 batch=0.06796
2026-05-13 13:12:06,561 INFO CSMF2.step_1_1_1.run :: [lat] epoch=14 step=100 mean_l2=0.11309 std_l2=0.50563
2026-05-13 13:12:06,646 INFO CSMF2.step_1_1_1.run :: epoch=14 step=100/429 train_nll=-2893.587
2026-05-13 13:12:15,266 INFO CSMF2.step_1_1_1.run :: [h] epoch=14 step=150 total=0.10724 batch=0.05272
2026-05-13 13:12:15,267 INFO CSMF2.step_1_1_1.run :: [lat] epoch=14 step=150 mean_l2=0.15555 std_l2=0.18264
2026-05-13 13:12:15,353 INFO CSMF2.step_1_1_1.run :: epoch=14 step=150/429 train_nll=-2893.138
2026-05-13 13:12:24,253 INFO CSMF2.step_1_1_1.run :: [h] epoch=14 step=200 total=0.11149 batch=0.05717
2026-05-13 13:12:24,254 INFO CSMF2.step_1_1_1.run :: [lat] epoch=14 step=200 mean_l2=0.18690 std_l2=0.59252
2026-05-13 13:12:24,340 INFO CSMF2.step_1_1_1.run :: epoch=14 step=200/429 train_nll=-2891.854
2026-05-13 13:12:33,308 INFO CSMF2.step_1_1_1.run :: [h] epoch=14 step=250 total=0.10369 batch=0.04965
2026-05-13 13:12:33,308 INFO CSMF2.step_1_1_1.run :: [lat] epoch=14 step=250 mean_l2=0.16511 std_l2=0.65557
2026-05-13 13:12:33,394 INFO CSMF2.step_1_1_1.run :: epoch=14 step=250/429 train_nll=-2890.223
2026-05-13 13:12:42,263 INFO CSMF2.step_1_1_1.run :: [h] epoch=14 step=300 total=0.10711 batch=0.05104
2026-05-13 13:12:42,264 INFO CSMF2.step_1_1_1.run :: [lat] epoch=14 step=300 mean_l2=0.11663 std_l2=0.15609
2026-05-13 13:12:42,376 INFO CSMF2.step_1_1_1.run :: epoch=14 step=300/429 train_nll=-2892.039
2026-05-13 13:12:51,344 INFO CSMF2.step_1_1_1.run :: [h] epoch=14 step=350 total=0.11895 batch=0.06092
2026-05-13 13:12:51,344 INFO CSMF2.step_1_1_1.run :: [lat] epoch=14 step=350 mean_l2=0.18507 std_l2=0.21365
2026-05-13 13:12:51,456 INFO CSMF2.step_1_1_1.run :: epoch=14 step=350/429 train_nll=-2896.788
2026-05-13 13:13:00,581 INFO CSMF2.step_1_1_1.run :: [h] epoch=14 step=400 total=0.11249 batch=0.05555
2026-05-13 13:13:00,582 INFO CSMF2.step_1_1_1.run :: [lat] epoch=14 step=400 mean_l2=0.16879 std_l2=0.33524
2026-05-13 13:13:00,694 INFO CSMF2.step_1_1_1.run :: epoch=14 step=400/429 train_nll=-2893.835
2026-05-13 13:13:09,359 INFO CSMF2.step_1_1_1.run :: epoch=14  train_nll=-2896.068  val_nll=-2885.333  t=80.4s
2026-05-13 13:13:09,359 INFO CSMF2.step_1_1_1.run :: [h_std] total=0.11390 batch=0.05665 (no penalty)
2026-05-13 13:13:09,359 INFO CSMF2.step_1_1_1.run :: [lat_epoch] mean_l2=0.17796 std_l2=0.70089 (no penalty)
2026-05-13 13:13:09,359 INFO CSMF2.step_1_1_1.run :: [grad] cond=255.5239 film_gain=0.0000
2026-05-13 13:13:21,812 INFO CSMF2.step_1_1_1.run :: [h] epoch=15 step=50 total=0.10956 batch=0.05543
2026-05-13 13:13:21,812 INFO CSMF2.step_1_1_1.run :: [lat] epoch=15 step=50 mean_l2=0.19494 std_l2=0.44609
2026-05-13 13:13:21,924 INFO CSMF2.step_1_1_1.run :: epoch=15 step=50/429 train_nll=-2901.019
2026-05-13 13:13:30,870 INFO CSMF2.step_1_1_1.run :: [h] epoch=15 step=100 total=0.11239 batch=0.05406
2026-05-13 13:13:30,871 INFO CSMF2.step_1_1_1.run :: [lat] epoch=15 step=100 mean_l2=0.18705 std_l2=0.25888
2026-05-13 13:13:30,983 INFO CSMF2.step_1_1_1.run :: epoch=15 step=100/429 train_nll=-2893.110
2026-05-13 13:13:39,918 INFO CSMF2.step_1_1_1.run :: [h] epoch=15 step=150 total=0.11120 batch=0.05461
2026-05-13 13:13:39,918 INFO CSMF2.step_1_1_1.run :: [lat] epoch=15 step=150 mean_l2=0.22048 std_l2=0.71440
2026-05-13 13:13:40,005 INFO CSMF2.step_1_1_1.run :: epoch=15 step=150/429 train_nll=-2891.716
2026-05-13 13:13:49,042 INFO CSMF2.step_1_1_1.run :: [h] epoch=15 step=200 total=0.10871 batch=0.05438
2026-05-13 13:13:49,043 INFO CSMF2.step_1_1_1.run :: [lat] epoch=15 step=200 mean_l2=0.23237 std_l2=1.39666
2026-05-13 13:13:49,155 INFO CSMF2.step_1_1_1.run :: epoch=15 step=200/429 train_nll=-2886.615
2026-05-13 13:13:57,888 INFO CSMF2.step_1_1_1.run :: [h] epoch=15 step=250 total=0.10562 batch=0.05130
2026-05-13 13:13:57,888 INFO CSMF2.step_1_1_1.run :: [lat] epoch=15 step=250 mean_l2=0.15548 std_l2=1.13446
2026-05-13 13:13:57,975 INFO CSMF2.step_1_1_1.run :: epoch=15 step=250/429 train_nll=-2873.756
2026-05-13 13:14:06,809 INFO CSMF2.step_1_1_1.run :: [h] epoch=15 step=300 total=0.10536 batch=0.04771
2026-05-13 13:14:06,809 INFO CSMF2.step_1_1_1.run :: [lat] epoch=15 step=300 mean_l2=0.13479 std_l2=0.36461
2026-05-13 13:14:06,895 INFO CSMF2.step_1_1_1.run :: epoch=15 step=300/429 train_nll=-2881.705
2026-05-13 13:14:15,857 INFO CSMF2.step_1_1_1.run :: [h] epoch=15 step=350 total=0.10746 batch=0.05490
2026-05-13 13:14:15,858 INFO CSMF2.step_1_1_1.run :: [lat] epoch=15 step=350 mean_l2=0.17220 std_l2=0.15435
2026-05-13 13:14:15,944 INFO CSMF2.step_1_1_1.run :: epoch=15 step=350/429 train_nll=-2883.017
2026-05-13 13:14:24,839 INFO CSMF2.step_1_1_1.run :: [h] epoch=15 step=400 total=0.10820 batch=0.04996
2026-05-13 13:14:24,840 INFO CSMF2.step_1_1_1.run :: [lat] epoch=15 step=400 mean_l2=0.15195 std_l2=0.37698
2026-05-13 13:14:24,926 INFO CSMF2.step_1_1_1.run :: epoch=15 step=400/429 train_nll=-2882.129
2026-05-13 13:14:33,520 INFO CSMF2.step_1_1_1.run :: epoch=15  train_nll=-2883.805  val_nll=-2802.474  t=80.3s
2026-05-13 13:14:33,520 INFO CSMF2.step_1_1_1.run :: [h_std] total=0.10880 batch=0.05272 (no penalty)
2026-05-13 13:14:33,520 INFO CSMF2.step_1_1_1.run :: [lat_epoch] mean_l2=0.19112 std_l2=2.54847 (no penalty)
2026-05-13 13:14:33,520 INFO CSMF2.step_1_1_1.run :: [grad] cond=122.5248 film_gain=0.0000
2026-05-13 13:14:45,844 INFO CSMF2.step_1_1_1.run :: [h] epoch=16 step=50 total=0.10613 batch=0.05111
2026-05-13 13:14:45,845 INFO CSMF2.step_1_1_1.run :: [lat] epoch=16 step=50 mean_l2=0.17690 std_l2=0.30696
2026-05-13 13:14:45,931 INFO CSMF2.step_1_1_1.run :: epoch=16 step=50/429 train_nll=-2917.792
2026-05-13 13:14:54,731 INFO CSMF2.step_1_1_1.run :: [h] epoch=16 step=100 total=0.11732 batch=0.05894
2026-05-13 13:14:54,732 INFO CSMF2.step_1_1_1.run :: [lat] epoch=16 step=100 mean_l2=0.16736 std_l2=0.38014
2026-05-13 13:14:54,819 INFO CSMF2.step_1_1_1.run :: epoch=16 step=100/429 train_nll=-2928.890
2026-05-13 13:15:03,559 INFO CSMF2.step_1_1_1.run :: [h] epoch=16 step=150 total=0.10697 batch=0.05243
2026-05-13 13:15:03,560 INFO CSMF2.step_1_1_1.run :: [lat] epoch=16 step=150 mean_l2=0.18551 std_l2=0.37949
2026-05-13 13:15:03,647 INFO CSMF2.step_1_1_1.run :: epoch=16 step=150/429 train_nll=-2935.391
2026-05-13 13:15:12,683 INFO CSMF2.step_1_1_1.run :: [h] epoch=16 step=200 total=0.10411 batch=0.05127
2026-05-13 13:15:12,683 INFO CSMF2.step_1_1_1.run :: [lat] epoch=16 step=200 mean_l2=0.17889 std_l2=0.65717
2026-05-13 13:15:12,770 INFO CSMF2.step_1_1_1.run :: epoch=16 step=200/429 train_nll=-2932.179
2026-05-13 13:15:21,639 INFO CSMF2.step_1_1_1.run :: [h] epoch=16 step=250 total=0.10463 batch=0.05145
2026-05-13 13:15:21,640 INFO CSMF2.step_1_1_1.run :: [lat] epoch=16 step=250 mean_l2=0.17499 std_l2=1.73690
2026-05-13 13:15:21,752 INFO CSMF2.step_1_1_1.run :: epoch=16 step=250/429 train_nll=-2930.228
2026-05-13 13:15:30,688 INFO CSMF2.step_1_1_1.run :: [h] epoch=16 step=300 total=0.09995 batch=0.04769
2026-05-13 13:15:30,688 INFO CSMF2.step_1_1_1.run :: [lat] epoch=16 step=300 mean_l2=0.23254 std_l2=0.16900
2026-05-13 13:15:30,775 INFO CSMF2.step_1_1_1.run :: epoch=16 step=300/429 train_nll=-2922.983
2026-05-13 13:15:39,757 INFO CSMF2.step_1_1_1.run :: [h] epoch=16 step=350 total=0.10541 batch=0.05393
2026-05-13 13:15:39,757 INFO CSMF2.step_1_1_1.run :: [lat] epoch=16 step=350 mean_l2=0.11890 std_l2=0.49579
2026-05-13 13:15:39,870 INFO CSMF2.step_1_1_1.run :: epoch=16 step=350/429 train_nll=-2924.946
2026-05-13 13:15:48,772 INFO CSMF2.step_1_1_1.run :: [h] epoch=16 step=400 total=0.10726 batch=0.05448
2026-05-13 13:15:48,772 INFO CSMF2.step_1_1_1.run :: [lat] epoch=16 step=400 mean_l2=0.18328 std_l2=0.38579
2026-05-13 13:15:48,859 INFO CSMF2.step_1_1_1.run :: epoch=16 step=400/429 train_nll=-2922.668
2026-05-13 13:15:57,494 INFO CSMF2.step_1_1_1.run :: epoch=16  train_nll=-2921.712  val_nll=-2827.516  t=80.2s
2026-05-13 13:15:57,494 INFO CSMF2.step_1_1_1.run :: [h_std] total=0.10611 batch=0.05159 (no penalty)
2026-05-13 13:15:57,494 INFO CSMF2.step_1_1_1.run :: [lat_epoch] mean_l2=0.16951 std_l2=1.96597 (no penalty)
2026-05-13 13:15:57,494 INFO CSMF2.step_1_1_1.run :: [grad] cond=231.1550 film_gain=0.0000
2026-05-13 13:16:10,125 INFO CSMF2.step_1_1_1.run :: [h] epoch=17 step=50 total=0.10439 batch=0.05073
2026-05-13 13:16:10,125 INFO CSMF2.step_1_1_1.run :: [lat] epoch=17 step=50 mean_l2=0.20345 std_l2=1.40412
2026-05-13 13:16:10,211 INFO CSMF2.step_1_1_1.run :: epoch=17 step=50/429 train_nll=-2916.637
2026-05-13 13:16:19,349 INFO CSMF2.step_1_1_1.run :: [h] epoch=17 step=100 total=0.10633 batch=0.05523
2026-05-13 13:16:19,350 INFO CSMF2.step_1_1_1.run :: [lat] epoch=17 step=100 mean_l2=0.13537 std_l2=0.29785
2026-05-13 13:16:19,464 INFO CSMF2.step_1_1_1.run :: epoch=17 step=100/429 train_nll=-2930.286
2026-05-13 13:16:28,523 INFO CSMF2.step_1_1_1.run :: [h] epoch=17 step=150 total=0.09829 batch=0.04566
2026-05-13 13:16:28,524 INFO CSMF2.step_1_1_1.run :: [lat] epoch=17 step=150 mean_l2=0.13736 std_l2=0.28892
2026-05-13 13:16:28,611 INFO CSMF2.step_1_1_1.run :: epoch=17 step=150/429 train_nll=-2931.161
2026-05-13 13:16:37,570 INFO CSMF2.step_1_1_1.run :: [h] epoch=17 step=200 total=0.09805 batch=0.04669
2026-05-13 13:16:37,570 INFO CSMF2.step_1_1_1.run :: [lat] epoch=17 step=200 mean_l2=0.16660 std_l2=0.94728
2026-05-13 13:16:37,684 INFO CSMF2.step_1_1_1.run :: epoch=17 step=200/429 train_nll=-2930.186
2026-05-13 13:16:46,713 INFO CSMF2.step_1_1_1.run :: [h] epoch=17 step=250 total=0.10050 batch=0.04817
2026-05-13 13:16:46,713 INFO CSMF2.step_1_1_1.run :: [lat] epoch=17 step=250 mean_l2=0.14311 std_l2=0.78739
2026-05-13 13:16:46,800 INFO CSMF2.step_1_1_1.run :: epoch=17 step=250/429 train_nll=-2930.839
2026-05-13 13:16:55,767 INFO CSMF2.step_1_1_1.run :: [h] epoch=17 step=300 total=0.09814 batch=0.04559
2026-05-13 13:16:55,768 INFO CSMF2.step_1_1_1.run :: [lat] epoch=17 step=300 mean_l2=0.18522 std_l2=0.18937
2026-05-13 13:16:55,855 INFO CSMF2.step_1_1_1.run :: epoch=17 step=300/429 train_nll=-2930.523
2026-05-13 13:17:04,782 INFO CSMF2.step_1_1_1.run :: [h] epoch=17 step=350 total=0.10299 batch=0.05135
2026-05-13 13:17:04,783 INFO CSMF2.step_1_1_1.run :: [lat] epoch=17 step=350 mean_l2=0.17915 std_l2=0.31151
2026-05-13 13:17:04,870 INFO CSMF2.step_1_1_1.run :: epoch=17 step=350/429 train_nll=-2935.095
2026-05-13 13:17:13,748 INFO CSMF2.step_1_1_1.run :: [h] epoch=17 step=400 total=0.10402 batch=0.05326
2026-05-13 13:17:13,748 INFO CSMF2.step_1_1_1.run :: [lat] epoch=17 step=400 mean_l2=0.12142 std_l2=0.29018
2026-05-13 13:17:13,835 INFO CSMF2.step_1_1_1.run :: epoch=17 step=400/429 train_nll=-2936.533
2026-05-13 13:17:22,579 INFO CSMF2.step_1_1_1.run :: epoch=17  train_nll=-2938.536  val_nll=-2905.558  t=81.3s
2026-05-13 13:17:22,579 INFO CSMF2.step_1_1_1.run :: [h_std] total=0.10172 batch=0.04954 (no penalty)
2026-05-13 13:17:22,579 INFO CSMF2.step_1_1_1.run :: [lat_epoch] mean_l2=0.15740 std_l2=0.74977 (no penalty)
2026-05-13 13:17:22,579 INFO CSMF2.step_1_1_1.run :: [grad] cond=46.2224 film_gain=0.0000
2026-05-13 13:17:35,208 INFO CSMF2.step_1_1_1.run :: [h] epoch=18 step=50 total=0.09853 batch=0.04957
2026-05-13 13:17:35,209 INFO CSMF2.step_1_1_1.run :: [lat] epoch=18 step=50 mean_l2=0.12189 std_l2=0.26719
2026-05-13 13:17:35,296 INFO CSMF2.step_1_1_1.run :: epoch=18 step=50/429 train_nll=-2943.707
2026-05-13 13:17:44,356 INFO CSMF2.step_1_1_1.run :: [h] epoch=18 step=100 total=0.10687 batch=0.05185
2026-05-13 13:17:44,357 INFO CSMF2.step_1_1_1.run :: [lat] epoch=18 step=100 mean_l2=0.14407 std_l2=0.22770
2026-05-13 13:17:44,471 INFO CSMF2.step_1_1_1.run :: epoch=18 step=100/429 train_nll=-2939.822
2026-05-13 13:17:53,560 INFO CSMF2.step_1_1_1.run :: [h] epoch=18 step=150 total=0.10032 batch=0.04628
2026-05-13 13:17:53,560 INFO CSMF2.step_1_1_1.run :: [lat] epoch=18 step=150 mean_l2=0.11488 std_l2=0.30991
2026-05-13 13:17:53,675 INFO CSMF2.step_1_1_1.run :: epoch=18 step=150/429 train_nll=-2946.655
2026-05-13 13:18:02,578 INFO CSMF2.step_1_1_1.run :: [h] epoch=18 step=200 total=0.09987 batch=0.04704
2026-05-13 13:18:02,578 INFO CSMF2.step_1_1_1.run :: [lat] epoch=18 step=200 mean_l2=0.11482 std_l2=0.85881
2026-05-13 13:18:02,665 INFO CSMF2.step_1_1_1.run :: epoch=18 step=200/429 train_nll=-2953.168
2026-05-13 13:18:11,793 INFO CSMF2.step_1_1_1.run :: [h] epoch=18 step=250 total=0.09595 batch=0.04491
2026-05-13 13:18:11,793 INFO CSMF2.step_1_1_1.run :: [lat] epoch=18 step=250 mean_l2=0.18802 std_l2=0.71070
2026-05-13 13:18:11,881 INFO CSMF2.step_1_1_1.run :: epoch=18 step=250/429 train_nll=-2952.817
2026-05-13 13:18:20,686 INFO CSMF2.step_1_1_1.run :: [h] epoch=18 step=300 total=0.09860 batch=0.04564
2026-05-13 13:18:20,687 INFO CSMF2.step_1_1_1.run :: [lat] epoch=18 step=300 mean_l2=0.12570 std_l2=0.13343
2026-05-13 13:18:20,801 INFO CSMF2.step_1_1_1.run :: epoch=18 step=300/429 train_nll=-2955.286
2026-05-13 13:18:29,748 INFO CSMF2.step_1_1_1.run :: [h] epoch=18 step=350 total=0.10298 batch=0.05002
2026-05-13 13:18:29,748 INFO CSMF2.step_1_1_1.run :: [lat] epoch=18 step=350 mean_l2=0.14139 std_l2=0.29578
2026-05-13 13:18:29,835 INFO CSMF2.step_1_1_1.run :: epoch=18 step=350/429 train_nll=-2959.013
2026-05-13 13:18:38,758 INFO CSMF2.step_1_1_1.run :: [h] epoch=18 step=400 total=0.10098 batch=0.05015
2026-05-13 13:18:38,758 INFO CSMF2.step_1_1_1.run :: [lat] epoch=18 step=400 mean_l2=0.12818 std_l2=1.98993
2026-05-13 13:18:38,845 INFO CSMF2.step_1_1_1.run :: epoch=18 step=400/429 train_nll=-2963.393
2026-05-13 13:18:47,610 INFO CSMF2.step_1_1_1.run :: epoch=18  train_nll=-2965.965  val_nll=-2914.982  t=81.2s
2026-05-13 13:18:47,611 INFO CSMF2.step_1_1_1.run :: [h_std] total=0.10059 batch=0.04819 (no penalty)
2026-05-13 13:18:47,611 INFO CSMF2.step_1_1_1.run :: [lat_epoch] mean_l2=0.14477 std_l2=0.70221 (no penalty)
2026-05-13 13:18:47,611 INFO CSMF2.step_1_1_1.run :: [grad] cond=177.8337 film_gain=0.0000
2026-05-13 13:19:00,136 INFO CSMF2.step_1_1_1.run :: [h] epoch=19 step=50 total=0.09925 batch=0.04953
2026-05-13 13:19:00,136 INFO CSMF2.step_1_1_1.run :: [lat] epoch=19 step=50 mean_l2=0.20208 std_l2=0.24570
2026-05-13 13:19:00,223 INFO CSMF2.step_1_1_1.run :: epoch=19 step=50/429 train_nll=-2991.258
2026-05-13 13:19:09,133 INFO CSMF2.step_1_1_1.run :: [h] epoch=19 step=100 total=0.10927 batch=0.05553
2026-05-13 13:19:09,134 INFO CSMF2.step_1_1_1.run :: [lat] epoch=19 step=100 mean_l2=0.16031 std_l2=0.40393
2026-05-13 13:19:09,249 INFO CSMF2.step_1_1_1.run :: epoch=19 step=100/429 train_nll=-2958.768
2026-05-13 13:19:18,193 INFO CSMF2.step_1_1_1.run :: [h] epoch=19 step=150 total=0.09861 batch=0.04753
2026-05-13 13:19:18,193 INFO CSMF2.step_1_1_1.run :: [lat] epoch=19 step=150 mean_l2=0.15507 std_l2=0.14232
2026-05-13 13:19:18,281 INFO CSMF2.step_1_1_1.run :: epoch=19 step=150/429 train_nll=-2966.207
2026-05-13 13:19:27,495 INFO CSMF2.step_1_1_1.run :: [h] epoch=19 step=200 total=0.10429 batch=0.05197
2026-05-13 13:19:27,496 INFO CSMF2.step_1_1_1.run :: [lat] epoch=19 step=200 mean_l2=0.13431 std_l2=0.59015
2026-05-13 13:19:27,583 INFO CSMF2.step_1_1_1.run :: epoch=19 step=200/429 train_nll=-2967.971
2026-05-13 13:19:36,517 INFO CSMF2.step_1_1_1.run :: [h] epoch=19 step=250 total=0.09753 batch=0.04800
2026-05-13 13:19:36,517 INFO CSMF2.step_1_1_1.run :: [lat] epoch=19 step=250 mean_l2=0.10744 std_l2=0.32616
2026-05-13 13:19:36,606 INFO CSMF2.step_1_1_1.run :: epoch=19 step=250/429 train_nll=-2973.995
2026-05-13 13:19:45,695 INFO CSMF2.step_1_1_1.run :: [h] epoch=19 step=300 total=0.09664 batch=0.04588
2026-05-13 13:19:45,695 INFO CSMF2.step_1_1_1.run :: [lat] epoch=19 step=300 mean_l2=0.26126 std_l2=5.67493
2026-05-13 13:19:45,783 INFO CSMF2.step_1_1_1.run :: epoch=19 step=300/429 train_nll=-2969.350
2026-05-13 13:19:54,823 INFO CSMF2.step_1_1_1.run :: [h] epoch=19 step=350 total=0.10111 batch=0.05211
2026-05-13 13:19:54,823 INFO CSMF2.step_1_1_1.run :: [lat] epoch=19 step=350 mean_l2=0.13343 std_l2=0.17389
2026-05-13 13:19:54,911 INFO CSMF2.step_1_1_1.run :: epoch=19 step=350/429 train_nll=-2969.614
2026-05-13 13:20:03,723 INFO CSMF2.step_1_1_1.run :: [h] epoch=19 step=400 total=0.10153 batch=0.05192
2026-05-13 13:20:03,723 INFO CSMF2.step_1_1_1.run :: [lat] epoch=19 step=400 mean_l2=0.09821 std_l2=0.32644
2026-05-13 13:20:03,811 INFO CSMF2.step_1_1_1.run :: epoch=19 step=400/429 train_nll=-2971.885
2026-05-13 13:20:12,709 INFO CSMF2.step_1_1_1.run :: epoch=19  train_nll=-2974.323  val_nll=-2916.874  t=81.3s
2026-05-13 13:20:12,710 INFO CSMF2.step_1_1_1.run :: [h_std] total=0.10021 batch=0.04981 (no penalty)
2026-05-13 13:20:12,710 INFO CSMF2.step_1_1_1.run :: [lat_epoch] mean_l2=0.15090 std_l2=0.78903 (no penalty)
2026-05-13 13:20:12,710 INFO CSMF2.step_1_1_1.run :: [grad] cond=109.0396 film_gain=0.0000
2026-05-13 13:20:25,440 INFO CSMF2.step_1_1_1.run :: [h] epoch=20 step=50 total=0.10005 batch=0.05067
2026-05-13 13:20:25,440 INFO CSMF2.step_1_1_1.run :: [lat] epoch=20 step=50 mean_l2=0.13241 std_l2=0.38904
2026-05-13 13:20:25,528 INFO CSMF2.step_1_1_1.run :: epoch=20 step=50/429 train_nll=-3004.935
2026-05-13 13:20:34,413 INFO CSMF2.step_1_1_1.run :: [h] epoch=20 step=100 total=0.10434 batch=0.05584
2026-05-13 13:20:34,413 INFO CSMF2.step_1_1_1.run :: [lat] epoch=20 step=100 mean_l2=0.10875 std_l2=0.31204
2026-05-13 13:20:34,502 INFO CSMF2.step_1_1_1.run :: epoch=20 step=100/429 train_nll=-3000.887
2026-05-13 13:20:43,414 INFO CSMF2.step_1_1_1.run :: [h] epoch=20 step=150 total=0.10320 batch=0.04898
2026-05-13 13:20:43,414 INFO CSMF2.step_1_1_1.run :: [lat] epoch=20 step=150 mean_l2=0.12780 std_l2=0.46099
2026-05-13 13:20:43,529 INFO CSMF2.step_1_1_1.run :: epoch=20 step=150/429 train_nll=-2996.180
2026-05-13 13:20:52,533 INFO CSMF2.step_1_1_1.run :: [h] epoch=20 step=200 total=0.09477 batch=0.04629
2026-05-13 13:20:52,533 INFO CSMF2.step_1_1_1.run :: [lat] epoch=20 step=200 mean_l2=0.09592 std_l2=0.68775
2026-05-13 13:20:52,648 INFO CSMF2.step_1_1_1.run :: epoch=20 step=200/429 train_nll=-2996.835
2026-05-13 13:21:01,696 INFO CSMF2.step_1_1_1.run :: [h] epoch=20 step=250 total=0.09315 batch=0.04617
2026-05-13 13:21:01,696 INFO CSMF2.step_1_1_1.run :: [lat] epoch=20 step=250 mean_l2=0.13852 std_l2=0.41014
2026-05-13 13:21:01,783 INFO CSMF2.step_1_1_1.run :: epoch=20 step=250/429 train_nll=-3000.144
2026-05-13 13:21:10,823 INFO CSMF2.step_1_1_1.run :: [h] epoch=20 step=300 total=0.09890 batch=0.04702
2026-05-13 13:21:10,823 INFO CSMF2.step_1_1_1.run :: [lat] epoch=20 step=300 mean_l2=0.12625 std_l2=0.14671
2026-05-13 13:21:10,911 INFO CSMF2.step_1_1_1.run :: epoch=20 step=300/429 train_nll=-2999.821
2026-05-13 13:21:19,944 INFO CSMF2.step_1_1_1.run :: [h] epoch=20 step=350 total=0.09987 batch=0.05222
2026-05-13 13:21:19,944 INFO CSMF2.step_1_1_1.run :: [lat] epoch=20 step=350 mean_l2=0.11210 std_l2=0.10181
2026-05-13 13:21:20,033 INFO CSMF2.step_1_1_1.run :: epoch=20 step=350/429 train_nll=-3000.083
2026-05-13 13:21:28,996 INFO CSMF2.step_1_1_1.run :: [h] epoch=20 step=400 total=0.09629 batch=0.04911
2026-05-13 13:21:28,997 INFO CSMF2.step_1_1_1.run :: [lat] epoch=20 step=400 mean_l2=0.19377 std_l2=0.43619
2026-05-13 13:21:29,084 INFO CSMF2.step_1_1_1.run :: epoch=20 step=400/429 train_nll=-3001.282
2026-05-13 13:21:37,971 INFO CSMF2.step_1_1_1.run :: epoch=20  train_nll=-3001.913  val_nll=-2946.053  t=81.5s
2026-05-13 13:21:37,971 INFO CSMF2.step_1_1_1.run :: [h_std] total=0.09746 batch=0.04872 (no penalty)
2026-05-13 13:21:37,971 INFO CSMF2.step_1_1_1.run :: [lat_epoch] mean_l2=0.13356 std_l2=0.69073 (no penalty)
2026-05-13 13:21:37,971 INFO CSMF2.step_1_1_1.run :: [grad] cond=191.3471 film_gain=0.0000
2026-05-13 13:21:50,394 INFO CSMF2.step_1_1_1.run :: [h] epoch=21 step=50 total=0.09552 batch=0.04783
2026-05-13 13:21:50,394 INFO CSMF2.step_1_1_1.run :: [lat] epoch=21 step=50 mean_l2=0.11380 std_l2=0.25049
2026-05-13 13:21:50,510 INFO CSMF2.step_1_1_1.run :: epoch=21 step=50/429 train_nll=-3012.519
2026-05-13 13:21:59,355 INFO CSMF2.step_1_1_1.run :: [h] epoch=21 step=100 total=0.10018 batch=0.05237
2026-05-13 13:21:59,355 INFO CSMF2.step_1_1_1.run :: [lat] epoch=21 step=100 mean_l2=0.16537 std_l2=0.26344
2026-05-13 13:21:59,443 INFO CSMF2.step_1_1_1.run :: epoch=21 step=100/429 train_nll=-3005.840
2026-05-13 13:22:08,346 INFO CSMF2.step_1_1_1.run :: [h] epoch=21 step=150 total=0.09845 batch=0.05370
2026-05-13 13:22:08,346 INFO CSMF2.step_1_1_1.run :: [lat] epoch=21 step=150 mean_l2=0.16531 std_l2=0.58252
2026-05-13 13:22:08,462 INFO CSMF2.step_1_1_1.run :: epoch=21 step=150/429 train_nll=-3009.395
2026-05-13 13:22:17,557 INFO CSMF2.step_1_1_1.run :: [h] epoch=21 step=200 total=0.09833 batch=0.04892
2026-05-13 13:22:17,558 INFO CSMF2.step_1_1_1.run :: [lat] epoch=21 step=200 mean_l2=0.12450 std_l2=0.69412
2026-05-13 13:22:17,674 INFO CSMF2.step_1_1_1.run :: epoch=21 step=200/429 train_nll=-3008.826
2026-05-13 13:22:26,987 INFO CSMF2.step_1_1_1.run :: [h] epoch=21 step=250 total=0.09306 batch=0.04618
2026-05-13 13:22:26,988 INFO CSMF2.step_1_1_1.run :: [lat] epoch=21 step=250 mean_l2=0.10001 std_l2=0.35168
2026-05-13 13:22:27,104 INFO CSMF2.step_1_1_1.run :: epoch=21 step=250/429 train_nll=-3008.250
2026-05-13 13:22:36,202 INFO CSMF2.step_1_1_1.run :: [h] epoch=21 step=300 total=0.09686 batch=0.04799
2026-05-13 13:22:36,202 INFO CSMF2.step_1_1_1.run :: [lat] epoch=21 step=300 mean_l2=0.12584 std_l2=0.21029
2026-05-13 13:22:36,290 INFO CSMF2.step_1_1_1.run :: epoch=21 step=300/429 train_nll=-3010.119
2026-05-13 13:22:45,413 INFO CSMF2.step_1_1_1.run :: [h] epoch=21 step=350 total=0.09897 batch=0.05044
2026-05-13 13:22:45,413 INFO CSMF2.step_1_1_1.run :: [lat] epoch=21 step=350 mean_l2=0.16793 std_l2=0.10536
2026-05-13 13:22:45,502 INFO CSMF2.step_1_1_1.run :: epoch=21 step=350/429 train_nll=-3008.681
2026-05-13 13:22:54,510 INFO CSMF2.step_1_1_1.run :: [h] epoch=21 step=400 total=0.10003 batch=0.05031
2026-05-13 13:22:54,510 INFO CSMF2.step_1_1_1.run :: [lat] epoch=21 step=400 mean_l2=0.16161 std_l2=0.40159
2026-05-13 13:22:54,598 INFO CSMF2.step_1_1_1.run :: epoch=21 step=400/429 train_nll=-3008.516
2026-05-13 13:23:03,385 INFO CSMF2.step_1_1_1.run :: epoch=21  train_nll=-3008.771  val_nll=-2932.988  t=81.6s
2026-05-13 13:23:03,385 INFO CSMF2.step_1_1_1.run :: [h_std] total=0.09678 batch=0.04923 (no penalty)
2026-05-13 13:23:03,385 INFO CSMF2.step_1_1_1.run :: [lat_epoch] mean_l2=0.13323 std_l2=0.78951 (no penalty)
2026-05-13 13:23:03,385 INFO CSMF2.step_1_1_1.run :: [grad] cond=74.7066 film_gain=0.0000
2026-05-13 13:23:16,094 INFO CSMF2.step_1_1_1.run :: [h] epoch=22 step=50 total=0.09711 batch=0.04881
2026-05-13 13:23:16,094 INFO CSMF2.step_1_1_1.run :: [lat] epoch=22 step=50 mean_l2=0.18307 std_l2=0.42149
2026-05-13 13:23:16,181 INFO CSMF2.step_1_1_1.run :: epoch=22 step=50/429 train_nll=-2995.892
2026-05-13 13:23:25,131 INFO CSMF2.step_1_1_1.run :: [h] epoch=22 step=100 total=0.09810 batch=0.04898
2026-05-13 13:23:25,131 INFO CSMF2.step_1_1_1.run :: [lat] epoch=22 step=100 mean_l2=0.11215 std_l2=0.23125
2026-05-13 13:23:25,247 INFO CSMF2.step_1_1_1.run :: epoch=22 step=100/429 train_nll=-3011.496
2026-05-13 13:23:34,139 INFO CSMF2.step_1_1_1.run :: [h] epoch=22 step=150 total=0.09701 batch=0.04902
2026-05-13 13:23:34,139 INFO CSMF2.step_1_1_1.run :: [lat] epoch=22 step=150 mean_l2=0.11432 std_l2=0.13963
2026-05-13 13:23:34,227 INFO CSMF2.step_1_1_1.run :: epoch=22 step=150/429 train_nll=-3004.690
2026-05-13 13:23:43,401 INFO CSMF2.step_1_1_1.run :: [h] epoch=22 step=200 total=0.09907 batch=0.05220
2026-05-13 13:23:43,401 INFO CSMF2.step_1_1_1.run :: [lat] epoch=22 step=200 mean_l2=0.15060 std_l2=0.20235
2026-05-13 13:23:43,518 INFO CSMF2.step_1_1_1.run :: epoch=22 step=200/429 train_nll=-3003.738
2026-05-13 13:23:52,617 INFO CSMF2.step_1_1_1.run :: [h] epoch=22 step=250 total=0.09112 batch=0.04575
2026-05-13 13:23:52,618 INFO CSMF2.step_1_1_1.run :: [lat] epoch=22 step=250 mean_l2=0.17862 std_l2=0.16806
2026-05-13 13:23:52,706 INFO CSMF2.step_1_1_1.run :: epoch=22 step=250/429 train_nll=-3000.303
2026-05-13 13:24:01,642 INFO CSMF2.step_1_1_1.run :: [h] epoch=22 step=300 total=0.09287 batch=0.04587
2026-05-13 13:24:01,642 INFO CSMF2.step_1_1_1.run :: [lat] epoch=22 step=300 mean_l2=0.13140 std_l2=0.17701
2026-05-13 13:24:01,730 INFO CSMF2.step_1_1_1.run :: epoch=22 step=300/429 train_nll=-2999.905
2026-05-13 13:24:10,684 INFO CSMF2.step_1_1_1.run :: [h] epoch=22 step=350 total=0.09924 batch=0.05285
2026-05-13 13:24:10,685 INFO CSMF2.step_1_1_1.run :: [lat] epoch=22 step=350 mean_l2=0.18080 std_l2=0.19007
2026-05-13 13:24:10,773 INFO CSMF2.step_1_1_1.run :: epoch=22 step=350/429 train_nll=-3001.499
2026-05-13 13:24:19,574 INFO CSMF2.step_1_1_1.run :: [h] epoch=22 step=400 total=0.09748 batch=0.05079
2026-05-13 13:24:19,574 INFO CSMF2.step_1_1_1.run :: [lat] epoch=22 step=400 mean_l2=0.11615 std_l2=0.36215
2026-05-13 13:24:19,662 INFO CSMF2.step_1_1_1.run :: epoch=22 step=400/429 train_nll=-3001.138
2026-05-13 13:24:28,377 INFO CSMF2.step_1_1_1.run :: epoch=22  train_nll=-3003.651  val_nll=-2964.574  t=81.2s
2026-05-13 13:24:28,377 INFO CSMF2.step_1_1_1.run :: [h_std] total=0.09496 batch=0.04814 (no penalty)
2026-05-13 13:24:28,377 INFO CSMF2.step_1_1_1.run :: [lat_epoch] mean_l2=0.13987 std_l2=0.87358 (no penalty)
2026-05-13 13:24:28,377 INFO CSMF2.step_1_1_1.run :: [grad] cond=102.6956 film_gain=0.0000
2026-05-13 13:24:41,104 INFO CSMF2.step_1_1_1.run :: [h] epoch=23 step=50 total=0.09494 batch=0.04868
2026-05-13 13:24:41,104 INFO CSMF2.step_1_1_1.run :: [lat] epoch=23 step=50 mean_l2=0.12118 std_l2=0.07598
2026-05-13 13:24:41,219 INFO CSMF2.step_1_1_1.run :: epoch=23 step=50/429 train_nll=-3033.461
2026-05-13 13:24:50,113 INFO CSMF2.step_1_1_1.run :: [h] epoch=23 step=100 total=0.09938 batch=0.05076
2026-05-13 13:24:50,114 INFO CSMF2.step_1_1_1.run :: [lat] epoch=23 step=100 mean_l2=0.10402 std_l2=0.43778
2026-05-13 13:24:50,230 INFO CSMF2.step_1_1_1.run :: epoch=23 step=100/429 train_nll=-3039.064
2026-05-13 13:24:59,218 INFO CSMF2.step_1_1_1.run :: [h] epoch=23 step=150 total=0.09773 batch=0.05339
2026-05-13 13:24:59,219 INFO CSMF2.step_1_1_1.run :: [lat] epoch=23 step=150 mean_l2=0.13849 std_l2=0.27606
2026-05-13 13:24:59,306 INFO CSMF2.step_1_1_1.run :: epoch=23 step=150/429 train_nll=-3034.454
2026-05-13 13:25:08,401 INFO CSMF2.step_1_1_1.run :: [h] epoch=23 step=200 total=0.09738 batch=0.05229
2026-05-13 13:25:08,402 INFO CSMF2.step_1_1_1.run :: [lat] epoch=23 step=200 mean_l2=0.10153 std_l2=0.89375
2026-05-13 13:25:08,519 INFO CSMF2.step_1_1_1.run :: epoch=23 step=200/429 train_nll=-3027.704
2026-05-13 13:25:17,492 INFO CSMF2.step_1_1_1.run :: [h] epoch=23 step=250 total=0.09521 batch=0.05123
2026-05-13 13:25:17,493 INFO CSMF2.step_1_1_1.run :: [lat] epoch=23 step=250 mean_l2=0.12291 std_l2=0.97874
2026-05-13 13:25:17,580 INFO CSMF2.step_1_1_1.run :: epoch=23 step=250/429 train_nll=-3028.582
2026-05-13 13:25:26,677 INFO CSMF2.step_1_1_1.run :: [h] epoch=23 step=300 total=0.09865 batch=0.05274
2026-05-13 13:25:26,677 INFO CSMF2.step_1_1_1.run :: [lat] epoch=23 step=300 mean_l2=0.19581 std_l2=0.16141
2026-05-13 13:25:26,765 INFO CSMF2.step_1_1_1.run :: epoch=23 step=300/429 train_nll=-3030.892
2026-05-13 13:25:35,838 INFO CSMF2.step_1_1_1.run :: [h] epoch=23 step=350 total=0.10107 batch=0.05653
2026-05-13 13:25:35,838 INFO CSMF2.step_1_1_1.run :: [lat] epoch=23 step=350 mean_l2=0.16179 std_l2=1.25383
2026-05-13 13:25:35,927 INFO CSMF2.step_1_1_1.run :: epoch=23 step=350/429 train_nll=-3031.971
2026-05-13 13:25:44,838 INFO CSMF2.step_1_1_1.run :: [h] epoch=23 step=400 total=0.09621 batch=0.05087
2026-05-13 13:25:44,839 INFO CSMF2.step_1_1_1.run :: [lat] epoch=23 step=400 mean_l2=0.10715 std_l2=0.41305
2026-05-13 13:25:44,927 INFO CSMF2.step_1_1_1.run :: epoch=23 step=400/429 train_nll=-3031.589
2026-05-13 13:25:53,720 INFO CSMF2.step_1_1_1.run :: epoch=23  train_nll=-3033.220  val_nll=-2948.163  t=81.5s
2026-05-13 13:25:53,720 INFO CSMF2.step_1_1_1.run :: [h_std] total=0.09624 batch=0.05128 (no penalty)
2026-05-13 13:25:53,720 INFO CSMF2.step_1_1_1.run :: [lat_epoch] mean_l2=0.12470 std_l2=0.62820 (no penalty)
2026-05-13 13:25:53,720 INFO CSMF2.step_1_1_1.run :: [grad] cond=108.5151 film_gain=0.0000
2026-05-13 13:26:06,371 INFO CSMF2.step_1_1_1.run :: [h] epoch=24 step=50 total=0.09712 batch=0.05251
2026-05-13 13:26:06,372 INFO CSMF2.step_1_1_1.run :: [lat] epoch=24 step=50 mean_l2=0.10699 std_l2=0.70360
2026-05-13 13:26:06,491 INFO CSMF2.step_1_1_1.run :: epoch=24 step=50/429 train_nll=-3007.384
2026-05-13 13:26:15,623 INFO CSMF2.step_1_1_1.run :: [h] epoch=24 step=100 total=0.09702 batch=0.05339
2026-05-13 13:26:15,623 INFO CSMF2.step_1_1_1.run :: [lat] epoch=24 step=100 mean_l2=0.09924 std_l2=0.74029
2026-05-13 13:26:15,712 INFO CSMF2.step_1_1_1.run :: epoch=24 step=100/429 train_nll=-3021.686
2026-05-13 13:26:24,694 INFO CSMF2.step_1_1_1.run :: [h] epoch=24 step=150 total=0.09719 batch=0.05487
2026-05-13 13:26:24,694 INFO CSMF2.step_1_1_1.run :: [lat] epoch=24 step=150 mean_l2=0.22226 std_l2=0.18411
2026-05-13 13:26:24,782 INFO CSMF2.step_1_1_1.run :: epoch=24 step=150/429 train_nll=-3021.467
2026-05-13 13:26:33,760 INFO CSMF2.step_1_1_1.run :: [h] epoch=24 step=200 total=0.09555 batch=0.04916
2026-05-13 13:26:33,760 INFO CSMF2.step_1_1_1.run :: [lat] epoch=24 step=200 mean_l2=0.09937 std_l2=0.83410
2026-05-13 13:26:33,849 INFO CSMF2.step_1_1_1.run :: epoch=24 step=200/429 train_nll=-3017.115
2026-05-13 13:26:42,960 INFO CSMF2.step_1_1_1.run :: [h] epoch=24 step=250 total=0.09272 batch=0.04972
2026-05-13 13:26:42,961 INFO CSMF2.step_1_1_1.run :: [lat] epoch=24 step=250 mean_l2=0.08146 std_l2=0.64689
2026-05-13 13:26:43,049 INFO CSMF2.step_1_1_1.run :: epoch=24 step=250/429 train_nll=-3024.815
2026-05-13 13:26:52,075 INFO CSMF2.step_1_1_1.run :: [h] epoch=24 step=300 total=0.09385 batch=0.04916
2026-05-13 13:26:52,075 INFO CSMF2.step_1_1_1.run :: [lat] epoch=24 step=300 mean_l2=0.14064 std_l2=1.87548
2026-05-13 13:26:52,163 INFO CSMF2.step_1_1_1.run :: epoch=24 step=300/429 train_nll=-3027.778
2026-05-13 13:27:01,435 INFO CSMF2.step_1_1_1.run :: [h] epoch=24 step=350 total=0.09465 batch=0.05138
2026-05-13 13:27:01,435 INFO CSMF2.step_1_1_1.run :: [lat] epoch=24 step=350 mean_l2=0.08998 std_l2=0.22213
2026-05-13 13:27:01,524 INFO CSMF2.step_1_1_1.run :: epoch=24 step=350/429 train_nll=-3030.077
2026-05-13 13:27:10,544 INFO CSMF2.step_1_1_1.run :: [h] epoch=24 step=400 total=0.09550 batch=0.05273
2026-05-13 13:27:10,544 INFO CSMF2.step_1_1_1.run :: [lat] epoch=24 step=400 mean_l2=0.14451 std_l2=0.37548
2026-05-13 13:27:10,632 INFO CSMF2.step_1_1_1.run :: epoch=24 step=400/429 train_nll=-3031.295
2026-05-13 13:27:19,523 INFO CSMF2.step_1_1_1.run :: epoch=24  train_nll=-3032.032  val_nll=-2968.999  t=81.9s
2026-05-13 13:27:19,524 INFO CSMF2.step_1_1_1.run :: [h_std] total=0.09488 batch=0.05130 (no penalty)
2026-05-13 13:27:19,524 INFO CSMF2.step_1_1_1.run :: [lat_epoch] mean_l2=0.12487 std_l2=0.79808 (no penalty)
2026-05-13 13:27:19,524 INFO CSMF2.step_1_1_1.run :: [grad] cond=189.7797 film_gain=0.0000
2026-05-13 13:27:32,185 INFO CSMF2.step_1_1_1.run :: [h] epoch=25 step=50 total=0.09658 batch=0.05240
2026-05-13 13:27:32,186 INFO CSMF2.step_1_1_1.run :: [lat] epoch=25 step=50 mean_l2=0.12338 std_l2=0.19185
2026-05-13 13:27:32,303 INFO CSMF2.step_1_1_1.run :: epoch=25 step=50/429 train_nll=-3049.137
2026-05-13 13:27:41,570 INFO CSMF2.step_1_1_1.run :: [h] epoch=25 step=100 total=0.10035 batch=0.05488
2026-05-13 13:27:41,570 INFO CSMF2.step_1_1_1.run :: [lat] epoch=25 step=100 mean_l2=0.13809 std_l2=0.66107
2026-05-13 13:27:41,658 INFO CSMF2.step_1_1_1.run :: epoch=25 step=100/429 train_nll=-3039.662
2026-05-13 13:27:50,736 INFO CSMF2.step_1_1_1.run :: [h] epoch=25 step=150 total=0.09758 batch=0.05354
2026-05-13 13:27:50,736 INFO CSMF2.step_1_1_1.run :: [lat] epoch=25 step=150 mean_l2=0.08916 std_l2=0.84599
2026-05-13 13:27:50,825 INFO CSMF2.step_1_1_1.run :: epoch=25 step=150/429 train_nll=-3046.096
2026-05-13 13:27:59,913 INFO CSMF2.step_1_1_1.run :: [h] epoch=25 step=200 total=0.09690 batch=0.05300
2026-05-13 13:27:59,914 INFO CSMF2.step_1_1_1.run :: [lat] epoch=25 step=200 mean_l2=0.10255 std_l2=1.02866
2026-05-13 13:28:00,002 INFO CSMF2.step_1_1_1.run :: epoch=25 step=200/429 train_nll=-3046.109
2026-05-13 13:28:09,140 INFO CSMF2.step_1_1_1.run :: [h] epoch=25 step=250 total=0.09465 batch=0.05160
2026-05-13 13:28:09,140 INFO CSMF2.step_1_1_1.run :: [lat] epoch=25 step=250 mean_l2=0.12368 std_l2=0.16346
2026-05-13 13:28:09,228 INFO CSMF2.step_1_1_1.run :: epoch=25 step=250/429 train_nll=-3051.384
2026-05-13 13:28:18,366 INFO CSMF2.step_1_1_1.run :: [h] epoch=25 step=300 total=0.09832 batch=0.05321
2026-05-13 13:28:18,366 INFO CSMF2.step_1_1_1.run :: [lat] epoch=25 step=300 mean_l2=0.11960 std_l2=0.17650
2026-05-13 13:28:18,455 INFO CSMF2.step_1_1_1.run :: epoch=25 step=300/429 train_nll=-3053.954
2026-05-13 13:28:27,556 INFO CSMF2.step_1_1_1.run :: [h] epoch=25 step=350 total=0.09761 batch=0.05332
2026-05-13 13:28:27,557 INFO CSMF2.step_1_1_1.run :: [lat] epoch=25 step=350 mean_l2=0.24575 std_l2=0.08732
2026-05-13 13:28:27,674 INFO CSMF2.step_1_1_1.run :: epoch=25 step=350/429 train_nll=-3054.621
2026-05-13 13:28:36,850 INFO CSMF2.step_1_1_1.run :: [h] epoch=25 step=400 total=0.09540 batch=0.05464
2026-05-13 13:28:36,850 INFO CSMF2.step_1_1_1.run :: [lat] epoch=25 step=400 mean_l2=0.08392 std_l2=0.45761
2026-05-13 13:28:36,934 INFO CSMF2.step_1_1_1.run :: epoch=25 step=400/429 train_nll=-3049.375
2026-05-13 13:28:45,762 INFO CSMF2.step_1_1_1.run :: epoch=25  train_nll=-3050.916  val_nll=-2971.067  t=82.4s
2026-05-13 13:28:45,762 INFO CSMF2.step_1_1_1.run :: [h_std] total=0.09584 batch=0.05251 (no penalty)
2026-05-13 13:28:45,762 INFO CSMF2.step_1_1_1.run :: [lat_epoch] mean_l2=0.12156 std_l2=0.58891 (no penalty)
2026-05-13 13:28:45,762 INFO CSMF2.step_1_1_1.run :: [grad] cond=119.7349 film_gain=0.0000
2026-05-13 13:28:58,578 INFO CSMF2.step_1_1_1.run :: [h] epoch=26 step=50 total=0.09768 batch=0.05403
2026-05-13 13:28:58,578 INFO CSMF2.step_1_1_1.run :: [lat] epoch=26 step=50 mean_l2=0.10593 std_l2=1.70294
2026-05-13 13:28:58,669 INFO CSMF2.step_1_1_1.run :: epoch=26 step=50/429 train_nll=-3050.944
2026-05-13 13:29:07,954 INFO CSMF2.step_1_1_1.run :: [h] epoch=26 step=100 total=0.09923 batch=0.05527
2026-05-13 13:29:07,954 INFO CSMF2.step_1_1_1.run :: [lat] epoch=26 step=100 mean_l2=0.09864 std_l2=0.25143
2026-05-13 13:29:08,045 INFO CSMF2.step_1_1_1.run :: epoch=26 step=100/429 train_nll=-3048.202
2026-05-13 13:29:17,288 INFO CSMF2.step_1_1_1.run :: [h] epoch=26 step=150 total=0.09798 batch=0.05658
2026-05-13 13:29:17,288 INFO CSMF2.step_1_1_1.run :: [lat] epoch=26 step=150 mean_l2=0.09135 std_l2=0.05452
2026-05-13 13:29:17,378 INFO CSMF2.step_1_1_1.run :: epoch=26 step=150/429 train_nll=-3053.059
2026-05-13 13:29:26,454 INFO CSMF2.step_1_1_1.run :: [h] epoch=26 step=200 total=0.10033 batch=0.05846
2026-05-13 13:29:26,454 INFO CSMF2.step_1_1_1.run :: [lat] epoch=26 step=200 mean_l2=0.12253 std_l2=0.70608
2026-05-13 13:29:26,544 INFO CSMF2.step_1_1_1.run :: epoch=26 step=200/429 train_nll=-3047.370
2026-05-13 13:29:35,769 INFO CSMF2.step_1_1_1.run :: [h] epoch=26 step=250 total=0.09197 batch=0.05060
2026-05-13 13:29:35,769 INFO CSMF2.step_1_1_1.run :: [lat] epoch=26 step=250 mean_l2=0.09044 std_l2=0.10226
2026-05-13 13:29:35,860 INFO CSMF2.step_1_1_1.run :: epoch=26 step=250/429 train_nll=-3049.109
2026-05-13 13:29:45,012 INFO CSMF2.step_1_1_1.run :: [h] epoch=26 step=300 total=0.09479 batch=0.05278
2026-05-13 13:29:45,013 INFO CSMF2.step_1_1_1.run :: [lat] epoch=26 step=300 mean_l2=0.10386 std_l2=0.72705
2026-05-13 13:29:45,132 INFO CSMF2.step_1_1_1.run :: epoch=26 step=300/429 train_nll=-3052.645
2026-05-13 13:29:54,270 INFO CSMF2.step_1_1_1.run :: [h] epoch=26 step=350 total=0.09769 batch=0.05517
2026-05-13 13:29:54,271 INFO CSMF2.step_1_1_1.run :: [lat] epoch=26 step=350 mean_l2=0.17960 std_l2=2.32400
2026-05-13 13:29:54,360 INFO CSMF2.step_1_1_1.run :: epoch=26 step=350/429 train_nll=-3056.653
2026-05-13 13:30:03,575 INFO CSMF2.step_1_1_1.run :: [h] epoch=26 step=400 total=0.09901 batch=0.05659
2026-05-13 13:30:03,576 INFO CSMF2.step_1_1_1.run :: [lat] epoch=26 step=400 mean_l2=0.09099 std_l2=0.49322
2026-05-13 13:30:03,666 INFO CSMF2.step_1_1_1.run :: epoch=26 step=400/429 train_nll=-3057.859
2026-05-13 13:30:12,394 INFO CSMF2.step_1_1_1.run :: epoch=26  train_nll=-3060.056  val_nll=-2986.522  t=82.9s
2026-05-13 13:30:12,394 INFO CSMF2.step_1_1_1.run :: [h_std] total=0.09578 batch=0.05369 (no penalty)
2026-05-13 13:30:12,394 INFO CSMF2.step_1_1_1.run :: [lat_epoch] mean_l2=0.11408 std_l2=0.56486 (no penalty)
2026-05-13 13:30:12,395 INFO CSMF2.step_1_1_1.run :: [grad] cond=555.9962 film_gain=0.0000
2026-05-13 13:30:25,071 INFO CSMF2.step_1_1_1.run :: [h] epoch=27 step=50 total=0.09761 batch=0.05386
2026-05-13 13:30:25,071 INFO CSMF2.step_1_1_1.run :: [lat] epoch=27 step=50 mean_l2=0.12635 std_l2=0.16898
2026-05-13 13:30:25,160 INFO CSMF2.step_1_1_1.run :: epoch=27 step=50/429 train_nll=-3059.336
2026-05-13 13:30:34,130 INFO CSMF2.step_1_1_1.run :: [h] epoch=27 step=100 total=0.09717 batch=0.05340
2026-05-13 13:30:34,131 INFO CSMF2.step_1_1_1.run :: [lat] epoch=27 step=100 mean_l2=0.08255 std_l2=0.27766
2026-05-13 13:30:34,221 INFO CSMF2.step_1_1_1.run :: epoch=27 step=100/429 train_nll=-3052.809
2026-05-13 13:30:43,382 INFO CSMF2.step_1_1_1.run :: [h] epoch=27 step=150 total=0.09713 batch=0.05477
2026-05-13 13:30:43,382 INFO CSMF2.step_1_1_1.run :: [lat] epoch=27 step=150 mean_l2=0.10520 std_l2=0.12626
2026-05-13 13:30:43,472 INFO CSMF2.step_1_1_1.run :: epoch=27 step=150/429 train_nll=-3057.258
2026-05-13 13:30:52,570 INFO CSMF2.step_1_1_1.run :: [h] epoch=27 step=200 total=0.09874 batch=0.05675
2026-05-13 13:30:52,571 INFO CSMF2.step_1_1_1.run :: [lat] epoch=27 step=200 mean_l2=0.08456 std_l2=0.98523
2026-05-13 13:30:52,661 INFO CSMF2.step_1_1_1.run :: epoch=27 step=200/429 train_nll=-3062.387
2026-05-13 13:31:01,846 INFO CSMF2.step_1_1_1.run :: [h] epoch=27 step=250 total=0.09482 batch=0.05209
2026-05-13 13:31:01,846 INFO CSMF2.step_1_1_1.run :: [lat] epoch=27 step=250 mean_l2=0.14260 std_l2=0.86289
2026-05-13 13:31:01,936 INFO CSMF2.step_1_1_1.run :: epoch=27 step=250/429 train_nll=-3060.637
2026-05-13 13:31:11,401 INFO CSMF2.step_1_1_1.run :: [h] epoch=27 step=300 total=0.09762 batch=0.05462
2026-05-13 13:31:11,401 INFO CSMF2.step_1_1_1.run :: [lat] epoch=27 step=300 mean_l2=0.08163 std_l2=0.15522
2026-05-13 13:31:11,480 INFO CSMF2.step_1_1_1.run :: epoch=27 step=300/429 train_nll=-3059.993
2026-05-13 13:31:20,729 INFO CSMF2.step_1_1_1.run :: [h] epoch=27 step=350 total=0.09644 batch=0.05498
2026-05-13 13:31:20,729 INFO CSMF2.step_1_1_1.run :: [lat] epoch=27 step=350 mean_l2=0.12605 std_l2=0.08720
2026-05-13 13:31:20,849 INFO CSMF2.step_1_1_1.run :: epoch=27 step=350/429 train_nll=-3059.301
2026-05-13 13:31:30,155 INFO CSMF2.step_1_1_1.run :: [h] epoch=27 step=400 total=0.09500 batch=0.05330
2026-05-13 13:31:30,156 INFO CSMF2.step_1_1_1.run :: [lat] epoch=27 step=400 mean_l2=0.10701 std_l2=0.43980
2026-05-13 13:31:30,245 INFO CSMF2.step_1_1_1.run :: epoch=27 step=400/429 train_nll=-3061.521
2026-05-13 13:31:39,061 INFO CSMF2.step_1_1_1.run :: epoch=27  train_nll=-3062.485  val_nll=-2969.794  t=83.0s
2026-05-13 13:31:39,062 INFO CSMF2.step_1_1_1.run :: [h_std] total=0.09602 batch=0.05412 (no penalty)
2026-05-13 13:31:39,062 INFO CSMF2.step_1_1_1.run :: [lat_epoch] mean_l2=0.11610 std_l2=0.76835 (no penalty)
2026-05-13 13:31:39,062 INFO CSMF2.step_1_1_1.run :: [grad] cond=249.8670 film_gain=0.0000
2026-05-13 13:31:51,676 INFO CSMF2.step_1_1_1.run :: [h] epoch=28 step=50 total=0.10012 batch=0.05765
2026-05-13 13:31:51,677 INFO CSMF2.step_1_1_1.run :: [lat] epoch=28 step=50 mean_l2=0.08580 std_l2=0.16051
2026-05-13 13:31:51,766 INFO CSMF2.step_1_1_1.run :: epoch=28 step=50/429 train_nll=-3074.013
2026-05-13 13:32:00,863 INFO CSMF2.step_1_1_1.run :: [h] epoch=28 step=100 total=0.09942 batch=0.05659
2026-05-13 13:32:00,864 INFO CSMF2.step_1_1_1.run :: [lat] epoch=28 step=100 mean_l2=0.09227 std_l2=0.27304
2026-05-13 13:32:00,952 INFO CSMF2.step_1_1_1.run :: epoch=28 step=100/429 train_nll=-3078.289
2026-05-13 13:32:09,981 INFO CSMF2.step_1_1_1.run :: [h] epoch=28 step=150 total=0.09817 batch=0.05718
2026-05-13 13:32:09,981 INFO CSMF2.step_1_1_1.run :: [lat] epoch=28 step=150 mean_l2=0.08438 std_l2=2.24718
2026-05-13 13:32:10,070 INFO CSMF2.step_1_1_1.run :: epoch=28 step=150/429 train_nll=-3086.939
2026-05-13 13:32:19,134 INFO CSMF2.step_1_1_1.run :: [h] epoch=28 step=200 total=0.09701 batch=0.05506
2026-05-13 13:32:19,135 INFO CSMF2.step_1_1_1.run :: [lat] epoch=28 step=200 mean_l2=0.09051 std_l2=0.66619
2026-05-13 13:32:19,223 INFO CSMF2.step_1_1_1.run :: epoch=28 step=200/429 train_nll=-3082.707
2026-05-13 13:32:28,134 INFO CSMF2.step_1_1_1.run :: [h] epoch=28 step=250 total=0.09384 batch=0.05288
2026-05-13 13:32:28,135 INFO CSMF2.step_1_1_1.run :: [lat] epoch=28 step=250 mean_l2=0.12786 std_l2=0.07415
2026-05-13 13:32:28,253 INFO CSMF2.step_1_1_1.run :: epoch=28 step=250/429 train_nll=-3081.046
2026-05-13 13:32:37,323 INFO CSMF2.step_1_1_1.run :: [h] epoch=28 step=300 total=0.09182 batch=0.05194
2026-05-13 13:32:37,323 INFO CSMF2.step_1_1_1.run :: [lat] epoch=28 step=300 mean_l2=0.15700 std_l2=0.15952
2026-05-13 13:32:37,441 INFO CSMF2.step_1_1_1.run :: epoch=28 step=300/429 train_nll=-3075.999
2026-05-13 13:32:46,461 INFO CSMF2.step_1_1_1.run :: [h] epoch=28 step=350 total=0.09813 batch=0.05667
2026-05-13 13:32:46,462 INFO CSMF2.step_1_1_1.run :: [lat] epoch=28 step=350 mean_l2=0.10695 std_l2=0.06762
2026-05-13 13:32:46,551 INFO CSMF2.step_1_1_1.run :: epoch=28 step=350/429 train_nll=-3076.882
2026-05-13 13:32:55,547 INFO CSMF2.step_1_1_1.run :: [h] epoch=28 step=400 total=0.10097 batch=0.05870
2026-05-13 13:32:55,547 INFO CSMF2.step_1_1_1.run :: [lat] epoch=28 step=400 mean_l2=0.08920 std_l2=0.59616
2026-05-13 13:32:55,636 INFO CSMF2.step_1_1_1.run :: epoch=28 step=400/429 train_nll=-3077.726
2026-05-13 13:33:04,520 INFO CSMF2.step_1_1_1.run :: epoch=28  train_nll=-3079.464  val_nll=-3009.608  t=81.7s
2026-05-13 13:33:04,521 INFO CSMF2.step_1_1_1.run :: [h_std] total=0.09645 batch=0.05549 (no penalty)
2026-05-13 13:33:04,521 INFO CSMF2.step_1_1_1.run :: [lat_epoch] mean_l2=0.10596 std_l2=0.59238 (no penalty)
2026-05-13 13:33:04,521 INFO CSMF2.step_1_1_1.run :: [grad] cond=244.9173 film_gain=0.0000
2026-05-13 13:33:17,360 INFO CSMF2.step_1_1_1.run :: [h] epoch=29 step=50 total=0.09521 batch=0.05556
2026-05-13 13:33:17,360 INFO CSMF2.step_1_1_1.run :: [lat] epoch=29 step=50 mean_l2=0.09546 std_l2=0.07051
2026-05-13 13:33:17,450 INFO CSMF2.step_1_1_1.run :: epoch=29 step=50/429 train_nll=-3091.163
2026-05-13 13:33:26,596 INFO CSMF2.step_1_1_1.run :: [h] epoch=29 step=100 total=0.09872 batch=0.05668
2026-05-13 13:33:26,597 INFO CSMF2.step_1_1_1.run :: [lat] epoch=29 step=100 mean_l2=0.10853 std_l2=0.30470
2026-05-13 13:33:26,715 INFO CSMF2.step_1_1_1.run :: epoch=29 step=100/429 train_nll=-3092.439
2026-05-13 13:33:35,917 INFO CSMF2.step_1_1_1.run :: [h] epoch=29 step=150 total=0.09674 batch=0.05610
2026-05-13 13:33:35,917 INFO CSMF2.step_1_1_1.run :: [lat] epoch=29 step=150 mean_l2=0.15058 std_l2=0.15936
2026-05-13 13:33:36,002 INFO CSMF2.step_1_1_1.run :: epoch=29 step=150/429 train_nll=-3092.863
2026-05-13 13:33:44,953 INFO CSMF2.step_1_1_1.run :: [h] epoch=29 step=200 total=0.09639 batch=0.05603
2026-05-13 13:33:44,954 INFO CSMF2.step_1_1_1.run :: [lat] epoch=29 step=200 mean_l2=0.08738 std_l2=0.11488
2026-05-13 13:33:45,072 INFO CSMF2.step_1_1_1.run :: epoch=29 step=200/429 train_nll=-3091.329
2026-05-13 13:33:54,185 INFO CSMF2.step_1_1_1.run :: [h] epoch=29 step=250 total=0.09420 batch=0.05354
2026-05-13 13:33:54,185 INFO CSMF2.step_1_1_1.run :: [lat] epoch=29 step=250 mean_l2=0.09414 std_l2=0.24952
2026-05-13 13:33:54,274 INFO CSMF2.step_1_1_1.run :: epoch=29 step=250/429 train_nll=-3092.356
2026-05-13 13:34:03,340 INFO CSMF2.step_1_1_1.run :: [h] epoch=29 step=300 total=0.09526 batch=0.05423
2026-05-13 13:34:03,341 INFO CSMF2.step_1_1_1.run :: [lat] epoch=29 step=300 mean_l2=0.10621 std_l2=0.11758
2026-05-13 13:34:03,430 INFO CSMF2.step_1_1_1.run :: epoch=29 step=300/429 train_nll=-3088.564
2026-05-13 13:34:12,537 INFO CSMF2.step_1_1_1.run :: [h] epoch=29 step=350 total=0.09502 batch=0.05523
2026-05-13 13:34:12,537 INFO CSMF2.step_1_1_1.run :: [lat] epoch=29 step=350 mean_l2=0.12302 std_l2=0.84211
2026-05-13 13:34:12,626 INFO CSMF2.step_1_1_1.run :: epoch=29 step=350/429 train_nll=-3088.644
2026-05-13 13:34:21,572 INFO CSMF2.step_1_1_1.run :: [h] epoch=29 step=400 total=0.09694 batch=0.05659
2026-05-13 13:34:21,572 INFO CSMF2.step_1_1_1.run :: [lat] epoch=29 step=400 mean_l2=0.06847 std_l2=1.08033
2026-05-13 13:34:21,690 INFO CSMF2.step_1_1_1.run :: epoch=29 step=400/429 train_nll=-3088.128
2026-05-13 13:34:30,474 INFO CSMF2.step_1_1_1.run :: epoch=29  train_nll=-3088.371  val_nll=-2997.798  t=82.2s
2026-05-13 13:34:30,474 INFO CSMF2.step_1_1_1.run :: [h_std] total=0.09588 batch=0.05578 (no penalty)
2026-05-13 13:34:30,474 INFO CSMF2.step_1_1_1.run :: [lat_epoch] mean_l2=0.10503 std_l2=0.57561 (no penalty)
2026-05-13 13:34:30,474 INFO CSMF2.step_1_1_1.run :: [grad] cond=270.3262 film_gain=0.0000
2026-05-13 13:34:34,310 WARNING CSMF2.step_1_1_1.run :: [exit_gate] fwd_rel=0.598 > target 0.500 (informational; no resume baseline available)
2026-05-13 13:34:41,048 INFO CSMF2.step_1_1_1.run :: [run] FINAL test_nll (sealed 10k) = -3011.577
2026-05-13 13:34:41,666 INFO CSMF2.experiments.step_1_1_1.density_plots :: [plot_latent_density] saved -> CSMF2/experiments/step_1_1_1/results/realnvp_s2_n0.00_seed0_c2f0c505bb37/plots/latent_density.png  (ks=0.0177, mean=0.012, std=1.156)
2026-05-13 13:34:41,841 INFO CSMF2.experiments.step_1_1_1.density_plots :: [plot_cycle_density] saved -> CSMF2/experiments/step_1_1_1/results/realnvp_s2_n0.00_seed0_c2f0c505bb37/plots/cycle_density.png  (max|err|=3.815e-06 rms=3.418e-07)
2026-05-13 13:34:42,176 INFO CSMF2.experiments.step_1_1_1.density_plots :: [plot_reconstruction_panel] saved -> CSMF2/experiments/step_1_1_1/results/realnvp_s2_n0.00_seed0_c2f0c505bb37/plots/reconstruction_panel.png  rms(enc-prior)=1.655
==============================================================
[1mSTEP-1_1_1 RUN SUMMARY[0m
==============================================================
expert: realnvp   scale: 2   noise: 0.0   seed: 0   epochs: 30
train NLL:    -1827.48  ->    -3088.37  (Δ = -1260.89)
test  NLL:    -2262.47  ->    -2997.80

[1mHARD GATES (halt on fail)[0m
  [32m 30/30  ✓[0m  invertibility FP64 <1e-5
  [33m 15/30  ✗[0m  latent KS vs N(0,1) <0.05
  [32m 30/30  ✓[0m  cycle_max < 1e-12
  [32m 30/30  ✓[0m  h std > 1e-3
  [32m 30/30  ✓[0m  FiLM γ,β std > 1e-3 aggregate
  [32m 30/30  ✓[0m  (y,seed) max|Δh| < 1e-6
  [32m 30/30  ✓[0m  no NaN/Inf this epoch
  [32m  1/1   ✓[0m  numeric log-det (FP64, once)

[1mINFORMATIONAL (logged, non-blocking)[0m
  [32m 30/30  ✓[0m  null-control gap ≥ 0.10
  [32m 30/30  ✓[0m  h_st Δlogp slope > 1e-3
  [32m 30/30  ✓[0m  grad norm > 1e-6
  [32m 30/30  ✓[0m  fwd residual reported
--------------------------------------------------------------
[1mHARD TOTAL: 196/211[0m  (92.9%)
[1mEXIT_CRITERIA_MET:[0m [31mNO[0m
[1mREMEDY HINTS:[0m
  - hard gate failed: latent_ks (latent KS vs N(0,1) <0.05) -- check epochs [1, 2, 3, 4, 7, 8, 10, 11, 16, 17, 19, 20, 21, 23, 28]
[33mSTEP-1_1_1 SOFT WARNINGS (non-blocking):[0m
  ! fwd_rel=0.598 > target 0.500 (informational; no resume baseline available)
==============================================================
2026-05-13 13:34:42,245 INFO CSMF2.step_1_1_1.run :: STEP-1_1 run DONE  exit_ok=False  out=CSMF2/experiments/step_1_1_1/results/realnvp_s2_n0.00_seed0_c2f0c505bb37
