2026-05-13 22:11:43,402 INFO CSMF2.step_1_1_1.run :: STEP-1_1 run | tag=realnvp_s2_n0.00_seed0_e07389be2733 | cfg=StepCfg(data_root='./mnist_data', scale=2, blur_sigma=1.0, noise_sigma=0.0, batch_size=128, expert='realnvp', dim=784, cond_width=128, h_dim=256, flow_hidden=256, use_film=True, cache_h=True, use_v2_conditioner=True, film_depth=2, film_hidden=128, film_use_gelu=True, realnvp_n_couplings=6, realnvp_s_max=2.0, glow_n_steps=8, glow_coupling_hidden=256, glow_s_max=2.0, glow_squeeze=True, glow_n_levels=1, glow_image_c=1, glow_image_h=28, glow_image_w=28, glow_film_gain_init=0.3, lr=0.001, epochs=30, weight_decay=0.0, grad_clip=5.0, shuffle_loss_lambda=0.0, shuffle_loss_margin=0.5, h_std_penalty_mu=0.0, h_std_target=0.05, cond_y_residual_alpha_init=0.0, latent_moment_lambda=1.0, latent_ks_target=0.1, fwd_rel_target=0.5, resume_from=None, seed=0, out_root='./CSMF2/experiments/step_1_1_1/results', log_every=50, sanity_every_epoch=True)
2026-05-13 22:11:43,476 INFO CSMF2.step_1_1_1.run :: [run] data sizes: train=55000  val=5000 (per-epoch)  test=10000 (final-only)
2026-05-13 22:11:43,530 INFO CSMF2.step_1_1_1.run :: [y_sanity] y.std(dim=0).mean() = 0.1294  shape=(128, 1, 14, 14)
2026-05-13 22:11:49,573 INFO CSMF2.step_1_1_1.run :: [h] epoch=0 step=50 total=0.49058 batch=0.01087
2026-05-13 22:11:49,574 INFO CSMF2.step_1_1_1.run :: [lat] epoch=0 step=50 mean_l2=0.21486 std_l2=0.45675
2026-05-13 22:11:49,648 INFO CSMF2.step_1_1_1.run :: epoch=0 step=50/429 train_nll=-823.513
2026-05-13 22:11:55,850 INFO CSMF2.step_1_1_1.run :: [h] epoch=0 step=100 total=0.53085 batch=0.01043
2026-05-13 22:11:55,850 INFO CSMF2.step_1_1_1.run :: [lat] epoch=0 step=100 mean_l2=0.30785 std_l2=0.68613
2026-05-13 22:11:55,926 INFO CSMF2.step_1_1_1.run :: epoch=0 step=100/429 train_nll=-1152.904
2026-05-13 22:12:02,111 INFO CSMF2.step_1_1_1.run :: [h] epoch=0 step=150 total=0.58903 batch=0.01182
2026-05-13 22:12:02,112 INFO CSMF2.step_1_1_1.run :: [lat] epoch=0 step=150 mean_l2=0.34489 std_l2=0.57892
2026-05-13 22:12:02,186 INFO CSMF2.step_1_1_1.run :: epoch=0 step=150/429 train_nll=-1343.090
2026-05-13 22:12:08,383 INFO CSMF2.step_1_1_1.run :: [h] epoch=0 step=200 total=0.55725 batch=0.01274
2026-05-13 22:12:08,383 INFO CSMF2.step_1_1_1.run :: [lat] epoch=0 step=200 mean_l2=0.37039 std_l2=0.61141
2026-05-13 22:12:08,457 INFO CSMF2.step_1_1_1.run :: epoch=0 step=200/429 train_nll=-1464.579
2026-05-13 22:12:14,626 INFO CSMF2.step_1_1_1.run :: [h] epoch=0 step=250 total=0.60428 batch=0.01320
2026-05-13 22:12:14,626 INFO CSMF2.step_1_1_1.run :: [lat] epoch=0 step=250 mean_l2=0.25044 std_l2=0.42107
2026-05-13 22:12:14,699 INFO CSMF2.step_1_1_1.run :: epoch=0 step=250/429 train_nll=-1558.572
2026-05-13 22:12:21,190 INFO CSMF2.step_1_1_1.run :: [h] epoch=0 step=300 total=0.56350 batch=0.01249
2026-05-13 22:12:21,191 INFO CSMF2.step_1_1_1.run :: [lat] epoch=0 step=300 mean_l2=0.27334 std_l2=0.35065
2026-05-13 22:12:21,277 INFO CSMF2.step_1_1_1.run :: epoch=0 step=300/429 train_nll=-1641.205
2026-05-13 22:12:29,544 INFO CSMF2.step_1_1_1.run :: [h] epoch=0 step=350 total=0.58657 batch=0.01438
2026-05-13 22:12:29,545 INFO CSMF2.step_1_1_1.run :: [lat] epoch=0 step=350 mean_l2=0.38794 std_l2=0.37650
2026-05-13 22:12:29,631 INFO CSMF2.step_1_1_1.run :: epoch=0 step=350/429 train_nll=-1708.950
2026-05-13 22:12:37,951 INFO CSMF2.step_1_1_1.run :: [h] epoch=0 step=400 total=0.58143 batch=0.01350
2026-05-13 22:12:37,952 INFO CSMF2.step_1_1_1.run :: [lat] epoch=0 step=400 mean_l2=0.27823 std_l2=0.40169
2026-05-13 22:12:38,037 INFO CSMF2.step_1_1_1.run :: epoch=0 step=400/429 train_nll=-1771.827
2026-05-13 22:12:46,142 INFO CSMF2.step_1_1_1.run :: epoch=0  train_nll=-1804.262  val_nll=-2300.301  t=62.6s
2026-05-13 22:12:46,143 INFO CSMF2.step_1_1_1.run :: [h_std] total=0.58189 batch=0.01553 (no penalty)
2026-05-13 22:12:46,143 INFO CSMF2.step_1_1_1.run :: [lat_epoch] mean_l2=0.34587 std_l2=0.70119 lambda=1.000
2026-05-13 22:12:46,143 INFO CSMF2.step_1_1_1.run :: [grad] cond=106.5896 film_gain=0.0000
2026-05-13 22:12:55,951 INFO CSMF2.step_1_1_1.run :: [h] epoch=1 step=50 total=0.57275 batch=0.01488
2026-05-13 22:12:55,951 INFO CSMF2.step_1_1_1.run :: [lat] epoch=1 step=50 mean_l2=0.28417 std_l2=0.35115
2026-05-13 22:12:56,024 INFO CSMF2.step_1_1_1.run :: epoch=1 step=50/429 train_nll=-2225.870
2026-05-13 22:13:02,128 INFO CSMF2.step_1_1_1.run :: [h] epoch=1 step=100 total=0.58149 batch=0.01799
2026-05-13 22:13:02,128 INFO CSMF2.step_1_1_1.run :: [lat] epoch=1 step=100 mean_l2=0.62617 std_l2=2.32590
2026-05-13 22:13:02,200 INFO CSMF2.step_1_1_1.run :: epoch=1 step=100/429 train_nll=-2255.192
2026-05-13 22:13:08,348 INFO CSMF2.step_1_1_1.run :: [h] epoch=1 step=150 total=0.49669 batch=0.01284
2026-05-13 22:13:08,348 INFO CSMF2.step_1_1_1.run :: [lat] epoch=1 step=150 mean_l2=0.30622 std_l2=0.46920
2026-05-13 22:13:08,422 INFO CSMF2.step_1_1_1.run :: epoch=1 step=150/429 train_nll=-2245.376
2026-05-13 22:13:14,714 INFO CSMF2.step_1_1_1.run :: [h] epoch=1 step=200 total=0.53577 batch=0.01577
2026-05-13 22:13:14,715 INFO CSMF2.step_1_1_1.run :: [lat] epoch=1 step=200 mean_l2=0.29593 std_l2=0.71627
2026-05-13 22:13:14,794 INFO CSMF2.step_1_1_1.run :: epoch=1 step=200/429 train_nll=-2255.943
2026-05-13 22:13:21,288 INFO CSMF2.step_1_1_1.run :: [h] epoch=1 step=250 total=0.51954 batch=0.01315
2026-05-13 22:13:21,289 INFO CSMF2.step_1_1_1.run :: [lat] epoch=1 step=250 mean_l2=0.30018 std_l2=0.76855
2026-05-13 22:13:21,371 INFO CSMF2.step_1_1_1.run :: epoch=1 step=250/429 train_nll=-2267.870
2026-05-13 22:13:28,132 INFO CSMF2.step_1_1_1.run :: [h] epoch=1 step=300 total=0.50129 batch=0.01435
2026-05-13 22:13:28,132 INFO CSMF2.step_1_1_1.run :: [lat] epoch=1 step=300 mean_l2=0.31020 std_l2=0.93005
2026-05-13 22:13:28,218 INFO CSMF2.step_1_1_1.run :: epoch=1 step=300/429 train_nll=-2274.456
2026-05-13 22:13:35,005 INFO CSMF2.step_1_1_1.run :: [h] epoch=1 step=350 total=0.47393 batch=0.01374
2026-05-13 22:13:35,005 INFO CSMF2.step_1_1_1.run :: [lat] epoch=1 step=350 mean_l2=0.22835 std_l2=0.37205
2026-05-13 22:13:35,092 INFO CSMF2.step_1_1_1.run :: epoch=1 step=350/429 train_nll=-2280.358
2026-05-13 22:13:41,881 INFO CSMF2.step_1_1_1.run :: [h] epoch=1 step=400 total=0.49855 batch=0.01730
2026-05-13 22:13:41,881 INFO CSMF2.step_1_1_1.run :: [lat] epoch=1 step=400 mean_l2=0.36229 std_l2=0.76568
2026-05-13 22:13:41,967 INFO CSMF2.step_1_1_1.run :: epoch=1 step=400/429 train_nll=-2294.748
2026-05-13 22:13:47,870 INFO CSMF2.step_1_1_1.run :: epoch=1  train_nll=-2300.958  val_nll=-2430.316  t=57.8s
2026-05-13 22:13:47,871 INFO CSMF2.step_1_1_1.run :: [h_std] total=0.52450 batch=0.01482 (no penalty)
2026-05-13 22:13:47,871 INFO CSMF2.step_1_1_1.run :: [lat_epoch] mean_l2=0.33038 std_l2=0.79867 lambda=1.000
2026-05-13 22:13:47,871 INFO CSMF2.step_1_1_1.run :: [grad] cond=15.5709 film_gain=0.0000
2026-05-13 22:13:58,128 INFO CSMF2.step_1_1_1.run :: [h] epoch=2 step=50 total=0.46621 batch=0.01489
2026-05-13 22:13:58,129 INFO CSMF2.step_1_1_1.run :: [lat] epoch=2 step=50 mean_l2=0.23170 std_l2=0.38690
2026-05-13 22:13:58,213 INFO CSMF2.step_1_1_1.run :: epoch=2 step=50/429 train_nll=-2408.704
2026-05-13 22:14:04,909 INFO CSMF2.step_1_1_1.run :: [h] epoch=2 step=100 total=0.48251 batch=0.01921
2026-05-13 22:14:04,910 INFO CSMF2.step_1_1_1.run :: [lat] epoch=2 step=100 mean_l2=0.21011 std_l2=0.34264
2026-05-13 22:14:04,994 INFO CSMF2.step_1_1_1.run :: epoch=2 step=100/429 train_nll=-2422.481
2026-05-13 22:14:11,685 INFO CSMF2.step_1_1_1.run :: [h] epoch=2 step=150 total=0.45710 batch=0.01631
2026-05-13 22:14:11,685 INFO CSMF2.step_1_1_1.run :: [lat] epoch=2 step=150 mean_l2=0.51298 std_l2=0.58140
2026-05-13 22:14:11,770 INFO CSMF2.step_1_1_1.run :: epoch=2 step=150/429 train_nll=-2427.759
2026-05-13 22:14:18,459 INFO CSMF2.step_1_1_1.run :: [h] epoch=2 step=200 total=0.47024 batch=0.02015
2026-05-13 22:14:18,459 INFO CSMF2.step_1_1_1.run :: [lat] epoch=2 step=200 mean_l2=0.49545 std_l2=0.41552
2026-05-13 22:14:18,543 INFO CSMF2.step_1_1_1.run :: epoch=2 step=200/429 train_nll=-2438.664
2026-05-13 22:14:25,239 INFO CSMF2.step_1_1_1.run :: [h] epoch=2 step=250 total=0.46866 batch=0.01763
2026-05-13 22:14:25,239 INFO CSMF2.step_1_1_1.run :: [lat] epoch=2 step=250 mean_l2=0.26429 std_l2=1.42645
2026-05-13 22:14:25,324 INFO CSMF2.step_1_1_1.run :: epoch=2 step=250/429 train_nll=-2446.050
2026-05-13 22:14:32,030 INFO CSMF2.step_1_1_1.run :: [h] epoch=2 step=300 total=0.44949 batch=0.02118
2026-05-13 22:14:32,031 INFO CSMF2.step_1_1_1.run :: [lat] epoch=2 step=300 mean_l2=0.46957 std_l2=1.15272
2026-05-13 22:14:32,116 INFO CSMF2.step_1_1_1.run :: epoch=2 step=300/429 train_nll=-2451.839
2026-05-13 22:14:38,823 INFO CSMF2.step_1_1_1.run :: [h] epoch=2 step=350 total=0.42358 batch=0.01849
2026-05-13 22:14:38,823 INFO CSMF2.step_1_1_1.run :: [lat] epoch=2 step=350 mean_l2=0.28376 std_l2=0.36297
2026-05-13 22:14:38,908 INFO CSMF2.step_1_1_1.run :: epoch=2 step=350/429 train_nll=-2444.236
2026-05-13 22:14:45,619 INFO CSMF2.step_1_1_1.run :: [h] epoch=2 step=400 total=0.40852 batch=0.02179
2026-05-13 22:14:45,620 INFO CSMF2.step_1_1_1.run :: [lat] epoch=2 step=400 mean_l2=0.39442 std_l2=0.34497
2026-05-13 22:14:45,706 INFO CSMF2.step_1_1_1.run :: epoch=2 step=400/429 train_nll=-2447.162
2026-05-13 22:14:51,756 INFO CSMF2.step_1_1_1.run :: epoch=2  train_nll=-2448.003  val_nll=-2320.486  t=60.1s
2026-05-13 22:14:51,756 INFO CSMF2.step_1_1_1.run :: [h_std] total=0.44939 batch=0.01830 (no penalty)
2026-05-13 22:14:51,756 INFO CSMF2.step_1_1_1.run :: [lat_epoch] mean_l2=0.31571 std_l2=0.70066 lambda=1.000
2026-05-13 22:14:51,756 INFO CSMF2.step_1_1_1.run :: [grad] cond=10.5706 film_gain=0.0000
2026-05-13 22:15:04,382 INFO CSMF2.step_1_1_1.run :: [h] epoch=3 step=50 total=0.42105 batch=0.02230
2026-05-13 22:15:04,382 INFO CSMF2.step_1_1_1.run :: [lat] epoch=3 step=50 mean_l2=0.32795 std_l2=0.57112
2026-05-13 22:15:04,481 INFO CSMF2.step_1_1_1.run :: epoch=3 step=50/429 train_nll=-2473.974
2026-05-13 22:15:13,435 INFO CSMF2.step_1_1_1.run :: [h] epoch=3 step=100 total=0.37675 batch=0.02381
2026-05-13 22:15:13,436 INFO CSMF2.step_1_1_1.run :: [lat] epoch=3 step=100 mean_l2=0.29625 std_l2=0.32391
2026-05-13 22:15:13,534 INFO CSMF2.step_1_1_1.run :: epoch=3 step=100/429 train_nll=-2471.498
2026-05-13 22:15:22,493 INFO CSMF2.step_1_1_1.run :: [h] epoch=3 step=150 total=0.39461 batch=0.02359
2026-05-13 22:15:22,494 INFO CSMF2.step_1_1_1.run :: [lat] epoch=3 step=150 mean_l2=0.12286 std_l2=0.49606
2026-05-13 22:15:22,592 INFO CSMF2.step_1_1_1.run :: epoch=3 step=150/429 train_nll=-2484.150
2026-05-13 22:15:31,556 INFO CSMF2.step_1_1_1.run :: [h] epoch=3 step=200 total=0.32164 batch=0.02789
2026-05-13 22:15:31,556 INFO CSMF2.step_1_1_1.run :: [lat] epoch=3 step=200 mean_l2=0.36273 std_l2=0.36352
2026-05-13 22:15:31,655 INFO CSMF2.step_1_1_1.run :: epoch=3 step=200/429 train_nll=-2483.854
2026-05-13 22:15:40,613 INFO CSMF2.step_1_1_1.run :: [h] epoch=3 step=250 total=0.34231 batch=0.02773
2026-05-13 22:15:40,614 INFO CSMF2.step_1_1_1.run :: [lat] epoch=3 step=250 mean_l2=0.49305 std_l2=1.64668
2026-05-13 22:15:40,713 INFO CSMF2.step_1_1_1.run :: epoch=3 step=250/429 train_nll=-2492.826
2026-05-13 22:15:49,678 INFO CSMF2.step_1_1_1.run :: [h] epoch=3 step=300 total=0.35047 batch=0.03052
2026-05-13 22:15:49,679 INFO CSMF2.step_1_1_1.run :: [lat] epoch=3 step=300 mean_l2=0.35164 std_l2=0.34723
2026-05-13 22:15:49,778 INFO CSMF2.step_1_1_1.run :: epoch=3 step=300/429 train_nll=-2494.777
2026-05-13 22:15:58,749 INFO CSMF2.step_1_1_1.run :: [h] epoch=3 step=350 total=0.33373 batch=0.03485
2026-05-13 22:15:58,749 INFO CSMF2.step_1_1_1.run :: [lat] epoch=3 step=350 mean_l2=0.19124 std_l2=0.34231
2026-05-13 22:15:58,849 INFO CSMF2.step_1_1_1.run :: epoch=3 step=350/429 train_nll=-2501.243
2026-05-13 22:16:07,833 INFO CSMF2.step_1_1_1.run :: [h] epoch=3 step=400 total=0.31203 batch=0.04407
2026-05-13 22:16:07,833 INFO CSMF2.step_1_1_1.run :: [lat] epoch=3 step=400 mean_l2=0.23961 std_l2=0.37054
2026-05-13 22:16:07,933 INFO CSMF2.step_1_1_1.run :: epoch=3 step=400/429 train_nll=-2508.658
2026-05-13 22:16:16,512 INFO CSMF2.step_1_1_1.run :: epoch=3  train_nll=-2511.025  val_nll=-2599.246  t=80.9s
2026-05-13 22:16:16,512 INFO CSMF2.step_1_1_1.run :: [h_std] total=0.36465 batch=0.02969 (no penalty)
2026-05-13 22:16:16,512 INFO CSMF2.step_1_1_1.run :: [lat_epoch] mean_l2=0.31391 std_l2=0.64703 lambda=1.000
2026-05-13 22:16:16,512 INFO CSMF2.step_1_1_1.run :: [grad] cond=25.1025 film_gain=0.0000
2026-05-13 22:16:29,263 INFO CSMF2.step_1_1_1.run :: [h] epoch=4 step=50 total=0.31893 batch=0.05090
2026-05-13 22:16:29,264 INFO CSMF2.step_1_1_1.run :: [lat] epoch=4 step=50 mean_l2=0.23913 std_l2=0.39908
2026-05-13 22:16:29,365 INFO CSMF2.step_1_1_1.run :: epoch=4 step=50/429 train_nll=-2518.683
2026-05-13 22:16:38,397 INFO CSMF2.step_1_1_1.run :: [h] epoch=4 step=100 total=0.33337 batch=0.07089
2026-05-13 22:16:38,398 INFO CSMF2.step_1_1_1.run :: [lat] epoch=4 step=100 mean_l2=0.22366 std_l2=0.33185
2026-05-13 22:16:38,497 INFO CSMF2.step_1_1_1.run :: epoch=4 step=100/429 train_nll=-2552.689
2026-05-13 22:16:47,532 INFO CSMF2.step_1_1_1.run :: [h] epoch=4 step=150 total=0.31708 batch=0.06638
2026-05-13 22:16:47,532 INFO CSMF2.step_1_1_1.run :: [lat] epoch=4 step=150 mean_l2=0.18847 std_l2=0.29518
2026-05-13 22:16:47,634 INFO CSMF2.step_1_1_1.run :: epoch=4 step=150/429 train_nll=-2562.106
2026-05-13 22:16:56,661 INFO CSMF2.step_1_1_1.run :: [h] epoch=4 step=200 total=0.32630 batch=0.08198
2026-05-13 22:16:56,662 INFO CSMF2.step_1_1_1.run :: [lat] epoch=4 step=200 mean_l2=0.31536 std_l2=0.51977
2026-05-13 22:16:56,761 INFO CSMF2.step_1_1_1.run :: epoch=4 step=200/429 train_nll=-2559.965
2026-05-13 22:17:05,792 INFO CSMF2.step_1_1_1.run :: [h] epoch=4 step=250 total=0.29286 batch=0.06645
2026-05-13 22:17:05,792 INFO CSMF2.step_1_1_1.run :: [lat] epoch=4 step=250 mean_l2=0.14829 std_l2=0.82294
2026-05-13 22:17:05,893 INFO CSMF2.step_1_1_1.run :: epoch=4 step=250/429 train_nll=-2571.661
2026-05-13 22:17:14,913 INFO CSMF2.step_1_1_1.run :: [h] epoch=4 step=300 total=0.28950 batch=0.06803
2026-05-13 22:17:14,914 INFO CSMF2.step_1_1_1.run :: [lat] epoch=4 step=300 mean_l2=0.27616 std_l2=5.05526
2026-05-13 22:17:15,014 INFO CSMF2.step_1_1_1.run :: epoch=4 step=300/429 train_nll=-2575.912
2026-05-13 22:17:24,039 INFO CSMF2.step_1_1_1.run :: [h] epoch=4 step=350 total=0.31890 batch=0.07859
2026-05-13 22:17:24,040 INFO CSMF2.step_1_1_1.run :: [lat] epoch=4 step=350 mean_l2=0.23402 std_l2=0.31453
2026-05-13 22:17:24,139 INFO CSMF2.step_1_1_1.run :: epoch=4 step=350/429 train_nll=-2579.264
2026-05-13 22:17:33,169 INFO CSMF2.step_1_1_1.run :: [h] epoch=4 step=400 total=0.32847 batch=0.09899
2026-05-13 22:17:33,169 INFO CSMF2.step_1_1_1.run :: [lat] epoch=4 step=400 mean_l2=0.24059 std_l2=0.31786
2026-05-13 22:17:33,271 INFO CSMF2.step_1_1_1.run :: epoch=4 step=400/429 train_nll=-2584.131
2026-05-13 22:17:41,670 INFO CSMF2.step_1_1_1.run :: epoch=4  train_nll=-2585.603  val_nll=-2539.644  t=81.2s
2026-05-13 22:17:41,670 INFO CSMF2.step_1_1_1.run :: [h_std] total=0.32251 batch=0.07103 (no penalty)
2026-05-13 22:17:41,670 INFO CSMF2.step_1_1_1.run :: [lat_epoch] mean_l2=0.28595 std_l2=0.67415 lambda=1.000
2026-05-13 22:17:41,670 INFO CSMF2.step_1_1_1.run :: [grad] cond=34.2928 film_gain=0.0000
2026-05-13 22:17:52,000 INFO CSMF2.step_1_1_1.run :: [h] epoch=5 step=50 total=0.27238 batch=0.07432
2026-05-13 22:17:52,000 INFO CSMF2.step_1_1_1.run :: [lat] epoch=5 step=50 mean_l2=0.40173 std_l2=0.42800
2026-05-13 22:17:52,088 INFO CSMF2.step_1_1_1.run :: epoch=5 step=50/429 train_nll=-2568.143
2026-05-13 22:17:58,889 INFO CSMF2.step_1_1_1.run :: [h] epoch=5 step=100 total=0.31604 batch=0.09942
2026-05-13 22:17:58,889 INFO CSMF2.step_1_1_1.run :: [lat] epoch=5 step=100 mean_l2=0.23870 std_l2=0.28235
2026-05-13 22:17:58,977 INFO CSMF2.step_1_1_1.run :: epoch=5 step=100/429 train_nll=-2575.803
2026-05-13 22:18:05,772 INFO CSMF2.step_1_1_1.run :: [h] epoch=5 step=150 total=0.30741 batch=0.09214
2026-05-13 22:18:05,772 INFO CSMF2.step_1_1_1.run :: [lat] epoch=5 step=150 mean_l2=0.35561 std_l2=0.42244
2026-05-13 22:18:05,860 INFO CSMF2.step_1_1_1.run :: epoch=5 step=150/429 train_nll=-2594.314
2026-05-13 22:18:12,646 INFO CSMF2.step_1_1_1.run :: [h] epoch=5 step=200 total=0.29297 batch=0.10149
2026-05-13 22:18:12,646 INFO CSMF2.step_1_1_1.run :: [lat] epoch=5 step=200 mean_l2=0.17987 std_l2=0.48331
2026-05-13 22:18:12,733 INFO CSMF2.step_1_1_1.run :: epoch=5 step=200/429 train_nll=-2602.276
2026-05-13 22:18:19,512 INFO CSMF2.step_1_1_1.run :: [h] epoch=5 step=250 total=0.27433 batch=0.08400
2026-05-13 22:18:19,512 INFO CSMF2.step_1_1_1.run :: [lat] epoch=5 step=250 mean_l2=0.30857 std_l2=1.50873
2026-05-13 22:18:19,599 INFO CSMF2.step_1_1_1.run :: epoch=5 step=250/429 train_nll=-2607.392
2026-05-13 22:18:26,386 INFO CSMF2.step_1_1_1.run :: [h] epoch=5 step=300 total=0.25479 batch=0.07992
2026-05-13 22:18:26,387 INFO CSMF2.step_1_1_1.run :: [lat] epoch=5 step=300 mean_l2=0.21951 std_l2=0.60223
2026-05-13 22:18:26,474 INFO CSMF2.step_1_1_1.run :: epoch=5 step=300/429 train_nll=-2609.635
2026-05-13 22:18:33,270 INFO CSMF2.step_1_1_1.run :: [h] epoch=5 step=350 total=0.20691 batch=0.07237
2026-05-13 22:18:33,270 INFO CSMF2.step_1_1_1.run :: [lat] epoch=5 step=350 mean_l2=0.37513 std_l2=0.27033
2026-05-13 22:18:33,358 INFO CSMF2.step_1_1_1.run :: epoch=5 step=350/429 train_nll=-2618.282
2026-05-13 22:18:40,166 INFO CSMF2.step_1_1_1.run :: [h] epoch=5 step=400 total=0.19900 batch=0.05346
2026-05-13 22:18:40,166 INFO CSMF2.step_1_1_1.run :: [lat] epoch=5 step=400 mean_l2=0.16527 std_l2=0.34884
2026-05-13 22:18:40,254 INFO CSMF2.step_1_1_1.run :: epoch=5 step=400/429 train_nll=-2618.529
2026-05-13 22:18:46,360 INFO CSMF2.step_1_1_1.run :: epoch=5  train_nll=-2619.436  val_nll=-2590.130  t=60.9s
2026-05-13 22:18:46,360 INFO CSMF2.step_1_1_1.run :: [h_std] total=0.27458 batch=0.08226 (no penalty)
2026-05-13 22:18:46,361 INFO CSMF2.step_1_1_1.run :: [lat_epoch] mean_l2=0.29157 std_l2=0.68974 lambda=1.000
2026-05-13 22:18:46,361 INFO CSMF2.step_1_1_1.run :: [grad] cond=27.9932 film_gain=0.0000
2026-05-13 22:18:56,725 INFO CSMF2.step_1_1_1.run :: [h] epoch=6 step=50 total=0.18867 batch=0.05907
2026-05-13 22:18:56,726 INFO CSMF2.step_1_1_1.run :: [lat] epoch=6 step=50 mean_l2=0.24965 std_l2=0.25663
2026-05-13 22:18:56,814 INFO CSMF2.step_1_1_1.run :: epoch=6 step=50/429 train_nll=-2674.887
2026-05-13 22:19:03,705 INFO CSMF2.step_1_1_1.run :: [h] epoch=6 step=100 total=0.18500 batch=0.06933
2026-05-13 22:19:03,706 INFO CSMF2.step_1_1_1.run :: [lat] epoch=6 step=100 mean_l2=0.29229 std_l2=0.29778
2026-05-13 22:19:03,794 INFO CSMF2.step_1_1_1.run :: epoch=6 step=100/429 train_nll=-2674.750
2026-05-13 22:19:10,673 INFO CSMF2.step_1_1_1.run :: [h] epoch=6 step=150 total=0.23820 batch=0.07254
2026-05-13 22:19:10,674 INFO CSMF2.step_1_1_1.run :: [lat] epoch=6 step=150 mean_l2=0.32340 std_l2=0.44843
2026-05-13 22:19:10,763 INFO CSMF2.step_1_1_1.run :: epoch=6 step=150/429 train_nll=-2668.480
2026-05-13 22:19:17,642 INFO CSMF2.step_1_1_1.run :: [h] epoch=6 step=200 total=0.22996 batch=0.09319
2026-05-13 22:19:17,642 INFO CSMF2.step_1_1_1.run :: [lat] epoch=6 step=200 mean_l2=0.18747 std_l2=0.38721
2026-05-13 22:19:17,731 INFO CSMF2.step_1_1_1.run :: epoch=6 step=200/429 train_nll=-2670.582
2026-05-13 22:19:24,620 INFO CSMF2.step_1_1_1.run :: [h] epoch=6 step=250 total=0.19211 batch=0.06931
2026-05-13 22:19:24,620 INFO CSMF2.step_1_1_1.run :: [lat] epoch=6 step=250 mean_l2=0.13090 std_l2=1.22763
2026-05-13 22:19:24,710 INFO CSMF2.step_1_1_1.run :: epoch=6 step=250/429 train_nll=-2675.032
2026-05-13 22:19:31,604 INFO CSMF2.step_1_1_1.run :: [h] epoch=6 step=300 total=0.18296 batch=0.07134
2026-05-13 22:19:31,604 INFO CSMF2.step_1_1_1.run :: [lat] epoch=6 step=300 mean_l2=0.20936 std_l2=0.24304
2026-05-13 22:19:31,694 INFO CSMF2.step_1_1_1.run :: epoch=6 step=300/429 train_nll=-2658.274
2026-05-13 22:19:38,595 INFO CSMF2.step_1_1_1.run :: [h] epoch=6 step=350 total=0.20496 batch=0.08750
2026-05-13 22:19:38,595 INFO CSMF2.step_1_1_1.run :: [lat] epoch=6 step=350 mean_l2=0.43055 std_l2=0.53240
2026-05-13 22:19:38,685 INFO CSMF2.step_1_1_1.run :: epoch=6 step=350/429 train_nll=-2659.182
2026-05-13 22:19:45,588 INFO CSMF2.step_1_1_1.run :: [h] epoch=6 step=400 total=0.22227 batch=0.10104
2026-05-13 22:19:45,589 INFO CSMF2.step_1_1_1.run :: [lat] epoch=6 step=400 mean_l2=0.12722 std_l2=0.35249
2026-05-13 22:19:45,679 INFO CSMF2.step_1_1_1.run :: epoch=6 step=400/429 train_nll=-2668.030
2026-05-13 22:19:51,844 INFO CSMF2.step_1_1_1.run :: epoch=6  train_nll=-2671.055  val_nll=-2746.889  t=61.8s
2026-05-13 22:19:51,844 INFO CSMF2.step_1_1_1.run :: [h_std] total=0.20989 batch=0.07541 (no penalty)
2026-05-13 22:19:51,844 INFO CSMF2.step_1_1_1.run :: [lat_epoch] mean_l2=0.26587 std_l2=0.70700 lambda=1.000
2026-05-13 22:19:51,844 INFO CSMF2.step_1_1_1.run :: [grad] cond=12.5851 film_gain=0.0000
2026-05-13 22:20:02,132 INFO CSMF2.step_1_1_1.run :: [h] epoch=7 step=50 total=0.20389 batch=0.08895
2026-05-13 22:20:02,133 INFO CSMF2.step_1_1_1.run :: [lat] epoch=7 step=50 mean_l2=0.28659 std_l2=0.70098
2026-05-13 22:20:02,220 INFO CSMF2.step_1_1_1.run :: epoch=7 step=50/429 train_nll=-2693.397
2026-05-13 22:20:09,060 INFO CSMF2.step_1_1_1.run :: [h] epoch=7 step=100 total=0.20120 batch=0.09609
2026-05-13 22:20:09,060 INFO CSMF2.step_1_1_1.run :: [lat] epoch=7 step=100 mean_l2=0.17234 std_l2=0.25398
2026-05-13 22:20:09,148 INFO CSMF2.step_1_1_1.run :: epoch=7 step=100/429 train_nll=-2701.782
2026-05-13 22:20:15,996 INFO CSMF2.step_1_1_1.run :: [h] epoch=7 step=150 total=0.19516 batch=0.08270
2026-05-13 22:20:15,996 INFO CSMF2.step_1_1_1.run :: [lat] epoch=7 step=150 mean_l2=0.20725 std_l2=1.78326
2026-05-13 22:20:16,085 INFO CSMF2.step_1_1_1.run :: epoch=7 step=150/429 train_nll=-2711.927
2026-05-13 22:20:22,942 INFO CSMF2.step_1_1_1.run :: [h] epoch=7 step=200 total=0.19881 batch=0.09486
2026-05-13 22:20:22,943 INFO CSMF2.step_1_1_1.run :: [lat] epoch=7 step=200 mean_l2=0.27878 std_l2=0.48594
2026-05-13 22:20:23,031 INFO CSMF2.step_1_1_1.run :: epoch=7 step=200/429 train_nll=-2710.493
2026-05-13 22:20:29,902 INFO CSMF2.step_1_1_1.run :: [h] epoch=7 step=250 total=0.16310 batch=0.06527
2026-05-13 22:20:29,902 INFO CSMF2.step_1_1_1.run :: [lat] epoch=7 step=250 mean_l2=0.32854 std_l2=1.68513
2026-05-13 22:20:29,991 INFO CSMF2.step_1_1_1.run :: epoch=7 step=250/429 train_nll=-2701.676
2026-05-13 22:20:36,866 INFO CSMF2.step_1_1_1.run :: [h] epoch=7 step=300 total=0.19810 batch=0.07134
2026-05-13 22:20:36,866 INFO CSMF2.step_1_1_1.run :: [lat] epoch=7 step=300 mean_l2=0.51270 std_l2=0.30100
2026-05-13 22:20:36,955 INFO CSMF2.step_1_1_1.run :: epoch=7 step=300/429 train_nll=-2673.261
2026-05-13 22:20:43,819 INFO CSMF2.step_1_1_1.run :: [h] epoch=7 step=350 total=0.20084 batch=0.09146
2026-05-13 22:20:43,820 INFO CSMF2.step_1_1_1.run :: [lat] epoch=7 step=350 mean_l2=0.17870 std_l2=0.39404
2026-05-13 22:20:43,908 INFO CSMF2.step_1_1_1.run :: epoch=7 step=350/429 train_nll=-2675.960
2026-05-13 22:20:50,778 INFO CSMF2.step_1_1_1.run :: [h] epoch=7 step=400 total=0.17908 batch=0.07971
2026-05-13 22:20:50,779 INFO CSMF2.step_1_1_1.run :: [lat] epoch=7 step=400 mean_l2=0.27864 std_l2=0.33363
2026-05-13 22:20:50,867 INFO CSMF2.step_1_1_1.run :: epoch=7 step=400/429 train_nll=-2682.258
2026-05-13 22:20:57,007 INFO CSMF2.step_1_1_1.run :: epoch=7  train_nll=-2685.478  val_nll=-2727.464  t=61.5s
2026-05-13 22:20:57,007 INFO CSMF2.step_1_1_1.run :: [h_std] total=0.19196 batch=0.08499 (no penalty)
2026-05-13 22:20:57,007 INFO CSMF2.step_1_1_1.run :: [lat_epoch] mean_l2=0.26264 std_l2=0.74583 lambda=1.000
2026-05-13 22:20:57,007 INFO CSMF2.step_1_1_1.run :: [grad] cond=48.3879 film_gain=0.0000
2026-05-13 22:21:07,055 INFO CSMF2.step_1_1_1.run :: [h] epoch=8 step=50 total=0.17565 batch=0.08286
2026-05-13 22:21:07,056 INFO CSMF2.step_1_1_1.run :: [lat] epoch=8 step=50 mean_l2=0.29176 std_l2=0.41871
2026-05-13 22:21:07,139 INFO CSMF2.step_1_1_1.run :: epoch=8 step=50/429 train_nll=-2723.109
2026-05-13 22:21:13,739 INFO CSMF2.step_1_1_1.run :: [h] epoch=8 step=100 total=0.15544 batch=0.07548
2026-05-13 22:21:13,740 INFO CSMF2.step_1_1_1.run :: [lat] epoch=8 step=100 mean_l2=0.10673 std_l2=0.89681
2026-05-13 22:21:13,823 INFO CSMF2.step_1_1_1.run :: epoch=8 step=100/429 train_nll=-2743.365
2026-05-13 22:21:20,421 INFO CSMF2.step_1_1_1.run :: [h] epoch=8 step=150 total=0.15274 batch=0.07121
2026-05-13 22:21:20,421 INFO CSMF2.step_1_1_1.run :: [lat] epoch=8 step=150 mean_l2=0.17042 std_l2=0.33655
2026-05-13 22:21:20,504 INFO CSMF2.step_1_1_1.run :: epoch=8 step=150/429 train_nll=-2739.107
2026-05-13 22:21:27,100 INFO CSMF2.step_1_1_1.run :: [h] epoch=8 step=200 total=0.17105 batch=0.08160
2026-05-13 22:21:27,100 INFO CSMF2.step_1_1_1.run :: [lat] epoch=8 step=200 mean_l2=0.28345 std_l2=0.38186
2026-05-13 22:21:27,183 INFO CSMF2.step_1_1_1.run :: epoch=8 step=200/429 train_nll=-2729.948
2026-05-13 22:21:33,789 INFO CSMF2.step_1_1_1.run :: [h] epoch=8 step=250 total=0.15343 batch=0.07320
2026-05-13 22:21:33,790 INFO CSMF2.step_1_1_1.run :: [lat] epoch=8 step=250 mean_l2=0.14542 std_l2=0.57970
2026-05-13 22:21:33,873 INFO CSMF2.step_1_1_1.run :: epoch=8 step=250/429 train_nll=-2732.796
2026-05-13 22:21:40,482 INFO CSMF2.step_1_1_1.run :: [h] epoch=8 step=300 total=0.14516 batch=0.07142
2026-05-13 22:21:40,482 INFO CSMF2.step_1_1_1.run :: [lat] epoch=8 step=300 mean_l2=0.42119 std_l2=0.23395
2026-05-13 22:21:40,566 INFO CSMF2.step_1_1_1.run :: epoch=8 step=300/429 train_nll=-2738.388
2026-05-13 22:21:47,181 INFO CSMF2.step_1_1_1.run :: [h] epoch=8 step=350 total=0.15256 batch=0.07076
2026-05-13 22:21:47,182 INFO CSMF2.step_1_1_1.run :: [lat] epoch=8 step=350 mean_l2=0.13626 std_l2=0.45040
2026-05-13 22:21:47,265 INFO CSMF2.step_1_1_1.run :: epoch=8 step=350/429 train_nll=-2741.970
2026-05-13 22:21:53,883 INFO CSMF2.step_1_1_1.run :: [h] epoch=8 step=400 total=0.16213 batch=0.08274
2026-05-13 22:21:53,884 INFO CSMF2.step_1_1_1.run :: [lat] epoch=8 step=400 mean_l2=0.20339 std_l2=0.80331
2026-05-13 22:21:53,967 INFO CSMF2.step_1_1_1.run :: epoch=8 step=400/429 train_nll=-2743.915
2026-05-13 22:21:59,943 INFO CSMF2.step_1_1_1.run :: epoch=8  train_nll=-2743.490  val_nll=-2735.536  t=59.3s
2026-05-13 22:21:59,943 INFO CSMF2.step_1_1_1.run :: [h_std] total=0.16128 batch=0.07623 (no penalty)
2026-05-13 22:21:59,943 INFO CSMF2.step_1_1_1.run :: [lat_epoch] mean_l2=0.22991 std_l2=0.70393 lambda=1.000
2026-05-13 22:21:59,943 INFO CSMF2.step_1_1_1.run :: [grad] cond=68.4688 film_gain=0.0000
2026-05-13 22:22:10,397 INFO CSMF2.step_1_1_1.run :: [h] epoch=9 step=50 total=0.17798 batch=0.07742
2026-05-13 22:22:10,397 INFO CSMF2.step_1_1_1.run :: [lat] epoch=9 step=50 mean_l2=0.27940 std_l2=0.54135
2026-05-13 22:22:10,489 INFO CSMF2.step_1_1_1.run :: epoch=9 step=50/429 train_nll=-2757.934
2026-05-13 22:22:17,507 INFO CSMF2.step_1_1_1.run :: [h] epoch=9 step=100 total=0.14293 batch=0.07619
2026-05-13 22:22:17,507 INFO CSMF2.step_1_1_1.run :: [lat] epoch=9 step=100 mean_l2=0.20373 std_l2=0.35216
2026-05-13 22:22:17,599 INFO CSMF2.step_1_1_1.run :: epoch=9 step=100/429 train_nll=-2737.815
2026-05-13 22:22:24,626 INFO CSMF2.step_1_1_1.run :: [h] epoch=9 step=150 total=0.14600 batch=0.07014
2026-05-13 22:22:24,626 INFO CSMF2.step_1_1_1.run :: [lat] epoch=9 step=150 mean_l2=0.14136 std_l2=3.91707
2026-05-13 22:22:24,719 INFO CSMF2.step_1_1_1.run :: epoch=9 step=150/429 train_nll=-2744.427
2026-05-13 22:22:31,746 INFO CSMF2.step_1_1_1.run :: [h] epoch=9 step=200 total=0.14484 batch=0.06956
2026-05-13 22:22:31,747 INFO CSMF2.step_1_1_1.run :: [lat] epoch=9 step=200 mean_l2=0.57786 std_l2=1.64089
2026-05-13 22:22:31,839 INFO CSMF2.step_1_1_1.run :: epoch=9 step=200/429 train_nll=-2742.573
2026-05-13 22:22:38,858 INFO CSMF2.step_1_1_1.run :: [h] epoch=9 step=250 total=0.13031 batch=0.06518
2026-05-13 22:22:38,859 INFO CSMF2.step_1_1_1.run :: [lat] epoch=9 step=250 mean_l2=0.17324 std_l2=0.74623
2026-05-13 22:22:38,951 INFO CSMF2.step_1_1_1.run :: epoch=9 step=250/429 train_nll=-2729.585
2026-05-13 22:22:45,972 INFO CSMF2.step_1_1_1.run :: [h] epoch=9 step=300 total=0.13031 batch=0.06404
2026-05-13 22:22:45,973 INFO CSMF2.step_1_1_1.run :: [lat] epoch=9 step=300 mean_l2=0.25875 std_l2=0.37045
2026-05-13 22:22:46,064 INFO CSMF2.step_1_1_1.run :: epoch=9 step=300/429 train_nll=-2734.833
2026-05-13 22:22:53,086 INFO CSMF2.step_1_1_1.run :: [h] epoch=9 step=350 total=0.14971 batch=0.08088
2026-05-13 22:22:53,086 INFO CSMF2.step_1_1_1.run :: [lat] epoch=9 step=350 mean_l2=0.24368 std_l2=0.31863
2026-05-13 22:22:53,178 INFO CSMF2.step_1_1_1.run :: epoch=9 step=350/429 train_nll=-2742.255
2026-05-13 22:23:00,201 INFO CSMF2.step_1_1_1.run :: [h] epoch=9 step=400 total=0.15244 batch=0.07789
2026-05-13 22:23:00,202 INFO CSMF2.step_1_1_1.run :: [lat] epoch=9 step=400 mean_l2=0.30695 std_l2=0.26128
2026-05-13 22:23:00,294 INFO CSMF2.step_1_1_1.run :: epoch=9 step=400/429 train_nll=-2747.993
2026-05-13 22:23:06,523 INFO CSMF2.step_1_1_1.run :: epoch=9  train_nll=-2753.389  val_nll=-2772.622  t=63.0s
2026-05-13 22:23:06,523 INFO CSMF2.step_1_1_1.run :: [h_std] total=0.14617 batch=0.07361 (no penalty)
2026-05-13 22:23:06,523 INFO CSMF2.step_1_1_1.run :: [lat_epoch] mean_l2=0.24107 std_l2=0.67871 lambda=1.000
2026-05-13 22:23:06,523 INFO CSMF2.step_1_1_1.run :: [grad] cond=125.3355 film_gain=0.0000
2026-05-13 22:23:16,670 INFO CSMF2.step_1_1_1.run :: [h] epoch=10 step=50 total=0.14181 batch=0.07496
2026-05-13 22:23:16,671 INFO CSMF2.step_1_1_1.run :: [lat] epoch=10 step=50 mean_l2=0.16053 std_l2=0.21666
2026-05-13 22:23:16,758 INFO CSMF2.step_1_1_1.run :: epoch=10 step=50/429 train_nll=-2817.800
2026-05-13 22:23:23,543 INFO CSMF2.step_1_1_1.run :: [h] epoch=10 step=100 total=0.15407 batch=0.08125
2026-05-13 22:23:23,544 INFO CSMF2.step_1_1_1.run :: [lat] epoch=10 step=100 mean_l2=0.21175 std_l2=0.40110
2026-05-13 22:23:23,631 INFO CSMF2.step_1_1_1.run :: epoch=10 step=100/429 train_nll=-2811.073
2026-05-13 22:23:30,525 INFO CSMF2.step_1_1_1.run :: [h] epoch=10 step=150 total=0.14119 batch=0.07094
2026-05-13 22:23:30,525 INFO CSMF2.step_1_1_1.run :: [lat] epoch=10 step=150 mean_l2=0.37361 std_l2=53.68311
2026-05-13 22:23:30,613 INFO CSMF2.step_1_1_1.run :: epoch=10 step=150/429 train_nll=-2809.412
2026-05-13 22:23:37,416 INFO CSMF2.step_1_1_1.run :: [h] epoch=10 step=200 total=0.13688 batch=0.07256
2026-05-13 22:23:37,417 INFO CSMF2.step_1_1_1.run :: [lat] epoch=10 step=200 mean_l2=0.21154 std_l2=0.55971
2026-05-13 22:23:37,504 INFO CSMF2.step_1_1_1.run :: epoch=10 step=200/429 train_nll=-2801.920
2026-05-13 22:23:44,309 INFO CSMF2.step_1_1_1.run :: [h] epoch=10 step=250 total=0.12189 batch=0.06059
2026-05-13 22:23:44,309 INFO CSMF2.step_1_1_1.run :: [lat] epoch=10 step=250 mean_l2=0.17524 std_l2=0.88616
2026-05-13 22:23:44,396 INFO CSMF2.step_1_1_1.run :: epoch=10 step=250/429 train_nll=-2800.850
2026-05-13 22:23:51,205 INFO CSMF2.step_1_1_1.run :: [h] epoch=10 step=300 total=0.12896 batch=0.05945
2026-05-13 22:23:51,206 INFO CSMF2.step_1_1_1.run :: [lat] epoch=10 step=300 mean_l2=0.17540 std_l2=0.22307
2026-05-13 22:23:51,293 INFO CSMF2.step_1_1_1.run :: epoch=10 step=300/429 train_nll=-2798.838
2026-05-13 22:23:58,111 INFO CSMF2.step_1_1_1.run :: [h] epoch=10 step=350 total=0.13774 batch=0.07368
2026-05-13 22:23:58,112 INFO CSMF2.step_1_1_1.run :: [lat] epoch=10 step=350 mean_l2=0.16419 std_l2=0.36587
2026-05-13 22:23:58,199 INFO CSMF2.step_1_1_1.run :: epoch=10 step=350/429 train_nll=-2804.064
2026-05-13 22:24:05,034 INFO CSMF2.step_1_1_1.run :: [h] epoch=10 step=400 total=0.12826 batch=0.06844
2026-05-13 22:24:05,035 INFO CSMF2.step_1_1_1.run :: [lat] epoch=10 step=400 mean_l2=0.24032 std_l2=2.01275
2026-05-13 22:24:05,122 INFO CSMF2.step_1_1_1.run :: epoch=10 step=400/429 train_nll=-2806.243
2026-05-13 22:24:11,234 INFO CSMF2.step_1_1_1.run :: epoch=10  train_nll=-2807.136  val_nll=-2789.672  t=61.1s
2026-05-13 22:24:11,234 INFO CSMF2.step_1_1_1.run :: [h_std] total=0.13467 batch=0.06843 (no penalty)
2026-05-13 22:24:11,234 INFO CSMF2.step_1_1_1.run :: [lat_epoch] mean_l2=0.20496 std_l2=0.82286 lambda=1.000
2026-05-13 22:24:11,234 INFO CSMF2.step_1_1_1.run :: [grad] cond=101.0195 film_gain=0.0000
2026-05-13 22:24:21,473 INFO CSMF2.step_1_1_1.run :: [h] epoch=11 step=50 total=0.12910 batch=0.06743
2026-05-13 22:24:21,474 INFO CSMF2.step_1_1_1.run :: [lat] epoch=11 step=50 mean_l2=0.23961 std_l2=1.23226
2026-05-13 22:24:21,563 INFO CSMF2.step_1_1_1.run :: epoch=11 step=50/429 train_nll=-2833.507
2026-05-13 22:24:28,443 INFO CSMF2.step_1_1_1.run :: [h] epoch=11 step=100 total=0.12193 batch=0.06456
2026-05-13 22:24:28,444 INFO CSMF2.step_1_1_1.run :: [lat] epoch=11 step=100 mean_l2=0.16265 std_l2=0.24127
2026-05-13 22:24:28,533 INFO CSMF2.step_1_1_1.run :: epoch=11 step=100/429 train_nll=-2822.575
2026-05-13 22:24:35,399 INFO CSMF2.step_1_1_1.run :: [h] epoch=11 step=150 total=0.12378 batch=0.06093
2026-05-13 22:24:35,399 INFO CSMF2.step_1_1_1.run :: [lat] epoch=11 step=150 mean_l2=0.21578 std_l2=0.90010
2026-05-13 22:24:35,488 INFO CSMF2.step_1_1_1.run :: epoch=11 step=150/429 train_nll=-2831.270
2026-05-13 22:24:42,347 INFO CSMF2.step_1_1_1.run :: [h] epoch=11 step=200 total=0.11924 batch=0.05816
2026-05-13 22:24:42,348 INFO CSMF2.step_1_1_1.run :: [lat] epoch=11 step=200 mean_l2=0.19878 std_l2=1.60440
2026-05-13 22:24:42,436 INFO CSMF2.step_1_1_1.run :: epoch=11 step=200/429 train_nll=-2817.287
2026-05-13 22:24:49,396 INFO CSMF2.step_1_1_1.run :: [h] epoch=11 step=250 total=0.11603 batch=0.05503
2026-05-13 22:24:49,396 INFO CSMF2.step_1_1_1.run :: [lat] epoch=11 step=250 mean_l2=0.13052 std_l2=1.38196
2026-05-13 22:24:49,485 INFO CSMF2.step_1_1_1.run :: epoch=11 step=250/429 train_nll=-2810.418
2026-05-13 22:24:56,363 INFO CSMF2.step_1_1_1.run :: [h] epoch=11 step=300 total=0.10979 batch=0.05198
2026-05-13 22:24:56,364 INFO CSMF2.step_1_1_1.run :: [lat] epoch=11 step=300 mean_l2=0.14681 std_l2=0.19092
2026-05-13 22:24:56,452 INFO CSMF2.step_1_1_1.run :: epoch=11 step=300/429 train_nll=-2807.665
2026-05-13 22:25:03,339 INFO CSMF2.step_1_1_1.run :: [h] epoch=11 step=350 total=0.13148 batch=0.06692
2026-05-13 22:25:03,339 INFO CSMF2.step_1_1_1.run :: [lat] epoch=11 step=350 mean_l2=0.28848 std_l2=0.24311
2026-05-13 22:25:03,428 INFO CSMF2.step_1_1_1.run :: epoch=11 step=350/429 train_nll=-2804.234
2026-05-13 22:25:10,317 INFO CSMF2.step_1_1_1.run :: [h] epoch=11 step=400 total=0.12418 batch=0.06481
2026-05-13 22:25:10,318 INFO CSMF2.step_1_1_1.run :: [lat] epoch=11 step=400 mean_l2=0.10242 std_l2=0.33702
2026-05-13 22:25:10,407 INFO CSMF2.step_1_1_1.run :: epoch=11 step=400/429 train_nll=-2809.168
2026-05-13 22:25:16,557 INFO CSMF2.step_1_1_1.run :: epoch=11  train_nll=-2812.061  val_nll=-2803.719  t=61.7s
2026-05-13 22:25:16,557 INFO CSMF2.step_1_1_1.run :: [h_std] total=0.12221 batch=0.06120 (no penalty)
2026-05-13 22:25:16,557 INFO CSMF2.step_1_1_1.run :: [lat_epoch] mean_l2=0.21204 std_l2=0.74862 lambda=1.000
2026-05-13 22:25:16,557 INFO CSMF2.step_1_1_1.run :: [grad] cond=73.8284 film_gain=0.0000
2026-05-13 22:25:27,110 INFO CSMF2.step_1_1_1.run :: [h] epoch=12 step=50 total=0.11930 batch=0.06064
2026-05-13 22:25:27,111 INFO CSMF2.step_1_1_1.run :: [lat] epoch=12 step=50 mean_l2=0.21261 std_l2=0.56206
2026-05-13 22:25:27,206 INFO CSMF2.step_1_1_1.run :: epoch=12 step=50/429 train_nll=-2866.160
2026-05-13 22:25:34,388 INFO CSMF2.step_1_1_1.run :: [h] epoch=12 step=100 total=0.12305 batch=0.06516
2026-05-13 22:25:34,388 INFO CSMF2.step_1_1_1.run :: [lat] epoch=12 step=100 mean_l2=0.16815 std_l2=0.28293
2026-05-13 22:25:34,483 INFO CSMF2.step_1_1_1.run :: epoch=12 step=100/429 train_nll=-2836.869
2026-05-13 22:25:41,646 INFO CSMF2.step_1_1_1.run :: [h] epoch=12 step=150 total=0.12273 batch=0.05731
2026-05-13 22:25:41,646 INFO CSMF2.step_1_1_1.run :: [lat] epoch=12 step=150 mean_l2=0.12470 std_l2=3.34738
2026-05-13 22:25:41,741 INFO CSMF2.step_1_1_1.run :: epoch=12 step=150/429 train_nll=-2834.010
2026-05-13 22:25:48,904 INFO CSMF2.step_1_1_1.run :: [h] epoch=12 step=200 total=0.11817 batch=0.05990
2026-05-13 22:25:48,904 INFO CSMF2.step_1_1_1.run :: [lat] epoch=12 step=200 mean_l2=0.22527 std_l2=1.30320
2026-05-13 22:25:48,999 INFO CSMF2.step_1_1_1.run :: epoch=12 step=200/429 train_nll=-2832.630
2026-05-13 22:25:56,152 INFO CSMF2.step_1_1_1.run :: [h] epoch=12 step=250 total=0.12159 batch=0.05927
2026-05-13 22:25:56,153 INFO CSMF2.step_1_1_1.run :: [lat] epoch=12 step=250 mean_l2=0.16866 std_l2=0.65012
2026-05-13 22:25:56,248 INFO CSMF2.step_1_1_1.run :: epoch=12 step=250/429 train_nll=-2829.952
2026-05-13 22:26:03,404 INFO CSMF2.step_1_1_1.run :: [h] epoch=12 step=300 total=0.11451 batch=0.05437
2026-05-13 22:26:03,405 INFO CSMF2.step_1_1_1.run :: [lat] epoch=12 step=300 mean_l2=0.16301 std_l2=0.19248
2026-05-13 22:26:03,500 INFO CSMF2.step_1_1_1.run :: epoch=12 step=300/429 train_nll=-2835.294
2026-05-13 22:26:10,752 INFO CSMF2.step_1_1_1.run :: [h] epoch=12 step=350 total=0.11418 batch=0.05829
2026-05-13 22:26:10,752 INFO CSMF2.step_1_1_1.run :: [lat] epoch=12 step=350 mean_l2=0.12586 std_l2=0.40212
2026-05-13 22:26:10,847 INFO CSMF2.step_1_1_1.run :: epoch=12 step=350/429 train_nll=-2840.655
2026-05-13 22:26:18,025 INFO CSMF2.step_1_1_1.run :: [h] epoch=12 step=400 total=0.11197 batch=0.05476
2026-05-13 22:26:18,025 INFO CSMF2.step_1_1_1.run :: [lat] epoch=12 step=400 mean_l2=0.27760 std_l2=0.79316
2026-05-13 22:26:18,121 INFO CSMF2.step_1_1_1.run :: epoch=12 step=400/429 train_nll=-2842.887
2026-05-13 22:26:24,457 INFO CSMF2.step_1_1_1.run :: epoch=12  train_nll=-2841.137  val_nll=-2805.514  t=64.3s
2026-05-13 22:26:24,457 INFO CSMF2.step_1_1_1.run :: [h_std] total=0.11673 batch=0.05837 (no penalty)
2026-05-13 22:26:24,457 INFO CSMF2.step_1_1_1.run :: [lat_epoch] mean_l2=0.19868 std_l2=0.62914 lambda=1.000
2026-05-13 22:26:24,457 INFO CSMF2.step_1_1_1.run :: [grad] cond=104.2041 film_gain=0.0000
2026-05-13 22:26:34,733 INFO CSMF2.step_1_1_1.run :: [h] epoch=13 step=50 total=0.10872 batch=0.05252
2026-05-13 22:26:34,733 INFO CSMF2.step_1_1_1.run :: [lat] epoch=13 step=50 mean_l2=0.12338 std_l2=0.24646
2026-05-13 22:26:34,822 INFO CSMF2.step_1_1_1.run :: epoch=13 step=50/429 train_nll=-2882.854
2026-05-13 22:26:41,704 INFO CSMF2.step_1_1_1.run :: [h] epoch=13 step=100 total=0.10716 batch=0.05363
2026-05-13 22:26:41,704 INFO CSMF2.step_1_1_1.run :: [lat] epoch=13 step=100 mean_l2=0.17524 std_l2=2.03836
2026-05-13 22:26:41,794 INFO CSMF2.step_1_1_1.run :: epoch=13 step=100/429 train_nll=-2874.894
2026-05-13 22:26:48,681 INFO CSMF2.step_1_1_1.run :: [h] epoch=13 step=150 total=0.10606 batch=0.05051
2026-05-13 22:26:48,681 INFO CSMF2.step_1_1_1.run :: [lat] epoch=13 step=150 mean_l2=0.12779 std_l2=0.57926
2026-05-13 22:26:48,771 INFO CSMF2.step_1_1_1.run :: epoch=13 step=150/429 train_nll=-2874.030
2026-05-13 22:26:55,664 INFO CSMF2.step_1_1_1.run :: [h] epoch=13 step=200 total=0.10679 batch=0.05100
2026-05-13 22:26:55,664 INFO CSMF2.step_1_1_1.run :: [lat] epoch=13 step=200 mean_l2=0.21379 std_l2=1.14581
2026-05-13 22:26:55,754 INFO CSMF2.step_1_1_1.run :: epoch=13 step=200/429 train_nll=-2872.887
2026-05-13 22:27:02,646 INFO CSMF2.step_1_1_1.run :: [h] epoch=13 step=250 total=0.09762 batch=0.04289
2026-05-13 22:27:02,646 INFO CSMF2.step_1_1_1.run :: [lat] epoch=13 step=250 mean_l2=0.47335 std_l2=1.29477
2026-05-13 22:27:02,736 INFO CSMF2.step_1_1_1.run :: epoch=13 step=250/429 train_nll=-2860.925
2026-05-13 22:27:09,725 INFO CSMF2.step_1_1_1.run :: [h] epoch=13 step=300 total=0.10160 batch=0.04817
2026-05-13 22:27:09,726 INFO CSMF2.step_1_1_1.run :: [lat] epoch=13 step=300 mean_l2=0.26945 std_l2=1.50579
2026-05-13 22:27:09,815 INFO CSMF2.step_1_1_1.run :: epoch=13 step=300/429 train_nll=-2854.823
2026-05-13 22:27:16,731 INFO CSMF2.step_1_1_1.run :: [h] epoch=13 step=350 total=0.10221 batch=0.05013
2026-05-13 22:27:16,732 INFO CSMF2.step_1_1_1.run :: [lat] epoch=13 step=350 mean_l2=0.15031 std_l2=0.36374
2026-05-13 22:27:16,822 INFO CSMF2.step_1_1_1.run :: epoch=13 step=350/429 train_nll=-2860.325
2026-05-13 22:27:23,745 INFO CSMF2.step_1_1_1.run :: [h] epoch=13 step=400 total=0.10533 batch=0.05238
2026-05-13 22:27:23,746 INFO CSMF2.step_1_1_1.run :: [lat] epoch=13 step=400 mean_l2=0.13143 std_l2=0.66642
2026-05-13 22:27:23,836 INFO CSMF2.step_1_1_1.run :: epoch=13 step=400/429 train_nll=-2864.689
2026-05-13 22:27:30,003 INFO CSMF2.step_1_1_1.run :: epoch=13  train_nll=-2867.291  val_nll=-2841.161  t=61.9s
2026-05-13 22:27:30,003 INFO CSMF2.step_1_1_1.run :: [h_std] total=0.10684 batch=0.05125 (no penalty)
2026-05-13 22:27:30,003 INFO CSMF2.step_1_1_1.run :: [lat_epoch] mean_l2=0.18578 std_l2=0.72126 lambda=1.000
2026-05-13 22:27:30,003 INFO CSMF2.step_1_1_1.run :: [grad] cond=163.5764 film_gain=0.0000
2026-05-13 22:27:43,057 INFO CSMF2.step_1_1_1.run :: [h] epoch=14 step=50 total=0.10506 batch=0.04984
2026-05-13 22:27:43,058 INFO CSMF2.step_1_1_1.run :: [lat] epoch=14 step=50 mean_l2=0.16616 std_l2=0.19363
2026-05-13 22:27:43,169 INFO CSMF2.step_1_1_1.run :: epoch=14 step=50/429 train_nll=-2885.889
2026-05-13 22:27:52,689 INFO CSMF2.step_1_1_1.run :: [h] epoch=14 step=100 total=0.10852 batch=0.05482
2026-05-13 22:27:52,690 INFO CSMF2.step_1_1_1.run :: [lat] epoch=14 step=100 mean_l2=0.19872 std_l2=0.75948
2026-05-13 22:27:52,801 INFO CSMF2.step_1_1_1.run :: epoch=14 step=100/429 train_nll=-2895.882
2026-05-13 22:28:02,325 INFO CSMF2.step_1_1_1.run :: [h] epoch=14 step=150 total=0.10215 batch=0.04788
2026-05-13 22:28:02,325 INFO CSMF2.step_1_1_1.run :: [lat] epoch=14 step=150 mean_l2=0.22468 std_l2=0.19849
2026-05-13 22:28:02,437 INFO CSMF2.step_1_1_1.run :: epoch=14 step=150/429 train_nll=-2899.972
2026-05-13 22:28:11,971 INFO CSMF2.step_1_1_1.run :: [h] epoch=14 step=200 total=0.10933 batch=0.05327
2026-05-13 22:28:11,972 INFO CSMF2.step_1_1_1.run :: [lat] epoch=14 step=200 mean_l2=0.16364 std_l2=0.90694
2026-05-13 22:28:12,084 INFO CSMF2.step_1_1_1.run :: epoch=14 step=200/429 train_nll=-2888.303
2026-05-13 22:28:21,639 INFO CSMF2.step_1_1_1.run :: [h] epoch=14 step=250 total=0.09703 batch=0.04401
2026-05-13 22:28:21,639 INFO CSMF2.step_1_1_1.run :: [lat] epoch=14 step=250 mean_l2=0.28237 std_l2=1.10149
2026-05-13 22:28:21,752 INFO CSMF2.step_1_1_1.run :: epoch=14 step=250/429 train_nll=-2867.463
2026-05-13 22:28:29,979 INFO CSMF2.step_1_1_1.run :: [h] epoch=14 step=300 total=0.10097 batch=0.04771
2026-05-13 22:28:29,980 INFO CSMF2.step_1_1_1.run :: [lat] epoch=14 step=300 mean_l2=0.23642 std_l2=1.07132
2026-05-13 22:28:30,072 INFO CSMF2.step_1_1_1.run :: epoch=14 step=300/429 train_nll=-2869.657
2026-05-13 22:28:37,214 INFO CSMF2.step_1_1_1.run :: [h] epoch=14 step=350 total=0.10034 batch=0.04887
2026-05-13 22:28:37,215 INFO CSMF2.step_1_1_1.run :: [lat] epoch=14 step=350 mean_l2=0.18762 std_l2=0.27088
2026-05-13 22:28:37,308 INFO CSMF2.step_1_1_1.run :: epoch=14 step=350/429 train_nll=-2870.545
2026-05-13 22:28:44,375 INFO CSMF2.step_1_1_1.run :: [h] epoch=14 step=400 total=0.09586 batch=0.04623
2026-05-13 22:28:44,375 INFO CSMF2.step_1_1_1.run :: [lat] epoch=14 step=400 mean_l2=0.14367 std_l2=0.71438
2026-05-13 22:28:44,468 INFO CSMF2.step_1_1_1.run :: epoch=14 step=400/429 train_nll=-2873.643
2026-05-13 22:28:50,718 INFO CSMF2.step_1_1_1.run :: epoch=14  train_nll=-2874.628  val_nll=-2824.241  t=77.0s
2026-05-13 22:28:50,718 INFO CSMF2.step_1_1_1.run :: [h_std] total=0.10150 batch=0.04783 (no penalty)
2026-05-13 22:28:50,718 INFO CSMF2.step_1_1_1.run :: [lat_epoch] mean_l2=0.19480 std_l2=0.93279 lambda=1.000
2026-05-13 22:28:50,718 INFO CSMF2.step_1_1_1.run :: [grad] cond=252.3623 film_gain=0.0000
2026-05-13 22:29:01,245 INFO CSMF2.step_1_1_1.run :: [h] epoch=15 step=50 total=0.09651 batch=0.04519
2026-05-13 22:29:01,246 INFO CSMF2.step_1_1_1.run :: [lat] epoch=15 step=50 mean_l2=0.25743 std_l2=0.60488
2026-05-13 22:29:01,339 INFO CSMF2.step_1_1_1.run :: epoch=15 step=50/429 train_nll=-2875.948
2026-05-13 22:29:08,429 INFO CSMF2.step_1_1_1.run :: [h] epoch=15 step=100 total=0.09952 batch=0.05050
2026-05-13 22:29:08,430 INFO CSMF2.step_1_1_1.run :: [lat] epoch=15 step=100 mean_l2=0.18040 std_l2=0.47756
2026-05-13 22:29:08,525 INFO CSMF2.step_1_1_1.run :: epoch=15 step=100/429 train_nll=-2893.870
2026-05-13 22:29:15,611 INFO CSMF2.step_1_1_1.run :: [h] epoch=15 step=150 total=0.09552 batch=0.04235
2026-05-13 22:29:15,612 INFO CSMF2.step_1_1_1.run :: [lat] epoch=15 step=150 mean_l2=0.21980 std_l2=0.25969
2026-05-13 22:29:15,706 INFO CSMF2.step_1_1_1.run :: epoch=15 step=150/429 train_nll=-2884.561
2026-05-13 22:29:22,784 INFO CSMF2.step_1_1_1.run :: [h] epoch=15 step=200 total=0.09532 batch=0.04305
2026-05-13 22:29:22,784 INFO CSMF2.step_1_1_1.run :: [lat] epoch=15 step=200 mean_l2=0.22859 std_l2=0.23636
2026-05-13 22:29:22,879 INFO CSMF2.step_1_1_1.run :: epoch=15 step=200/429 train_nll=-2862.096
2026-05-13 22:29:29,966 INFO CSMF2.step_1_1_1.run :: [h] epoch=15 step=250 total=0.09347 batch=0.04531
2026-05-13 22:29:29,966 INFO CSMF2.step_1_1_1.run :: [lat] epoch=15 step=250 mean_l2=0.10523 std_l2=1.36635
2026-05-13 22:29:30,059 INFO CSMF2.step_1_1_1.run :: epoch=15 step=250/429 train_nll=-2863.263
2026-05-13 22:29:37,142 INFO CSMF2.step_1_1_1.run :: [h] epoch=15 step=300 total=0.09524 batch=0.04366
2026-05-13 22:29:37,142 INFO CSMF2.step_1_1_1.run :: [lat] epoch=15 step=300 mean_l2=0.18845 std_l2=2.36316
2026-05-13 22:29:37,237 INFO CSMF2.step_1_1_1.run :: epoch=15 step=300/429 train_nll=-2874.553
2026-05-13 22:29:44,321 INFO CSMF2.step_1_1_1.run :: [h] epoch=15 step=350 total=0.09203 batch=0.04395
2026-05-13 22:29:44,322 INFO CSMF2.step_1_1_1.run :: [lat] epoch=15 step=350 mean_l2=0.15460 std_l2=1.29615
2026-05-13 22:29:44,415 INFO CSMF2.step_1_1_1.run :: epoch=15 step=350/429 train_nll=-2881.342
2026-05-13 22:29:51,495 INFO CSMF2.step_1_1_1.run :: [h] epoch=15 step=400 total=0.09174 batch=0.04472
2026-05-13 22:29:51,496 INFO CSMF2.step_1_1_1.run :: [lat] epoch=15 step=400 mean_l2=0.16098 std_l2=0.56172
2026-05-13 22:29:51,591 INFO CSMF2.step_1_1_1.run :: epoch=15 step=400/429 train_nll=-2887.170
2026-05-13 22:29:57,684 INFO CSMF2.step_1_1_1.run :: epoch=15  train_nll=-2887.935  val_nll=-2785.404  t=63.3s
2026-05-13 22:29:57,684 INFO CSMF2.step_1_1_1.run :: [h_std] total=0.09462 batch=0.04445 (no penalty)
2026-05-13 22:29:57,684 INFO CSMF2.step_1_1_1.run :: [lat_epoch] mean_l2=0.18771 std_l2=0.67043 lambda=1.000
2026-05-13 22:29:57,684 INFO CSMF2.step_1_1_1.run :: [grad] cond=224.8225 film_gain=0.0000
2026-05-13 22:30:08,281 INFO CSMF2.step_1_1_1.run :: [h] epoch=16 step=50 total=0.09635 batch=0.04856
2026-05-13 22:30:08,281 INFO CSMF2.step_1_1_1.run :: [lat] epoch=16 step=50 mean_l2=0.13339 std_l2=0.80937
2026-05-13 22:30:08,374 INFO CSMF2.step_1_1_1.run :: epoch=16 step=50/429 train_nll=-2921.432
2026-05-13 22:30:15,455 INFO CSMF2.step_1_1_1.run :: [h] epoch=16 step=100 total=0.09786 batch=0.04886
2026-05-13 22:30:15,455 INFO CSMF2.step_1_1_1.run :: [lat] epoch=16 step=100 mean_l2=0.12204 std_l2=0.22522
2026-05-13 22:30:15,549 INFO CSMF2.step_1_1_1.run :: epoch=16 step=100/429 train_nll=-2924.145
2026-05-13 22:30:22,636 INFO CSMF2.step_1_1_1.run :: [h] epoch=16 step=150 total=0.09376 batch=0.04421
2026-05-13 22:30:22,637 INFO CSMF2.step_1_1_1.run :: [lat] epoch=16 step=150 mean_l2=0.24824 std_l2=0.28519
2026-05-13 22:30:22,730 INFO CSMF2.step_1_1_1.run :: epoch=16 step=150/429 train_nll=-2930.320
2026-05-13 22:30:29,825 INFO CSMF2.step_1_1_1.run :: [h] epoch=16 step=200 total=0.09376 batch=0.04453
2026-05-13 22:30:29,825 INFO CSMF2.step_1_1_1.run :: [lat] epoch=16 step=200 mean_l2=0.13469 std_l2=0.48489
2026-05-13 22:30:29,919 INFO CSMF2.step_1_1_1.run :: epoch=16 step=200/429 train_nll=-2928.896
2026-05-13 22:30:37,230 INFO CSMF2.step_1_1_1.run :: [h] epoch=16 step=250 total=0.08999 batch=0.04253
2026-05-13 22:30:37,230 INFO CSMF2.step_1_1_1.run :: [lat] epoch=16 step=250 mean_l2=0.19358 std_l2=1.77317
2026-05-13 22:30:37,345 INFO CSMF2.step_1_1_1.run :: epoch=16 step=250/429 train_nll=-2926.158
2026-05-13 22:30:47,054 INFO CSMF2.step_1_1_1.run :: [h] epoch=16 step=300 total=0.08896 batch=0.03927
2026-05-13 22:30:47,055 INFO CSMF2.step_1_1_1.run :: [lat] epoch=16 step=300 mean_l2=0.11732 std_l2=0.11614
2026-05-13 22:30:47,170 INFO CSMF2.step_1_1_1.run :: epoch=16 step=300/429 train_nll=-2928.795
2026-05-13 22:30:56,941 INFO CSMF2.step_1_1_1.run :: [h] epoch=16 step=350 total=0.09177 batch=0.04392
2026-05-13 22:30:56,942 INFO CSMF2.step_1_1_1.run :: [lat] epoch=16 step=350 mean_l2=0.11969 std_l2=0.15738
2026-05-13 22:30:57,057 INFO CSMF2.step_1_1_1.run :: epoch=16 step=350/429 train_nll=-2928.792
2026-05-13 22:31:06,774 INFO CSMF2.step_1_1_1.run :: [h] epoch=16 step=400 total=0.08991 batch=0.04270
2026-05-13 22:31:06,774 INFO CSMF2.step_1_1_1.run :: [lat] epoch=16 step=400 mean_l2=0.10810 std_l2=0.32598
2026-05-13 22:31:06,889 INFO CSMF2.step_1_1_1.run :: epoch=16 step=400/429 train_nll=-2932.800
2026-05-13 22:31:15,884 INFO CSMF2.step_1_1_1.run :: epoch=16  train_nll=-2934.014  val_nll=-2811.804  t=74.4s
2026-05-13 22:31:15,884 INFO CSMF2.step_1_1_1.run :: [h_std] total=0.09278 batch=0.04430 (no penalty)
2026-05-13 22:31:15,884 INFO CSMF2.step_1_1_1.run :: [lat_epoch] mean_l2=0.16576 std_l2=0.51455 lambda=1.000
2026-05-13 22:31:15,884 INFO CSMF2.step_1_1_1.run :: [grad] cond=51.8381 film_gain=0.0000
2026-05-13 22:31:26,390 INFO CSMF2.step_1_1_1.run :: [h] epoch=17 step=50 total=0.09122 batch=0.04193
2026-05-13 22:31:26,390 INFO CSMF2.step_1_1_1.run :: [lat] epoch=17 step=50 mean_l2=0.16569 std_l2=0.22886
2026-05-13 22:31:26,484 INFO CSMF2.step_1_1_1.run :: epoch=17 step=50/429 train_nll=-2938.939
2026-05-13 22:31:33,586 INFO CSMF2.step_1_1_1.run :: [h] epoch=17 step=100 total=0.08992 batch=0.04287
2026-05-13 22:31:33,587 INFO CSMF2.step_1_1_1.run :: [lat] epoch=17 step=100 mean_l2=0.19698 std_l2=0.48791
2026-05-13 22:31:33,681 INFO CSMF2.step_1_1_1.run :: epoch=17 step=100/429 train_nll=-2943.881
2026-05-13 22:31:40,781 INFO CSMF2.step_1_1_1.run :: [h] epoch=17 step=150 total=0.08743 batch=0.04146
2026-05-13 22:31:40,781 INFO CSMF2.step_1_1_1.run :: [lat] epoch=17 step=150 mean_l2=0.22786 std_l2=0.25550
2026-05-13 22:31:40,875 INFO CSMF2.step_1_1_1.run :: epoch=17 step=150/429 train_nll=-2940.205
2026-05-13 22:31:47,984 INFO CSMF2.step_1_1_1.run :: [h] epoch=17 step=200 total=0.08752 batch=0.03989
2026-05-13 22:31:47,984 INFO CSMF2.step_1_1_1.run :: [lat] epoch=17 step=200 mean_l2=0.13765 std_l2=1.03916
2026-05-13 22:31:48,078 INFO CSMF2.step_1_1_1.run :: epoch=17 step=200/429 train_nll=-2934.827
2026-05-13 22:31:55,195 INFO CSMF2.step_1_1_1.run :: [h] epoch=17 step=250 total=0.08679 batch=0.03878
2026-05-13 22:31:55,195 INFO CSMF2.step_1_1_1.run :: [lat] epoch=17 step=250 mean_l2=0.30612 std_l2=1.28191
2026-05-13 22:31:55,289 INFO CSMF2.step_1_1_1.run :: epoch=17 step=250/429 train_nll=-2929.768
2026-05-13 22:32:02,402 INFO CSMF2.step_1_1_1.run :: [h] epoch=17 step=300 total=0.08790 batch=0.04063
2026-05-13 22:32:02,402 INFO CSMF2.step_1_1_1.run :: [lat] epoch=17 step=300 mean_l2=0.16434 std_l2=0.18957
2026-05-13 22:32:02,496 INFO CSMF2.step_1_1_1.run :: epoch=17 step=300/429 train_nll=-2931.025
2026-05-13 22:32:09,697 INFO CSMF2.step_1_1_1.run :: [h] epoch=17 step=350 total=0.09071 batch=0.04355
2026-05-13 22:32:09,698 INFO CSMF2.step_1_1_1.run :: [lat] epoch=17 step=350 mean_l2=0.14591 std_l2=0.15800
2026-05-13 22:32:09,792 INFO CSMF2.step_1_1_1.run :: epoch=17 step=350/429 train_nll=-2930.371
2026-05-13 22:32:16,916 INFO CSMF2.step_1_1_1.run :: [h] epoch=17 step=400 total=0.09290 batch=0.04458
2026-05-13 22:32:16,917 INFO CSMF2.step_1_1_1.run :: [lat] epoch=17 step=400 mean_l2=0.12991 std_l2=0.31977
2026-05-13 22:32:17,011 INFO CSMF2.step_1_1_1.run :: epoch=17 step=400/429 train_nll=-2929.794
2026-05-13 22:32:23,292 INFO CSMF2.step_1_1_1.run :: epoch=17  train_nll=-2931.568  val_nll=-2880.011  t=63.8s
2026-05-13 22:32:23,292 INFO CSMF2.step_1_1_1.run :: [h_std] total=0.08962 batch=0.04205 (no penalty)
2026-05-13 22:32:23,292 INFO CSMF2.step_1_1_1.run :: [lat_epoch] mean_l2=0.16993 std_l2=0.58680 lambda=1.000
2026-05-13 22:32:23,292 INFO CSMF2.step_1_1_1.run :: [grad] cond=45.8611 film_gain=0.0000
2026-05-13 22:32:33,774 INFO CSMF2.step_1_1_1.run :: [h] epoch=18 step=50 total=0.09216 batch=0.04576
2026-05-13 22:32:33,774 INFO CSMF2.step_1_1_1.run :: [lat] epoch=18 step=50 mean_l2=0.13739 std_l2=0.20717
2026-05-13 22:32:33,868 INFO CSMF2.step_1_1_1.run :: epoch=18 step=50/429 train_nll=-2934.946
2026-05-13 22:32:40,987 INFO CSMF2.step_1_1_1.run :: [h] epoch=18 step=100 total=0.08994 batch=0.04341
2026-05-13 22:32:40,987 INFO CSMF2.step_1_1_1.run :: [lat] epoch=18 step=100 mean_l2=0.11303 std_l2=0.16646
2026-05-13 22:32:41,081 INFO CSMF2.step_1_1_1.run :: epoch=18 step=100/429 train_nll=-2953.841
2026-05-13 22:32:48,205 INFO CSMF2.step_1_1_1.run :: [h] epoch=18 step=150 total=0.08785 batch=0.04278
2026-05-13 22:32:48,205 INFO CSMF2.step_1_1_1.run :: [lat] epoch=18 step=150 mean_l2=0.20266 std_l2=0.11304
2026-05-13 22:32:48,300 INFO CSMF2.step_1_1_1.run :: epoch=18 step=150/429 train_nll=-2950.275
2026-05-13 22:32:55,422 INFO CSMF2.step_1_1_1.run :: [h] epoch=18 step=200 total=0.08639 batch=0.04144
2026-05-13 22:32:55,423 INFO CSMF2.step_1_1_1.run :: [lat] epoch=18 step=200 mean_l2=0.19764 std_l2=0.14190
2026-05-13 22:32:55,517 INFO CSMF2.step_1_1_1.run :: epoch=18 step=200/429 train_nll=-2954.052
2026-05-13 22:33:02,639 INFO CSMF2.step_1_1_1.run :: [h] epoch=18 step=250 total=0.08305 batch=0.04070
2026-05-13 22:33:02,639 INFO CSMF2.step_1_1_1.run :: [lat] epoch=18 step=250 mean_l2=0.15588 std_l2=1.76710
2026-05-13 22:33:02,733 INFO CSMF2.step_1_1_1.run :: epoch=18 step=250/429 train_nll=-2954.584
2026-05-13 22:33:09,853 INFO CSMF2.step_1_1_1.run :: [h] epoch=18 step=300 total=0.08441 batch=0.03810
2026-05-13 22:33:09,854 INFO CSMF2.step_1_1_1.run :: [lat] epoch=18 step=300 mean_l2=0.12435 std_l2=0.10861
2026-05-13 22:33:09,948 INFO CSMF2.step_1_1_1.run :: epoch=18 step=300/429 train_nll=-2958.099
2026-05-13 22:33:17,068 INFO CSMF2.step_1_1_1.run :: [h] epoch=18 step=350 total=0.08818 batch=0.04323
2026-05-13 22:33:17,069 INFO CSMF2.step_1_1_1.run :: [lat] epoch=18 step=350 mean_l2=0.22974 std_l2=0.28702
2026-05-13 22:33:17,163 INFO CSMF2.step_1_1_1.run :: epoch=18 step=350/429 train_nll=-2957.075
2026-05-13 22:33:24,381 INFO CSMF2.step_1_1_1.run :: [h] epoch=18 step=400 total=0.08534 batch=0.04095
2026-05-13 22:33:24,381 INFO CSMF2.step_1_1_1.run :: [lat] epoch=18 step=400 mean_l2=0.20593 std_l2=0.92893
2026-05-13 22:33:24,476 INFO CSMF2.step_1_1_1.run :: epoch=18 step=400/429 train_nll=-2957.066
2026-05-13 22:33:30,774 INFO CSMF2.step_1_1_1.run :: epoch=18  train_nll=-2958.094  val_nll=-2923.380  t=63.9s
2026-05-13 22:33:30,774 INFO CSMF2.step_1_1_1.run :: [h_std] total=0.08750 batch=0.04232 (no penalty)
2026-05-13 22:33:30,775 INFO CSMF2.step_1_1_1.run :: [lat_epoch] mean_l2=0.15437 std_l2=0.54190 lambda=1.000
2026-05-13 22:33:30,775 INFO CSMF2.step_1_1_1.run :: [grad] cond=50.4299 film_gain=0.0000
2026-05-13 22:33:43,997 INFO CSMF2.step_1_1_1.run :: [h] epoch=19 step=50 total=0.09053 batch=0.04434
2026-05-13 22:33:43,997 INFO CSMF2.step_1_1_1.run :: [lat] epoch=19 step=50 mean_l2=0.14048 std_l2=0.19880
2026-05-13 22:33:44,113 INFO CSMF2.step_1_1_1.run :: epoch=19 step=50/429 train_nll=-2984.273
2026-05-13 22:33:53,851 INFO CSMF2.step_1_1_1.run :: [h] epoch=19 step=100 total=0.09077 batch=0.04403
2026-05-13 22:33:53,851 INFO CSMF2.step_1_1_1.run :: [lat] epoch=19 step=100 mean_l2=0.13620 std_l2=5.06738
2026-05-13 22:33:53,967 INFO CSMF2.step_1_1_1.run :: epoch=19 step=100/429 train_nll=-2955.711
2026-05-13 22:34:03,701 INFO CSMF2.step_1_1_1.run :: [h] epoch=19 step=150 total=0.08035 batch=0.03644
2026-05-13 22:34:03,702 INFO CSMF2.step_1_1_1.run :: [lat] epoch=19 step=150 mean_l2=0.15080 std_l2=2.56501
2026-05-13 22:34:03,817 INFO CSMF2.step_1_1_1.run :: epoch=19 step=150/429 train_nll=-2946.760
2026-05-13 22:34:13,551 INFO CSMF2.step_1_1_1.run :: [h] epoch=19 step=200 total=0.08657 batch=0.04153
2026-05-13 22:34:13,552 INFO CSMF2.step_1_1_1.run :: [lat] epoch=19 step=200 mean_l2=0.12778 std_l2=0.13217
2026-05-13 22:34:13,668 INFO CSMF2.step_1_1_1.run :: epoch=19 step=200/429 train_nll=-2943.642
2026-05-13 22:34:23,407 INFO CSMF2.step_1_1_1.run :: [h] epoch=19 step=250 total=0.08361 batch=0.03847
2026-05-13 22:34:23,408 INFO CSMF2.step_1_1_1.run :: [lat] epoch=19 step=250 mean_l2=0.19344 std_l2=3.10833
2026-05-13 22:34:23,524 INFO CSMF2.step_1_1_1.run :: epoch=19 step=250/429 train_nll=-2937.184
2026-05-13 22:34:33,258 INFO CSMF2.step_1_1_1.run :: [h] epoch=19 step=300 total=0.08528 batch=0.03995
2026-05-13 22:34:33,258 INFO CSMF2.step_1_1_1.run :: [lat] epoch=19 step=300 mean_l2=0.14716 std_l2=1.12439
2026-05-13 22:34:33,374 INFO CSMF2.step_1_1_1.run :: epoch=19 step=300/429 train_nll=-2940.543
2026-05-13 22:34:43,111 INFO CSMF2.step_1_1_1.run :: [h] epoch=19 step=350 total=0.08335 batch=0.04039
2026-05-13 22:34:43,112 INFO CSMF2.step_1_1_1.run :: [lat] epoch=19 step=350 mean_l2=0.16481 std_l2=0.16612
2026-05-13 22:34:43,228 INFO CSMF2.step_1_1_1.run :: epoch=19 step=350/429 train_nll=-2945.489
2026-05-13 22:34:52,970 INFO CSMF2.step_1_1_1.run :: [h] epoch=19 step=400 total=0.08890 batch=0.04423
2026-05-13 22:34:52,971 INFO CSMF2.step_1_1_1.run :: [lat] epoch=19 step=400 mean_l2=0.16184 std_l2=0.20429
2026-05-13 22:34:53,087 INFO CSMF2.step_1_1_1.run :: epoch=19 step=400/429 train_nll=-2946.989
2026-05-13 22:35:02,088 INFO CSMF2.step_1_1_1.run :: epoch=19  train_nll=-2950.317  val_nll=-2944.164  t=87.6s
2026-05-13 22:35:02,088 INFO CSMF2.step_1_1_1.run :: [h_std] total=0.08566 batch=0.04085 (no penalty)
2026-05-13 22:35:02,088 INFO CSMF2.step_1_1_1.run :: [lat_epoch] mean_l2=0.16631 std_l2=1.08963 lambda=1.000
2026-05-13 22:35:02,088 INFO CSMF2.step_1_1_1.run :: [grad] cond=119.8074 film_gain=0.0000
2026-05-13 22:35:12,752 INFO CSMF2.step_1_1_1.run :: [h] epoch=20 step=50 total=0.08546 batch=0.03941
2026-05-13 22:35:12,753 INFO CSMF2.step_1_1_1.run :: [lat] epoch=20 step=50 mean_l2=0.12075 std_l2=1.11070
2026-05-13 22:35:12,847 INFO CSMF2.step_1_1_1.run :: epoch=20 step=50/429 train_nll=-2978.523
2026-05-13 22:35:19,993 INFO CSMF2.step_1_1_1.run :: [h] epoch=20 step=100 total=0.08708 batch=0.04292
2026-05-13 22:35:19,993 INFO CSMF2.step_1_1_1.run :: [lat] epoch=20 step=100 mean_l2=0.13880 std_l2=0.30441
2026-05-13 22:35:20,088 INFO CSMF2.step_1_1_1.run :: epoch=20 step=100/429 train_nll=-2976.722
2026-05-13 22:35:27,222 INFO CSMF2.step_1_1_1.run :: [h] epoch=20 step=150 total=0.08157 batch=0.03765
2026-05-13 22:35:27,222 INFO CSMF2.step_1_1_1.run :: [lat] epoch=20 step=150 mean_l2=0.11934 std_l2=0.40749
2026-05-13 22:35:27,317 INFO CSMF2.step_1_1_1.run :: epoch=20 step=150/429 train_nll=-2981.617
2026-05-13 22:35:34,457 INFO CSMF2.step_1_1_1.run :: [h] epoch=20 step=200 total=0.08638 batch=0.04288
2026-05-13 22:35:34,458 INFO CSMF2.step_1_1_1.run :: [lat] epoch=20 step=200 mean_l2=0.12655 std_l2=0.49827
2026-05-13 22:35:34,553 INFO CSMF2.step_1_1_1.run :: epoch=20 step=200/429 train_nll=-2985.256
2026-05-13 22:35:41,695 INFO CSMF2.step_1_1_1.run :: [h] epoch=20 step=250 total=0.08180 batch=0.03761
2026-05-13 22:35:41,696 INFO CSMF2.step_1_1_1.run :: [lat] epoch=20 step=250 mean_l2=0.15425 std_l2=2.02409
2026-05-13 22:35:41,790 INFO CSMF2.step_1_1_1.run :: epoch=20 step=250/429 train_nll=-2986.952
2026-05-13 22:35:48,936 INFO CSMF2.step_1_1_1.run :: [h] epoch=20 step=300 total=0.08575 batch=0.04012
2026-05-13 22:35:48,937 INFO CSMF2.step_1_1_1.run :: [lat] epoch=20 step=300 mean_l2=0.13910 std_l2=0.12117
2026-05-13 22:35:49,031 INFO CSMF2.step_1_1_1.run :: epoch=20 step=300/429 train_nll=-2986.677
2026-05-13 22:35:56,172 INFO CSMF2.step_1_1_1.run :: [h] epoch=20 step=350 total=0.08645 batch=0.04202
2026-05-13 22:35:56,172 INFO CSMF2.step_1_1_1.run :: [lat] epoch=20 step=350 mean_l2=0.10934 std_l2=0.12159
2026-05-13 22:35:56,267 INFO CSMF2.step_1_1_1.run :: epoch=20 step=350/429 train_nll=-2989.489
2026-05-13 22:36:03,414 INFO CSMF2.step_1_1_1.run :: [h] epoch=20 step=400 total=0.08318 batch=0.04069
2026-05-13 22:36:03,414 INFO CSMF2.step_1_1_1.run :: [lat] epoch=20 step=400 mean_l2=0.10347 std_l2=6.05468
2026-05-13 22:36:03,509 INFO CSMF2.step_1_1_1.run :: epoch=20 step=400/429 train_nll=-2989.263
2026-05-13 22:36:09,637 INFO CSMF2.step_1_1_1.run :: epoch=20  train_nll=-2988.564  val_nll=-2879.463  t=63.8s
2026-05-13 22:36:09,637 INFO CSMF2.step_1_1_1.run :: [h_std] total=0.08432 batch=0.04097 (no penalty)
2026-05-13 22:36:09,637 INFO CSMF2.step_1_1_1.run :: [lat_epoch] mean_l2=0.13512 std_l2=0.55378 lambda=1.000
2026-05-13 22:36:09,637 INFO CSMF2.step_1_1_1.run :: [grad] cond=622.1760 film_gain=0.0000
2026-05-13 22:36:20,562 INFO CSMF2.step_1_1_1.run :: [h] epoch=21 step=50 total=0.08281 batch=0.04126
2026-05-13 22:36:20,563 INFO CSMF2.step_1_1_1.run :: [lat] epoch=21 step=50 mean_l2=0.11724 std_l2=0.15702
2026-05-13 22:36:20,663 INFO CSMF2.step_1_1_1.run :: epoch=21 step=50/429 train_nll=-2980.233
2026-05-13 22:36:28,098 INFO CSMF2.step_1_1_1.run :: [h] epoch=21 step=100 total=0.08164 batch=0.03902
2026-05-13 22:36:28,098 INFO CSMF2.step_1_1_1.run :: [lat] epoch=21 step=100 mean_l2=0.14665 std_l2=0.51205
2026-05-13 22:36:28,199 INFO CSMF2.step_1_1_1.run :: epoch=21 step=100/429 train_nll=-2982.934
2026-05-13 22:36:35,624 INFO CSMF2.step_1_1_1.run :: [h] epoch=21 step=150 total=0.08277 batch=0.04124
2026-05-13 22:36:35,625 INFO CSMF2.step_1_1_1.run :: [lat] epoch=21 step=150 mean_l2=0.13745 std_l2=0.12811
2026-05-13 22:36:35,725 INFO CSMF2.step_1_1_1.run :: epoch=21 step=150/429 train_nll=-2984.248
2026-05-13 22:36:43,147 INFO CSMF2.step_1_1_1.run :: [h] epoch=21 step=200 total=0.08774 batch=0.04454
2026-05-13 22:36:43,148 INFO CSMF2.step_1_1_1.run :: [lat] epoch=21 step=200 mean_l2=0.12618 std_l2=0.27097
2026-05-13 22:36:43,248 INFO CSMF2.step_1_1_1.run :: epoch=21 step=200/429 train_nll=-2989.960
2026-05-13 22:36:50,667 INFO CSMF2.step_1_1_1.run :: [h] epoch=21 step=250 total=0.08248 batch=0.04114
2026-05-13 22:36:50,668 INFO CSMF2.step_1_1_1.run :: [lat] epoch=21 step=250 mean_l2=0.12645 std_l2=1.93864
2026-05-13 22:36:50,768 INFO CSMF2.step_1_1_1.run :: epoch=21 step=250/429 train_nll=-2993.974
2026-05-13 22:36:58,191 INFO CSMF2.step_1_1_1.run :: [h] epoch=21 step=300 total=0.08435 batch=0.04276
2026-05-13 22:36:58,191 INFO CSMF2.step_1_1_1.run :: [lat] epoch=21 step=300 mean_l2=0.17299 std_l2=0.12213
2026-05-13 22:36:58,292 INFO CSMF2.step_1_1_1.run :: epoch=21 step=300/429 train_nll=-2997.392
2026-05-13 22:37:05,797 INFO CSMF2.step_1_1_1.run :: [h] epoch=21 step=350 total=0.08502 batch=0.04312
2026-05-13 22:37:05,798 INFO CSMF2.step_1_1_1.run :: [lat] epoch=21 step=350 mean_l2=0.16421 std_l2=0.29964
2026-05-13 22:37:05,898 INFO CSMF2.step_1_1_1.run :: epoch=21 step=350/429 train_nll=-2998.676
2026-05-13 22:37:13,346 INFO CSMF2.step_1_1_1.run :: [h] epoch=21 step=400 total=0.08390 batch=0.04236
2026-05-13 22:37:13,346 INFO CSMF2.step_1_1_1.run :: [lat] epoch=21 step=400 mean_l2=0.15680 std_l2=0.30968
2026-05-13 22:37:13,447 INFO CSMF2.step_1_1_1.run :: epoch=21 step=400/429 train_nll=-2999.241
2026-05-13 22:37:19,924 INFO CSMF2.step_1_1_1.run :: epoch=21  train_nll=-3000.466  val_nll=-2940.508  t=66.6s
2026-05-13 22:37:19,924 INFO CSMF2.step_1_1_1.run :: [h_std] total=0.08413 batch=0.04213 (no penalty)
2026-05-13 22:37:19,924 INFO CSMF2.step_1_1_1.run :: [lat_epoch] mean_l2=0.13752 std_l2=0.56061 lambda=1.000
2026-05-13 22:37:19,925 INFO CSMF2.step_1_1_1.run :: [grad] cond=150.9171 film_gain=0.0000
2026-05-13 22:37:30,386 INFO CSMF2.step_1_1_1.run :: [h] epoch=22 step=50 total=0.08607 batch=0.04436
2026-05-13 22:37:30,387 INFO CSMF2.step_1_1_1.run :: [lat] epoch=22 step=50 mean_l2=0.08924 std_l2=0.11923
2026-05-13 22:37:30,480 INFO CSMF2.step_1_1_1.run :: epoch=22 step=50/429 train_nll=-3022.066
2026-05-13 22:37:37,568 INFO CSMF2.step_1_1_1.run :: [h] epoch=22 step=100 total=0.08391 batch=0.04206
2026-05-13 22:37:37,568 INFO CSMF2.step_1_1_1.run :: [lat] epoch=22 step=100 mean_l2=0.11664 std_l2=0.29243
2026-05-13 22:37:37,661 INFO CSMF2.step_1_1_1.run :: epoch=22 step=100/429 train_nll=-3026.601
2026-05-13 22:37:44,755 INFO CSMF2.step_1_1_1.run :: [h] epoch=22 step=150 total=0.08367 batch=0.04448
2026-05-13 22:37:44,755 INFO CSMF2.step_1_1_1.run :: [lat] epoch=22 step=150 mean_l2=0.08752 std_l2=0.20864
2026-05-13 22:37:44,849 INFO CSMF2.step_1_1_1.run :: epoch=22 step=150/429 train_nll=-3029.943
2026-05-13 22:37:52,015 INFO CSMF2.step_1_1_1.run :: [h] epoch=22 step=200 total=0.08491 batch=0.04316
2026-05-13 22:37:52,016 INFO CSMF2.step_1_1_1.run :: [lat] epoch=22 step=200 mean_l2=0.11327 std_l2=0.14705
2026-05-13 22:37:52,109 INFO CSMF2.step_1_1_1.run :: epoch=22 step=200/429 train_nll=-3029.210
2026-05-13 22:37:59,208 INFO CSMF2.step_1_1_1.run :: [h] epoch=22 step=250 total=0.08249 batch=0.04265
2026-05-13 22:37:59,208 INFO CSMF2.step_1_1_1.run :: [lat] epoch=22 step=250 mean_l2=0.20970 std_l2=2.77733
2026-05-13 22:37:59,302 INFO CSMF2.step_1_1_1.run :: epoch=22 step=250/429 train_nll=-3026.429
2026-05-13 22:38:06,404 INFO CSMF2.step_1_1_1.run :: [h] epoch=22 step=300 total=0.08454 batch=0.04427
2026-05-13 22:38:06,404 INFO CSMF2.step_1_1_1.run :: [lat] epoch=22 step=300 mean_l2=0.15618 std_l2=1.19595
2026-05-13 22:38:06,498 INFO CSMF2.step_1_1_1.run :: epoch=22 step=300/429 train_nll=-3020.956
2026-05-13 22:38:13,598 INFO CSMF2.step_1_1_1.run :: [h] epoch=22 step=350 total=0.08443 batch=0.04333
2026-05-13 22:38:13,598 INFO CSMF2.step_1_1_1.run :: [lat] epoch=22 step=350 mean_l2=0.15585 std_l2=0.26073
2026-05-13 22:38:13,692 INFO CSMF2.step_1_1_1.run :: epoch=22 step=350/429 train_nll=-3018.422
2026-05-13 22:38:20,792 INFO CSMF2.step_1_1_1.run :: [h] epoch=22 step=400 total=0.08282 batch=0.04378
2026-05-13 22:38:20,793 INFO CSMF2.step_1_1_1.run :: [lat] epoch=22 step=400 mean_l2=0.12478 std_l2=0.08424
2026-05-13 22:38:20,886 INFO CSMF2.step_1_1_1.run :: epoch=22 step=400/429 train_nll=-3018.893
2026-05-13 22:38:27,165 INFO CSMF2.step_1_1_1.run :: epoch=22  train_nll=-3019.400  val_nll=-2969.075  t=63.6s
2026-05-13 22:38:27,165 INFO CSMF2.step_1_1_1.run :: [h_std] total=0.08352 batch=0.04248 (no penalty)
2026-05-13 22:38:27,165 INFO CSMF2.step_1_1_1.run :: [lat_epoch] mean_l2=0.12787 std_l2=0.47648 lambda=1.000
2026-05-13 22:38:27,165 INFO CSMF2.step_1_1_1.run :: [grad] cond=351.4542 film_gain=0.0000
2026-05-13 22:38:37,739 INFO CSMF2.step_1_1_1.run :: [h] epoch=23 step=50 total=0.08588 batch=0.04519
2026-05-13 22:38:37,740 INFO CSMF2.step_1_1_1.run :: [lat] epoch=23 step=50 mean_l2=0.19385 std_l2=0.41172
2026-05-13 22:38:37,837 INFO CSMF2.step_1_1_1.run :: epoch=23 step=50/429 train_nll=-2942.988
2026-05-13 22:38:45,079 INFO CSMF2.step_1_1_1.run :: [h] epoch=23 step=100 total=0.08273 batch=0.04459
2026-05-13 22:38:45,079 INFO CSMF2.step_1_1_1.run :: [lat] epoch=23 step=100 mean_l2=0.24759 std_l2=0.18605
2026-05-13 22:38:45,176 INFO CSMF2.step_1_1_1.run :: epoch=23 step=100/429 train_nll=-2963.863
2026-05-13 22:38:52,517 INFO CSMF2.step_1_1_1.run :: [h] epoch=23 step=150 total=0.08224 batch=0.04389
2026-05-13 22:38:52,517 INFO CSMF2.step_1_1_1.run :: [lat] epoch=23 step=150 mean_l2=0.10548 std_l2=0.50634
2026-05-13 22:38:52,615 INFO CSMF2.step_1_1_1.run :: epoch=23 step=150/429 train_nll=-2978.260
2026-05-13 22:38:59,879 INFO CSMF2.step_1_1_1.run :: [h] epoch=23 step=200 total=0.08479 batch=0.04498
2026-05-13 22:38:59,879 INFO CSMF2.step_1_1_1.run :: [lat] epoch=23 step=200 mean_l2=0.13794 std_l2=1.72893
2026-05-13 22:38:59,977 INFO CSMF2.step_1_1_1.run :: epoch=23 step=200/429 train_nll=-2981.397
2026-05-13 22:39:07,244 INFO CSMF2.step_1_1_1.run :: [h] epoch=23 step=250 total=0.08055 batch=0.04165
2026-05-13 22:39:07,244 INFO CSMF2.step_1_1_1.run :: [lat] epoch=23 step=250 mean_l2=0.13391 std_l2=2.28396
2026-05-13 22:39:07,342 INFO CSMF2.step_1_1_1.run :: epoch=23 step=250/429 train_nll=-2983.764
2026-05-13 22:39:14,609 INFO CSMF2.step_1_1_1.run :: [h] epoch=23 step=300 total=0.08457 batch=0.04276
2026-05-13 22:39:14,610 INFO CSMF2.step_1_1_1.run :: [lat] epoch=23 step=300 mean_l2=0.10194 std_l2=0.09318
2026-05-13 22:39:14,707 INFO CSMF2.step_1_1_1.run :: epoch=23 step=300/429 train_nll=-2989.449
2026-05-13 22:39:21,975 INFO CSMF2.step_1_1_1.run :: [h] epoch=23 step=350 total=0.08437 batch=0.04498
2026-05-13 22:39:21,975 INFO CSMF2.step_1_1_1.run :: [lat] epoch=23 step=350 mean_l2=0.10815 std_l2=0.07511
2026-05-13 22:39:22,073 INFO CSMF2.step_1_1_1.run :: epoch=23 step=350/429 train_nll=-2996.602
2026-05-13 22:39:29,327 INFO CSMF2.step_1_1_1.run :: [h] epoch=23 step=400 total=0.08519 batch=0.04803
2026-05-13 22:39:29,328 INFO CSMF2.step_1_1_1.run :: [lat] epoch=23 step=400 mean_l2=0.11036 std_l2=0.40303
2026-05-13 22:39:29,425 INFO CSMF2.step_1_1_1.run :: epoch=23 step=400/429 train_nll=-3000.057
2026-05-13 22:39:35,630 INFO CSMF2.step_1_1_1.run :: epoch=23  train_nll=-3001.532  val_nll=-2903.542  t=64.9s
2026-05-13 22:39:35,630 INFO CSMF2.step_1_1_1.run :: [h_std] total=0.08312 batch=0.04399 (no penalty)
2026-05-13 22:39:35,630 INFO CSMF2.step_1_1_1.run :: [lat_epoch] mean_l2=0.14309 std_l2=1.43772 lambda=1.000
2026-05-13 22:39:35,630 INFO CSMF2.step_1_1_1.run :: [grad] cond=292.0875 film_gain=0.0000
2026-05-13 22:39:46,232 INFO CSMF2.step_1_1_1.run :: [h] epoch=24 step=50 total=0.08514 batch=0.04797
2026-05-13 22:39:46,233 INFO CSMF2.step_1_1_1.run :: [lat] epoch=24 step=50 mean_l2=0.16018 std_l2=0.61374
2026-05-13 22:39:46,330 INFO CSMF2.step_1_1_1.run :: epoch=24 step=50/429 train_nll=-2999.258
2026-05-13 22:39:53,661 INFO CSMF2.step_1_1_1.run :: [h] epoch=24 step=100 total=0.08334 batch=0.04347
2026-05-13 22:39:53,661 INFO CSMF2.step_1_1_1.run :: [lat] epoch=24 step=100 mean_l2=0.15971 std_l2=4.28500
2026-05-13 22:39:53,757 INFO CSMF2.step_1_1_1.run :: epoch=24 step=100/429 train_nll=-2993.142
2026-05-13 22:40:01,026 INFO CSMF2.step_1_1_1.run :: [h] epoch=24 step=150 total=0.07825 batch=0.04164
2026-05-13 22:40:01,026 INFO CSMF2.step_1_1_1.run :: [lat] epoch=24 step=150 mean_l2=0.11609 std_l2=0.10290
2026-05-13 22:40:01,122 INFO CSMF2.step_1_1_1.run :: epoch=24 step=150/429 train_nll=-3000.325
2026-05-13 22:40:08,395 INFO CSMF2.step_1_1_1.run :: [h] epoch=24 step=200 total=0.08202 batch=0.04438
2026-05-13 22:40:08,395 INFO CSMF2.step_1_1_1.run :: [lat] epoch=24 step=200 mean_l2=0.12715 std_l2=0.19284
2026-05-13 22:40:08,493 INFO CSMF2.step_1_1_1.run :: epoch=24 step=200/429 train_nll=-3009.459
2026-05-13 22:40:15,765 INFO CSMF2.step_1_1_1.run :: [h] epoch=24 step=250 total=0.08109 batch=0.04430
2026-05-13 22:40:15,765 INFO CSMF2.step_1_1_1.run :: [lat] epoch=24 step=250 mean_l2=0.12437 std_l2=2.11776
2026-05-13 22:40:15,862 INFO CSMF2.step_1_1_1.run :: epoch=24 step=250/429 train_nll=-3014.855
2026-05-13 22:40:23,156 INFO CSMF2.step_1_1_1.run :: [h] epoch=24 step=300 total=0.08287 batch=0.04423
2026-05-13 22:40:23,156 INFO CSMF2.step_1_1_1.run :: [lat] epoch=24 step=300 mean_l2=0.14399 std_l2=0.11152
2026-05-13 22:40:23,255 INFO CSMF2.step_1_1_1.run :: epoch=24 step=300/429 train_nll=-3018.986
2026-05-13 22:40:30,558 INFO CSMF2.step_1_1_1.run :: [h] epoch=24 step=350 total=0.08463 batch=0.04730
2026-05-13 22:40:30,558 INFO CSMF2.step_1_1_1.run :: [lat] epoch=24 step=350 mean_l2=0.10773 std_l2=0.28332
2026-05-13 22:40:30,657 INFO CSMF2.step_1_1_1.run :: epoch=24 step=350/429 train_nll=-3021.780
2026-05-13 22:40:37,959 INFO CSMF2.step_1_1_1.run :: [h] epoch=24 step=400 total=0.08403 batch=0.04666
2026-05-13 22:40:37,960 INFO CSMF2.step_1_1_1.run :: [lat] epoch=24 step=400 mean_l2=0.13480 std_l2=0.38075
2026-05-13 22:40:38,058 INFO CSMF2.step_1_1_1.run :: epoch=24 step=400/429 train_nll=-3023.852
2026-05-13 22:40:44,448 INFO CSMF2.step_1_1_1.run :: epoch=24  train_nll=-3024.591  val_nll=-2954.381  t=65.2s
2026-05-13 22:40:44,448 INFO CSMF2.step_1_1_1.run :: [h_std] total=0.08285 batch=0.04486 (no penalty)
2026-05-13 22:40:44,448 INFO CSMF2.step_1_1_1.run :: [lat_epoch] mean_l2=0.12720 std_l2=0.52227 lambda=1.000
2026-05-13 22:40:44,448 INFO CSMF2.step_1_1_1.run :: [grad] cond=111.5094 film_gain=0.0000
2026-05-13 22:40:54,719 INFO CSMF2.step_1_1_1.run :: [h] epoch=25 step=50 total=0.08462 batch=0.04763
2026-05-13 22:40:54,719 INFO CSMF2.step_1_1_1.run :: [lat] epoch=25 step=50 mean_l2=0.13657 std_l2=0.15859
2026-05-13 22:40:54,809 INFO CSMF2.step_1_1_1.run :: epoch=25 step=50/429 train_nll=-3032.755
2026-05-13 22:41:01,832 INFO CSMF2.step_1_1_1.run :: [h] epoch=25 step=100 total=0.08405 batch=0.04632
2026-05-13 22:41:01,832 INFO CSMF2.step_1_1_1.run :: [lat] epoch=25 step=100 mean_l2=0.09866 std_l2=0.30894
2026-05-13 22:41:01,922 INFO CSMF2.step_1_1_1.run :: epoch=25 step=100/429 train_nll=-3037.726
2026-05-13 22:41:08,887 INFO CSMF2.step_1_1_1.run :: [h] epoch=25 step=150 total=0.08333 batch=0.04641
2026-05-13 22:41:08,887 INFO CSMF2.step_1_1_1.run :: [lat] epoch=25 step=150 mean_l2=0.09623 std_l2=0.19166
2026-05-13 22:41:08,978 INFO CSMF2.step_1_1_1.run :: epoch=25 step=150/429 train_nll=-3039.932
2026-05-13 22:41:15,949 INFO CSMF2.step_1_1_1.run :: [h] epoch=25 step=200 total=0.08291 batch=0.04506
2026-05-13 22:41:15,950 INFO CSMF2.step_1_1_1.run :: [lat] epoch=25 step=200 mean_l2=0.16065 std_l2=1.23580
2026-05-13 22:41:16,040 INFO CSMF2.step_1_1_1.run :: epoch=25 step=200/429 train_nll=-3039.980
2026-05-13 22:41:23,014 INFO CSMF2.step_1_1_1.run :: [h] epoch=25 step=250 total=0.08050 batch=0.04344
2026-05-13 22:41:23,015 INFO CSMF2.step_1_1_1.run :: [lat] epoch=25 step=250 mean_l2=0.07919 std_l2=2.17568
2026-05-13 22:41:23,105 INFO CSMF2.step_1_1_1.run :: epoch=25 step=250/429 train_nll=-3037.698
2026-05-13 22:41:30,067 INFO CSMF2.step_1_1_1.run :: [h] epoch=25 step=300 total=0.08461 batch=0.04451
2026-05-13 22:41:30,067 INFO CSMF2.step_1_1_1.run :: [lat] epoch=25 step=300 mean_l2=0.09847 std_l2=0.43287
2026-05-13 22:41:30,159 INFO CSMF2.step_1_1_1.run :: epoch=25 step=300/429 train_nll=-3043.123
2026-05-13 22:41:37,125 INFO CSMF2.step_1_1_1.run :: [h] epoch=25 step=350 total=0.08241 batch=0.04523
2026-05-13 22:41:37,125 INFO CSMF2.step_1_1_1.run :: [lat] epoch=25 step=350 mean_l2=0.13913 std_l2=0.15192
2026-05-13 22:41:37,214 INFO CSMF2.step_1_1_1.run :: epoch=25 step=350/429 train_nll=-3041.541
2026-05-13 22:41:44,181 INFO CSMF2.step_1_1_1.run :: [h] epoch=25 step=400 total=0.08159 batch=0.04509
2026-05-13 22:41:44,182 INFO CSMF2.step_1_1_1.run :: [lat] epoch=25 step=400 mean_l2=0.08362 std_l2=0.37309
2026-05-13 22:41:44,273 INFO CSMF2.step_1_1_1.run :: epoch=25 step=400/429 train_nll=-3040.589
2026-05-13 22:41:50,298 INFO CSMF2.step_1_1_1.run :: epoch=25  train_nll=-3042.174  val_nll=-2976.941  t=62.3s
2026-05-13 22:41:50,298 INFO CSMF2.step_1_1_1.run :: [h_std] total=0.08323 batch=0.04569 (no penalty)
2026-05-13 22:41:50,298 INFO CSMF2.step_1_1_1.run :: [lat_epoch] mean_l2=0.11843 std_l2=0.62061 lambda=1.000
2026-05-13 22:41:50,298 INFO CSMF2.step_1_1_1.run :: [grad] cond=114.7189 film_gain=0.0000
2026-05-13 22:42:00,684 INFO CSMF2.step_1_1_1.run :: [h] epoch=26 step=50 total=0.08356 batch=0.04567
2026-05-13 22:42:00,685 INFO CSMF2.step_1_1_1.run :: [lat] epoch=26 step=50 mean_l2=0.11337 std_l2=0.06684
2026-05-13 22:42:00,775 INFO CSMF2.step_1_1_1.run :: epoch=26 step=50/429 train_nll=-3062.297
2026-05-13 22:42:07,760 INFO CSMF2.step_1_1_1.run :: [h] epoch=26 step=100 total=0.08629 batch=0.04772
2026-05-13 22:42:07,760 INFO CSMF2.step_1_1_1.run :: [lat] epoch=26 step=100 mean_l2=0.16250 std_l2=0.30132
2026-05-13 22:42:07,852 INFO CSMF2.step_1_1_1.run :: epoch=26 step=100/429 train_nll=-3063.107
2026-05-13 22:42:14,845 INFO CSMF2.step_1_1_1.run :: [h] epoch=26 step=150 total=0.08532 batch=0.04866
2026-05-13 22:42:14,846 INFO CSMF2.step_1_1_1.run :: [lat] epoch=26 step=150 mean_l2=0.10020 std_l2=0.05269
2026-05-13 22:42:14,938 INFO CSMF2.step_1_1_1.run :: epoch=26 step=150/429 train_nll=-3058.396
2026-05-13 22:42:21,929 INFO CSMF2.step_1_1_1.run :: [h] epoch=26 step=200 total=0.08543 batch=0.04905
2026-05-13 22:42:21,929 INFO CSMF2.step_1_1_1.run :: [lat] epoch=26 step=200 mean_l2=0.09579 std_l2=1.46260
2026-05-13 22:42:22,021 INFO CSMF2.step_1_1_1.run :: epoch=26 step=200/429 train_nll=-3060.198
2026-05-13 22:42:29,011 INFO CSMF2.step_1_1_1.run :: [h] epoch=26 step=250 total=0.08142 batch=0.04536
2026-05-13 22:42:29,011 INFO CSMF2.step_1_1_1.run :: [lat] epoch=26 step=250 mean_l2=0.13355 std_l2=0.64127
2026-05-13 22:42:29,102 INFO CSMF2.step_1_1_1.run :: epoch=26 step=250/429 train_nll=-3059.910
2026-05-13 22:42:36,099 INFO CSMF2.step_1_1_1.run :: [h] epoch=26 step=300 total=0.08465 batch=0.04743
2026-05-13 22:42:36,099 INFO CSMF2.step_1_1_1.run :: [lat] epoch=26 step=300 mean_l2=0.11469 std_l2=0.07524
2026-05-13 22:42:36,190 INFO CSMF2.step_1_1_1.run :: epoch=26 step=300/429 train_nll=-3060.209
2026-05-13 22:42:43,183 INFO CSMF2.step_1_1_1.run :: [h] epoch=26 step=350 total=0.08529 batch=0.04814
2026-05-13 22:42:43,184 INFO CSMF2.step_1_1_1.run :: [lat] epoch=26 step=350 mean_l2=0.09110 std_l2=0.07718
2026-05-13 22:42:43,275 INFO CSMF2.step_1_1_1.run :: epoch=26 step=350/429 train_nll=-3063.472
2026-05-13 22:42:50,274 INFO CSMF2.step_1_1_1.run :: [h] epoch=26 step=400 total=0.08565 batch=0.04869
2026-05-13 22:42:50,274 INFO CSMF2.step_1_1_1.run :: [lat] epoch=26 step=400 mean_l2=0.15397 std_l2=0.39484
2026-05-13 22:42:50,365 INFO CSMF2.step_1_1_1.run :: epoch=26 step=400/429 train_nll=-3064.238
2026-05-13 22:42:56,408 INFO CSMF2.step_1_1_1.run :: epoch=26  train_nll=-3063.472  val_nll=-2977.129  t=62.6s
2026-05-13 22:42:56,408 INFO CSMF2.step_1_1_1.run :: [h_std] total=0.08455 batch=0.04759 (no penalty)
2026-05-13 22:42:56,408 INFO CSMF2.step_1_1_1.run :: [lat_epoch] mean_l2=0.11058 std_l2=0.47614 lambda=1.000
2026-05-13 22:42:56,408 INFO CSMF2.step_1_1_1.run :: [grad] cond=208.3222 film_gain=0.0000
2026-05-13 22:43:07,399 INFO CSMF2.step_1_1_1.run :: [h] epoch=27 step=50 total=0.08687 batch=0.04881
2026-05-13 22:43:07,400 INFO CSMF2.step_1_1_1.run :: [lat] epoch=27 step=50 mean_l2=0.10977 std_l2=0.07595
2026-05-13 22:43:07,503 INFO CSMF2.step_1_1_1.run :: epoch=27 step=50/429 train_nll=-3067.043
2026-05-13 22:43:15,070 INFO CSMF2.step_1_1_1.run :: [h] epoch=27 step=100 total=0.08872 batch=0.05077
2026-05-13 22:43:15,070 INFO CSMF2.step_1_1_1.run :: [lat] epoch=27 step=100 mean_l2=0.09982 std_l2=0.28835
2026-05-13 22:43:15,174 INFO CSMF2.step_1_1_1.run :: epoch=27 step=100/429 train_nll=-3072.522
2026-05-13 22:43:22,740 INFO CSMF2.step_1_1_1.run :: [h] epoch=27 step=150 total=0.08464 batch=0.04891
2026-05-13 22:43:22,740 INFO CSMF2.step_1_1_1.run :: [lat] epoch=27 step=150 mean_l2=0.14619 std_l2=2.24553
2026-05-13 22:43:22,844 INFO CSMF2.step_1_1_1.run :: epoch=27 step=150/429 train_nll=-3074.750
2026-05-13 22:43:30,398 INFO CSMF2.step_1_1_1.run :: [h] epoch=27 step=200 total=0.08757 batch=0.04948
2026-05-13 22:43:30,399 INFO CSMF2.step_1_1_1.run :: [lat] epoch=27 step=200 mean_l2=0.08497 std_l2=0.08633
2026-05-13 22:43:30,502 INFO CSMF2.step_1_1_1.run :: epoch=27 step=200/429 train_nll=-3067.400
2026-05-13 22:43:38,053 INFO CSMF2.step_1_1_1.run :: [h] epoch=27 step=250 total=0.08328 batch=0.04489
2026-05-13 22:43:38,053 INFO CSMF2.step_1_1_1.run :: [lat] epoch=27 step=250 mean_l2=0.09482 std_l2=0.28055
2026-05-13 22:43:38,157 INFO CSMF2.step_1_1_1.run :: epoch=27 step=250/429 train_nll=-3064.322
2026-05-13 22:43:45,711 INFO CSMF2.step_1_1_1.run :: [h] epoch=27 step=300 total=0.08487 batch=0.04715
2026-05-13 22:43:45,711 INFO CSMF2.step_1_1_1.run :: [lat] epoch=27 step=300 mean_l2=0.10940 std_l2=0.10890
2026-05-13 22:43:45,814 INFO CSMF2.step_1_1_1.run :: epoch=27 step=300/429 train_nll=-3062.800
2026-05-13 22:43:53,371 INFO CSMF2.step_1_1_1.run :: [h] epoch=27 step=350 total=0.08652 batch=0.04875
2026-05-13 22:43:53,371 INFO CSMF2.step_1_1_1.run :: [lat] epoch=27 step=350 mean_l2=0.12565 std_l2=0.06420
2026-05-13 22:43:53,474 INFO CSMF2.step_1_1_1.run :: epoch=27 step=350/429 train_nll=-3061.615
2026-05-13 22:44:01,032 INFO CSMF2.step_1_1_1.run :: [h] epoch=27 step=400 total=0.08646 batch=0.04995
2026-05-13 22:44:01,032 INFO CSMF2.step_1_1_1.run :: [lat] epoch=27 step=400 mean_l2=0.11240 std_l2=0.51189
2026-05-13 22:44:01,135 INFO CSMF2.step_1_1_1.run :: epoch=27 step=400/429 train_nll=-3058.259
2026-05-13 22:44:07,674 INFO CSMF2.step_1_1_1.run :: epoch=27  train_nll=-3058.989  val_nll=-2974.422  t=67.6s
2026-05-13 22:44:07,675 INFO CSMF2.step_1_1_1.run :: [h_std] total=0.08573 batch=0.04836 (no penalty)
2026-05-13 22:44:07,675 INFO CSMF2.step_1_1_1.run :: [lat_epoch] mean_l2=0.11394 std_l2=0.39586 lambda=1.000
2026-05-13 22:44:07,675 INFO CSMF2.step_1_1_1.run :: [grad] cond=536.8327 film_gain=0.0000
2026-05-13 22:44:18,365 INFO CSMF2.step_1_1_1.run :: [h] epoch=28 step=50 total=0.08735 batch=0.05021
2026-05-13 22:44:18,365 INFO CSMF2.step_1_1_1.run :: [lat] epoch=28 step=50 mean_l2=0.09184 std_l2=0.06302
2026-05-13 22:44:18,461 INFO CSMF2.step_1_1_1.run :: epoch=28 step=50/429 train_nll=-3054.413
2026-05-13 22:44:25,686 INFO CSMF2.step_1_1_1.run :: [h] epoch=28 step=100 total=0.08883 batch=0.05136
2026-05-13 22:44:25,686 INFO CSMF2.step_1_1_1.run :: [lat] epoch=28 step=100 mean_l2=0.08924 std_l2=0.11913
2026-05-13 22:44:25,783 INFO CSMF2.step_1_1_1.run :: epoch=28 step=100/429 train_nll=-3068.791
2026-05-13 22:44:33,006 INFO CSMF2.step_1_1_1.run :: [h] epoch=28 step=150 total=0.08574 batch=0.04888
2026-05-13 22:44:33,007 INFO CSMF2.step_1_1_1.run :: [lat] epoch=28 step=150 mean_l2=0.09482 std_l2=3.64882
2026-05-13 22:44:33,103 INFO CSMF2.step_1_1_1.run :: epoch=28 step=150/429 train_nll=-3069.487
2026-05-13 22:44:40,320 INFO CSMF2.step_1_1_1.run :: [h] epoch=28 step=200 total=0.08433 batch=0.04808
2026-05-13 22:44:40,321 INFO CSMF2.step_1_1_1.run :: [lat] epoch=28 step=200 mean_l2=0.12050 std_l2=0.21992
2026-05-13 22:44:40,417 INFO CSMF2.step_1_1_1.run :: epoch=28 step=200/429 train_nll=-3064.921
2026-05-13 22:44:47,641 INFO CSMF2.step_1_1_1.run :: [h] epoch=28 step=250 total=0.08134 batch=0.04517
2026-05-13 22:44:47,641 INFO CSMF2.step_1_1_1.run :: [lat] epoch=28 step=250 mean_l2=0.20962 std_l2=0.41439
2026-05-13 22:44:47,737 INFO CSMF2.step_1_1_1.run :: epoch=28 step=250/429 train_nll=-3054.445
2026-05-13 22:44:54,954 INFO CSMF2.step_1_1_1.run :: [h] epoch=28 step=300 total=0.08323 batch=0.04481
2026-05-13 22:44:54,954 INFO CSMF2.step_1_1_1.run :: [lat] epoch=28 step=300 mean_l2=0.08223 std_l2=0.10259
2026-05-13 22:44:55,050 INFO CSMF2.step_1_1_1.run :: epoch=28 step=300/429 train_nll=-3053.164
2026-05-13 22:45:02,272 INFO CSMF2.step_1_1_1.run :: [h] epoch=28 step=350 total=0.08525 batch=0.05001
2026-05-13 22:45:02,273 INFO CSMF2.step_1_1_1.run :: [lat] epoch=28 step=350 mean_l2=0.09905 std_l2=0.07734
2026-05-13 22:45:02,368 INFO CSMF2.step_1_1_1.run :: epoch=28 step=350/429 train_nll=-3052.243
2026-05-13 22:45:09,591 INFO CSMF2.step_1_1_1.run :: [h] epoch=28 step=400 total=0.08178 batch=0.04665
2026-05-13 22:45:09,591 INFO CSMF2.step_1_1_1.run :: [lat] epoch=28 step=400 mean_l2=0.12937 std_l2=0.19286
2026-05-13 22:45:09,687 INFO CSMF2.step_1_1_1.run :: epoch=28 step=400/429 train_nll=-3050.385
2026-05-13 22:45:15,854 INFO CSMF2.step_1_1_1.run :: epoch=28  train_nll=-3052.070  val_nll=-2940.690  t=64.5s
2026-05-13 22:45:15,855 INFO CSMF2.step_1_1_1.run :: [h_std] total=0.08441 batch=0.04795 (no penalty)
2026-05-13 22:45:15,855 INFO CSMF2.step_1_1_1.run :: [lat_epoch] mean_l2=0.11560 std_l2=0.79748 lambda=1.000
2026-05-13 22:45:15,855 INFO CSMF2.step_1_1_1.run :: [grad] cond=221.6757 film_gain=0.0000
2026-05-13 22:45:26,556 INFO CSMF2.step_1_1_1.run :: [h] epoch=29 step=50 total=0.08373 batch=0.04666
2026-05-13 22:45:26,557 INFO CSMF2.step_1_1_1.run :: [lat] epoch=29 step=50 mean_l2=0.08853 std_l2=0.07006
2026-05-13 22:45:26,653 INFO CSMF2.step_1_1_1.run :: epoch=29 step=50/429 train_nll=-3082.046
2026-05-13 22:45:33,887 INFO CSMF2.step_1_1_1.run :: [h] epoch=29 step=100 total=0.08518 batch=0.04627
2026-05-13 22:45:33,887 INFO CSMF2.step_1_1_1.run :: [lat] epoch=29 step=100 mean_l2=0.11999 std_l2=0.23578
2026-05-13 22:45:33,983 INFO CSMF2.step_1_1_1.run :: epoch=29 step=100/429 train_nll=-3086.178
2026-05-13 22:45:41,208 INFO CSMF2.step_1_1_1.run :: [h] epoch=29 step=150 total=0.08455 batch=0.04917
2026-05-13 22:45:41,209 INFO CSMF2.step_1_1_1.run :: [lat] epoch=29 step=150 mean_l2=0.09050 std_l2=0.05601
2026-05-13 22:45:41,305 INFO CSMF2.step_1_1_1.run :: epoch=29 step=150/429 train_nll=-3086.781
2026-05-13 22:45:48,532 INFO CSMF2.step_1_1_1.run :: [h] epoch=29 step=200 total=0.08565 batch=0.04857
2026-05-13 22:45:48,532 INFO CSMF2.step_1_1_1.run :: [lat] epoch=29 step=200 mean_l2=0.08596 std_l2=0.08903
2026-05-13 22:45:48,628 INFO CSMF2.step_1_1_1.run :: epoch=29 step=200/429 train_nll=-3082.821
2026-05-13 22:45:55,861 INFO CSMF2.step_1_1_1.run :: [h] epoch=29 step=250 total=0.08446 batch=0.04742
2026-05-13 22:45:55,861 INFO CSMF2.step_1_1_1.run :: [lat] epoch=29 step=250 mean_l2=0.12547 std_l2=0.28222
2026-05-13 22:45:55,958 INFO CSMF2.step_1_1_1.run :: epoch=29 step=250/429 train_nll=-3080.465
2026-05-13 22:46:03,194 INFO CSMF2.step_1_1_1.run :: [h] epoch=29 step=300 total=0.08599 batch=0.04686
2026-05-13 22:46:03,194 INFO CSMF2.step_1_1_1.run :: [lat] epoch=29 step=300 mean_l2=0.07242 std_l2=0.06408
2026-05-13 22:46:03,291 INFO CSMF2.step_1_1_1.run :: epoch=29 step=300/429 train_nll=-3081.030
2026-05-13 22:46:10,513 INFO CSMF2.step_1_1_1.run :: [h] epoch=29 step=350 total=0.08475 batch=0.04854
2026-05-13 22:46:10,514 INFO CSMF2.step_1_1_1.run :: [lat] epoch=29 step=350 mean_l2=0.10203 std_l2=0.08740
2026-05-13 22:46:10,610 INFO CSMF2.step_1_1_1.run :: epoch=29 step=350/429 train_nll=-3082.932
2026-05-13 22:46:17,828 INFO CSMF2.step_1_1_1.run :: [h] epoch=29 step=400 total=0.08468 batch=0.04784
2026-05-13 22:46:17,828 INFO CSMF2.step_1_1_1.run :: [lat] epoch=29 step=400 mean_l2=0.10720 std_l2=0.06511
2026-05-13 22:46:17,924 INFO CSMF2.step_1_1_1.run :: epoch=29 step=400/429 train_nll=-3083.577
2026-05-13 22:46:24,269 INFO CSMF2.step_1_1_1.run :: epoch=29  train_nll=-3084.001  val_nll=-2983.128  t=64.7s
2026-05-13 22:46:24,269 INFO CSMF2.step_1_1_1.run :: [h_std] total=0.08369 batch=0.04698 (no penalty)
2026-05-13 22:46:24,277 INFO CSMF2.step_1_1_1.run :: [lat_epoch] mean_l2=0.10137 std_l2=0.37855 lambda=1.000
2026-05-13 22:46:24,277 INFO CSMF2.step_1_1_1.run :: [grad] cond=208.2931 film_gain=0.0000
2026-05-13 22:46:27,955 WARNING CSMF2.step_1_1_1.run :: [exit_gate] fwd_rel=0.625 > target 0.500 (informational; no resume baseline available)
2026-05-13 22:46:31,889 INFO CSMF2.step_1_1_1.run :: [run] FINAL test_nll (sealed 10k) = -2981.677
2026-05-13 22:46:32,467 INFO CSMF2.experiments.step_1_1_1.density_plots :: [plot_latent_density] saved -> CSMF2/experiments/step_1_1_1/results/realnvp_s2_n0.00_seed0_e07389be2733/plots/latent_density.png  (ks=0.0187, mean=0.013, std=1.109)
2026-05-13 22:46:32,643 INFO CSMF2.experiments.step_1_1_1.density_plots :: [plot_cycle_density] saved -> CSMF2/experiments/step_1_1_1/results/realnvp_s2_n0.00_seed0_e07389be2733/plots/cycle_density.png  (max|err|=3.099e-06 rms=3.386e-07)
2026-05-13 22:46:32,975 INFO CSMF2.experiments.step_1_1_1.density_plots :: [plot_reconstruction_panel] saved -> CSMF2/experiments/step_1_1_1/results/realnvp_s2_n0.00_seed0_e07389be2733/plots/reconstruction_panel.png  rms(enc-prior)=1.695
==============================================================
[1mSTEP-1_1_1 RUN SUMMARY[0m
==============================================================
expert: realnvp   scale: 2   noise: 0.0   seed: 0   epochs: 30
train NLL:    -1804.26  ->    -3084.00  (Δ = -1279.74)
test  NLL:    -2300.30  ->    -2983.13

[1mHARD GATES (halt on fail)[0m
  [32m 30/30  ✓[0m  invertibility FP64 <1e-5
  [33m 16/30  ✗[0m  latent KS vs N(0,1) <0.05
  [32m 30/30  ✓[0m  cycle_max < 1e-12
  [32m 30/30  ✓[0m  h std > 1e-3
  [32m 30/30  ✓[0m  FiLM γ,β std > 1e-3 aggregate
  [32m 30/30  ✓[0m  (y,seed) max|Δh| < 1e-6
  [32m 30/30  ✓[0m  no NaN/Inf this epoch
  [32m  1/1   ✓[0m  numeric log-det (FP64, once)

[1mINFORMATIONAL (logged, non-blocking)[0m
  [32m 30/30  ✓[0m  null-control gap ≥ 0.10
  [32m 30/30  ✓[0m  h_st Δlogp slope > 1e-3
  [32m 30/30  ✓[0m  grad norm > 1e-6
  [32m 30/30  ✓[0m  fwd residual reported
--------------------------------------------------------------
[1mHARD TOTAL: 197/211[0m  (93.4%)
[1mEXIT_CRITERIA_MET:[0m [31mNO[0m
[1mREMEDY HINTS:[0m
  - hard gate failed: latent_ks (latent KS vs N(0,1) <0.05) -- check epochs [0, 1, 2, 3, 4, 5, 6, 9, 12, 14, 15, 22, 23, 28]
[33mSTEP-1_1_1 SOFT WARNINGS (non-blocking):[0m
  ! fwd_rel=0.625 > target 0.500 (informational; no resume baseline available)
==============================================================
2026-05-13 22:46:33,045 INFO CSMF2.step_1_1_1.run :: STEP-1_1 run DONE  exit_ok=False  out=CSMF2/experiments/step_1_1_1/results/realnvp_s2_n0.00_seed0_e07389be2733
