2026-05-14 02:38:49,129 INFO CSMF2.step_1_1_1.run :: STEP-1_1 run | tag=realnvp_s2_n0.00_seed0_b979da4c782c | cfg=StepCfg(data_root='./mnist_data', scale=2, blur_sigma=1.0, noise_sigma=0.0, batch_size=128, expert='realnvp', dim=784, cond_width=128, h_dim=256, flow_hidden=256, use_film=True, cache_h=True, use_v2_conditioner=True, film_depth=2, film_hidden=128, film_use_gelu=True, realnvp_n_couplings=6, realnvp_s_max=2.0, glow_n_steps=8, glow_coupling_hidden=256, glow_s_max=2.0, glow_squeeze=True, glow_n_levels=1, glow_image_c=1, glow_image_h=28, glow_image_w=28, glow_film_gain_init=0.3, lr=0.001, epochs=30, weight_decay=0.0, grad_clip=5.0, shuffle_loss_lambda=0.0, shuffle_loss_margin=0.5, h_std_penalty_mu=0.0, h_std_target=0.05, cond_y_residual_alpha_init=0.0, latent_moment_lambda=10.0, latent_ks_target=0.1, fwd_rel_target=0.5, resume_from=None, seed=0, out_root='./CSMF2/experiments/step_1_1_1/results', log_every=50, sanity_every_epoch=True)
2026-05-14 02:38:49,230 INFO CSMF2.step_1_1_1.run :: [run] data sizes: train=55000  val=5000 (per-epoch)  test=10000 (final-only)
2026-05-14 02:38:49,284 INFO CSMF2.step_1_1_1.run :: [y_sanity] y.std(dim=0).mean() = 0.1294  shape=(128, 1, 14, 14)
2026-05-14 02:38:57,448 INFO CSMF2.step_1_1_1.run :: [h] epoch=0 step=50 total=0.27537 batch=0.00682
2026-05-14 02:38:57,449 INFO CSMF2.step_1_1_1.run :: [lat] epoch=0 step=50 mean_l2=0.27618 std_l2=0.34156
2026-05-14 02:38:57,533 INFO CSMF2.step_1_1_1.run :: epoch=0 step=50/429 train_nll=-755.945
2026-05-14 02:39:05,801 INFO CSMF2.step_1_1_1.run :: [h] epoch=0 step=100 total=0.38905 batch=0.00721
2026-05-14 02:39:05,801 INFO CSMF2.step_1_1_1.run :: [lat] epoch=0 step=100 mean_l2=0.27516 std_l2=0.52253
2026-05-14 02:39:05,886 INFO CSMF2.step_1_1_1.run :: epoch=0 step=100/429 train_nll=-1131.267
2026-05-14 02:39:14,117 INFO CSMF2.step_1_1_1.run :: [h] epoch=0 step=150 total=0.41641 batch=0.00739
2026-05-14 02:39:14,117 INFO CSMF2.step_1_1_1.run :: [lat] epoch=0 step=150 mean_l2=0.29652 std_l2=0.40350
2026-05-14 02:39:14,202 INFO CSMF2.step_1_1_1.run :: epoch=0 step=150/429 train_nll=-1355.619
2026-05-14 02:39:22,480 INFO CSMF2.step_1_1_1.run :: [h] epoch=0 step=200 total=0.42754 batch=0.00863
2026-05-14 02:39:22,481 INFO CSMF2.step_1_1_1.run :: [lat] epoch=0 step=200 mean_l2=0.60444 std_l2=1.07675
2026-05-14 02:39:22,567 INFO CSMF2.step_1_1_1.run :: epoch=0 step=200/429 train_nll=-1477.247
2026-05-14 02:39:30,850 INFO CSMF2.step_1_1_1.run :: [h] epoch=0 step=250 total=0.41286 batch=0.00712
2026-05-14 02:39:30,850 INFO CSMF2.step_1_1_1.run :: [lat] epoch=0 step=250 mean_l2=0.21525 std_l2=0.31681
2026-05-14 02:39:30,935 INFO CSMF2.step_1_1_1.run :: epoch=0 step=250/429 train_nll=-1561.177
2026-05-14 02:39:39,246 INFO CSMF2.step_1_1_1.run :: [h] epoch=0 step=300 total=0.40827 batch=0.00737
2026-05-14 02:39:39,247 INFO CSMF2.step_1_1_1.run :: [lat] epoch=0 step=300 mean_l2=0.30174 std_l2=0.40072
2026-05-14 02:39:39,333 INFO CSMF2.step_1_1_1.run :: epoch=0 step=300/429 train_nll=-1642.224
2026-05-14 02:39:47,596 INFO CSMF2.step_1_1_1.run :: [h] epoch=0 step=350 total=0.42801 batch=0.00854
2026-05-14 02:39:47,597 INFO CSMF2.step_1_1_1.run :: [lat] epoch=0 step=350 mean_l2=0.23539 std_l2=0.32959
2026-05-14 02:39:47,681 INFO CSMF2.step_1_1_1.run :: epoch=0 step=350/429 train_nll=-1709.189
2026-05-14 02:39:55,956 INFO CSMF2.step_1_1_1.run :: [h] epoch=0 step=400 total=0.44975 batch=0.00897
2026-05-14 02:39:55,956 INFO CSMF2.step_1_1_1.run :: [lat] epoch=0 step=400 mean_l2=0.19493 std_l2=0.40614
2026-05-14 02:39:56,041 INFO CSMF2.step_1_1_1.run :: epoch=0 step=400/429 train_nll=-1763.500
2026-05-14 02:40:03,950 INFO CSMF2.step_1_1_1.run :: epoch=0  train_nll=-1789.881  val_nll=-2186.223  t=74.6s
2026-05-14 02:40:03,950 INFO CSMF2.step_1_1_1.run :: [h_std] total=0.42011 batch=0.01025 (no penalty)
2026-05-14 02:40:03,950 INFO CSMF2.step_1_1_1.run :: [lat_epoch] mean_l2=0.34182 std_l2=0.64625 lambda=10.000
2026-05-14 02:40:03,950 INFO CSMF2.step_1_1_1.run :: [grad] cond=24.3755 film_gain=0.0000
2026-05-14 02:40:13,774 INFO CSMF2.step_1_1_1.run :: [h] epoch=1 step=50 total=0.42218 batch=0.00914
2026-05-14 02:40:13,774 INFO CSMF2.step_1_1_1.run :: [lat] epoch=1 step=50 mean_l2=0.32216 std_l2=0.33438
2026-05-14 02:40:13,845 INFO CSMF2.step_1_1_1.run :: epoch=1 step=50/429 train_nll=-2250.227
2026-05-14 02:40:19,908 INFO CSMF2.step_1_1_1.run :: [h] epoch=1 step=100 total=0.42002 batch=0.01072
2026-05-14 02:40:19,908 INFO CSMF2.step_1_1_1.run :: [lat] epoch=1 step=100 mean_l2=0.37452 std_l2=0.48817
2026-05-14 02:40:19,979 INFO CSMF2.step_1_1_1.run :: epoch=1 step=100/429 train_nll=-2256.694
2026-05-14 02:40:26,083 INFO CSMF2.step_1_1_1.run :: [h] epoch=1 step=150 total=0.41989 batch=0.01018
2026-05-14 02:40:26,084 INFO CSMF2.step_1_1_1.run :: [lat] epoch=1 step=150 mean_l2=0.39635 std_l2=0.68647
2026-05-14 02:40:26,156 INFO CSMF2.step_1_1_1.run :: epoch=1 step=150/429 train_nll=-2259.011
2026-05-14 02:40:32,414 INFO CSMF2.step_1_1_1.run :: [h] epoch=1 step=200 total=0.40013 batch=0.01145
2026-05-14 02:40:32,414 INFO CSMF2.step_1_1_1.run :: [lat] epoch=1 step=200 mean_l2=0.43178 std_l2=0.43115
2026-05-14 02:40:32,491 INFO CSMF2.step_1_1_1.run :: epoch=1 step=200/429 train_nll=-2263.582
2026-05-14 02:40:38,945 INFO CSMF2.step_1_1_1.run :: [h] epoch=1 step=250 total=0.41781 batch=0.01001
2026-05-14 02:40:38,945 INFO CSMF2.step_1_1_1.run :: [lat] epoch=1 step=250 mean_l2=0.27044 std_l2=0.54550
2026-05-14 02:40:39,026 INFO CSMF2.step_1_1_1.run :: epoch=1 step=250/429 train_nll=-2267.511
2026-05-14 02:40:45,647 INFO CSMF2.step_1_1_1.run :: [h] epoch=1 step=300 total=0.39741 batch=0.01116
2026-05-14 02:40:45,647 INFO CSMF2.step_1_1_1.run :: [lat] epoch=1 step=300 mean_l2=0.23064 std_l2=0.50426
2026-05-14 02:40:45,733 INFO CSMF2.step_1_1_1.run :: epoch=1 step=300/429 train_nll=-2270.051
2026-05-14 02:40:52,408 INFO CSMF2.step_1_1_1.run :: [h] epoch=1 step=350 total=0.41402 batch=0.01190
2026-05-14 02:40:52,408 INFO CSMF2.step_1_1_1.run :: [lat] epoch=1 step=350 mean_l2=0.23810 std_l2=0.36571
2026-05-14 02:40:52,494 INFO CSMF2.step_1_1_1.run :: epoch=1 step=350/429 train_nll=-2277.728
2026-05-14 02:40:59,234 INFO CSMF2.step_1_1_1.run :: [h] epoch=1 step=400 total=0.40607 batch=0.01330
2026-05-14 02:40:59,234 INFO CSMF2.step_1_1_1.run :: [lat] epoch=1 step=400 mean_l2=0.26700 std_l2=0.51253
2026-05-14 02:40:59,319 INFO CSMF2.step_1_1_1.run :: epoch=1 step=400/429 train_nll=-2279.724
2026-05-14 02:41:05,166 INFO CSMF2.step_1_1_1.run :: epoch=1  train_nll=-2281.314  val_nll=-2359.768  t=57.2s
2026-05-14 02:41:05,166 INFO CSMF2.step_1_1_1.run :: [h_std] total=0.40992 batch=0.01083 (no penalty)
2026-05-14 02:41:05,166 INFO CSMF2.step_1_1_1.run :: [lat_epoch] mean_l2=0.31814 std_l2=0.65399 lambda=10.000
2026-05-14 02:41:05,166 INFO CSMF2.step_1_1_1.run :: [grad] cond=14.5182 film_gain=0.0000
2026-05-14 02:41:15,347 INFO CSMF2.step_1_1_1.run :: [h] epoch=2 step=50 total=0.37658 batch=0.01024
2026-05-14 02:41:15,348 INFO CSMF2.step_1_1_1.run :: [lat] epoch=2 step=50 mean_l2=0.29615 std_l2=0.34312
2026-05-14 02:41:15,432 INFO CSMF2.step_1_1_1.run :: epoch=2 step=50/429 train_nll=-2369.097
2026-05-14 02:41:22,149 INFO CSMF2.step_1_1_1.run :: [h] epoch=2 step=100 total=0.35317 batch=0.01161
2026-05-14 02:41:22,150 INFO CSMF2.step_1_1_1.run :: [lat] epoch=2 step=100 mean_l2=0.18390 std_l2=0.37316
2026-05-14 02:41:22,234 INFO CSMF2.step_1_1_1.run :: epoch=2 step=100/429 train_nll=-2346.884
2026-05-14 02:41:28,951 INFO CSMF2.step_1_1_1.run :: [h] epoch=2 step=150 total=0.37146 batch=0.01120
2026-05-14 02:41:28,952 INFO CSMF2.step_1_1_1.run :: [lat] epoch=2 step=150 mean_l2=0.25569 std_l2=0.72915
2026-05-14 02:41:29,036 INFO CSMF2.step_1_1_1.run :: epoch=2 step=150/429 train_nll=-2349.552
2026-05-14 02:41:35,748 INFO CSMF2.step_1_1_1.run :: [h] epoch=2 step=200 total=0.35462 batch=0.01194
2026-05-14 02:41:35,748 INFO CSMF2.step_1_1_1.run :: [lat] epoch=2 step=200 mean_l2=0.24477 std_l2=0.38290
2026-05-14 02:41:35,833 INFO CSMF2.step_1_1_1.run :: epoch=2 step=200/429 train_nll=-2361.648
2026-05-14 02:41:42,554 INFO CSMF2.step_1_1_1.run :: [h] epoch=2 step=250 total=0.35092 batch=0.01036
2026-05-14 02:41:42,554 INFO CSMF2.step_1_1_1.run :: [lat] epoch=2 step=250 mean_l2=0.26095 std_l2=0.72154
2026-05-14 02:41:42,639 INFO CSMF2.step_1_1_1.run :: epoch=2 step=250/429 train_nll=-2373.196
2026-05-14 02:41:49,365 INFO CSMF2.step_1_1_1.run :: [h] epoch=2 step=300 total=0.34014 batch=0.01146
2026-05-14 02:41:49,365 INFO CSMF2.step_1_1_1.run :: [lat] epoch=2 step=300 mean_l2=0.22923 std_l2=0.62207
2026-05-14 02:41:49,450 INFO CSMF2.step_1_1_1.run :: epoch=2 step=300/429 train_nll=-2383.587
2026-05-14 02:41:56,190 INFO CSMF2.step_1_1_1.run :: [h] epoch=2 step=350 total=0.33208 batch=0.01221
2026-05-14 02:41:56,190 INFO CSMF2.step_1_1_1.run :: [lat] epoch=2 step=350 mean_l2=0.29973 std_l2=0.78837
2026-05-14 02:41:56,276 INFO CSMF2.step_1_1_1.run :: epoch=2 step=350/429 train_nll=-2387.209
2026-05-14 02:42:03,030 INFO CSMF2.step_1_1_1.run :: [h] epoch=2 step=400 total=0.33410 batch=0.01312
2026-05-14 02:42:03,030 INFO CSMF2.step_1_1_1.run :: [lat] epoch=2 step=400 mean_l2=0.22475 std_l2=0.95537
2026-05-14 02:42:03,117 INFO CSMF2.step_1_1_1.run :: epoch=2 step=400/429 train_nll=-2393.521
2026-05-14 02:42:09,039 INFO CSMF2.step_1_1_1.run :: epoch=2  train_nll=-2396.430  val_nll=-2397.191  t=60.3s
2026-05-14 02:42:09,039 INFO CSMF2.step_1_1_1.run :: [h_std] total=0.34980 batch=0.01136 (no penalty)
2026-05-14 02:42:09,039 INFO CSMF2.step_1_1_1.run :: [lat_epoch] mean_l2=0.31433 std_l2=0.61464 lambda=10.000
2026-05-14 02:42:09,039 INFO CSMF2.step_1_1_1.run :: [grad] cond=10.2901 film_gain=0.0000
2026-05-14 02:42:19,066 INFO CSMF2.step_1_1_1.run :: [h] epoch=3 step=50 total=0.30854 batch=0.01106
2026-05-14 02:42:19,066 INFO CSMF2.step_1_1_1.run :: [lat] epoch=3 step=50 mean_l2=0.23283 std_l2=0.38013
2026-05-14 02:42:19,151 INFO CSMF2.step_1_1_1.run :: epoch=3 step=50/429 train_nll=-2463.284
2026-05-14 02:42:25,821 INFO CSMF2.step_1_1_1.run :: [h] epoch=3 step=100 total=0.31932 batch=0.01355
2026-05-14 02:42:25,822 INFO CSMF2.step_1_1_1.run :: [lat] epoch=3 step=100 mean_l2=0.30181 std_l2=0.40579
2026-05-14 02:42:25,906 INFO CSMF2.step_1_1_1.run :: epoch=3 step=100/429 train_nll=-2464.304
2026-05-14 02:42:32,572 INFO CSMF2.step_1_1_1.run :: [h] epoch=3 step=150 total=0.31462 batch=0.01259
2026-05-14 02:42:32,572 INFO CSMF2.step_1_1_1.run :: [lat] epoch=3 step=150 mean_l2=0.27456 std_l2=1.79846
2026-05-14 02:42:32,656 INFO CSMF2.step_1_1_1.run :: epoch=3 step=150/429 train_nll=-2482.328
2026-05-14 02:42:39,327 INFO CSMF2.step_1_1_1.run :: [h] epoch=3 step=200 total=0.31900 batch=0.01510
2026-05-14 02:42:39,328 INFO CSMF2.step_1_1_1.run :: [lat] epoch=3 step=200 mean_l2=0.23054 std_l2=0.31410
2026-05-14 02:42:39,412 INFO CSMF2.step_1_1_1.run :: epoch=3 step=200/429 train_nll=-2483.907
2026-05-14 02:42:46,088 INFO CSMF2.step_1_1_1.run :: [h] epoch=3 step=250 total=0.31098 batch=0.01390
2026-05-14 02:42:46,089 INFO CSMF2.step_1_1_1.run :: [lat] epoch=3 step=250 mean_l2=0.24953 std_l2=0.45247
2026-05-14 02:42:46,173 INFO CSMF2.step_1_1_1.run :: epoch=3 step=250/429 train_nll=-2485.899
2026-05-14 02:42:52,860 INFO CSMF2.step_1_1_1.run :: [h] epoch=3 step=300 total=0.27534 batch=0.01431
2026-05-14 02:42:52,860 INFO CSMF2.step_1_1_1.run :: [lat] epoch=3 step=300 mean_l2=0.31405 std_l2=0.40789
2026-05-14 02:42:52,945 INFO CSMF2.step_1_1_1.run :: epoch=3 step=300/429 train_nll=-2488.296
2026-05-14 02:42:59,632 INFO CSMF2.step_1_1_1.run :: [h] epoch=3 step=350 total=0.26592 batch=0.01460
2026-05-14 02:42:59,633 INFO CSMF2.step_1_1_1.run :: [lat] epoch=3 step=350 mean_l2=0.30880 std_l2=0.34354
2026-05-14 02:42:59,718 INFO CSMF2.step_1_1_1.run :: epoch=3 step=350/429 train_nll=-2487.645
2026-05-14 02:43:06,413 INFO CSMF2.step_1_1_1.run :: [h] epoch=3 step=400 total=0.29874 batch=0.01820
2026-05-14 02:43:06,414 INFO CSMF2.step_1_1_1.run :: [lat] epoch=3 step=400 mean_l2=0.52697 std_l2=0.34170
2026-05-14 02:43:06,499 INFO CSMF2.step_1_1_1.run :: epoch=3 step=400/429 train_nll=-2494.268
2026-05-14 02:43:12,381 INFO CSMF2.step_1_1_1.run :: epoch=3  train_nll=-2496.210  val_nll=-2559.137  t=59.7s
2026-05-14 02:43:12,381 INFO CSMF2.step_1_1_1.run :: [h_std] total=0.30359 batch=0.01399 (no penalty)
2026-05-14 02:43:12,381 INFO CSMF2.step_1_1_1.run :: [lat_epoch] mean_l2=0.29163 std_l2=0.58617 lambda=10.000
2026-05-14 02:43:12,381 INFO CSMF2.step_1_1_1.run :: [grad] cond=18.9929 film_gain=0.0000
2026-05-14 02:43:22,517 INFO CSMF2.step_1_1_1.run :: [h] epoch=4 step=50 total=0.27028 batch=0.01665
2026-05-14 02:43:22,518 INFO CSMF2.step_1_1_1.run :: [lat] epoch=4 step=50 mean_l2=0.29979 std_l2=0.31881
2026-05-14 02:43:22,603 INFO CSMF2.step_1_1_1.run :: epoch=4 step=50/429 train_nll=-2478.510
2026-05-14 02:43:29,312 INFO CSMF2.step_1_1_1.run :: [h] epoch=4 step=100 total=0.26931 batch=0.01988
2026-05-14 02:43:29,313 INFO CSMF2.step_1_1_1.run :: [lat] epoch=4 step=100 mean_l2=0.34471 std_l2=0.25348
2026-05-14 02:43:29,400 INFO CSMF2.step_1_1_1.run :: epoch=4 step=100/429 train_nll=-2482.561
2026-05-14 02:43:36,125 INFO CSMF2.step_1_1_1.run :: [h] epoch=4 step=150 total=0.25665 batch=0.01719
2026-05-14 02:43:36,125 INFO CSMF2.step_1_1_1.run :: [lat] epoch=4 step=150 mean_l2=0.27830 std_l2=1.08280
2026-05-14 02:43:36,212 INFO CSMF2.step_1_1_1.run :: epoch=4 step=150/429 train_nll=-2489.106
2026-05-14 02:43:42,929 INFO CSMF2.step_1_1_1.run :: [h] epoch=4 step=200 total=0.24711 batch=0.02312
2026-05-14 02:43:42,929 INFO CSMF2.step_1_1_1.run :: [lat] epoch=4 step=200 mean_l2=0.19376 std_l2=0.37927
2026-05-14 02:43:43,015 INFO CSMF2.step_1_1_1.run :: epoch=4 step=200/429 train_nll=-2497.429
2026-05-14 02:43:49,736 INFO CSMF2.step_1_1_1.run :: [h] epoch=4 step=250 total=0.23916 batch=0.02315
2026-05-14 02:43:49,736 INFO CSMF2.step_1_1_1.run :: [lat] epoch=4 step=250 mean_l2=0.42311 std_l2=2.34797
2026-05-14 02:43:49,823 INFO CSMF2.step_1_1_1.run :: epoch=4 step=250/429 train_nll=-2500.567
2026-05-14 02:43:56,526 INFO CSMF2.step_1_1_1.run :: [h] epoch=4 step=300 total=0.21981 batch=0.02810
2026-05-14 02:43:56,527 INFO CSMF2.step_1_1_1.run :: [lat] epoch=4 step=300 mean_l2=0.28218 std_l2=0.57379
2026-05-14 02:43:56,612 INFO CSMF2.step_1_1_1.run :: epoch=4 step=300/429 train_nll=-2500.996
2026-05-14 02:44:03,322 INFO CSMF2.step_1_1_1.run :: [h] epoch=4 step=350 total=0.26469 batch=0.03590
2026-05-14 02:44:03,322 INFO CSMF2.step_1_1_1.run :: [lat] epoch=4 step=350 mean_l2=0.17129 std_l2=0.31786
2026-05-14 02:44:03,407 INFO CSMF2.step_1_1_1.run :: epoch=4 step=350/429 train_nll=-2512.162
2026-05-14 02:44:10,115 INFO CSMF2.step_1_1_1.run :: [h] epoch=4 step=400 total=0.24715 batch=0.04462
2026-05-14 02:44:10,116 INFO CSMF2.step_1_1_1.run :: [lat] epoch=4 step=400 mean_l2=0.17637 std_l2=0.64178
2026-05-14 02:44:10,202 INFO CSMF2.step_1_1_1.run :: epoch=4 step=400/429 train_nll=-2523.702
2026-05-14 02:44:16,245 INFO CSMF2.step_1_1_1.run :: epoch=4  train_nll=-2525.259  val_nll=-2515.979  t=60.2s
2026-05-14 02:44:16,245 INFO CSMF2.step_1_1_1.run :: [h_std] total=0.25142 batch=0.02498 (no penalty)
2026-05-14 02:44:16,245 INFO CSMF2.step_1_1_1.run :: [lat_epoch] mean_l2=0.28132 std_l2=0.64735 lambda=10.000
2026-05-14 02:44:16,245 INFO CSMF2.step_1_1_1.run :: [grad] cond=25.7233 film_gain=0.0000
2026-05-14 02:44:26,089 INFO CSMF2.step_1_1_1.run :: [h] epoch=5 step=50 total=0.20341 batch=0.03256
2026-05-14 02:44:26,090 INFO CSMF2.step_1_1_1.run :: [lat] epoch=5 step=50 mean_l2=0.17386 std_l2=0.28076
2026-05-14 02:44:26,170 INFO CSMF2.step_1_1_1.run :: epoch=5 step=50/429 train_nll=-2552.347
2026-05-14 02:44:32,595 INFO CSMF2.step_1_1_1.run :: [h] epoch=5 step=100 total=0.23566 batch=0.04572
2026-05-14 02:44:32,596 INFO CSMF2.step_1_1_1.run :: [lat] epoch=5 step=100 mean_l2=0.37191 std_l2=0.45026
2026-05-14 02:44:32,675 INFO CSMF2.step_1_1_1.run :: epoch=5 step=100/429 train_nll=-2544.828
2026-05-14 02:44:39,099 INFO CSMF2.step_1_1_1.run :: [h] epoch=5 step=150 total=0.21627 batch=0.03519
2026-05-14 02:44:39,100 INFO CSMF2.step_1_1_1.run :: [lat] epoch=5 step=150 mean_l2=0.42847 std_l2=0.42394
2026-05-14 02:44:39,180 INFO CSMF2.step_1_1_1.run :: epoch=5 step=150/429 train_nll=-2538.121
2026-05-14 02:44:45,611 INFO CSMF2.step_1_1_1.run :: [h] epoch=5 step=200 total=0.23754 batch=0.04759
2026-05-14 02:44:45,611 INFO CSMF2.step_1_1_1.run :: [lat] epoch=5 step=200 mean_l2=0.17617 std_l2=0.41836
2026-05-14 02:44:45,689 INFO CSMF2.step_1_1_1.run :: epoch=5 step=200/429 train_nll=-2528.293
2026-05-14 02:44:52,100 INFO CSMF2.step_1_1_1.run :: [h] epoch=5 step=250 total=0.20342 batch=0.04366
2026-05-14 02:44:52,100 INFO CSMF2.step_1_1_1.run :: [lat] epoch=5 step=250 mean_l2=0.25852 std_l2=1.42380
2026-05-14 02:44:52,181 INFO CSMF2.step_1_1_1.run :: epoch=5 step=250/429 train_nll=-2535.627
2026-05-14 02:44:58,603 INFO CSMF2.step_1_1_1.run :: [h] epoch=5 step=300 total=0.20009 batch=0.04833
2026-05-14 02:44:58,603 INFO CSMF2.step_1_1_1.run :: [lat] epoch=5 step=300 mean_l2=0.15791 std_l2=0.26035
2026-05-14 02:44:58,681 INFO CSMF2.step_1_1_1.run :: epoch=5 step=300/429 train_nll=-2552.197
2026-05-14 02:45:05,101 INFO CSMF2.step_1_1_1.run :: [h] epoch=5 step=350 total=0.23464 batch=0.06056
2026-05-14 02:45:05,101 INFO CSMF2.step_1_1_1.run :: [lat] epoch=5 step=350 mean_l2=0.21343 std_l2=0.33822
2026-05-14 02:45:05,182 INFO CSMF2.step_1_1_1.run :: epoch=5 step=350/429 train_nll=-2565.601
2026-05-14 02:45:11,603 INFO CSMF2.step_1_1_1.run :: [h] epoch=5 step=400 total=0.18414 batch=0.04458
2026-05-14 02:45:11,604 INFO CSMF2.step_1_1_1.run :: [lat] epoch=5 step=400 mean_l2=0.20314 std_l2=0.35796
2026-05-14 02:45:11,683 INFO CSMF2.step_1_1_1.run :: epoch=5 step=400/429 train_nll=-2570.292
2026-05-14 02:45:17,378 INFO CSMF2.step_1_1_1.run :: epoch=5  train_nll=-2575.439  val_nll=-2661.714  t=57.5s
2026-05-14 02:45:17,378 INFO CSMF2.step_1_1_1.run :: [h_std] total=0.22049 batch=0.04516 (no penalty)
2026-05-14 02:45:17,378 INFO CSMF2.step_1_1_1.run :: [lat_epoch] mean_l2=0.29663 std_l2=0.57291 lambda=10.000
2026-05-14 02:45:17,378 INFO CSMF2.step_1_1_1.run :: [grad] cond=60.6842 film_gain=0.0000
2026-05-14 02:45:26,985 INFO CSMF2.step_1_1_1.run :: [h] epoch=6 step=50 total=0.18290 batch=0.04408
2026-05-14 02:45:26,986 INFO CSMF2.step_1_1_1.run :: [lat] epoch=6 step=50 mean_l2=0.32846 std_l2=0.56396
2026-05-14 02:45:27,059 INFO CSMF2.step_1_1_1.run :: epoch=6 step=50/429 train_nll=-2560.923
2026-05-14 02:45:33,419 INFO CSMF2.step_1_1_1.run :: [h] epoch=6 step=100 total=0.22153 batch=0.07119
2026-05-14 02:45:33,419 INFO CSMF2.step_1_1_1.run :: [lat] epoch=6 step=100 mean_l2=0.38277 std_l2=0.30911
2026-05-14 02:45:33,507 INFO CSMF2.step_1_1_1.run :: epoch=6 step=100/429 train_nll=-2599.692
2026-05-14 02:45:40,302 INFO CSMF2.step_1_1_1.run :: [h] epoch=6 step=150 total=0.21074 batch=0.05888
2026-05-14 02:45:40,302 INFO CSMF2.step_1_1_1.run :: [lat] epoch=6 step=150 mean_l2=0.40959 std_l2=2.06582
2026-05-14 02:45:40,389 INFO CSMF2.step_1_1_1.run :: epoch=6 step=150/429 train_nll=-2609.099
2026-05-14 02:45:47,185 INFO CSMF2.step_1_1_1.run :: [h] epoch=6 step=200 total=0.17950 batch=0.05027
2026-05-14 02:45:47,186 INFO CSMF2.step_1_1_1.run :: [lat] epoch=6 step=200 mean_l2=0.15394 std_l2=0.44163
2026-05-14 02:45:47,273 INFO CSMF2.step_1_1_1.run :: epoch=6 step=200/429 train_nll=-2614.560
2026-05-14 02:45:54,068 INFO CSMF2.step_1_1_1.run :: [h] epoch=6 step=250 total=0.17609 batch=0.04988
2026-05-14 02:45:54,069 INFO CSMF2.step_1_1_1.run :: [lat] epoch=6 step=250 mean_l2=0.32326 std_l2=2.01437
2026-05-14 02:45:54,156 INFO CSMF2.step_1_1_1.run :: epoch=6 step=250/429 train_nll=-2618.011
2026-05-14 02:46:00,954 INFO CSMF2.step_1_1_1.run :: [h] epoch=6 step=300 total=0.17232 batch=0.06056
2026-05-14 02:46:00,954 INFO CSMF2.step_1_1_1.run :: [lat] epoch=6 step=300 mean_l2=0.28415 std_l2=0.32120
2026-05-14 02:46:01,041 INFO CSMF2.step_1_1_1.run :: epoch=6 step=300/429 train_nll=-2623.957
2026-05-14 02:46:07,847 INFO CSMF2.step_1_1_1.run :: [h] epoch=6 step=350 total=0.19835 batch=0.05591
2026-05-14 02:46:07,847 INFO CSMF2.step_1_1_1.run :: [lat] epoch=6 step=350 mean_l2=0.17674 std_l2=0.29045
2026-05-14 02:46:07,935 INFO CSMF2.step_1_1_1.run :: epoch=6 step=350/429 train_nll=-2625.672
2026-05-14 02:46:14,748 INFO CSMF2.step_1_1_1.run :: [h] epoch=6 step=400 total=0.17915 batch=0.05299
2026-05-14 02:46:14,749 INFO CSMF2.step_1_1_1.run :: [lat] epoch=6 step=400 mean_l2=0.17688 std_l2=0.34227
2026-05-14 02:46:14,836 INFO CSMF2.step_1_1_1.run :: epoch=6 step=400/429 train_nll=-2631.774
2026-05-14 02:46:20,933 INFO CSMF2.step_1_1_1.run :: epoch=6  train_nll=-2634.511  val_nll=-2661.050  t=59.9s
2026-05-14 02:46:20,933 INFO CSMF2.step_1_1_1.run :: [h_std] total=0.19907 batch=0.05700 (no penalty)
2026-05-14 02:46:20,933 INFO CSMF2.step_1_1_1.run :: [lat_epoch] mean_l2=0.25529 std_l2=0.56799 lambda=10.000
2026-05-14 02:46:20,933 INFO CSMF2.step_1_1_1.run :: [grad] cond=79.0126 film_gain=0.0000
2026-05-14 02:46:31,150 INFO CSMF2.step_1_1_1.run :: [h] epoch=7 step=50 total=0.19598 batch=0.05932
2026-05-14 02:46:31,151 INFO CSMF2.step_1_1_1.run :: [lat] epoch=7 step=50 mean_l2=0.20997 std_l2=0.37207
2026-05-14 02:46:31,239 INFO CSMF2.step_1_1_1.run :: epoch=7 step=50/429 train_nll=-2695.876
2026-05-14 02:46:38,109 INFO CSMF2.step_1_1_1.run :: [h] epoch=7 step=100 total=0.19253 batch=0.07343
2026-05-14 02:46:38,109 INFO CSMF2.step_1_1_1.run :: [lat] epoch=7 step=100 mean_l2=0.25190 std_l2=0.24306
2026-05-14 02:46:38,199 INFO CSMF2.step_1_1_1.run :: epoch=7 step=100/429 train_nll=-2687.872
2026-05-14 02:46:45,074 INFO CSMF2.step_1_1_1.run :: [h] epoch=7 step=150 total=0.17355 batch=0.06441
2026-05-14 02:46:45,074 INFO CSMF2.step_1_1_1.run :: [lat] epoch=7 step=150 mean_l2=0.16018 std_l2=0.42923
2026-05-14 02:46:45,163 INFO CSMF2.step_1_1_1.run :: epoch=7 step=150/429 train_nll=-2676.109
2026-05-14 02:46:52,048 INFO CSMF2.step_1_1_1.run :: [h] epoch=7 step=200 total=0.18896 batch=0.07038
2026-05-14 02:46:52,049 INFO CSMF2.step_1_1_1.run :: [lat] epoch=7 step=200 mean_l2=0.40085 std_l2=0.78473
2026-05-14 02:46:52,137 INFO CSMF2.step_1_1_1.run :: epoch=7 step=200/429 train_nll=-2668.341
2026-05-14 02:46:59,020 INFO CSMF2.step_1_1_1.run :: [h] epoch=7 step=250 total=0.18420 batch=0.07254
2026-05-14 02:46:59,021 INFO CSMF2.step_1_1_1.run :: [lat] epoch=7 step=250 mean_l2=0.13015 std_l2=1.70178
2026-05-14 02:46:59,111 INFO CSMF2.step_1_1_1.run :: epoch=7 step=250/429 train_nll=-2666.135
2026-05-14 02:47:06,003 INFO CSMF2.step_1_1_1.run :: [h] epoch=7 step=300 total=0.17990 batch=0.07350
2026-05-14 02:47:06,004 INFO CSMF2.step_1_1_1.run :: [lat] epoch=7 step=300 mean_l2=0.13536 std_l2=0.56071
2026-05-14 02:47:06,094 INFO CSMF2.step_1_1_1.run :: epoch=7 step=300/429 train_nll=-2674.478
2026-05-14 02:47:12,972 INFO CSMF2.step_1_1_1.run :: [h] epoch=7 step=350 total=0.15107 batch=0.05413
2026-05-14 02:47:12,972 INFO CSMF2.step_1_1_1.run :: [lat] epoch=7 step=350 mean_l2=0.27246 std_l2=0.49201
2026-05-14 02:47:13,063 INFO CSMF2.step_1_1_1.run :: epoch=7 step=350/429 train_nll=-2680.449
2026-05-14 02:47:19,960 INFO CSMF2.step_1_1_1.run :: [h] epoch=7 step=400 total=0.18748 batch=0.07871
2026-05-14 02:47:19,960 INFO CSMF2.step_1_1_1.run :: [lat] epoch=7 step=400 mean_l2=0.14065 std_l2=0.32139
2026-05-14 02:47:20,051 INFO CSMF2.step_1_1_1.run :: epoch=7 step=400/429 train_nll=-2680.592
2026-05-14 02:47:26,192 INFO CSMF2.step_1_1_1.run :: epoch=7  train_nll=-2684.330  val_nll=-2681.578  t=61.7s
2026-05-14 02:47:26,192 INFO CSMF2.step_1_1_1.run :: [h_std] total=0.18372 batch=0.06357 (no penalty)
2026-05-14 02:47:26,192 INFO CSMF2.step_1_1_1.run :: [lat_epoch] mean_l2=0.23190 std_l2=0.57217 lambda=10.000
2026-05-14 02:47:26,192 INFO CSMF2.step_1_1_1.run :: [grad] cond=11.4488 film_gain=0.0000
2026-05-14 02:47:36,046 INFO CSMF2.step_1_1_1.run :: [h] epoch=8 step=50 total=0.19147 batch=0.08361
2026-05-14 02:47:36,046 INFO CSMF2.step_1_1_1.run :: [lat] epoch=8 step=50 mean_l2=0.25254 std_l2=0.62375
2026-05-14 02:47:36,126 INFO CSMF2.step_1_1_1.run :: epoch=8 step=50/429 train_nll=-2723.972
2026-05-14 02:47:42,566 INFO CSMF2.step_1_1_1.run :: [h] epoch=8 step=100 total=0.19747 batch=0.06759
2026-05-14 02:47:42,566 INFO CSMF2.step_1_1_1.run :: [lat] epoch=8 step=100 mean_l2=0.29049 std_l2=0.37395
2026-05-14 02:47:42,646 INFO CSMF2.step_1_1_1.run :: epoch=8 step=100/429 train_nll=-2633.510
2026-05-14 02:47:49,091 INFO CSMF2.step_1_1_1.run :: [h] epoch=8 step=150 total=0.16817 batch=0.06242
2026-05-14 02:47:49,092 INFO CSMF2.step_1_1_1.run :: [lat] epoch=8 step=150 mean_l2=0.16060 std_l2=0.46477
2026-05-14 02:47:49,172 INFO CSMF2.step_1_1_1.run :: epoch=8 step=150/429 train_nll=-2656.773
2026-05-14 02:47:55,612 INFO CSMF2.step_1_1_1.run :: [h] epoch=8 step=200 total=0.15148 batch=0.05128
2026-05-14 02:47:55,612 INFO CSMF2.step_1_1_1.run :: [lat] epoch=8 step=200 mean_l2=0.24140 std_l2=0.34373
2026-05-14 02:47:55,692 INFO CSMF2.step_1_1_1.run :: epoch=8 step=200/429 train_nll=-2639.457
2026-05-14 02:48:02,133 INFO CSMF2.step_1_1_1.run :: [h] epoch=8 step=250 total=0.15069 batch=0.05732
2026-05-14 02:48:02,133 INFO CSMF2.step_1_1_1.run :: [lat] epoch=8 step=250 mean_l2=0.17682 std_l2=0.97539
2026-05-14 02:48:02,213 INFO CSMF2.step_1_1_1.run :: epoch=8 step=250/429 train_nll=-2650.164
2026-05-14 02:48:08,656 INFO CSMF2.step_1_1_1.run :: [h] epoch=8 step=300 total=0.15718 batch=0.07252
2026-05-14 02:48:08,656 INFO CSMF2.step_1_1_1.run :: [lat] epoch=8 step=300 mean_l2=0.21246 std_l2=0.26572
2026-05-14 02:48:08,736 INFO CSMF2.step_1_1_1.run :: epoch=8 step=300/429 train_nll=-2664.664
2026-05-14 02:48:15,185 INFO CSMF2.step_1_1_1.run :: [h] epoch=8 step=350 total=0.15958 batch=0.06869
2026-05-14 02:48:15,185 INFO CSMF2.step_1_1_1.run :: [lat] epoch=8 step=350 mean_l2=0.30233 std_l2=0.51049
2026-05-14 02:48:15,266 INFO CSMF2.step_1_1_1.run :: epoch=8 step=350/429 train_nll=-2672.640
2026-05-14 02:48:21,722 INFO CSMF2.step_1_1_1.run :: [h] epoch=8 step=400 total=0.14589 batch=0.06436
2026-05-14 02:48:21,722 INFO CSMF2.step_1_1_1.run :: [lat] epoch=8 step=400 mean_l2=0.16502 std_l2=0.38415
2026-05-14 02:48:21,803 INFO CSMF2.step_1_1_1.run :: epoch=8 step=400/429 train_nll=-2675.461
2026-05-14 02:48:27,536 INFO CSMF2.step_1_1_1.run :: epoch=8  train_nll=-2681.176  val_nll=-2723.929  t=57.8s
2026-05-14 02:48:27,536 INFO CSMF2.step_1_1_1.run :: [h_std] total=0.16435 batch=0.06441 (no penalty)
2026-05-14 02:48:27,536 INFO CSMF2.step_1_1_1.run :: [lat_epoch] mean_l2=0.25203 std_l2=0.65499 lambda=10.000
2026-05-14 02:48:27,536 INFO CSMF2.step_1_1_1.run :: [grad] cond=40.9891 film_gain=0.0000
2026-05-14 02:48:37,420 INFO CSMF2.step_1_1_1.run :: [h] epoch=9 step=50 total=0.16203 batch=0.06497
2026-05-14 02:48:37,420 INFO CSMF2.step_1_1_1.run :: [lat] epoch=9 step=50 mean_l2=0.56960 std_l2=0.55757
2026-05-14 02:48:37,500 INFO CSMF2.step_1_1_1.run :: epoch=9 step=50/429 train_nll=-2740.773
2026-05-14 02:48:43,985 INFO CSMF2.step_1_1_1.run :: [h] epoch=9 step=100 total=0.13752 batch=0.06037
2026-05-14 02:48:43,986 INFO CSMF2.step_1_1_1.run :: [lat] epoch=9 step=100 mean_l2=0.17675 std_l2=0.25679
2026-05-14 02:48:44,066 INFO CSMF2.step_1_1_1.run :: epoch=9 step=100/429 train_nll=-2708.077
2026-05-14 02:48:50,547 INFO CSMF2.step_1_1_1.run :: [h] epoch=9 step=150 total=0.14539 batch=0.06603
2026-05-14 02:48:50,547 INFO CSMF2.step_1_1_1.run :: [lat] epoch=9 step=150 mean_l2=0.27194 std_l2=0.49337
2026-05-14 02:48:50,627 INFO CSMF2.step_1_1_1.run :: epoch=9 step=150/429 train_nll=-2709.484
2026-05-14 02:48:57,100 INFO CSMF2.step_1_1_1.run :: [h] epoch=9 step=200 total=0.15218 batch=0.07176
2026-05-14 02:48:57,101 INFO CSMF2.step_1_1_1.run :: [lat] epoch=9 step=200 mean_l2=0.33191 std_l2=0.72305
2026-05-14 02:48:57,181 INFO CSMF2.step_1_1_1.run :: epoch=9 step=200/429 train_nll=-2707.686
2026-05-14 02:49:03,655 INFO CSMF2.step_1_1_1.run :: [h] epoch=9 step=250 total=0.12627 batch=0.04271
2026-05-14 02:49:03,656 INFO CSMF2.step_1_1_1.run :: [lat] epoch=9 step=250 mean_l2=0.20206 std_l2=0.42332
2026-05-14 02:49:03,736 INFO CSMF2.step_1_1_1.run :: epoch=9 step=250/429 train_nll=-2701.773
2026-05-14 02:49:10,212 INFO CSMF2.step_1_1_1.run :: [h] epoch=9 step=300 total=0.13914 batch=0.05675
2026-05-14 02:49:10,213 INFO CSMF2.step_1_1_1.run :: [lat] epoch=9 step=300 mean_l2=0.16098 std_l2=0.29561
2026-05-14 02:49:10,293 INFO CSMF2.step_1_1_1.run :: epoch=9 step=300/429 train_nll=-2704.123
2026-05-14 02:49:16,782 INFO CSMF2.step_1_1_1.run :: [h] epoch=9 step=350 total=0.14886 batch=0.07566
2026-05-14 02:49:16,783 INFO CSMF2.step_1_1_1.run :: [lat] epoch=9 step=350 mean_l2=0.22042 std_l2=0.30287
2026-05-14 02:49:16,863 INFO CSMF2.step_1_1_1.run :: epoch=9 step=350/429 train_nll=-2708.197
2026-05-14 02:49:23,363 INFO CSMF2.step_1_1_1.run :: [h] epoch=9 step=400 total=0.13578 batch=0.05893
2026-05-14 02:49:23,363 INFO CSMF2.step_1_1_1.run :: [lat] epoch=9 step=400 mean_l2=0.15342 std_l2=0.29180
2026-05-14 02:49:23,444 INFO CSMF2.step_1_1_1.run :: epoch=9 step=400/429 train_nll=-2715.866
2026-05-14 02:49:29,349 INFO CSMF2.step_1_1_1.run :: epoch=9  train_nll=-2719.543  val_nll=-2744.903  t=58.2s
2026-05-14 02:49:29,349 INFO CSMF2.step_1_1_1.run :: [h_std] total=0.14937 batch=0.06397 (no penalty)
2026-05-14 02:49:29,349 INFO CSMF2.step_1_1_1.run :: [lat_epoch] mean_l2=0.23883 std_l2=0.56841 lambda=10.000
2026-05-14 02:49:29,349 INFO CSMF2.step_1_1_1.run :: [grad] cond=92.0178 film_gain=0.0000
2026-05-14 02:49:39,520 INFO CSMF2.step_1_1_1.run :: [h] epoch=10 step=50 total=0.14430 batch=0.07159
2026-05-14 02:49:39,520 INFO CSMF2.step_1_1_1.run :: [lat] epoch=10 step=50 mean_l2=0.22872 std_l2=0.33572
2026-05-14 02:49:39,607 INFO CSMF2.step_1_1_1.run :: epoch=10 step=50/429 train_nll=-2799.692
2026-05-14 02:49:46,396 INFO CSMF2.step_1_1_1.run :: [h] epoch=10 step=100 total=0.14653 batch=0.07077
2026-05-14 02:49:46,397 INFO CSMF2.step_1_1_1.run :: [lat] epoch=10 step=100 mean_l2=0.18262 std_l2=0.84149
2026-05-14 02:49:46,484 INFO CSMF2.step_1_1_1.run :: epoch=10 step=100/429 train_nll=-2783.578
2026-05-14 02:49:53,268 INFO CSMF2.step_1_1_1.run :: [h] epoch=10 step=150 total=0.14105 batch=0.06898
2026-05-14 02:49:53,268 INFO CSMF2.step_1_1_1.run :: [lat] epoch=10 step=150 mean_l2=0.20764 std_l2=0.23762
2026-05-14 02:49:53,355 INFO CSMF2.step_1_1_1.run :: epoch=10 step=150/429 train_nll=-2765.329
2026-05-14 02:50:00,135 INFO CSMF2.step_1_1_1.run :: [h] epoch=10 step=200 total=0.15875 batch=0.08126
2026-05-14 02:50:00,136 INFO CSMF2.step_1_1_1.run :: [lat] epoch=10 step=200 mean_l2=0.18023 std_l2=0.70722
2026-05-14 02:50:00,222 INFO CSMF2.step_1_1_1.run :: epoch=10 step=200/429 train_nll=-2764.288
2026-05-14 02:50:07,009 INFO CSMF2.step_1_1_1.run :: [h] epoch=10 step=250 total=0.12758 batch=0.05351
2026-05-14 02:50:07,009 INFO CSMF2.step_1_1_1.run :: [lat] epoch=10 step=250 mean_l2=0.33320 std_l2=0.53097
2026-05-14 02:50:07,096 INFO CSMF2.step_1_1_1.run :: epoch=10 step=250/429 train_nll=-2759.370
2026-05-14 02:50:13,877 INFO CSMF2.step_1_1_1.run :: [h] epoch=10 step=300 total=0.12425 batch=0.05814
2026-05-14 02:50:13,878 INFO CSMF2.step_1_1_1.run :: [lat] epoch=10 step=300 mean_l2=0.20182 std_l2=0.25112
2026-05-14 02:50:13,965 INFO CSMF2.step_1_1_1.run :: epoch=10 step=300/429 train_nll=-2748.755
2026-05-14 02:50:20,754 INFO CSMF2.step_1_1_1.run :: [h] epoch=10 step=350 total=0.14428 batch=0.06796
2026-05-14 02:50:20,754 INFO CSMF2.step_1_1_1.run :: [lat] epoch=10 step=350 mean_l2=0.13333 std_l2=0.81589
2026-05-14 02:50:20,841 INFO CSMF2.step_1_1_1.run :: epoch=10 step=350/429 train_nll=-2739.318
2026-05-14 02:50:27,635 INFO CSMF2.step_1_1_1.run :: [h] epoch=10 step=400 total=0.13116 batch=0.04997
2026-05-14 02:50:27,636 INFO CSMF2.step_1_1_1.run :: [lat] epoch=10 step=400 mean_l2=0.14386 std_l2=0.99657
2026-05-14 02:50:27,723 INFO CSMF2.step_1_1_1.run :: epoch=10 step=400/429 train_nll=-2715.428
2026-05-14 02:50:33,795 INFO CSMF2.step_1_1_1.run :: epoch=10  train_nll=-2715.601  val_nll=-2642.932  t=60.8s
2026-05-14 02:50:33,796 INFO CSMF2.step_1_1_1.run :: [h_std] total=0.14286 batch=0.06694 (no penalty)
2026-05-14 02:50:33,796 INFO CSMF2.step_1_1_1.run :: [lat_epoch] mean_l2=0.24715 std_l2=0.68011 lambda=10.000
2026-05-14 02:50:33,796 INFO CSMF2.step_1_1_1.run :: [grad] cond=104.2518 film_gain=0.0000
2026-05-14 02:50:44,072 INFO CSMF2.step_1_1_1.run :: [h] epoch=11 step=50 total=0.13099 batch=0.05908
2026-05-14 02:50:44,073 INFO CSMF2.step_1_1_1.run :: [lat] epoch=11 step=50 mean_l2=0.20810 std_l2=1.61682
2026-05-14 02:50:44,163 INFO CSMF2.step_1_1_1.run :: epoch=11 step=50/429 train_nll=-2748.137
2026-05-14 02:50:51,060 INFO CSMF2.step_1_1_1.run :: [h] epoch=11 step=100 total=0.13685 batch=0.06667
2026-05-14 02:50:51,060 INFO CSMF2.step_1_1_1.run :: [lat] epoch=11 step=100 mean_l2=0.26039 std_l2=0.65186
2026-05-14 02:50:51,151 INFO CSMF2.step_1_1_1.run :: epoch=11 step=100/429 train_nll=-2741.752
2026-05-14 02:50:58,049 INFO CSMF2.step_1_1_1.run :: [h] epoch=11 step=150 total=0.12868 batch=0.05443
2026-05-14 02:50:58,049 INFO CSMF2.step_1_1_1.run :: [lat] epoch=11 step=150 mean_l2=0.24686 std_l2=0.57101
2026-05-14 02:50:58,140 INFO CSMF2.step_1_1_1.run :: epoch=11 step=150/429 train_nll=-2737.341
2026-05-14 02:51:05,020 INFO CSMF2.step_1_1_1.run :: [h] epoch=11 step=200 total=0.13462 batch=0.06523
2026-05-14 02:51:05,020 INFO CSMF2.step_1_1_1.run :: [lat] epoch=11 step=200 mean_l2=0.20805 std_l2=0.53787
2026-05-14 02:51:05,108 INFO CSMF2.step_1_1_1.run :: epoch=11 step=200/429 train_nll=-2740.828
2026-05-14 02:51:11,983 INFO CSMF2.step_1_1_1.run :: [h] epoch=11 step=250 total=0.12726 batch=0.05580
2026-05-14 02:51:11,983 INFO CSMF2.step_1_1_1.run :: [lat] epoch=11 step=250 mean_l2=0.14382 std_l2=0.44850
2026-05-14 02:51:12,072 INFO CSMF2.step_1_1_1.run :: epoch=11 step=250/429 train_nll=-2742.916
2026-05-14 02:51:18,951 INFO CSMF2.step_1_1_1.run :: [h] epoch=11 step=300 total=0.12770 batch=0.05430
2026-05-14 02:51:18,951 INFO CSMF2.step_1_1_1.run :: [lat] epoch=11 step=300 mean_l2=0.14230 std_l2=0.22501
2026-05-14 02:51:19,041 INFO CSMF2.step_1_1_1.run :: epoch=11 step=300/429 train_nll=-2751.521
2026-05-14 02:51:25,925 INFO CSMF2.step_1_1_1.run :: [h] epoch=11 step=350 total=0.12601 batch=0.05701
2026-05-14 02:51:25,925 INFO CSMF2.step_1_1_1.run :: [lat] epoch=11 step=350 mean_l2=0.13829 std_l2=0.23024
2026-05-14 02:51:26,014 INFO CSMF2.step_1_1_1.run :: epoch=11 step=350/429 train_nll=-2763.363
2026-05-14 02:51:32,900 INFO CSMF2.step_1_1_1.run :: [h] epoch=11 step=400 total=0.11474 batch=0.05010
2026-05-14 02:51:32,900 INFO CSMF2.step_1_1_1.run :: [lat] epoch=11 step=400 mean_l2=0.27310 std_l2=0.31697
2026-05-14 02:51:32,989 INFO CSMF2.step_1_1_1.run :: epoch=11 step=400/429 train_nll=-2749.123
2026-05-14 02:51:38,968 INFO CSMF2.step_1_1_1.run :: epoch=11  train_nll=-2749.329  val_nll=-2777.955  t=61.7s
2026-05-14 02:51:38,968 INFO CSMF2.step_1_1_1.run :: [h_std] total=0.12790 batch=0.05787 (no penalty)
2026-05-14 02:51:38,969 INFO CSMF2.step_1_1_1.run :: [lat_epoch] mean_l2=0.23198 std_l2=0.63448 lambda=10.000
2026-05-14 02:51:38,969 INFO CSMF2.step_1_1_1.run :: [grad] cond=59.1706 film_gain=0.0000
2026-05-14 02:51:49,179 INFO CSMF2.step_1_1_1.run :: [h] epoch=12 step=50 total=0.12202 batch=0.05346
2026-05-14 02:51:49,180 INFO CSMF2.step_1_1_1.run :: [lat] epoch=12 step=50 mean_l2=0.23226 std_l2=0.22172
2026-05-14 02:51:49,267 INFO CSMF2.step_1_1_1.run :: epoch=12 step=50/429 train_nll=-2824.581
2026-05-14 02:51:56,092 INFO CSMF2.step_1_1_1.run :: [h] epoch=12 step=100 total=0.13276 batch=0.06334
2026-05-14 02:51:56,092 INFO CSMF2.step_1_1_1.run :: [lat] epoch=12 step=100 mean_l2=0.20136 std_l2=0.37083
2026-05-14 02:51:56,180 INFO CSMF2.step_1_1_1.run :: epoch=12 step=100/429 train_nll=-2827.925
2026-05-14 02:52:03,011 INFO CSMF2.step_1_1_1.run :: [h] epoch=12 step=150 total=0.12269 batch=0.04875
2026-05-14 02:52:03,011 INFO CSMF2.step_1_1_1.run :: [lat] epoch=12 step=150 mean_l2=0.27136 std_l2=0.49210
2026-05-14 02:52:03,099 INFO CSMF2.step_1_1_1.run :: epoch=12 step=150/429 train_nll=-2818.057
2026-05-14 02:52:09,947 INFO CSMF2.step_1_1_1.run :: [h] epoch=12 step=200 total=0.12857 batch=0.06293
2026-05-14 02:52:09,947 INFO CSMF2.step_1_1_1.run :: [lat] epoch=12 step=200 mean_l2=0.16259 std_l2=0.49667
2026-05-14 02:52:10,036 INFO CSMF2.step_1_1_1.run :: epoch=12 step=200/429 train_nll=-2810.149
2026-05-14 02:52:16,908 INFO CSMF2.step_1_1_1.run :: [h] epoch=12 step=250 total=0.12023 batch=0.05635
2026-05-14 02:52:16,908 INFO CSMF2.step_1_1_1.run :: [lat] epoch=12 step=250 mean_l2=0.16617 std_l2=0.43867
2026-05-14 02:52:16,997 INFO CSMF2.step_1_1_1.run :: epoch=12 step=250/429 train_nll=-2811.778
2026-05-14 02:52:23,876 INFO CSMF2.step_1_1_1.run :: [h] epoch=12 step=300 total=0.12265 batch=0.05482
2026-05-14 02:52:23,877 INFO CSMF2.step_1_1_1.run :: [lat] epoch=12 step=300 mean_l2=0.20024 std_l2=0.21746
2026-05-14 02:52:23,966 INFO CSMF2.step_1_1_1.run :: epoch=12 step=300/429 train_nll=-2814.298
2026-05-14 02:52:30,847 INFO CSMF2.step_1_1_1.run :: [h] epoch=12 step=350 total=0.12936 batch=0.06554
2026-05-14 02:52:30,847 INFO CSMF2.step_1_1_1.run :: [lat] epoch=12 step=350 mean_l2=0.23634 std_l2=0.20768
2026-05-14 02:52:30,936 INFO CSMF2.step_1_1_1.run :: epoch=12 step=350/429 train_nll=-2811.028
2026-05-14 02:52:37,816 INFO CSMF2.step_1_1_1.run :: [h] epoch=12 step=400 total=0.12183 batch=0.05728
2026-05-14 02:52:37,816 INFO CSMF2.step_1_1_1.run :: [lat] epoch=12 step=400 mean_l2=0.17701 std_l2=0.36638
2026-05-14 02:52:37,905 INFO CSMF2.step_1_1_1.run :: epoch=12 step=400/429 train_nll=-2808.328
2026-05-14 02:52:44,040 INFO CSMF2.step_1_1_1.run :: epoch=12  train_nll=-2807.543  val_nll=-2760.575  t=61.5s
2026-05-14 02:52:44,040 INFO CSMF2.step_1_1_1.run :: [h_std] total=0.12495 batch=0.05713 (no penalty)
2026-05-14 02:52:44,040 INFO CSMF2.step_1_1_1.run :: [lat_epoch] mean_l2=0.19422 std_l2=0.55543 lambda=10.000
2026-05-14 02:52:44,040 INFO CSMF2.step_1_1_1.run :: [grad] cond=43.2113 film_gain=0.0000
2026-05-14 02:52:54,363 INFO CSMF2.step_1_1_1.run :: [h] epoch=13 step=50 total=0.12097 batch=0.05607
2026-05-14 02:52:54,364 INFO CSMF2.step_1_1_1.run :: [lat] epoch=13 step=50 mean_l2=0.19811 std_l2=0.23517
2026-05-14 02:52:54,453 INFO CSMF2.step_1_1_1.run :: epoch=13 step=50/429 train_nll=-2823.401
2026-05-14 02:53:01,360 INFO CSMF2.step_1_1_1.run :: [h] epoch=13 step=100 total=0.13939 batch=0.07047
2026-05-14 02:53:01,361 INFO CSMF2.step_1_1_1.run :: [lat] epoch=13 step=100 mean_l2=0.23604 std_l2=0.28976
2026-05-14 02:53:01,450 INFO CSMF2.step_1_1_1.run :: epoch=13 step=100/429 train_nll=-2832.388
2026-05-14 02:53:08,358 INFO CSMF2.step_1_1_1.run :: [h] epoch=13 step=150 total=0.11654 batch=0.04809
2026-05-14 02:53:08,359 INFO CSMF2.step_1_1_1.run :: [lat] epoch=13 step=150 mean_l2=0.26014 std_l2=1.05717
2026-05-14 02:53:08,448 INFO CSMF2.step_1_1_1.run :: epoch=13 step=150/429 train_nll=-2831.609
2026-05-14 02:53:15,357 INFO CSMF2.step_1_1_1.run :: [h] epoch=13 step=200 total=0.12300 batch=0.05648
2026-05-14 02:53:15,357 INFO CSMF2.step_1_1_1.run :: [lat] epoch=13 step=200 mean_l2=0.22226 std_l2=0.30743
2026-05-14 02:53:15,447 INFO CSMF2.step_1_1_1.run :: epoch=13 step=200/429 train_nll=-2832.322
2026-05-14 02:53:22,369 INFO CSMF2.step_1_1_1.run :: [h] epoch=13 step=250 total=0.12084 batch=0.05310
2026-05-14 02:53:22,370 INFO CSMF2.step_1_1_1.run :: [lat] epoch=13 step=250 mean_l2=0.17524 std_l2=0.38029
2026-05-14 02:53:22,460 INFO CSMF2.step_1_1_1.run :: epoch=13 step=250/429 train_nll=-2825.275
2026-05-14 02:53:29,384 INFO CSMF2.step_1_1_1.run :: [h] epoch=13 step=300 total=0.11978 batch=0.05112
2026-05-14 02:53:29,384 INFO CSMF2.step_1_1_1.run :: [lat] epoch=13 step=300 mean_l2=0.12240 std_l2=0.19867
2026-05-14 02:53:29,474 INFO CSMF2.step_1_1_1.run :: epoch=13 step=300/429 train_nll=-2828.020
2026-05-14 02:53:36,395 INFO CSMF2.step_1_1_1.run :: [h] epoch=13 step=350 total=0.12302 batch=0.05997
2026-05-14 02:53:36,395 INFO CSMF2.step_1_1_1.run :: [lat] epoch=13 step=350 mean_l2=0.21423 std_l2=0.18554
2026-05-14 02:53:36,485 INFO CSMF2.step_1_1_1.run :: epoch=13 step=350/429 train_nll=-2833.392
2026-05-14 02:53:43,403 INFO CSMF2.step_1_1_1.run :: [h] epoch=13 step=400 total=0.11972 batch=0.05642
2026-05-14 02:53:43,403 INFO CSMF2.step_1_1_1.run :: [lat] epoch=13 step=400 mean_l2=0.19636 std_l2=0.40324
2026-05-14 02:53:43,493 INFO CSMF2.step_1_1_1.run :: epoch=13 step=400/429 train_nll=-2829.596
2026-05-14 02:53:49,645 INFO CSMF2.step_1_1_1.run :: epoch=13  train_nll=-2829.697  val_nll=-2673.977  t=62.0s
2026-05-14 02:53:49,645 INFO CSMF2.step_1_1_1.run :: [h_std] total=0.12241 batch=0.05461 (no penalty)
2026-05-14 02:53:49,645 INFO CSMF2.step_1_1_1.run :: [lat_epoch] mean_l2=0.19823 std_l2=0.50101 lambda=10.000
2026-05-14 02:53:49,645 INFO CSMF2.step_1_1_1.run :: [grad] cond=211.5781 film_gain=0.0000
2026-05-14 02:53:59,807 INFO CSMF2.step_1_1_1.run :: [h] epoch=14 step=50 total=0.10236 batch=0.04566
2026-05-14 02:53:59,808 INFO CSMF2.step_1_1_1.run :: [lat] epoch=14 step=50 mean_l2=0.21101 std_l2=0.20525
2026-05-14 02:53:59,894 INFO CSMF2.step_1_1_1.run :: epoch=14 step=50/429 train_nll=-2807.374
2026-05-14 02:54:06,629 INFO CSMF2.step_1_1_1.run :: [h] epoch=14 step=100 total=0.11653 batch=0.05762
2026-05-14 02:54:06,629 INFO CSMF2.step_1_1_1.run :: [lat] epoch=14 step=100 mean_l2=0.14051 std_l2=0.19767
2026-05-14 02:54:06,715 INFO CSMF2.step_1_1_1.run :: epoch=14 step=100/429 train_nll=-2838.883
2026-05-14 02:54:13,446 INFO CSMF2.step_1_1_1.run :: [h] epoch=14 step=150 total=0.11291 batch=0.04887
2026-05-14 02:54:13,447 INFO CSMF2.step_1_1_1.run :: [lat] epoch=14 step=150 mean_l2=0.24013 std_l2=0.24296
2026-05-14 02:54:13,533 INFO CSMF2.step_1_1_1.run :: epoch=14 step=150/429 train_nll=-2851.963
2026-05-14 02:54:20,262 INFO CSMF2.step_1_1_1.run :: [h] epoch=14 step=200 total=0.11391 batch=0.04930
2026-05-14 02:54:20,262 INFO CSMF2.step_1_1_1.run :: [lat] epoch=14 step=200 mean_l2=0.14526 std_l2=0.37196
2026-05-14 02:54:20,348 INFO CSMF2.step_1_1_1.run :: epoch=14 step=200/429 train_nll=-2855.488
2026-05-14 02:54:27,080 INFO CSMF2.step_1_1_1.run :: [h] epoch=14 step=250 total=0.10970 batch=0.04656
2026-05-14 02:54:27,080 INFO CSMF2.step_1_1_1.run :: [lat] epoch=14 step=250 mean_l2=0.31659 std_l2=1.24706
2026-05-14 02:54:27,166 INFO CSMF2.step_1_1_1.run :: epoch=14 step=250/429 train_nll=-2822.026
2026-05-14 02:54:33,893 INFO CSMF2.step_1_1_1.run :: [h] epoch=14 step=300 total=0.11086 batch=0.04417
2026-05-14 02:54:33,893 INFO CSMF2.step_1_1_1.run :: [lat] epoch=14 step=300 mean_l2=0.15228 std_l2=0.48187
2026-05-14 02:54:33,979 INFO CSMF2.step_1_1_1.run :: epoch=14 step=300/429 train_nll=-2819.453
2026-05-14 02:54:40,708 INFO CSMF2.step_1_1_1.run :: [h] epoch=14 step=350 total=0.11191 batch=0.05067
2026-05-14 02:54:40,708 INFO CSMF2.step_1_1_1.run :: [lat] epoch=14 step=350 mean_l2=0.17183 std_l2=0.23342
2026-05-14 02:54:40,794 INFO CSMF2.step_1_1_1.run :: epoch=14 step=350/429 train_nll=-2824.122
2026-05-14 02:54:47,527 INFO CSMF2.step_1_1_1.run :: [h] epoch=14 step=400 total=0.11447 batch=0.05083
2026-05-14 02:54:47,527 INFO CSMF2.step_1_1_1.run :: [lat] epoch=14 step=400 mean_l2=0.11531 std_l2=0.66088
2026-05-14 02:54:47,613 INFO CSMF2.step_1_1_1.run :: epoch=14 step=400/429 train_nll=-2824.155
2026-05-14 02:54:53,649 INFO CSMF2.step_1_1_1.run :: epoch=14  train_nll=-2826.018  val_nll=-2803.303  t=60.4s
2026-05-14 02:54:53,649 INFO CSMF2.step_1_1_1.run :: [h_std] total=0.11383 batch=0.04961 (no penalty)
2026-05-14 02:54:53,649 INFO CSMF2.step_1_1_1.run :: [lat_epoch] mean_l2=0.20365 std_l2=0.71583 lambda=10.000
2026-05-14 02:54:53,649 INFO CSMF2.step_1_1_1.run :: [grad] cond=54.5362 film_gain=0.0000
2026-05-14 02:55:04,205 INFO CSMF2.step_1_1_1.run :: [h] epoch=15 step=50 total=0.10835 batch=0.04472
2026-05-14 02:55:04,205 INFO CSMF2.step_1_1_1.run :: [lat] epoch=15 step=50 mean_l2=0.16040 std_l2=0.26426
2026-05-14 02:55:04,297 INFO CSMF2.step_1_1_1.run :: epoch=15 step=50/429 train_nll=-2815.111
2026-05-14 02:55:11,296 INFO CSMF2.step_1_1_1.run :: [h] epoch=15 step=100 total=0.11614 batch=0.05039
2026-05-14 02:55:11,297 INFO CSMF2.step_1_1_1.run :: [lat] epoch=15 step=100 mean_l2=0.16671 std_l2=0.24086
2026-05-14 02:55:11,388 INFO CSMF2.step_1_1_1.run :: epoch=15 step=100/429 train_nll=-2832.797
2026-05-14 02:55:18,388 INFO CSMF2.step_1_1_1.run :: [h] epoch=15 step=150 total=0.10926 batch=0.04648
2026-05-14 02:55:18,389 INFO CSMF2.step_1_1_1.run :: [lat] epoch=15 step=150 mean_l2=0.18742 std_l2=3.79438
2026-05-14 02:55:18,480 INFO CSMF2.step_1_1_1.run :: epoch=15 step=150/429 train_nll=-2857.718
2026-05-14 02:55:25,478 INFO CSMF2.step_1_1_1.run :: [h] epoch=15 step=200 total=0.11030 batch=0.04910
2026-05-14 02:55:25,478 INFO CSMF2.step_1_1_1.run :: [lat] epoch=15 step=200 mean_l2=0.22443 std_l2=0.46152
2026-05-14 02:55:25,570 INFO CSMF2.step_1_1_1.run :: epoch=15 step=200/429 train_nll=-2846.348
2026-05-14 02:55:32,568 INFO CSMF2.step_1_1_1.run :: [h] epoch=15 step=250 total=0.10458 batch=0.04457
2026-05-14 02:55:32,568 INFO CSMF2.step_1_1_1.run :: [lat] epoch=15 step=250 mean_l2=0.32172 std_l2=0.31905
2026-05-14 02:55:32,660 INFO CSMF2.step_1_1_1.run :: epoch=15 step=250/429 train_nll=-2833.892
2026-05-14 02:55:39,660 INFO CSMF2.step_1_1_1.run :: [h] epoch=15 step=300 total=0.11037 batch=0.04463
2026-05-14 02:55:39,661 INFO CSMF2.step_1_1_1.run :: [lat] epoch=15 step=300 mean_l2=0.15827 std_l2=0.37538
2026-05-14 02:55:39,752 INFO CSMF2.step_1_1_1.run :: epoch=15 step=300/429 train_nll=-2841.309
2026-05-14 02:55:46,757 INFO CSMF2.step_1_1_1.run :: [h] epoch=15 step=350 total=0.10592 batch=0.04495
2026-05-14 02:55:46,757 INFO CSMF2.step_1_1_1.run :: [lat] epoch=15 step=350 mean_l2=0.10937 std_l2=0.50766
2026-05-14 02:55:46,849 INFO CSMF2.step_1_1_1.run :: epoch=15 step=350/429 train_nll=-2842.560
2026-05-14 02:55:53,861 INFO CSMF2.step_1_1_1.run :: [h] epoch=15 step=400 total=0.10378 batch=0.04252
2026-05-14 02:55:53,861 INFO CSMF2.step_1_1_1.run :: [lat] epoch=15 step=400 mean_l2=0.12232 std_l2=0.38370
2026-05-14 02:55:53,953 INFO CSMF2.step_1_1_1.run :: epoch=15 step=400/429 train_nll=-2843.033
2026-05-14 02:56:00,154 INFO CSMF2.step_1_1_1.run :: epoch=15  train_nll=-2844.614  val_nll=-2847.504  t=62.7s
2026-05-14 02:56:00,154 INFO CSMF2.step_1_1_1.run :: [h_std] total=0.10795 batch=0.04539 (no penalty)
2026-05-14 02:56:00,154 INFO CSMF2.step_1_1_1.run :: [lat_epoch] mean_l2=0.19762 std_l2=0.59707 lambda=10.000
2026-05-14 02:56:00,154 INFO CSMF2.step_1_1_1.run :: [grad] cond=91.8523 film_gain=0.0000
2026-05-14 02:56:10,659 INFO CSMF2.step_1_1_1.run :: [h] epoch=16 step=50 total=0.10651 batch=0.04338
2026-05-14 02:56:10,660 INFO CSMF2.step_1_1_1.run :: [lat] epoch=16 step=50 mean_l2=0.24196 std_l2=0.34279
2026-05-14 02:56:10,752 INFO CSMF2.step_1_1_1.run :: epoch=16 step=50/429 train_nll=-2869.994
2026-05-14 02:56:17,800 INFO CSMF2.step_1_1_1.run :: [h] epoch=16 step=100 total=0.10739 batch=0.04566
2026-05-14 02:56:17,801 INFO CSMF2.step_1_1_1.run :: [lat] epoch=16 step=100 mean_l2=0.22150 std_l2=0.20562
2026-05-14 02:56:17,893 INFO CSMF2.step_1_1_1.run :: epoch=16 step=100/429 train_nll=-2849.735
2026-05-14 02:56:24,946 INFO CSMF2.step_1_1_1.run :: [h] epoch=16 step=150 total=0.10680 batch=0.04456
2026-05-14 02:56:24,946 INFO CSMF2.step_1_1_1.run :: [lat] epoch=16 step=150 mean_l2=0.09531 std_l2=0.23104
2026-05-14 02:56:25,039 INFO CSMF2.step_1_1_1.run :: epoch=16 step=150/429 train_nll=-2858.842
2026-05-14 02:56:32,086 INFO CSMF2.step_1_1_1.run :: [h] epoch=16 step=200 total=0.10412 batch=0.04330
2026-05-14 02:56:32,087 INFO CSMF2.step_1_1_1.run :: [lat] epoch=16 step=200 mean_l2=0.15553 std_l2=0.28227
2026-05-14 02:56:32,179 INFO CSMF2.step_1_1_1.run :: epoch=16 step=200/429 train_nll=-2857.515
2026-05-14 02:56:39,237 INFO CSMF2.step_1_1_1.run :: [h] epoch=16 step=250 total=0.10196 batch=0.03971
2026-05-14 02:56:39,237 INFO CSMF2.step_1_1_1.run :: [lat] epoch=16 step=250 mean_l2=0.18310 std_l2=0.36147
2026-05-14 02:56:39,330 INFO CSMF2.step_1_1_1.run :: epoch=16 step=250/429 train_nll=-2852.249
2026-05-14 02:56:46,389 INFO CSMF2.step_1_1_1.run :: [h] epoch=16 step=300 total=0.11237 batch=0.04669
2026-05-14 02:56:46,390 INFO CSMF2.step_1_1_1.run :: [lat] epoch=16 step=300 mean_l2=0.14872 std_l2=0.21942
2026-05-14 02:56:46,483 INFO CSMF2.step_1_1_1.run :: epoch=16 step=300/429 train_nll=-2860.936
2026-05-14 02:56:53,543 INFO CSMF2.step_1_1_1.run :: [h] epoch=16 step=350 total=0.10922 batch=0.05123
2026-05-14 02:56:53,544 INFO CSMF2.step_1_1_1.run :: [lat] epoch=16 step=350 mean_l2=0.14982 std_l2=0.44051
2026-05-14 02:56:53,636 INFO CSMF2.step_1_1_1.run :: epoch=16 step=350/429 train_nll=-2867.994
2026-05-14 02:57:00,699 INFO CSMF2.step_1_1_1.run :: [h] epoch=16 step=400 total=0.10060 batch=0.04002
2026-05-14 02:57:00,699 INFO CSMF2.step_1_1_1.run :: [lat] epoch=16 step=400 mean_l2=0.23496 std_l2=1.37605
2026-05-14 02:57:00,792 INFO CSMF2.step_1_1_1.run :: epoch=16 step=400/429 train_nll=-2855.825
2026-05-14 02:57:07,026 INFO CSMF2.step_1_1_1.run :: epoch=16  train_nll=-2856.229  val_nll=-2820.933  t=63.2s
2026-05-14 02:57:07,026 INFO CSMF2.step_1_1_1.run :: [h_std] total=0.10670 batch=0.04452 (no penalty)
2026-05-14 02:57:07,026 INFO CSMF2.step_1_1_1.run :: [lat_epoch] mean_l2=0.19487 std_l2=0.55556 lambda=10.000
2026-05-14 02:57:07,026 INFO CSMF2.step_1_1_1.run :: [grad] cond=101.8224 film_gain=0.0000
2026-05-14 02:57:17,566 INFO CSMF2.step_1_1_1.run :: [h] epoch=17 step=50 total=0.10117 batch=0.04241
2026-05-14 02:57:17,566 INFO CSMF2.step_1_1_1.run :: [lat] epoch=17 step=50 mean_l2=0.16455 std_l2=0.22132
2026-05-14 02:57:17,660 INFO CSMF2.step_1_1_1.run :: epoch=17 step=50/429 train_nll=-2890.480
2026-05-14 02:57:24,752 INFO CSMF2.step_1_1_1.run :: [h] epoch=17 step=100 total=0.10653 batch=0.04780
2026-05-14 02:57:24,753 INFO CSMF2.step_1_1_1.run :: [lat] epoch=17 step=100 mean_l2=0.15315 std_l2=0.33244
2026-05-14 02:57:24,846 INFO CSMF2.step_1_1_1.run :: epoch=17 step=100/429 train_nll=-2868.633
2026-05-14 02:57:31,945 INFO CSMF2.step_1_1_1.run :: [h] epoch=17 step=150 total=0.09973 batch=0.04073
2026-05-14 02:57:31,946 INFO CSMF2.step_1_1_1.run :: [lat] epoch=17 step=150 mean_l2=0.14080 std_l2=2.43679
2026-05-14 02:57:32,039 INFO CSMF2.step_1_1_1.run :: epoch=17 step=150/429 train_nll=-2878.386
2026-05-14 02:57:39,136 INFO CSMF2.step_1_1_1.run :: [h] epoch=17 step=200 total=0.10247 batch=0.04061
2026-05-14 02:57:39,136 INFO CSMF2.step_1_1_1.run :: [lat] epoch=17 step=200 mean_l2=0.15600 std_l2=1.13387
2026-05-14 02:57:39,230 INFO CSMF2.step_1_1_1.run :: epoch=17 step=200/429 train_nll=-2869.563
2026-05-14 02:57:46,323 INFO CSMF2.step_1_1_1.run :: [h] epoch=17 step=250 total=0.09971 batch=0.03753
2026-05-14 02:57:46,323 INFO CSMF2.step_1_1_1.run :: [lat] epoch=17 step=250 mean_l2=0.15763 std_l2=0.35434
2026-05-14 02:57:46,417 INFO CSMF2.step_1_1_1.run :: epoch=17 step=250/429 train_nll=-2875.159
2026-05-14 02:57:53,505 INFO CSMF2.step_1_1_1.run :: [h] epoch=17 step=300 total=0.10233 batch=0.03856
2026-05-14 02:57:53,505 INFO CSMF2.step_1_1_1.run :: [lat] epoch=17 step=300 mean_l2=0.14718 std_l2=1.80464
2026-05-14 02:57:53,598 INFO CSMF2.step_1_1_1.run :: epoch=17 step=300/429 train_nll=-2879.675
2026-05-14 02:58:00,690 INFO CSMF2.step_1_1_1.run :: [h] epoch=17 step=350 total=0.10363 batch=0.04648
2026-05-14 02:58:00,690 INFO CSMF2.step_1_1_1.run :: [lat] epoch=17 step=350 mean_l2=0.16352 std_l2=0.16296
2026-05-14 02:58:00,783 INFO CSMF2.step_1_1_1.run :: epoch=17 step=350/429 train_nll=-2869.951
2026-05-14 02:58:07,878 INFO CSMF2.step_1_1_1.run :: [h] epoch=17 step=400 total=0.10168 batch=0.04187
2026-05-14 02:58:07,879 INFO CSMF2.step_1_1_1.run :: [lat] epoch=17 step=400 mean_l2=0.11441 std_l2=0.46283
2026-05-14 02:58:07,972 INFO CSMF2.step_1_1_1.run :: epoch=17 step=400/429 train_nll=-2877.228
2026-05-14 02:58:14,223 INFO CSMF2.step_1_1_1.run :: epoch=17  train_nll=-2877.258  val_nll=-2865.854  t=63.5s
2026-05-14 02:58:14,224 INFO CSMF2.step_1_1_1.run :: [h_std] total=0.10178 batch=0.04195 (no penalty)
2026-05-14 02:58:14,224 INFO CSMF2.step_1_1_1.run :: [lat_epoch] mean_l2=0.17887 std_l2=0.59131 lambda=10.000
2026-05-14 02:58:14,224 INFO CSMF2.step_1_1_1.run :: [grad] cond=66.2740 film_gain=0.0000
2026-05-14 02:58:24,719 INFO CSMF2.step_1_1_1.run :: [h] epoch=18 step=50 total=0.10033 batch=0.04287
2026-05-14 02:58:24,719 INFO CSMF2.step_1_1_1.run :: [lat] epoch=18 step=50 mean_l2=0.17273 std_l2=0.18407
2026-05-14 02:58:24,812 INFO CSMF2.step_1_1_1.run :: epoch=18 step=50/429 train_nll=-2896.366
2026-05-14 02:58:31,887 INFO CSMF2.step_1_1_1.run :: [h] epoch=18 step=100 total=0.10154 batch=0.04264
2026-05-14 02:58:31,887 INFO CSMF2.step_1_1_1.run :: [lat] epoch=18 step=100 mean_l2=0.13869 std_l2=0.43805
2026-05-14 02:58:31,980 INFO CSMF2.step_1_1_1.run :: epoch=18 step=100/429 train_nll=-2894.047
2026-05-14 02:58:39,061 INFO CSMF2.step_1_1_1.run :: [h] epoch=18 step=150 total=0.09708 batch=0.04101
2026-05-14 02:58:39,062 INFO CSMF2.step_1_1_1.run :: [lat] epoch=18 step=150 mean_l2=0.24481 std_l2=0.19154
2026-05-14 02:58:39,155 INFO CSMF2.step_1_1_1.run :: epoch=18 step=150/429 train_nll=-2898.479
2026-05-14 02:58:46,237 INFO CSMF2.step_1_1_1.run :: [h] epoch=18 step=200 total=0.09511 batch=0.03761
2026-05-14 02:58:46,237 INFO CSMF2.step_1_1_1.run :: [lat] epoch=18 step=200 mean_l2=0.27479 std_l2=1.15447
2026-05-14 02:58:46,330 INFO CSMF2.step_1_1_1.run :: epoch=18 step=200/429 train_nll=-2885.671
2026-05-14 02:58:53,412 INFO CSMF2.step_1_1_1.run :: [h] epoch=18 step=250 total=0.09431 batch=0.03930
2026-05-14 02:58:53,412 INFO CSMF2.step_1_1_1.run :: [lat] epoch=18 step=250 mean_l2=0.12393 std_l2=0.19960
2026-05-14 02:58:53,506 INFO CSMF2.step_1_1_1.run :: epoch=18 step=250/429 train_nll=-2889.703
2026-05-14 02:59:00,596 INFO CSMF2.step_1_1_1.run :: [h] epoch=18 step=300 total=0.10134 batch=0.04296
2026-05-14 02:59:00,597 INFO CSMF2.step_1_1_1.run :: [lat] epoch=18 step=300 mean_l2=0.15245 std_l2=0.17764
2026-05-14 02:59:00,690 INFO CSMF2.step_1_1_1.run :: epoch=18 step=300/429 train_nll=-2898.547
2026-05-14 02:59:07,788 INFO CSMF2.step_1_1_1.run :: [h] epoch=18 step=350 total=0.10138 batch=0.04249
2026-05-14 02:59:07,789 INFO CSMF2.step_1_1_1.run :: [lat] epoch=18 step=350 mean_l2=0.10581 std_l2=0.40126
2026-05-14 02:59:07,883 INFO CSMF2.step_1_1_1.run :: epoch=18 step=350/429 train_nll=-2904.607
2026-05-14 02:59:14,988 INFO CSMF2.step_1_1_1.run :: [h] epoch=18 step=400 total=0.10017 batch=0.04358
2026-05-14 02:59:14,989 INFO CSMF2.step_1_1_1.run :: [lat] epoch=18 step=400 mean_l2=0.16470 std_l2=0.71453
2026-05-14 02:59:15,082 INFO CSMF2.step_1_1_1.run :: epoch=18 step=400/429 train_nll=-2907.999
2026-05-14 02:59:21,350 INFO CSMF2.step_1_1_1.run :: epoch=18  train_nll=-2908.731  val_nll=-2853.635  t=63.5s
2026-05-14 02:59:21,350 INFO CSMF2.step_1_1_1.run :: [h_std] total=0.09853 batch=0.04089 (no penalty)
2026-05-14 02:59:21,350 INFO CSMF2.step_1_1_1.run :: [lat_epoch] mean_l2=0.16807 std_l2=0.49206 lambda=10.000
2026-05-14 02:59:21,350 INFO CSMF2.step_1_1_1.run :: [grad] cond=213.8486 film_gain=0.0000
2026-05-14 02:59:31,859 INFO CSMF2.step_1_1_1.run :: [h] epoch=19 step=50 total=0.09720 batch=0.04228
2026-05-14 02:59:31,860 INFO CSMF2.step_1_1_1.run :: [lat] epoch=19 step=50 mean_l2=0.37080 std_l2=0.19315
2026-05-14 02:59:31,953 INFO CSMF2.step_1_1_1.run :: epoch=19 step=50/429 train_nll=-2914.512
2026-05-14 02:59:39,043 INFO CSMF2.step_1_1_1.run :: [h] epoch=19 step=100 total=0.10093 batch=0.04303
2026-05-14 02:59:39,043 INFO CSMF2.step_1_1_1.run :: [lat] epoch=19 step=100 mean_l2=0.11979 std_l2=0.43140
2026-05-14 02:59:39,137 INFO CSMF2.step_1_1_1.run :: epoch=19 step=100/429 train_nll=-2924.629
2026-05-14 02:59:46,229 INFO CSMF2.step_1_1_1.run :: [h] epoch=19 step=150 total=0.09417 batch=0.03881
2026-05-14 02:59:46,229 INFO CSMF2.step_1_1_1.run :: [lat] epoch=19 step=150 mean_l2=0.24637 std_l2=0.63689
2026-05-14 02:59:46,323 INFO CSMF2.step_1_1_1.run :: epoch=19 step=150/429 train_nll=-2906.932
2026-05-14 02:59:53,422 INFO CSMF2.step_1_1_1.run :: [h] epoch=19 step=200 total=0.09803 batch=0.04115
2026-05-14 02:59:53,423 INFO CSMF2.step_1_1_1.run :: [lat] epoch=19 step=200 mean_l2=0.14448 std_l2=0.51177
2026-05-14 02:59:53,517 INFO CSMF2.step_1_1_1.run :: epoch=19 step=200/429 train_nll=-2904.668
2026-05-14 03:00:00,617 INFO CSMF2.step_1_1_1.run :: [h] epoch=19 step=250 total=0.09580 batch=0.03926
2026-05-14 03:00:00,618 INFO CSMF2.step_1_1_1.run :: [lat] epoch=19 step=250 mean_l2=0.17336 std_l2=1.70126
2026-05-14 03:00:00,711 INFO CSMF2.step_1_1_1.run :: epoch=19 step=250/429 train_nll=-2900.621
2026-05-14 03:00:07,843 INFO CSMF2.step_1_1_1.run :: [h] epoch=19 step=300 total=0.09679 batch=0.03703
2026-05-14 03:00:07,843 INFO CSMF2.step_1_1_1.run :: [lat] epoch=19 step=300 mean_l2=0.18783 std_l2=0.15915
2026-05-14 03:00:07,938 INFO CSMF2.step_1_1_1.run :: epoch=19 step=300/429 train_nll=-2909.122
2026-05-14 03:00:15,048 INFO CSMF2.step_1_1_1.run :: [h] epoch=19 step=350 total=0.09248 batch=0.03710
2026-05-14 03:00:15,048 INFO CSMF2.step_1_1_1.run :: [lat] epoch=19 step=350 mean_l2=0.17490 std_l2=0.23345
2026-05-14 03:00:15,143 INFO CSMF2.step_1_1_1.run :: epoch=19 step=350/429 train_nll=-2910.688
2026-05-14 03:00:22,260 INFO CSMF2.step_1_1_1.run :: [h] epoch=19 step=400 total=0.09454 batch=0.04104
2026-05-14 03:00:22,260 INFO CSMF2.step_1_1_1.run :: [lat] epoch=19 step=400 mean_l2=0.09915 std_l2=0.31030
2026-05-14 03:00:22,355 INFO CSMF2.step_1_1_1.run :: epoch=19 step=400/429 train_nll=-2915.363
2026-05-14 03:00:28,623 INFO CSMF2.step_1_1_1.run :: epoch=19  train_nll=-2913.227  val_nll=-2790.900  t=63.6s
2026-05-14 03:00:28,623 INFO CSMF2.step_1_1_1.run :: [h_std] total=0.09679 batch=0.04077 (no penalty)
2026-05-14 03:00:28,623 INFO CSMF2.step_1_1_1.run :: [lat_epoch] mean_l2=0.16699 std_l2=0.62465 lambda=10.000
2026-05-14 03:00:28,623 INFO CSMF2.step_1_1_1.run :: [grad] cond=212.8395 film_gain=0.0000
2026-05-14 03:00:39,222 INFO CSMF2.step_1_1_1.run :: [h] epoch=20 step=50 total=0.09659 batch=0.04216
2026-05-14 03:00:39,222 INFO CSMF2.step_1_1_1.run :: [lat] epoch=20 step=50 mean_l2=0.15936 std_l2=0.34781
2026-05-14 03:00:39,316 INFO CSMF2.step_1_1_1.run :: epoch=20 step=50/429 train_nll=-2933.197
2026-05-14 03:00:46,491 INFO CSMF2.step_1_1_1.run :: [h] epoch=20 step=100 total=0.09941 batch=0.04115
2026-05-14 03:00:46,491 INFO CSMF2.step_1_1_1.run :: [lat] epoch=20 step=100 mean_l2=0.18418 std_l2=0.15938
2026-05-14 03:00:46,585 INFO CSMF2.step_1_1_1.run :: epoch=20 step=100/429 train_nll=-2933.467
2026-05-14 03:00:53,756 INFO CSMF2.step_1_1_1.run :: [h] epoch=20 step=150 total=0.09139 batch=0.03626
2026-05-14 03:00:53,757 INFO CSMF2.step_1_1_1.run :: [lat] epoch=20 step=150 mean_l2=0.15203 std_l2=0.17345
2026-05-14 03:00:53,851 INFO CSMF2.step_1_1_1.run :: epoch=20 step=150/429 train_nll=-2920.446
2026-05-14 03:01:01,009 INFO CSMF2.step_1_1_1.run :: [h] epoch=20 step=200 total=0.09334 batch=0.03577
2026-05-14 03:01:01,009 INFO CSMF2.step_1_1_1.run :: [lat] epoch=20 step=200 mean_l2=0.20886 std_l2=0.36300
2026-05-14 03:01:01,103 INFO CSMF2.step_1_1_1.run :: epoch=20 step=200/429 train_nll=-2911.933
2026-05-14 03:01:08,260 INFO CSMF2.step_1_1_1.run :: [h] epoch=20 step=250 total=0.09248 batch=0.03776
2026-05-14 03:01:08,260 INFO CSMF2.step_1_1_1.run :: [lat] epoch=20 step=250 mean_l2=0.15527 std_l2=0.44878
2026-05-14 03:01:08,355 INFO CSMF2.step_1_1_1.run :: epoch=20 step=250/429 train_nll=-2914.903
2026-05-14 03:01:15,518 INFO CSMF2.step_1_1_1.run :: [h] epoch=20 step=300 total=0.09731 batch=0.03858
2026-05-14 03:01:15,519 INFO CSMF2.step_1_1_1.run :: [lat] epoch=20 step=300 mean_l2=0.13012 std_l2=0.15908
2026-05-14 03:01:15,613 INFO CSMF2.step_1_1_1.run :: epoch=20 step=300/429 train_nll=-2925.549
2026-05-14 03:01:22,783 INFO CSMF2.step_1_1_1.run :: [h] epoch=20 step=350 total=0.09667 batch=0.04191
2026-05-14 03:01:22,783 INFO CSMF2.step_1_1_1.run :: [lat] epoch=20 step=350 mean_l2=0.11991 std_l2=0.23681
2026-05-14 03:01:22,878 INFO CSMF2.step_1_1_1.run :: epoch=20 step=350/429 train_nll=-2931.179
2026-05-14 03:01:30,040 INFO CSMF2.step_1_1_1.run :: [h] epoch=20 step=400 total=0.09644 batch=0.03931
2026-05-14 03:01:30,041 INFO CSMF2.step_1_1_1.run :: [lat] epoch=20 step=400 mean_l2=0.11989 std_l2=0.30551
2026-05-14 03:01:30,135 INFO CSMF2.step_1_1_1.run :: epoch=20 step=400/429 train_nll=-2936.408
2026-05-14 03:01:36,446 INFO CSMF2.step_1_1_1.run :: epoch=20  train_nll=-2935.273  val_nll=-2804.809  t=64.2s
2026-05-14 03:01:36,446 INFO CSMF2.step_1_1_1.run :: [h_std] total=0.09492 batch=0.03893 (no penalty)
2026-05-14 03:01:36,446 INFO CSMF2.step_1_1_1.run :: [lat_epoch] mean_l2=0.16096 std_l2=0.69315 lambda=10.000
2026-05-14 03:01:36,446 INFO CSMF2.step_1_1_1.run :: [grad] cond=230.7234 film_gain=0.0000
2026-05-14 03:01:47,028 INFO CSMF2.step_1_1_1.run :: [h] epoch=21 step=50 total=0.09519 batch=0.04167
2026-05-14 03:01:47,028 INFO CSMF2.step_1_1_1.run :: [lat] epoch=21 step=50 mean_l2=0.08357 std_l2=0.14923
2026-05-14 03:01:47,123 INFO CSMF2.step_1_1_1.run :: epoch=21 step=50/429 train_nll=-2946.321
2026-05-14 03:01:54,262 INFO CSMF2.step_1_1_1.run :: [h] epoch=21 step=100 total=0.09896 batch=0.04070
2026-05-14 03:01:54,262 INFO CSMF2.step_1_1_1.run :: [lat] epoch=21 step=100 mean_l2=0.10049 std_l2=0.20060
2026-05-14 03:01:54,357 INFO CSMF2.step_1_1_1.run :: epoch=21 step=100/429 train_nll=-2937.119
2026-05-14 03:02:01,496 INFO CSMF2.step_1_1_1.run :: [h] epoch=21 step=150 total=0.09583 batch=0.04008
2026-05-14 03:02:01,497 INFO CSMF2.step_1_1_1.run :: [lat] epoch=21 step=150 mean_l2=0.11819 std_l2=0.23557
2026-05-14 03:02:01,591 INFO CSMF2.step_1_1_1.run :: epoch=21 step=150/429 train_nll=-2941.064
2026-05-14 03:02:08,735 INFO CSMF2.step_1_1_1.run :: [h] epoch=21 step=200 total=0.09432 batch=0.04096
2026-05-14 03:02:08,735 INFO CSMF2.step_1_1_1.run :: [lat] epoch=21 step=200 mean_l2=0.09379 std_l2=0.60344
2026-05-14 03:02:08,830 INFO CSMF2.step_1_1_1.run :: epoch=21 step=200/429 train_nll=-2947.331
2026-05-14 03:02:15,977 INFO CSMF2.step_1_1_1.run :: [h] epoch=21 step=250 total=0.09264 batch=0.03789
2026-05-14 03:02:15,977 INFO CSMF2.step_1_1_1.run :: [lat] epoch=21 step=250 mean_l2=0.11208 std_l2=0.33692
2026-05-14 03:02:16,072 INFO CSMF2.step_1_1_1.run :: epoch=21 step=250/429 train_nll=-2954.375
2026-05-14 03:02:23,226 INFO CSMF2.step_1_1_1.run :: [h] epoch=21 step=300 total=0.09600 batch=0.03957
2026-05-14 03:02:23,226 INFO CSMF2.step_1_1_1.run :: [lat] epoch=21 step=300 mean_l2=0.17294 std_l2=0.30627
2026-05-14 03:02:23,321 INFO CSMF2.step_1_1_1.run :: epoch=21 step=300/429 train_nll=-2958.984
2026-05-14 03:02:30,478 INFO CSMF2.step_1_1_1.run :: [h] epoch=21 step=350 total=0.09623 batch=0.04271
2026-05-14 03:02:30,478 INFO CSMF2.step_1_1_1.run :: [lat] epoch=21 step=350 mean_l2=0.09509 std_l2=0.18183
2026-05-14 03:02:30,573 INFO CSMF2.step_1_1_1.run :: epoch=21 step=350/429 train_nll=-2957.312
2026-05-14 03:02:37,729 INFO CSMF2.step_1_1_1.run :: [h] epoch=21 step=400 total=0.09700 batch=0.04341
2026-05-14 03:02:37,730 INFO CSMF2.step_1_1_1.run :: [lat] epoch=21 step=400 mean_l2=0.29348 std_l2=0.79372
2026-05-14 03:02:37,825 INFO CSMF2.step_1_1_1.run :: epoch=21 step=400/429 train_nll=-2954.522
2026-05-14 03:02:44,118 INFO CSMF2.step_1_1_1.run :: epoch=21  train_nll=-2953.781  val_nll=-2825.205  t=64.0s
2026-05-14 03:02:44,118 INFO CSMF2.step_1_1_1.run :: [h_std] total=0.09480 batch=0.04058 (no penalty)
2026-05-14 03:02:44,118 INFO CSMF2.step_1_1_1.run :: [lat_epoch] mean_l2=0.15479 std_l2=0.48941 lambda=10.000
2026-05-14 03:02:44,118 INFO CSMF2.step_1_1_1.run :: [grad] cond=221.5708 film_gain=0.0000
2026-05-14 03:02:54,312 INFO CSMF2.step_1_1_1.run :: [h] epoch=22 step=50 total=0.09369 batch=0.03852
2026-05-14 03:02:54,312 INFO CSMF2.step_1_1_1.run :: [lat] epoch=22 step=50 mean_l2=0.11679 std_l2=0.15622
2026-05-14 03:02:54,400 INFO CSMF2.step_1_1_1.run :: epoch=22 step=50/429 train_nll=-2955.327
2026-05-14 03:03:01,228 INFO CSMF2.step_1_1_1.run :: [h] epoch=22 step=100 total=0.09532 batch=0.04138
2026-05-14 03:03:01,228 INFO CSMF2.step_1_1_1.run :: [lat] epoch=22 step=100 mean_l2=0.13278 std_l2=0.17957
2026-05-14 03:03:01,316 INFO CSMF2.step_1_1_1.run :: epoch=22 step=100/429 train_nll=-2958.687
2026-05-14 03:03:08,139 INFO CSMF2.step_1_1_1.run :: [h] epoch=22 step=150 total=0.09014 batch=0.03746
2026-05-14 03:03:08,139 INFO CSMF2.step_1_1_1.run :: [lat] epoch=22 step=150 mean_l2=0.16372 std_l2=0.29335
2026-05-14 03:03:08,228 INFO CSMF2.step_1_1_1.run :: epoch=22 step=150/429 train_nll=-2965.314
2026-05-14 03:03:15,051 INFO CSMF2.step_1_1_1.run :: [h] epoch=22 step=200 total=0.09234 batch=0.04054
2026-05-14 03:03:15,051 INFO CSMF2.step_1_1_1.run :: [lat] epoch=22 step=200 mean_l2=0.13029 std_l2=0.47539
2026-05-14 03:03:15,139 INFO CSMF2.step_1_1_1.run :: epoch=22 step=200/429 train_nll=-2963.994
2026-05-14 03:03:21,965 INFO CSMF2.step_1_1_1.run :: [h] epoch=22 step=250 total=0.08727 batch=0.03481
2026-05-14 03:03:21,966 INFO CSMF2.step_1_1_1.run :: [lat] epoch=22 step=250 mean_l2=0.20556 std_l2=0.31868
2026-05-14 03:03:22,054 INFO CSMF2.step_1_1_1.run :: epoch=22 step=250/429 train_nll=-2964.750
2026-05-14 03:03:28,880 INFO CSMF2.step_1_1_1.run :: [h] epoch=22 step=300 total=0.09264 batch=0.03867
2026-05-14 03:03:28,881 INFO CSMF2.step_1_1_1.run :: [lat] epoch=22 step=300 mean_l2=0.09669 std_l2=0.13507
2026-05-14 03:03:28,969 INFO CSMF2.step_1_1_1.run :: epoch=22 step=300/429 train_nll=-2971.303
2026-05-14 03:03:35,793 INFO CSMF2.step_1_1_1.run :: [h] epoch=22 step=350 total=0.09250 batch=0.04028
2026-05-14 03:03:35,793 INFO CSMF2.step_1_1_1.run :: [lat] epoch=22 step=350 mean_l2=0.16562 std_l2=0.09354
2026-05-14 03:03:35,881 INFO CSMF2.step_1_1_1.run :: epoch=22 step=350/429 train_nll=-2972.407
2026-05-14 03:03:42,697 INFO CSMF2.step_1_1_1.run :: [h] epoch=22 step=400 total=0.09363 batch=0.04075
2026-05-14 03:03:42,697 INFO CSMF2.step_1_1_1.run :: [lat] epoch=22 step=400 mean_l2=0.16636 std_l2=0.20533
2026-05-14 03:03:42,785 INFO CSMF2.step_1_1_1.run :: epoch=22 step=400/429 train_nll=-2968.103
2026-05-14 03:03:48,860 INFO CSMF2.step_1_1_1.run :: epoch=22  train_nll=-2967.061  val_nll=-2901.323  t=61.2s
2026-05-14 03:03:48,860 INFO CSMF2.step_1_1_1.run :: [h_std] total=0.09238 batch=0.03911 (no penalty)
2026-05-14 03:03:48,861 INFO CSMF2.step_1_1_1.run :: [lat_epoch] mean_l2=0.14504 std_l2=0.40249 lambda=10.000
2026-05-14 03:03:48,861 INFO CSMF2.step_1_1_1.run :: [grad] cond=220.0532 film_gain=0.0000
2026-05-14 03:03:59,417 INFO CSMF2.step_1_1_1.run :: [h] epoch=23 step=50 total=0.09238 batch=0.04021
2026-05-14 03:03:59,417 INFO CSMF2.step_1_1_1.run :: [lat] epoch=23 step=50 mean_l2=0.14015 std_l2=0.24303
2026-05-14 03:03:59,516 INFO CSMF2.step_1_1_1.run :: epoch=23 step=50/429 train_nll=-2980.361
2026-05-14 03:04:06,894 INFO CSMF2.step_1_1_1.run :: [h] epoch=23 step=100 total=0.09192 batch=0.04057
2026-05-14 03:04:06,895 INFO CSMF2.step_1_1_1.run :: [lat] epoch=23 step=100 mean_l2=0.12787 std_l2=0.19345
2026-05-14 03:04:06,995 INFO CSMF2.step_1_1_1.run :: epoch=23 step=100/429 train_nll=-2989.378
2026-05-14 03:04:14,378 INFO CSMF2.step_1_1_1.run :: [h] epoch=23 step=150 total=0.08952 batch=0.03611
2026-05-14 03:04:14,379 INFO CSMF2.step_1_1_1.run :: [lat] epoch=23 step=150 mean_l2=0.11935 std_l2=0.36700
2026-05-14 03:04:14,478 INFO CSMF2.step_1_1_1.run :: epoch=23 step=150/429 train_nll=-2985.178
2026-05-14 03:04:21,873 INFO CSMF2.step_1_1_1.run :: [h] epoch=23 step=200 total=0.09127 batch=0.03968
2026-05-14 03:04:21,873 INFO CSMF2.step_1_1_1.run :: [lat] epoch=23 step=200 mean_l2=0.23540 std_l2=0.34716
2026-05-14 03:04:21,973 INFO CSMF2.step_1_1_1.run :: epoch=23 step=200/429 train_nll=-2983.180
2026-05-14 03:04:29,371 INFO CSMF2.step_1_1_1.run :: [h] epoch=23 step=250 total=0.08848 batch=0.03753
2026-05-14 03:04:29,371 INFO CSMF2.step_1_1_1.run :: [lat] epoch=23 step=250 mean_l2=0.12126 std_l2=0.20099
2026-05-14 03:04:29,471 INFO CSMF2.step_1_1_1.run :: epoch=23 step=250/429 train_nll=-2963.392
2026-05-14 03:04:36,877 INFO CSMF2.step_1_1_1.run :: [h] epoch=23 step=300 total=0.09250 batch=0.03598
2026-05-14 03:04:36,877 INFO CSMF2.step_1_1_1.run :: [lat] epoch=23 step=300 mean_l2=0.11301 std_l2=0.15931
2026-05-14 03:04:36,977 INFO CSMF2.step_1_1_1.run :: epoch=23 step=300/429 train_nll=-2967.116
2026-05-14 03:04:44,366 INFO CSMF2.step_1_1_1.run :: [h] epoch=23 step=350 total=0.09370 batch=0.04546
2026-05-14 03:04:44,366 INFO CSMF2.step_1_1_1.run :: [lat] epoch=23 step=350 mean_l2=0.23828 std_l2=0.32300
2026-05-14 03:04:44,466 INFO CSMF2.step_1_1_1.run :: epoch=23 step=350/429 train_nll=-2969.324
2026-05-14 03:04:51,855 INFO CSMF2.step_1_1_1.run :: [h] epoch=23 step=400 total=0.09475 batch=0.04052
2026-05-14 03:04:51,855 INFO CSMF2.step_1_1_1.run :: [lat] epoch=23 step=400 mean_l2=0.26938 std_l2=0.53710
2026-05-14 03:04:51,955 INFO CSMF2.step_1_1_1.run :: epoch=23 step=400/429 train_nll=-2968.425
2026-05-14 03:04:58,231 INFO CSMF2.step_1_1_1.run :: epoch=23  train_nll=-2967.807  val_nll=-2898.727  t=65.8s
2026-05-14 03:04:58,231 INFO CSMF2.step_1_1_1.run :: [h_std] total=0.09205 batch=0.03955 (no penalty)
2026-05-14 03:04:58,231 INFO CSMF2.step_1_1_1.run :: [lat_epoch] mean_l2=0.15582 std_l2=0.51250 lambda=10.000
2026-05-14 03:04:58,231 INFO CSMF2.step_1_1_1.run :: [grad] cond=79.8637 film_gain=0.0000
2026-05-14 03:05:08,815 INFO CSMF2.step_1_1_1.run :: [h] epoch=24 step=50 total=0.09377 batch=0.03847
2026-05-14 03:05:08,816 INFO CSMF2.step_1_1_1.run :: [lat] epoch=24 step=50 mean_l2=0.11575 std_l2=0.32703
2026-05-14 03:05:08,910 INFO CSMF2.step_1_1_1.run :: epoch=24 step=50/429 train_nll=-2942.771
2026-05-14 03:05:16,054 INFO CSMF2.step_1_1_1.run :: [h] epoch=24 step=100 total=0.09539 batch=0.04013
2026-05-14 03:05:16,055 INFO CSMF2.step_1_1_1.run :: [lat] epoch=24 step=100 mean_l2=0.08083 std_l2=0.19705
2026-05-14 03:05:16,150 INFO CSMF2.step_1_1_1.run :: epoch=24 step=100/429 train_nll=-2956.161
2026-05-14 03:05:23,305 INFO CSMF2.step_1_1_1.run :: [h] epoch=24 step=150 total=0.08986 batch=0.03738
2026-05-14 03:05:23,306 INFO CSMF2.step_1_1_1.run :: [lat] epoch=24 step=150 mean_l2=0.10801 std_l2=0.12885
2026-05-14 03:05:23,401 INFO CSMF2.step_1_1_1.run :: epoch=24 step=150/429 train_nll=-2966.795
2026-05-14 03:05:30,570 INFO CSMF2.step_1_1_1.run :: [h] epoch=24 step=200 total=0.09051 batch=0.03881
2026-05-14 03:05:30,570 INFO CSMF2.step_1_1_1.run :: [lat] epoch=24 step=200 mean_l2=0.16548 std_l2=0.61974
2026-05-14 03:05:30,666 INFO CSMF2.step_1_1_1.run :: epoch=24 step=200/429 train_nll=-2979.031
2026-05-14 03:05:37,842 INFO CSMF2.step_1_1_1.run :: [h] epoch=24 step=250 total=0.08637 batch=0.03741
2026-05-14 03:05:37,842 INFO CSMF2.step_1_1_1.run :: [lat] epoch=24 step=250 mean_l2=0.20033 std_l2=0.75871
2026-05-14 03:05:37,938 INFO CSMF2.step_1_1_1.run :: epoch=24 step=250/429 train_nll=-2979.312
2026-05-14 03:05:45,121 INFO CSMF2.step_1_1_1.run :: [h] epoch=24 step=300 total=0.08803 batch=0.03467
2026-05-14 03:05:45,121 INFO CSMF2.step_1_1_1.run :: [lat] epoch=24 step=300 mean_l2=0.19671 std_l2=0.11128
2026-05-14 03:05:45,217 INFO CSMF2.step_1_1_1.run :: epoch=24 step=300/429 train_nll=-2979.989
2026-05-14 03:05:52,380 INFO CSMF2.step_1_1_1.run :: [h] epoch=24 step=350 total=0.09064 batch=0.04001
2026-05-14 03:05:52,380 INFO CSMF2.step_1_1_1.run :: [lat] epoch=24 step=350 mean_l2=0.11212 std_l2=0.13663
2026-05-14 03:05:52,475 INFO CSMF2.step_1_1_1.run :: epoch=24 step=350/429 train_nll=-2979.705
2026-05-14 03:05:59,628 INFO CSMF2.step_1_1_1.run :: [h] epoch=24 step=400 total=0.08933 batch=0.03673
2026-05-14 03:05:59,629 INFO CSMF2.step_1_1_1.run :: [lat] epoch=24 step=400 mean_l2=0.11714 std_l2=6.62327
2026-05-14 03:05:59,723 INFO CSMF2.step_1_1_1.run :: epoch=24 step=400/429 train_nll=-2981.143
2026-05-14 03:06:06,010 INFO CSMF2.step_1_1_1.run :: epoch=24  train_nll=-2979.306  val_nll=-2834.091  t=64.1s
2026-05-14 03:06:06,010 INFO CSMF2.step_1_1_1.run :: [h_std] total=0.09053 batch=0.03821 (no penalty)
2026-05-14 03:06:06,010 INFO CSMF2.step_1_1_1.run :: [lat_epoch] mean_l2=0.14477 std_l2=0.46805 lambda=10.000
2026-05-14 03:06:06,010 INFO CSMF2.step_1_1_1.run :: [grad] cond=347.8902 film_gain=0.0000
2026-05-14 03:06:16,466 INFO CSMF2.step_1_1_1.run :: [h] epoch=25 step=50 total=0.09090 batch=0.03965
2026-05-14 03:06:16,467 INFO CSMF2.step_1_1_1.run :: [lat] epoch=25 step=50 mean_l2=0.15597 std_l2=0.13978
2026-05-14 03:06:16,560 INFO CSMF2.step_1_1_1.run :: epoch=25 step=50/429 train_nll=-2934.702
2026-05-14 03:06:23,623 INFO CSMF2.step_1_1_1.run :: [h] epoch=25 step=100 total=0.09427 batch=0.04136
2026-05-14 03:06:23,624 INFO CSMF2.step_1_1_1.run :: [lat] epoch=25 step=100 mean_l2=0.12810 std_l2=0.44835
2026-05-14 03:06:23,717 INFO CSMF2.step_1_1_1.run :: epoch=25 step=100/429 train_nll=-2958.989
2026-05-14 03:06:30,785 INFO CSMF2.step_1_1_1.run :: [h] epoch=25 step=150 total=0.09072 batch=0.04037
2026-05-14 03:06:30,785 INFO CSMF2.step_1_1_1.run :: [lat] epoch=25 step=150 mean_l2=0.17802 std_l2=0.55072
2026-05-14 03:06:30,878 INFO CSMF2.step_1_1_1.run :: epoch=25 step=150/429 train_nll=-2969.216
2026-05-14 03:06:37,952 INFO CSMF2.step_1_1_1.run :: [h] epoch=25 step=200 total=0.08940 batch=0.03761
2026-05-14 03:06:37,953 INFO CSMF2.step_1_1_1.run :: [lat] epoch=25 step=200 mean_l2=0.12767 std_l2=0.68043
2026-05-14 03:06:38,046 INFO CSMF2.step_1_1_1.run :: epoch=25 step=200/429 train_nll=-2974.897
2026-05-14 03:06:45,109 INFO CSMF2.step_1_1_1.run :: [h] epoch=25 step=250 total=0.08476 batch=0.03378
2026-05-14 03:06:45,110 INFO CSMF2.step_1_1_1.run :: [lat] epoch=25 step=250 mean_l2=0.27115 std_l2=0.55079
2026-05-14 03:06:45,203 INFO CSMF2.step_1_1_1.run :: epoch=25 step=250/429 train_nll=-2978.174
2026-05-14 03:06:52,275 INFO CSMF2.step_1_1_1.run :: [h] epoch=25 step=300 total=0.08975 batch=0.03761
2026-05-14 03:06:52,275 INFO CSMF2.step_1_1_1.run :: [lat] epoch=25 step=300 mean_l2=0.13471 std_l2=0.49281
2026-05-14 03:06:52,369 INFO CSMF2.step_1_1_1.run :: epoch=25 step=300/429 train_nll=-2983.255
2026-05-14 03:06:59,438 INFO CSMF2.step_1_1_1.run :: [h] epoch=25 step=350 total=0.08967 batch=0.03728
2026-05-14 03:06:59,438 INFO CSMF2.step_1_1_1.run :: [lat] epoch=25 step=350 mean_l2=0.13902 std_l2=0.08859
2026-05-14 03:06:59,532 INFO CSMF2.step_1_1_1.run :: epoch=25 step=350/429 train_nll=-2982.259
2026-05-14 03:07:06,598 INFO CSMF2.step_1_1_1.run :: [h] epoch=25 step=400 total=0.09285 batch=0.03880
2026-05-14 03:07:06,598 INFO CSMF2.step_1_1_1.run :: [lat] epoch=25 step=400 mean_l2=0.12035 std_l2=1.62838
2026-05-14 03:07:06,692 INFO CSMF2.step_1_1_1.run :: epoch=25 step=400/429 train_nll=-2976.633
2026-05-14 03:07:12,918 INFO CSMF2.step_1_1_1.run :: epoch=25  train_nll=-2977.677  val_nll=-2912.878  t=63.3s
2026-05-14 03:07:12,919 INFO CSMF2.step_1_1_1.run :: [h_std] total=0.08973 batch=0.03812 (no penalty)
2026-05-14 03:07:12,919 INFO CSMF2.step_1_1_1.run :: [lat_epoch] mean_l2=0.15273 std_l2=0.57117 lambda=10.000
2026-05-14 03:07:12,919 INFO CSMF2.step_1_1_1.run :: [grad] cond=209.6315 film_gain=0.0000
2026-05-14 03:07:23,531 INFO CSMF2.step_1_1_1.run :: [h] epoch=26 step=50 total=0.08909 batch=0.03971
2026-05-14 03:07:23,532 INFO CSMF2.step_1_1_1.run :: [lat] epoch=26 step=50 mean_l2=0.25203 std_l2=0.16332
2026-05-14 03:07:23,629 INFO CSMF2.step_1_1_1.run :: epoch=26 step=50/429 train_nll=-2981.676
2026-05-14 03:07:30,815 INFO CSMF2.step_1_1_1.run :: [h] epoch=26 step=100 total=0.09234 batch=0.04101
2026-05-14 03:07:30,815 INFO CSMF2.step_1_1_1.run :: [lat] epoch=26 step=100 mean_l2=0.09621 std_l2=0.20717
2026-05-14 03:07:30,911 INFO CSMF2.step_1_1_1.run :: epoch=26 step=100/429 train_nll=-2986.940
2026-05-14 03:07:38,089 INFO CSMF2.step_1_1_1.run :: [h] epoch=26 step=150 total=0.08807 batch=0.03751
2026-05-14 03:07:38,089 INFO CSMF2.step_1_1_1.run :: [lat] epoch=26 step=150 mean_l2=0.10849 std_l2=0.17984
2026-05-14 03:07:38,185 INFO CSMF2.step_1_1_1.run :: epoch=26 step=150/429 train_nll=-2981.072
2026-05-14 03:07:45,375 INFO CSMF2.step_1_1_1.run :: [h] epoch=26 step=200 total=0.08789 batch=0.03824
2026-05-14 03:07:45,375 INFO CSMF2.step_1_1_1.run :: [lat] epoch=26 step=200 mean_l2=0.13237 std_l2=0.93980
2026-05-14 03:07:45,472 INFO CSMF2.step_1_1_1.run :: epoch=26 step=200/429 train_nll=-2986.536
2026-05-14 03:07:54,199 INFO CSMF2.step_1_1_1.run :: [h] epoch=26 step=250 total=0.08619 batch=0.03742
2026-05-14 03:07:54,199 INFO CSMF2.step_1_1_1.run :: [lat] epoch=26 step=250 mean_l2=0.22225 std_l2=0.38302
2026-05-14 03:07:54,317 INFO CSMF2.step_1_1_1.run :: epoch=26 step=250/429 train_nll=-2982.260
2026-05-14 03:08:04,136 INFO CSMF2.step_1_1_1.run :: [h] epoch=26 step=300 total=0.09032 batch=0.03662
2026-05-14 03:08:04,137 INFO CSMF2.step_1_1_1.run :: [lat] epoch=26 step=300 mean_l2=0.10922 std_l2=0.76992
2026-05-14 03:08:04,254 INFO CSMF2.step_1_1_1.run :: epoch=26 step=300/429 train_nll=-2986.026
2026-05-14 03:08:14,062 INFO CSMF2.step_1_1_1.run :: [h] epoch=26 step=350 total=0.09397 batch=0.04457
2026-05-14 03:08:14,062 INFO CSMF2.step_1_1_1.run :: [lat] epoch=26 step=350 mean_l2=0.17586 std_l2=0.11626
2026-05-14 03:08:14,181 INFO CSMF2.step_1_1_1.run :: epoch=26 step=350/429 train_nll=-2986.843
2026-05-14 03:08:24,033 INFO CSMF2.step_1_1_1.run :: [h] epoch=26 step=400 total=0.08866 batch=0.03969
2026-05-14 03:08:24,033 INFO CSMF2.step_1_1_1.run :: [lat] epoch=26 step=400 mean_l2=0.10015 std_l2=0.22461
2026-05-14 03:08:24,153 INFO CSMF2.step_1_1_1.run :: epoch=26 step=400/429 train_nll=-2987.917
2026-05-14 03:08:33,011 INFO CSMF2.step_1_1_1.run :: epoch=26  train_nll=-2989.155  val_nll=-2950.125  t=76.4s
2026-05-14 03:08:33,012 INFO CSMF2.step_1_1_1.run :: [h_std] total=0.08861 batch=0.03847 (no penalty)
2026-05-14 03:08:33,012 INFO CSMF2.step_1_1_1.run :: [lat_epoch] mean_l2=0.14337 std_l2=0.51219 lambda=10.000
2026-05-14 03:08:33,012 INFO CSMF2.step_1_1_1.run :: [grad] cond=109.5915 film_gain=0.0000
2026-05-14 03:08:43,306 INFO CSMF2.step_1_1_1.run :: [h] epoch=27 step=50 total=0.08957 batch=0.04000
2026-05-14 03:08:43,306 INFO CSMF2.step_1_1_1.run :: [lat] epoch=27 step=50 mean_l2=0.20786 std_l2=0.23477
2026-05-14 03:08:43,395 INFO CSMF2.step_1_1_1.run :: epoch=27 step=50/429 train_nll=-2988.127
2026-05-14 03:08:50,254 INFO CSMF2.step_1_1_1.run :: [h] epoch=27 step=100 total=0.09306 batch=0.04264
2026-05-14 03:08:50,254 INFO CSMF2.step_1_1_1.run :: [lat] epoch=27 step=100 mean_l2=0.09665 std_l2=0.35526
2026-05-14 03:08:50,343 INFO CSMF2.step_1_1_1.run :: epoch=27 step=100/429 train_nll=-2992.483
2026-05-14 03:08:57,204 INFO CSMF2.step_1_1_1.run :: [h] epoch=27 step=150 total=0.08971 batch=0.04113
2026-05-14 03:08:57,204 INFO CSMF2.step_1_1_1.run :: [lat] epoch=27 step=150 mean_l2=0.11090 std_l2=0.09826
2026-05-14 03:08:57,292 INFO CSMF2.step_1_1_1.run :: epoch=27 step=150/429 train_nll=-3001.028
2026-05-14 03:09:04,154 INFO CSMF2.step_1_1_1.run :: [h] epoch=27 step=200 total=0.09027 batch=0.04056
2026-05-14 03:09:04,155 INFO CSMF2.step_1_1_1.run :: [lat] epoch=27 step=200 mean_l2=0.07446 std_l2=0.26665
2026-05-14 03:09:04,243 INFO CSMF2.step_1_1_1.run :: epoch=27 step=200/429 train_nll=-3008.265
2026-05-14 03:09:11,106 INFO CSMF2.step_1_1_1.run :: [h] epoch=27 step=250 total=0.08647 batch=0.03865
2026-05-14 03:09:11,107 INFO CSMF2.step_1_1_1.run :: [lat] epoch=27 step=250 mean_l2=0.21018 std_l2=2.88670
2026-05-14 03:09:11,195 INFO CSMF2.step_1_1_1.run :: epoch=27 step=250/429 train_nll=-3008.152
2026-05-14 03:09:18,062 INFO CSMF2.step_1_1_1.run :: [h] epoch=27 step=300 total=0.08936 batch=0.03939
2026-05-14 03:09:18,062 INFO CSMF2.step_1_1_1.run :: [lat] epoch=27 step=300 mean_l2=0.13352 std_l2=0.31377
2026-05-14 03:09:18,151 INFO CSMF2.step_1_1_1.run :: epoch=27 step=300/429 train_nll=-3005.619
2026-05-14 03:09:25,021 INFO CSMF2.step_1_1_1.run :: [h] epoch=27 step=350 total=0.09203 batch=0.04297
2026-05-14 03:09:25,022 INFO CSMF2.step_1_1_1.run :: [lat] epoch=27 step=350 mean_l2=0.13472 std_l2=0.21450
2026-05-14 03:09:25,111 INFO CSMF2.step_1_1_1.run :: epoch=27 step=350/429 train_nll=-3005.455
2026-05-14 03:09:31,988 INFO CSMF2.step_1_1_1.run :: [h] epoch=27 step=400 total=0.08993 batch=0.04152
2026-05-14 03:09:31,988 INFO CSMF2.step_1_1_1.run :: [lat] epoch=27 step=400 mean_l2=0.11346 std_l2=0.33929
2026-05-14 03:09:32,077 INFO CSMF2.step_1_1_1.run :: epoch=27 step=400/429 train_nll=-3008.317
2026-05-14 03:09:38,041 INFO CSMF2.step_1_1_1.run :: epoch=27  train_nll=-3009.936  val_nll=-2933.719  t=61.4s
2026-05-14 03:09:38,041 INFO CSMF2.step_1_1_1.run :: [h_std] total=0.08906 batch=0.04024 (no penalty)
2026-05-14 03:09:38,041 INFO CSMF2.step_1_1_1.run :: [lat_epoch] mean_l2=0.13274 std_l2=0.41048 lambda=10.000
2026-05-14 03:09:38,041 INFO CSMF2.step_1_1_1.run :: [grad] cond=154.1277 film_gain=0.0000
2026-05-14 03:09:48,126 INFO CSMF2.step_1_1_1.run :: [h] epoch=28 step=50 total=0.08880 batch=0.03988
2026-05-14 03:09:48,127 INFO CSMF2.step_1_1_1.run :: [lat] epoch=28 step=50 mean_l2=0.34546 std_l2=0.66202
2026-05-14 03:09:48,212 INFO CSMF2.step_1_1_1.run :: epoch=28 step=50/429 train_nll=-2997.940
2026-05-14 03:09:54,887 INFO CSMF2.step_1_1_1.run :: [h] epoch=28 step=100 total=0.09037 batch=0.04090
2026-05-14 03:09:54,887 INFO CSMF2.step_1_1_1.run :: [lat] epoch=28 step=100 mean_l2=0.13421 std_l2=0.15110
2026-05-14 03:09:54,974 INFO CSMF2.step_1_1_1.run :: epoch=28 step=100/429 train_nll=-2986.501
2026-05-14 03:10:01,657 INFO CSMF2.step_1_1_1.run :: [h] epoch=28 step=150 total=0.08790 batch=0.04040
2026-05-14 03:10:01,658 INFO CSMF2.step_1_1_1.run :: [lat] epoch=28 step=150 mean_l2=0.11407 std_l2=0.15889
2026-05-14 03:10:01,743 INFO CSMF2.step_1_1_1.run :: epoch=28 step=150/429 train_nll=-2991.645
2026-05-14 03:10:08,428 INFO CSMF2.step_1_1_1.run :: [h] epoch=28 step=200 total=0.09083 batch=0.04110
2026-05-14 03:10:08,428 INFO CSMF2.step_1_1_1.run :: [lat] epoch=28 step=200 mean_l2=0.13326 std_l2=0.23991
2026-05-14 03:10:08,513 INFO CSMF2.step_1_1_1.run :: epoch=28 step=200/429 train_nll=-2999.459
2026-05-14 03:10:15,187 INFO CSMF2.step_1_1_1.run :: [h] epoch=28 step=250 total=0.08658 batch=0.03938
2026-05-14 03:10:15,187 INFO CSMF2.step_1_1_1.run :: [lat] epoch=28 step=250 mean_l2=0.10458 std_l2=0.15650
2026-05-14 03:10:15,272 INFO CSMF2.step_1_1_1.run :: epoch=28 step=250/429 train_nll=-2999.460
2026-05-14 03:10:21,936 INFO CSMF2.step_1_1_1.run :: [h] epoch=28 step=300 total=0.08937 batch=0.04051
2026-05-14 03:10:21,937 INFO CSMF2.step_1_1_1.run :: [lat] epoch=28 step=300 mean_l2=0.09601 std_l2=0.07036
2026-05-14 03:10:22,022 INFO CSMF2.step_1_1_1.run :: epoch=28 step=300/429 train_nll=-3007.036
2026-05-14 03:10:28,690 INFO CSMF2.step_1_1_1.run :: [h] epoch=28 step=350 total=0.09493 batch=0.04657
2026-05-14 03:10:28,690 INFO CSMF2.step_1_1_1.run :: [lat] epoch=28 step=350 mean_l2=0.10961 std_l2=0.13638
2026-05-14 03:10:28,775 INFO CSMF2.step_1_1_1.run :: epoch=28 step=350/429 train_nll=-3007.887
2026-05-14 03:10:35,438 INFO CSMF2.step_1_1_1.run :: [h] epoch=28 step=400 total=0.09194 batch=0.04322
2026-05-14 03:10:35,439 INFO CSMF2.step_1_1_1.run :: [lat] epoch=28 step=400 mean_l2=0.08176 std_l2=0.08546
2026-05-14 03:10:35,523 INFO CSMF2.step_1_1_1.run :: epoch=28 step=400/429 train_nll=-3007.269
2026-05-14 03:10:41,522 INFO CSMF2.step_1_1_1.run :: epoch=28  train_nll=-3009.936  val_nll=-2954.283  t=59.8s
2026-05-14 03:10:41,522 INFO CSMF2.step_1_1_1.run :: [h_std] total=0.08963 batch=0.04137 (no penalty)
2026-05-14 03:10:41,522 INFO CSMF2.step_1_1_1.run :: [lat_epoch] mean_l2=0.14123 std_l2=0.39829 lambda=10.000
2026-05-14 03:10:41,522 INFO CSMF2.step_1_1_1.run :: [grad] cond=203.4308 film_gain=0.0000
2026-05-14 03:10:51,574 INFO CSMF2.step_1_1_1.run :: [h] epoch=29 step=50 total=0.08956 batch=0.04083
2026-05-14 03:10:51,575 INFO CSMF2.step_1_1_1.run :: [lat] epoch=29 step=50 mean_l2=0.08126 std_l2=0.50352
2026-05-14 03:10:51,659 INFO CSMF2.step_1_1_1.run :: epoch=29 step=50/429 train_nll=-3017.466
2026-05-14 03:10:58,315 INFO CSMF2.step_1_1_1.run :: [h] epoch=29 step=100 total=0.09315 batch=0.04267
2026-05-14 03:10:58,316 INFO CSMF2.step_1_1_1.run :: [lat] epoch=29 step=100 mean_l2=0.11345 std_l2=0.19709
2026-05-14 03:10:58,400 INFO CSMF2.step_1_1_1.run :: epoch=29 step=100/429 train_nll=-3013.338
2026-05-14 03:11:05,061 INFO CSMF2.step_1_1_1.run :: [h] epoch=29 step=150 total=0.09065 batch=0.04217
2026-05-14 03:11:05,061 INFO CSMF2.step_1_1_1.run :: [lat] epoch=29 step=150 mean_l2=0.10384 std_l2=0.05692
2026-05-14 03:11:05,146 INFO CSMF2.step_1_1_1.run :: epoch=29 step=150/429 train_nll=-3017.476
2026-05-14 03:11:11,807 INFO CSMF2.step_1_1_1.run :: [h] epoch=29 step=200 total=0.09041 batch=0.04177
2026-05-14 03:11:11,808 INFO CSMF2.step_1_1_1.run :: [lat] epoch=29 step=200 mean_l2=0.10565 std_l2=0.17982
2026-05-14 03:11:11,892 INFO CSMF2.step_1_1_1.run :: epoch=29 step=200/429 train_nll=-3024.872
2026-05-14 03:11:18,553 INFO CSMF2.step_1_1_1.run :: [h] epoch=29 step=250 total=0.08852 batch=0.04106
2026-05-14 03:11:18,553 INFO CSMF2.step_1_1_1.run :: [lat] epoch=29 step=250 mean_l2=0.20814 std_l2=0.44682
2026-05-14 03:11:18,638 INFO CSMF2.step_1_1_1.run :: epoch=29 step=250/429 train_nll=-3021.519
2026-05-14 03:11:25,310 INFO CSMF2.step_1_1_1.run :: [h] epoch=29 step=300 total=0.09383 batch=0.04277
2026-05-14 03:11:25,310 INFO CSMF2.step_1_1_1.run :: [lat] epoch=29 step=300 mean_l2=0.08474 std_l2=0.10183
2026-05-14 03:11:25,395 INFO CSMF2.step_1_1_1.run :: epoch=29 step=300/429 train_nll=-3025.637
2026-05-14 03:11:32,073 INFO CSMF2.step_1_1_1.run :: [h] epoch=29 step=350 total=0.09226 batch=0.04589
2026-05-14 03:11:32,073 INFO CSMF2.step_1_1_1.run :: [lat] epoch=29 step=350 mean_l2=0.10137 std_l2=0.07335
2026-05-14 03:11:32,158 INFO CSMF2.step_1_1_1.run :: epoch=29 step=350/429 train_nll=-3031.880
2026-05-14 03:11:38,830 INFO CSMF2.step_1_1_1.run :: [h] epoch=29 step=400 total=0.09159 batch=0.04545
2026-05-14 03:11:38,831 INFO CSMF2.step_1_1_1.run :: [lat] epoch=29 step=400 mean_l2=0.11635 std_l2=0.13233
2026-05-14 03:11:38,915 INFO CSMF2.step_1_1_1.run :: epoch=29 step=400/429 train_nll=-3034.232
2026-05-14 03:11:44,915 INFO CSMF2.step_1_1_1.run :: epoch=29  train_nll=-3033.943  val_nll=-2946.185  t=59.8s
2026-05-14 03:11:44,915 INFO CSMF2.step_1_1_1.run :: [h_std] total=0.08987 batch=0.04222 (no penalty)
2026-05-14 03:11:44,915 INFO CSMF2.step_1_1_1.run :: [lat_epoch] mean_l2=0.12229 std_l2=0.35196 lambda=10.000
2026-05-14 03:11:44,915 INFO CSMF2.step_1_1_1.run :: [grad] cond=124.7212 film_gain=0.0000
2026-05-14 03:11:48,573 WARNING CSMF2.step_1_1_1.run :: [exit_gate] fwd_rel=0.665 > target 0.500 (informational; no resume baseline available)
2026-05-14 03:11:52,464 INFO CSMF2.step_1_1_1.run :: [run] FINAL test_nll (sealed 10k) = -2962.056
2026-05-14 03:11:53,042 INFO CSMF2.experiments.step_1_1_1.density_plots :: [plot_latent_density] saved -> CSMF2/experiments/step_1_1_1/results/realnvp_s2_n0.00_seed0_b979da4c782c/plots/latent_density.png  (ks=0.0174, mean=0.016, std=1.099)
2026-05-14 03:11:53,217 INFO CSMF2.experiments.step_1_1_1.density_plots :: [plot_cycle_density] saved -> CSMF2/experiments/step_1_1_1/results/realnvp_s2_n0.00_seed0_b979da4c782c/plots/cycle_density.png  (max|err|=4.292e-06 rms=3.340e-07)
2026-05-14 03:11:53,543 INFO CSMF2.experiments.step_1_1_1.density_plots :: [plot_reconstruction_panel] saved -> CSMF2/experiments/step_1_1_1/results/realnvp_s2_n0.00_seed0_b979da4c782c/plots/reconstruction_panel.png  rms(enc-prior)=1.780
==============================================================
[1mSTEP-1_1_1 RUN SUMMARY[0m
==============================================================
expert: realnvp   scale: 2   noise: 0.0   seed: 0   epochs: 30
train NLL:    -1789.88  ->    -3033.94  (Δ = -1244.06)
test  NLL:    -2186.22  ->    -2946.18

[1mHARD GATES (halt on fail)[0m
  [32m 30/30  ✓[0m  invertibility FP64 <1e-5
  [33m 13/30  ✗[0m  latent KS vs N(0,1) <0.05
  [32m 30/30  ✓[0m  cycle_max < 1e-12
  [32m 30/30  ✓[0m  h std > 1e-3
  [32m 30/30  ✓[0m  FiLM γ,β std > 1e-3 aggregate
  [32m 30/30  ✓[0m  (y,seed) max|Δh| < 1e-6
  [32m 30/30  ✓[0m  no NaN/Inf this epoch
  [32m  1/1   ✓[0m  numeric log-det (FP64, once)

[1mINFORMATIONAL (logged, non-blocking)[0m
  [32m 30/30  ✓[0m  null-control gap ≥ 0.10
  [32m 30/30  ✓[0m  h_st Δlogp slope > 1e-3
  [32m 30/30  ✓[0m  grad norm > 1e-6
  [32m 30/30  ✓[0m  fwd residual reported
--------------------------------------------------------------
[1mHARD TOTAL: 194/211[0m  (91.9%)
[1mEXIT_CRITERIA_MET:[0m [31mNO[0m
[1mREMEDY HINTS:[0m
  - hard gate failed: latent_ks (latent KS vs N(0,1) <0.05) -- check epochs [1, 2, 3, 4, 5, 6, 10, 11, 13, 14, 16, 17, 18, 20, 21, 22, 24]
[33mSTEP-1_1_1 SOFT WARNINGS (non-blocking):[0m
  ! fwd_rel=0.665 > target 0.500 (informational; no resume baseline available)
==============================================================
2026-05-14 03:11:53,612 INFO CSMF2.step_1_1_1.run :: STEP-1_1 run DONE  exit_ok=False  out=CSMF2/experiments/step_1_1_1/results/realnvp_s2_n0.00_seed0_b979da4c782c
