2026-05-14 06:24:55,430 INFO CSMF2.step_1_1_1.run :: STEP-1_1 run | tag=nice_s2_n0.10_seed0_e0e55e95a34f | cfg=StepCfg(data_root='./mnist_data', scale=2, blur_sigma=1.0, noise_sigma=0.1, batch_size=128, expert='nice', dim=784, cond_width=128, h_dim=256, flow_hidden=256, use_film=True, cache_h=True, use_v2_conditioner=True, film_depth=2, film_hidden=128, film_use_gelu=True, realnvp_n_couplings=6, realnvp_s_max=2.0, glow_n_steps=8, glow_coupling_hidden=256, glow_s_max=2.0, glow_squeeze=True, glow_n_levels=1, glow_image_c=1, glow_image_h=28, glow_image_w=28, glow_film_gain_init=0.3, lr=0.001, epochs=30, weight_decay=0.0, grad_clip=5.0, shuffle_loss_lambda=0.0, shuffle_loss_margin=0.5, h_std_penalty_mu=0.0, h_std_target=0.05, cond_y_residual_alpha_init=0.0, latent_moment_lambda=0.0, latent_ks_target=0.1, fwd_rel_target=0.5, resume_from=None, seed=0, out_root='./CSMF2/experiments/step_1_1_1/results', log_every=50, sanity_every_epoch=True)
2026-05-14 06:24:55,498 INFO CSMF2.step_1_1_1.run :: [run] data sizes: train=55000  val=5000 (per-epoch)  test=10000 (final-only)
2026-05-14 06:24:55,560 INFO CSMF2.step_1_1_1.run :: [y_sanity] y.std(dim=0).mean() = 0.1512  shape=(128, 1, 14, 14)
2026-05-14 06:25:03,194 INFO CSMF2.step_1_1_1.run :: [h] epoch=0 step=50 total=0.07726 batch=0.00072
2026-05-14 06:25:03,194 INFO CSMF2.step_1_1_1.run :: [lat] epoch=0 step=50 mean_l2=0.03033 std_l2=3.07169
2026-05-14 06:25:03,259 INFO CSMF2.step_1_1_1.run :: epoch=0 step=50/429 train_nll=-494.952
2026-05-14 06:25:11,075 INFO CSMF2.step_1_1_1.run :: [h] epoch=0 step=100 total=0.18690 batch=0.00410
2026-05-14 06:25:11,075 INFO CSMF2.step_1_1_1.run :: [lat] epoch=0 step=100 mean_l2=0.02587 std_l2=0.76637
2026-05-14 06:25:11,141 INFO CSMF2.step_1_1_1.run :: epoch=0 step=100/429 train_nll=-723.884
2026-05-14 06:25:18,929 INFO CSMF2.step_1_1_1.run :: [h] epoch=0 step=150 total=0.22957 batch=0.00603
2026-05-14 06:25:18,929 INFO CSMF2.step_1_1_1.run :: [lat] epoch=0 step=150 mean_l2=0.02794 std_l2=0.51209
2026-05-14 06:25:18,994 INFO CSMF2.step_1_1_1.run :: epoch=0 step=150/429 train_nll=-846.663
2026-05-14 06:25:26,761 INFO CSMF2.step_1_1_1.run :: [h] epoch=0 step=200 total=0.25846 batch=0.00525
2026-05-14 06:25:26,761 INFO CSMF2.step_1_1_1.run :: [lat] epoch=0 step=200 mean_l2=0.02538 std_l2=0.40933
2026-05-14 06:25:26,836 INFO CSMF2.step_1_1_1.run :: epoch=0 step=200/429 train_nll=-926.039
2026-05-14 06:25:34,595 INFO CSMF2.step_1_1_1.run :: [h] epoch=0 step=250 total=0.27117 batch=0.00259
2026-05-14 06:25:34,596 INFO CSMF2.step_1_1_1.run :: [lat] epoch=0 step=250 mean_l2=0.01920 std_l2=0.38924
2026-05-14 06:25:34,672 INFO CSMF2.step_1_1_1.run :: epoch=0 step=250/429 train_nll=-983.305
2026-05-14 06:25:42,468 INFO CSMF2.step_1_1_1.run :: [h] epoch=0 step=300 total=0.27318 batch=0.00198
2026-05-14 06:25:42,468 INFO CSMF2.step_1_1_1.run :: [lat] epoch=0 step=300 mean_l2=0.03428 std_l2=0.36083
2026-05-14 06:25:42,534 INFO CSMF2.step_1_1_1.run :: epoch=0 step=300/429 train_nll=-1027.728
2026-05-14 06:25:50,391 INFO CSMF2.step_1_1_1.run :: [h] epoch=0 step=350 total=0.28750 batch=0.00130
2026-05-14 06:25:50,392 INFO CSMF2.step_1_1_1.run :: [lat] epoch=0 step=350 mean_l2=0.03092 std_l2=0.35840
2026-05-14 06:25:50,457 INFO CSMF2.step_1_1_1.run :: epoch=0 step=350/429 train_nll=-1063.345
2026-05-14 06:25:58,302 INFO CSMF2.step_1_1_1.run :: [h] epoch=0 step=400 total=0.29258 batch=0.00140
2026-05-14 06:25:58,302 INFO CSMF2.step_1_1_1.run :: [lat] epoch=0 step=400 mean_l2=0.02776 std_l2=0.38768
2026-05-14 06:25:58,368 INFO CSMF2.step_1_1_1.run :: epoch=0 step=400/429 train_nll=-1094.014
2026-05-14 06:26:06,473 INFO CSMF2.step_1_1_1.run :: epoch=0  train_nll=-1109.893  val_nll=-1335.604  t=70.9s
2026-05-14 06:26:06,473 INFO CSMF2.step_1_1_1.run :: [h_std] total=0.22825 batch=0.00283 (no penalty)
2026-05-14 06:26:06,473 INFO CSMF2.step_1_1_1.run :: [lat_epoch] mean_l2=0.08753 std_l2=1.09294 (no penalty)
2026-05-14 06:26:06,473 INFO CSMF2.step_1_1_1.run :: [grad] cond=4.8636 film_gain=0.0000
2026-05-14 06:26:17,748 INFO CSMF2.step_1_1_1.run :: [h] epoch=1 step=50 total=0.30319 batch=0.00222
2026-05-14 06:26:17,748 INFO CSMF2.step_1_1_1.run :: [lat] epoch=1 step=50 mean_l2=0.02784 std_l2=0.37579
2026-05-14 06:26:17,813 INFO CSMF2.step_1_1_1.run :: epoch=1 step=50/429 train_nll=-1347.478
2026-05-14 06:26:25,641 INFO CSMF2.step_1_1_1.run :: [h] epoch=1 step=100 total=0.30595 batch=0.00294
2026-05-14 06:26:25,642 INFO CSMF2.step_1_1_1.run :: [lat] epoch=1 step=100 mean_l2=0.01846 std_l2=0.37820
2026-05-14 06:26:25,716 INFO CSMF2.step_1_1_1.run :: epoch=1 step=100/429 train_nll=-1358.524
2026-05-14 06:26:33,439 INFO CSMF2.step_1_1_1.run :: [h] epoch=1 step=150 total=0.30349 batch=0.00290
2026-05-14 06:26:33,439 INFO CSMF2.step_1_1_1.run :: [lat] epoch=1 step=150 mean_l2=0.02759 std_l2=0.35608
2026-05-14 06:26:33,505 INFO CSMF2.step_1_1_1.run :: epoch=1 step=150/429 train_nll=-1370.239
2026-05-14 06:26:41,395 INFO CSMF2.step_1_1_1.run :: [h] epoch=1 step=200 total=0.30028 batch=0.00373
2026-05-14 06:26:41,396 INFO CSMF2.step_1_1_1.run :: [lat] epoch=1 step=200 mean_l2=0.03024 std_l2=0.39193
2026-05-14 06:26:41,463 INFO CSMF2.step_1_1_1.run :: epoch=1 step=200/429 train_nll=-1380.018
2026-05-14 06:26:49,391 INFO CSMF2.step_1_1_1.run :: [h] epoch=1 step=250 total=0.30271 batch=0.00357
2026-05-14 06:26:49,391 INFO CSMF2.step_1_1_1.run :: [lat] epoch=1 step=250 mean_l2=0.02731 std_l2=0.37851
2026-05-14 06:26:49,462 INFO CSMF2.step_1_1_1.run :: epoch=1 step=250/429 train_nll=-1390.209
2026-05-14 06:26:57,455 INFO CSMF2.step_1_1_1.run :: [h] epoch=1 step=300 total=0.30700 batch=0.00451
2026-05-14 06:26:57,455 INFO CSMF2.step_1_1_1.run :: [lat] epoch=1 step=300 mean_l2=0.02567 std_l2=0.33422
2026-05-14 06:26:57,543 INFO CSMF2.step_1_1_1.run :: epoch=1 step=300/429 train_nll=-1399.455
2026-05-14 06:27:05,742 INFO CSMF2.step_1_1_1.run :: [h] epoch=1 step=350 total=0.30305 batch=0.00499
2026-05-14 06:27:05,742 INFO CSMF2.step_1_1_1.run :: [lat] epoch=1 step=350 mean_l2=0.02853 std_l2=0.38493
2026-05-14 06:27:05,815 INFO CSMF2.step_1_1_1.run :: epoch=1 step=350/429 train_nll=-1409.079
2026-05-14 06:27:14,092 INFO CSMF2.step_1_1_1.run :: [h] epoch=1 step=400 total=0.30664 batch=0.00712
2026-05-14 06:27:14,093 INFO CSMF2.step_1_1_1.run :: [lat] epoch=1 step=400 mean_l2=0.02597 std_l2=0.37603
2026-05-14 06:27:14,166 INFO CSMF2.step_1_1_1.run :: epoch=1 step=400/429 train_nll=-1418.458
2026-05-14 06:27:22,502 INFO CSMF2.step_1_1_1.run :: epoch=1  train_nll=-1423.882  val_nll=-1508.080  t=72.2s
2026-05-14 06:27:22,502 INFO CSMF2.step_1_1_1.run :: [h_std] total=0.30361 batch=0.00390 (no penalty)
2026-05-14 06:27:22,502 INFO CSMF2.step_1_1_1.run :: [lat_epoch] mean_l2=0.03031 std_l2=0.37370 (no penalty)
2026-05-14 06:27:22,502 INFO CSMF2.step_1_1_1.run :: [grad] cond=2.4026 film_gain=0.0000
2026-05-14 06:27:34,117 INFO CSMF2.step_1_1_1.run :: [h] epoch=2 step=50 total=0.29712 batch=0.00851
2026-05-14 06:27:34,117 INFO CSMF2.step_1_1_1.run :: [lat] epoch=2 step=50 mean_l2=0.02898 std_l2=0.36627
2026-05-14 06:27:34,188 INFO CSMF2.step_1_1_1.run :: epoch=2 step=50/429 train_nll=-1508.565
2026-05-14 06:27:42,377 INFO CSMF2.step_1_1_1.run :: [h] epoch=2 step=100 total=0.30538 batch=0.01078
2026-05-14 06:27:42,377 INFO CSMF2.step_1_1_1.run :: [lat] epoch=2 step=100 mean_l2=0.02650 std_l2=0.36345
2026-05-14 06:27:42,466 INFO CSMF2.step_1_1_1.run :: epoch=2 step=100/429 train_nll=-1517.142
2026-05-14 06:27:50,618 INFO CSMF2.step_1_1_1.run :: [h] epoch=2 step=150 total=0.30815 batch=0.00965
2026-05-14 06:27:50,619 INFO CSMF2.step_1_1_1.run :: [lat] epoch=2 step=150 mean_l2=0.03866 std_l2=0.33074
2026-05-14 06:27:50,707 INFO CSMF2.step_1_1_1.run :: epoch=2 step=150/429 train_nll=-1526.481
2026-05-14 06:27:58,819 INFO CSMF2.step_1_1_1.run :: [h] epoch=2 step=200 total=0.29476 batch=0.01536
2026-05-14 06:27:58,820 INFO CSMF2.step_1_1_1.run :: [lat] epoch=2 step=200 mean_l2=0.04187 std_l2=0.37025
2026-05-14 06:27:58,891 INFO CSMF2.step_1_1_1.run :: epoch=2 step=200/429 train_nll=-1533.460
2026-05-14 06:28:07,052 INFO CSMF2.step_1_1_1.run :: [h] epoch=2 step=250 total=0.30651 batch=0.00955
2026-05-14 06:28:07,053 INFO CSMF2.step_1_1_1.run :: [lat] epoch=2 step=250 mean_l2=0.04531 std_l2=0.35056
2026-05-14 06:28:07,123 INFO CSMF2.step_1_1_1.run :: epoch=2 step=250/429 train_nll=-1541.051
2026-05-14 06:28:15,452 INFO CSMF2.step_1_1_1.run :: [h] epoch=2 step=300 total=0.29737 batch=0.01467
2026-05-14 06:28:15,452 INFO CSMF2.step_1_1_1.run :: [lat] epoch=2 step=300 mean_l2=0.02837 std_l2=0.30901
2026-05-14 06:28:15,523 INFO CSMF2.step_1_1_1.run :: epoch=2 step=300/429 train_nll=-1547.921
2026-05-14 06:28:23,672 INFO CSMF2.step_1_1_1.run :: [h] epoch=2 step=350 total=0.30166 batch=0.01277
2026-05-14 06:28:23,672 INFO CSMF2.step_1_1_1.run :: [lat] epoch=2 step=350 mean_l2=0.03368 std_l2=0.36078
2026-05-14 06:28:23,743 INFO CSMF2.step_1_1_1.run :: epoch=2 step=350/429 train_nll=-1555.381
2026-05-14 06:28:31,813 INFO CSMF2.step_1_1_1.run :: [h] epoch=2 step=400 total=0.29609 batch=0.01799
2026-05-14 06:28:31,813 INFO CSMF2.step_1_1_1.run :: [lat] epoch=2 step=400 mean_l2=0.05047 std_l2=0.34483
2026-05-14 06:28:31,884 INFO CSMF2.step_1_1_1.run :: epoch=2 step=400/429 train_nll=-1562.471
2026-05-14 06:28:40,291 INFO CSMF2.step_1_1_1.run :: epoch=2  train_nll=-1566.506  val_nll=-1627.704  t=74.2s
2026-05-14 06:28:40,291 INFO CSMF2.step_1_1_1.run :: [h_std] total=0.30043 batch=0.01217 (no penalty)
2026-05-14 06:28:40,291 INFO CSMF2.step_1_1_1.run :: [lat_epoch] mean_l2=0.03514 std_l2=0.35355 (no penalty)
2026-05-14 06:28:40,291 INFO CSMF2.step_1_1_1.run :: [grad] cond=4.2610 film_gain=0.0000
2026-05-14 06:28:52,084 INFO CSMF2.step_1_1_1.run :: [h] epoch=3 step=50 total=0.30267 batch=0.01571
2026-05-14 06:28:52,084 INFO CSMF2.step_1_1_1.run :: [lat] epoch=3 step=50 mean_l2=0.03197 std_l2=0.34878
2026-05-14 06:28:52,155 INFO CSMF2.step_1_1_1.run :: epoch=3 step=50/429 train_nll=-1631.814
2026-05-14 06:29:00,440 INFO CSMF2.step_1_1_1.run :: [h] epoch=3 step=100 total=0.30069 batch=0.01944
2026-05-14 06:29:00,440 INFO CSMF2.step_1_1_1.run :: [lat] epoch=3 step=100 mean_l2=0.04748 std_l2=0.33145
2026-05-14 06:29:00,510 INFO CSMF2.step_1_1_1.run :: epoch=3 step=100/429 train_nll=-1637.034
2026-05-14 06:29:08,576 INFO CSMF2.step_1_1_1.run :: [h] epoch=3 step=150 total=0.29155 batch=0.01797
2026-05-14 06:29:08,577 INFO CSMF2.step_1_1_1.run :: [lat] epoch=3 step=150 mean_l2=0.03745 std_l2=0.30347
2026-05-14 06:29:08,647 INFO CSMF2.step_1_1_1.run :: epoch=3 step=150/429 train_nll=-1644.290
2026-05-14 06:29:16,758 INFO CSMF2.step_1_1_1.run :: [h] epoch=3 step=200 total=0.28737 batch=0.02530
2026-05-14 06:29:16,759 INFO CSMF2.step_1_1_1.run :: [lat] epoch=3 step=200 mean_l2=0.03956 std_l2=0.33866
2026-05-14 06:29:16,829 INFO CSMF2.step_1_1_1.run :: epoch=3 step=200/429 train_nll=-1649.506
2026-05-14 06:29:25,020 INFO CSMF2.step_1_1_1.run :: [h] epoch=3 step=250 total=0.28759 batch=0.01982
2026-05-14 06:29:25,020 INFO CSMF2.step_1_1_1.run :: [lat] epoch=3 step=250 mean_l2=0.04577 std_l2=0.32979
2026-05-14 06:29:25,091 INFO CSMF2.step_1_1_1.run :: epoch=3 step=250/429 train_nll=-1654.660
2026-05-14 06:29:33,281 INFO CSMF2.step_1_1_1.run :: [h] epoch=3 step=300 total=0.29435 batch=0.02682
2026-05-14 06:29:33,281 INFO CSMF2.step_1_1_1.run :: [lat] epoch=3 step=300 mean_l2=0.03739 std_l2=0.29255
2026-05-14 06:29:33,353 INFO CSMF2.step_1_1_1.run :: epoch=3 step=300/429 train_nll=-1659.954
2026-05-14 06:29:41,550 INFO CSMF2.step_1_1_1.run :: [h] epoch=3 step=350 total=0.29128 batch=0.03232
2026-05-14 06:29:41,550 INFO CSMF2.step_1_1_1.run :: [lat] epoch=3 step=350 mean_l2=0.04169 std_l2=0.33268
2026-05-14 06:29:41,639 INFO CSMF2.step_1_1_1.run :: epoch=3 step=350/429 train_nll=-1665.806
2026-05-14 06:29:49,768 INFO CSMF2.step_1_1_1.run :: [h] epoch=3 step=400 total=0.29792 batch=0.03950
2026-05-14 06:29:49,768 INFO CSMF2.step_1_1_1.run :: [lat] epoch=3 step=400 mean_l2=0.03554 std_l2=0.31827
2026-05-14 06:29:49,836 INFO CSMF2.step_1_1_1.run :: epoch=3 step=400/429 train_nll=-1670.489
2026-05-14 06:29:58,161 INFO CSMF2.step_1_1_1.run :: epoch=3  train_nll=-1673.643  val_nll=-1711.450  t=74.0s
2026-05-14 06:29:58,161 INFO CSMF2.step_1_1_1.run :: [h_std] total=0.29275 batch=0.02432 (no penalty)
2026-05-14 06:29:58,161 INFO CSMF2.step_1_1_1.run :: [lat_epoch] mean_l2=0.04128 std_l2=0.32648 (no penalty)
2026-05-14 06:29:58,161 INFO CSMF2.step_1_1_1.run :: [grad] cond=37.3629 film_gain=0.0000
2026-05-14 06:30:09,823 INFO CSMF2.step_1_1_1.run :: [h] epoch=4 step=50 total=0.28451 batch=0.04352
2026-05-14 06:30:09,823 INFO CSMF2.step_1_1_1.run :: [lat] epoch=4 step=50 mean_l2=0.03589 std_l2=0.32659
2026-05-14 06:30:09,902 INFO CSMF2.step_1_1_1.run :: epoch=4 step=50/429 train_nll=-1721.463
2026-05-14 06:30:18,099 INFO CSMF2.step_1_1_1.run :: [h] epoch=4 step=100 total=0.28684 batch=0.05493
2026-05-14 06:30:18,099 INFO CSMF2.step_1_1_1.run :: [lat] epoch=4 step=100 mean_l2=0.04558 std_l2=0.31408
2026-05-14 06:30:18,170 INFO CSMF2.step_1_1_1.run :: epoch=4 step=100/429 train_nll=-1725.177
2026-05-14 06:30:26,333 INFO CSMF2.step_1_1_1.run :: [h] epoch=4 step=150 total=0.28585 batch=0.05160
2026-05-14 06:30:26,334 INFO CSMF2.step_1_1_1.run :: [lat] epoch=4 step=150 mean_l2=0.04204 std_l2=0.28084
2026-05-14 06:30:26,405 INFO CSMF2.step_1_1_1.run :: epoch=4 step=150/429 train_nll=-1732.097
2026-05-14 06:30:34,524 INFO CSMF2.step_1_1_1.run :: [h] epoch=4 step=200 total=0.27899 batch=0.06344
2026-05-14 06:30:34,525 INFO CSMF2.step_1_1_1.run :: [lat] epoch=4 step=200 mean_l2=0.04523 std_l2=0.32204
2026-05-14 06:30:34,614 INFO CSMF2.step_1_1_1.run :: epoch=4 step=200/429 train_nll=-1736.391
2026-05-14 06:30:42,860 INFO CSMF2.step_1_1_1.run :: [h] epoch=4 step=250 total=0.28013 batch=0.04712
2026-05-14 06:30:42,860 INFO CSMF2.step_1_1_1.run :: [lat] epoch=4 step=250 mean_l2=0.05449 std_l2=0.30872
2026-05-14 06:30:42,931 INFO CSMF2.step_1_1_1.run :: epoch=4 step=250/429 train_nll=-1740.880
2026-05-14 06:30:51,160 INFO CSMF2.step_1_1_1.run :: [h] epoch=4 step=300 total=0.28336 batch=0.06247
2026-05-14 06:30:51,160 INFO CSMF2.step_1_1_1.run :: [lat] epoch=4 step=300 mean_l2=0.04502 std_l2=0.28224
2026-05-14 06:30:51,231 INFO CSMF2.step_1_1_1.run :: epoch=4 step=300/429 train_nll=-1744.737
2026-05-14 06:30:59,384 INFO CSMF2.step_1_1_1.run :: [h] epoch=4 step=350 total=0.27863 batch=0.06070
2026-05-14 06:30:59,384 INFO CSMF2.step_1_1_1.run :: [lat] epoch=4 step=350 mean_l2=0.03898 std_l2=0.31923
2026-05-14 06:30:59,474 INFO CSMF2.step_1_1_1.run :: epoch=4 step=350/429 train_nll=-1749.669
2026-05-14 06:31:07,510 INFO CSMF2.step_1_1_1.run :: [h] epoch=4 step=400 total=0.28166 batch=0.06797
2026-05-14 06:31:07,511 INFO CSMF2.step_1_1_1.run :: [lat] epoch=4 step=400 mean_l2=0.04926 std_l2=0.30117
2026-05-14 06:31:07,582 INFO CSMF2.step_1_1_1.run :: epoch=4 step=400/429 train_nll=-1753.133
2026-05-14 06:31:15,755 INFO CSMF2.step_1_1_1.run :: epoch=4  train_nll=-1755.593  val_nll=-1789.514  t=73.8s
2026-05-14 06:31:15,755 INFO CSMF2.step_1_1_1.run :: [h_std] total=0.28297 batch=0.05629 (no penalty)
2026-05-14 06:31:15,755 INFO CSMF2.step_1_1_1.run :: [lat_epoch] mean_l2=0.04897 std_l2=0.30589 (no penalty)
2026-05-14 06:31:15,755 INFO CSMF2.step_1_1_1.run :: [grad] cond=11.8906 film_gain=0.0000
2026-05-14 06:31:27,626 INFO CSMF2.step_1_1_1.run :: [h] epoch=5 step=50 total=0.27588 batch=0.05739
2026-05-14 06:31:27,627 INFO CSMF2.step_1_1_1.run :: [lat] epoch=5 step=50 mean_l2=0.03657 std_l2=0.32146
2026-05-14 06:31:27,698 INFO CSMF2.step_1_1_1.run :: epoch=5 step=50/429 train_nll=-1796.809
2026-05-14 06:31:36,023 INFO CSMF2.step_1_1_1.run :: [h] epoch=5 step=100 total=0.28224 batch=0.07106
2026-05-14 06:31:36,023 INFO CSMF2.step_1_1_1.run :: [lat] epoch=5 step=100 mean_l2=0.06557 std_l2=0.31841
2026-05-14 06:31:36,095 INFO CSMF2.step_1_1_1.run :: epoch=5 step=100/429 train_nll=-1799.971
2026-05-14 06:31:44,307 INFO CSMF2.step_1_1_1.run :: [h] epoch=5 step=150 total=0.26868 batch=0.06646
2026-05-14 06:31:44,307 INFO CSMF2.step_1_1_1.run :: [lat] epoch=5 step=150 mean_l2=0.05945 std_l2=0.28224
2026-05-14 06:31:44,378 INFO CSMF2.step_1_1_1.run :: epoch=5 step=150/429 train_nll=-1804.847
2026-05-14 06:31:52,563 INFO CSMF2.step_1_1_1.run :: [h] epoch=5 step=200 total=0.27003 batch=0.07440
2026-05-14 06:31:52,563 INFO CSMF2.step_1_1_1.run :: [lat] epoch=5 step=200 mean_l2=0.06042 std_l2=0.30369
2026-05-14 06:31:52,635 INFO CSMF2.step_1_1_1.run :: epoch=5 step=200/429 train_nll=-1807.713
2026-05-14 06:32:00,737 INFO CSMF2.step_1_1_1.run :: [h] epoch=5 step=250 total=0.26943 batch=0.05820
2026-05-14 06:32:00,738 INFO CSMF2.step_1_1_1.run :: [lat] epoch=5 step=250 mean_l2=0.06156 std_l2=0.32269
2026-05-14 06:32:00,809 INFO CSMF2.step_1_1_1.run :: epoch=5 step=250/429 train_nll=-1811.473
2026-05-14 06:32:08,925 INFO CSMF2.step_1_1_1.run :: [h] epoch=5 step=300 total=0.27485 batch=0.06666
2026-05-14 06:32:08,926 INFO CSMF2.step_1_1_1.run :: [lat] epoch=5 step=300 mean_l2=0.05094 std_l2=0.29446
2026-05-14 06:32:08,997 INFO CSMF2.step_1_1_1.run :: epoch=5 step=300/429 train_nll=-1814.579
2026-05-14 06:32:17,228 INFO CSMF2.step_1_1_1.run :: [h] epoch=5 step=350 total=0.26598 batch=0.06832
2026-05-14 06:32:17,228 INFO CSMF2.step_1_1_1.run :: [lat] epoch=5 step=350 mean_l2=0.05187 std_l2=0.31151
2026-05-14 06:32:17,300 INFO CSMF2.step_1_1_1.run :: epoch=5 step=350/429 train_nll=-1818.633
2026-05-14 06:32:25,534 INFO CSMF2.step_1_1_1.run :: [h] epoch=5 step=400 total=0.26504 batch=0.07487
2026-05-14 06:32:25,534 INFO CSMF2.step_1_1_1.run :: [lat] epoch=5 step=400 mean_l2=0.05564 std_l2=0.30224
2026-05-14 06:32:25,606 INFO CSMF2.step_1_1_1.run :: epoch=5 step=400/429 train_nll=-1821.958
2026-05-14 06:32:33,910 INFO CSMF2.step_1_1_1.run :: epoch=5  train_nll=-1823.988  val_nll=-1848.414  t=74.3s
2026-05-14 06:32:33,910 INFO CSMF2.step_1_1_1.run :: [h_std] total=0.27025 batch=0.06776 (no penalty)
2026-05-14 06:32:33,910 INFO CSMF2.step_1_1_1.run :: [lat_epoch] mean_l2=0.05404 std_l2=0.29956 (no penalty)
2026-05-14 06:32:33,911 INFO CSMF2.step_1_1_1.run :: [grad] cond=46.9327 film_gain=0.0000
2026-05-14 06:32:45,530 INFO CSMF2.step_1_1_1.run :: [h] epoch=6 step=50 total=0.26174 batch=0.06776
2026-05-14 06:32:45,531 INFO CSMF2.step_1_1_1.run :: [lat] epoch=6 step=50 mean_l2=0.05117 std_l2=0.31840
2026-05-14 06:32:45,602 INFO CSMF2.step_1_1_1.run :: epoch=6 step=50/429 train_nll=-1853.634
2026-05-14 06:32:53,794 INFO CSMF2.step_1_1_1.run :: [h] epoch=6 step=100 total=0.26524 batch=0.07932
2026-05-14 06:32:53,795 INFO CSMF2.step_1_1_1.run :: [lat] epoch=6 step=100 mean_l2=0.04532 std_l2=0.35213
2026-05-14 06:32:53,884 INFO CSMF2.step_1_1_1.run :: epoch=6 step=100/429 train_nll=-1857.429
2026-05-14 06:33:02,105 INFO CSMF2.step_1_1_1.run :: [h] epoch=6 step=150 total=0.25654 batch=0.07129
2026-05-14 06:33:02,106 INFO CSMF2.step_1_1_1.run :: [lat] epoch=6 step=150 mean_l2=0.07846 std_l2=0.30140
2026-05-14 06:33:02,178 INFO CSMF2.step_1_1_1.run :: epoch=6 step=150/429 train_nll=-1863.059
2026-05-14 06:33:10,342 INFO CSMF2.step_1_1_1.run :: [h] epoch=6 step=200 total=0.26082 batch=0.08117
2026-05-14 06:33:10,343 INFO CSMF2.step_1_1_1.run :: [lat] epoch=6 step=200 mean_l2=0.04504 std_l2=0.29603
2026-05-14 06:33:10,432 INFO CSMF2.step_1_1_1.run :: epoch=6 step=200/429 train_nll=-1866.790
2026-05-14 06:33:18,536 INFO CSMF2.step_1_1_1.run :: [h] epoch=6 step=250 total=0.25586 batch=0.07032
2026-05-14 06:33:18,536 INFO CSMF2.step_1_1_1.run :: [lat] epoch=6 step=250 mean_l2=0.06978 std_l2=0.37173
2026-05-14 06:33:18,604 INFO CSMF2.step_1_1_1.run :: epoch=6 step=250/429 train_nll=-1870.169
2026-05-14 06:33:26,799 INFO CSMF2.step_1_1_1.run :: [h] epoch=6 step=300 total=0.26125 batch=0.07574
2026-05-14 06:33:26,800 INFO CSMF2.step_1_1_1.run :: [lat] epoch=6 step=300 mean_l2=0.06731 std_l2=0.33122
2026-05-14 06:33:26,888 INFO CSMF2.step_1_1_1.run :: epoch=6 step=300/429 train_nll=-1873.644
2026-05-14 06:33:35,055 INFO CSMF2.step_1_1_1.run :: [h] epoch=6 step=350 total=0.25501 batch=0.07945
2026-05-14 06:33:35,055 INFO CSMF2.step_1_1_1.run :: [lat] epoch=6 step=350 mean_l2=0.06388 std_l2=0.31769
2026-05-14 06:33:35,144 INFO CSMF2.step_1_1_1.run :: epoch=6 step=350/429 train_nll=-1877.483
2026-05-14 06:33:43,308 INFO CSMF2.step_1_1_1.run :: [h] epoch=6 step=400 total=0.25670 batch=0.08566
2026-05-14 06:33:43,308 INFO CSMF2.step_1_1_1.run :: [lat] epoch=6 step=400 mean_l2=0.06282 std_l2=0.31182
2026-05-14 06:33:43,380 INFO CSMF2.step_1_1_1.run :: epoch=6 step=400/429 train_nll=-1879.615
2026-05-14 06:33:51,552 INFO CSMF2.step_1_1_1.run :: epoch=6  train_nll=-1881.513  val_nll=-1906.968  t=73.9s
2026-05-14 06:33:51,553 INFO CSMF2.step_1_1_1.run :: [h_std] total=0.25913 batch=0.07606 (no penalty)
2026-05-14 06:33:51,553 INFO CSMF2.step_1_1_1.run :: [lat_epoch] mean_l2=0.05869 std_l2=0.30730 (no penalty)
2026-05-14 06:33:51,553 INFO CSMF2.step_1_1_1.run :: [grad] cond=14.6020 film_gain=0.0000
2026-05-14 06:34:03,371 INFO CSMF2.step_1_1_1.run :: [h] epoch=7 step=50 total=0.24921 batch=0.08106
2026-05-14 06:34:03,372 INFO CSMF2.step_1_1_1.run :: [lat] epoch=7 step=50 mean_l2=0.05925 std_l2=0.33391
2026-05-14 06:34:03,462 INFO CSMF2.step_1_1_1.run :: epoch=7 step=50/429 train_nll=-1905.963
2026-05-14 06:34:11,574 INFO CSMF2.step_1_1_1.run :: [h] epoch=7 step=100 total=0.25605 batch=0.09219
2026-05-14 06:34:11,574 INFO CSMF2.step_1_1_1.run :: [lat] epoch=7 step=100 mean_l2=0.05153 std_l2=0.42899
2026-05-14 06:34:11,645 INFO CSMF2.step_1_1_1.run :: epoch=7 step=100/429 train_nll=-1910.386
2026-05-14 06:34:19,914 INFO CSMF2.step_1_1_1.run :: [h] epoch=7 step=150 total=0.24821 batch=0.08917
2026-05-14 06:34:19,915 INFO CSMF2.step_1_1_1.run :: [lat] epoch=7 step=150 mean_l2=0.07432 std_l2=0.35124
2026-05-14 06:34:20,005 INFO CSMF2.step_1_1_1.run :: epoch=7 step=150/429 train_nll=-1915.678
2026-05-14 06:34:28,253 INFO CSMF2.step_1_1_1.run :: [h] epoch=7 step=200 total=0.25377 batch=0.09529
2026-05-14 06:34:28,254 INFO CSMF2.step_1_1_1.run :: [lat] epoch=7 step=200 mean_l2=0.06025 std_l2=0.30393
2026-05-14 06:34:28,325 INFO CSMF2.step_1_1_1.run :: epoch=7 step=200/429 train_nll=-1918.051
2026-05-14 06:34:36,610 INFO CSMF2.step_1_1_1.run :: [h] epoch=7 step=250 total=0.24391 batch=0.08106
2026-05-14 06:34:36,610 INFO CSMF2.step_1_1_1.run :: [lat] epoch=7 step=250 mean_l2=0.07741 std_l2=0.46936
2026-05-14 06:34:36,681 INFO CSMF2.step_1_1_1.run :: epoch=7 step=250/429 train_nll=-1920.284
2026-05-14 06:34:44,885 INFO CSMF2.step_1_1_1.run :: [h] epoch=7 step=300 total=0.24708 batch=0.08223
2026-05-14 06:34:44,885 INFO CSMF2.step_1_1_1.run :: [lat] epoch=7 step=300 mean_l2=0.05717 std_l2=0.41418
2026-05-14 06:34:44,953 INFO CSMF2.step_1_1_1.run :: epoch=7 step=300/429 train_nll=-1922.802
2026-05-14 06:34:53,119 INFO CSMF2.step_1_1_1.run :: [h] epoch=7 step=350 total=0.24472 batch=0.08933
2026-05-14 06:34:53,120 INFO CSMF2.step_1_1_1.run :: [lat] epoch=7 step=350 mean_l2=0.08094 std_l2=0.32283
2026-05-14 06:34:53,210 INFO CSMF2.step_1_1_1.run :: epoch=7 step=350/429 train_nll=-1926.466
2026-05-14 06:35:01,720 INFO CSMF2.step_1_1_1.run :: [h] epoch=7 step=400 total=0.24842 batch=0.09283
2026-05-14 06:35:01,720 INFO CSMF2.step_1_1_1.run :: [lat] epoch=7 step=400 mean_l2=0.07223 std_l2=0.34515
2026-05-14 06:35:01,792 INFO CSMF2.step_1_1_1.run :: epoch=7 step=400/429 train_nll=-1928.188
2026-05-14 06:35:10,180 INFO CSMF2.step_1_1_1.run :: epoch=7  train_nll=-1929.765  val_nll=-1950.702  t=74.8s
2026-05-14 06:35:10,180 INFO CSMF2.step_1_1_1.run :: [h_std] total=0.24865 batch=0.08744 (no penalty)
2026-05-14 06:35:10,180 INFO CSMF2.step_1_1_1.run :: [lat_epoch] mean_l2=0.06517 std_l2=0.33116 (no penalty)
2026-05-14 06:35:10,180 INFO CSMF2.step_1_1_1.run :: [grad] cond=32.1040 film_gain=0.0000
2026-05-14 06:35:21,971 INFO CSMF2.step_1_1_1.run :: [h] epoch=8 step=50 total=0.24243 batch=0.08825
2026-05-14 06:35:21,971 INFO CSMF2.step_1_1_1.run :: [lat] epoch=8 step=50 mean_l2=0.06768 std_l2=0.35621
2026-05-14 06:35:22,043 INFO CSMF2.step_1_1_1.run :: epoch=8 step=50/429 train_nll=-1956.111
2026-05-14 06:35:30,196 INFO CSMF2.step_1_1_1.run :: [h] epoch=8 step=100 total=0.24688 batch=0.09998
2026-05-14 06:35:30,197 INFO CSMF2.step_1_1_1.run :: [lat] epoch=8 step=100 mean_l2=0.06044 std_l2=0.55487
2026-05-14 06:35:30,268 INFO CSMF2.step_1_1_1.run :: epoch=8 step=100/429 train_nll=-1958.441
2026-05-14 06:35:38,450 INFO CSMF2.step_1_1_1.run :: [h] epoch=8 step=150 total=0.23747 batch=0.09372
2026-05-14 06:35:38,450 INFO CSMF2.step_1_1_1.run :: [lat] epoch=8 step=150 mean_l2=0.06766 std_l2=0.38532
2026-05-14 06:35:38,530 INFO CSMF2.step_1_1_1.run :: epoch=8 step=150/429 train_nll=-1961.428
2026-05-14 06:35:46,782 INFO CSMF2.step_1_1_1.run :: [h] epoch=8 step=200 total=0.24405 batch=0.09943
2026-05-14 06:35:46,782 INFO CSMF2.step_1_1_1.run :: [lat] epoch=8 step=200 mean_l2=0.06824 std_l2=0.31100
2026-05-14 06:35:46,854 INFO CSMF2.step_1_1_1.run :: epoch=8 step=200/429 train_nll=-1963.420
2026-05-14 06:35:55,012 INFO CSMF2.step_1_1_1.run :: [h] epoch=8 step=250 total=0.23386 batch=0.08813
2026-05-14 06:35:55,012 INFO CSMF2.step_1_1_1.run :: [lat] epoch=8 step=250 mean_l2=0.05878 std_l2=0.62005
2026-05-14 06:35:55,083 INFO CSMF2.step_1_1_1.run :: epoch=8 step=250/429 train_nll=-1965.019
2026-05-14 06:36:03,312 INFO CSMF2.step_1_1_1.run :: [h] epoch=8 step=300 total=0.23731 batch=0.09016
2026-05-14 06:36:03,312 INFO CSMF2.step_1_1_1.run :: [lat] epoch=8 step=300 mean_l2=0.06079 std_l2=0.53252
2026-05-14 06:36:03,384 INFO CSMF2.step_1_1_1.run :: epoch=8 step=300/429 train_nll=-1967.044
2026-05-14 06:36:11,676 INFO CSMF2.step_1_1_1.run :: [h] epoch=8 step=350 total=0.23830 batch=0.09681
2026-05-14 06:36:11,677 INFO CSMF2.step_1_1_1.run :: [lat] epoch=8 step=350 mean_l2=0.06896 std_l2=0.37802
2026-05-14 06:36:11,766 INFO CSMF2.step_1_1_1.run :: epoch=8 step=350/429 train_nll=-1970.954
2026-05-14 06:36:20,092 INFO CSMF2.step_1_1_1.run :: [h] epoch=8 step=400 total=0.23958 batch=0.09586
2026-05-14 06:36:20,092 INFO CSMF2.step_1_1_1.run :: [lat] epoch=8 step=400 mean_l2=0.06532 std_l2=0.39901
2026-05-14 06:36:20,163 INFO CSMF2.step_1_1_1.run :: epoch=8 step=400/429 train_nll=-1972.830
2026-05-14 06:36:28,457 INFO CSMF2.step_1_1_1.run :: epoch=8  train_nll=-1974.395  val_nll=-1997.811  t=74.6s
2026-05-14 06:36:28,457 INFO CSMF2.step_1_1_1.run :: [h_std] total=0.23949 batch=0.09531 (no penalty)
2026-05-14 06:36:28,457 INFO CSMF2.step_1_1_1.run :: [lat_epoch] mean_l2=0.06684 std_l2=0.37216 (no penalty)
2026-05-14 06:36:28,457 INFO CSMF2.step_1_1_1.run :: [grad] cond=13.7264 film_gain=0.0000
2026-05-14 06:36:40,050 INFO CSMF2.step_1_1_1.run :: [h] epoch=9 step=50 total=0.23594 batch=0.10485
2026-05-14 06:36:40,050 INFO CSMF2.step_1_1_1.run :: [lat] epoch=9 step=50 mean_l2=0.07549 std_l2=0.35976
2026-05-14 06:36:40,121 INFO CSMF2.step_1_1_1.run :: epoch=9 step=50/429 train_nll=-1996.639
2026-05-14 06:36:48,340 INFO CSMF2.step_1_1_1.run :: [h] epoch=9 step=100 total=0.23549 batch=0.11072
2026-05-14 06:36:48,341 INFO CSMF2.step_1_1_1.run :: [lat] epoch=9 step=100 mean_l2=0.07175 std_l2=0.67394
2026-05-14 06:36:48,430 INFO CSMF2.step_1_1_1.run :: epoch=9 step=100/429 train_nll=-1994.734
2026-05-14 06:36:56,505 INFO CSMF2.step_1_1_1.run :: [h] epoch=9 step=150 total=0.23150 batch=0.11144
2026-05-14 06:36:56,505 INFO CSMF2.step_1_1_1.run :: [lat] epoch=9 step=150 mean_l2=0.05793 std_l2=0.41829
2026-05-14 06:36:56,577 INFO CSMF2.step_1_1_1.run :: epoch=9 step=150/429 train_nll=-1999.453
2026-05-14 06:37:04,793 INFO CSMF2.step_1_1_1.run :: [h] epoch=9 step=200 total=0.23564 batch=0.11810
2026-05-14 06:37:04,793 INFO CSMF2.step_1_1_1.run :: [lat] epoch=9 step=200 mean_l2=0.05839 std_l2=0.31712
2026-05-14 06:37:04,882 INFO CSMF2.step_1_1_1.run :: epoch=9 step=200/429 train_nll=-2001.596
2026-05-14 06:37:13,144 INFO CSMF2.step_1_1_1.run :: [h] epoch=9 step=250 total=0.22805 batch=0.10748
2026-05-14 06:37:13,144 INFO CSMF2.step_1_1_1.run :: [lat] epoch=9 step=250 mean_l2=0.07221 std_l2=0.74827
2026-05-14 06:37:13,234 INFO CSMF2.step_1_1_1.run :: epoch=9 step=250/429 train_nll=-2003.245
2026-05-14 06:37:21,469 INFO CSMF2.step_1_1_1.run :: [h] epoch=9 step=300 total=0.23347 batch=0.11483
2026-05-14 06:37:21,469 INFO CSMF2.step_1_1_1.run :: [lat] epoch=9 step=300 mean_l2=0.07767 std_l2=0.75318
2026-05-14 06:37:21,541 INFO CSMF2.step_1_1_1.run :: epoch=9 step=300/429 train_nll=-2005.101
2026-05-14 06:37:29,701 INFO CSMF2.step_1_1_1.run :: [h] epoch=9 step=350 total=0.23232 batch=0.11362
2026-05-14 06:37:29,701 INFO CSMF2.step_1_1_1.run :: [lat] epoch=9 step=350 mean_l2=0.11332 std_l2=0.44568
2026-05-14 06:37:29,773 INFO CSMF2.step_1_1_1.run :: epoch=9 step=350/429 train_nll=-2008.109
2026-05-14 06:37:37,976 INFO CSMF2.step_1_1_1.run :: [h] epoch=9 step=400 total=0.23072 batch=0.11799
2026-05-14 06:37:37,976 INFO CSMF2.step_1_1_1.run :: [lat] epoch=9 step=400 mean_l2=0.06982 std_l2=0.46167
2026-05-14 06:37:38,066 INFO CSMF2.step_1_1_1.run :: epoch=9 step=400/429 train_nll=-2008.977
2026-05-14 06:37:46,460 INFO CSMF2.step_1_1_1.run :: epoch=9  train_nll=-2010.325  val_nll=-2031.776  t=74.2s
2026-05-14 06:37:46,461 INFO CSMF2.step_1_1_1.run :: [h_std] total=0.23300 batch=0.11223 (no penalty)
2026-05-14 06:37:46,461 INFO CSMF2.step_1_1_1.run :: [lat_epoch] mean_l2=0.07290 std_l2=0.42585 (no penalty)
2026-05-14 06:37:46,461 INFO CSMF2.step_1_1_1.run :: [grad] cond=73.5621 film_gain=0.0000
2026-05-14 06:37:58,302 INFO CSMF2.step_1_1_1.run :: [h] epoch=10 step=50 total=0.23022 batch=0.12094
2026-05-14 06:37:58,302 INFO CSMF2.step_1_1_1.run :: [lat] epoch=10 step=50 mean_l2=0.06543 std_l2=0.35746
2026-05-14 06:37:58,374 INFO CSMF2.step_1_1_1.run :: epoch=10 step=50/429 train_nll=-2025.350
2026-05-14 06:38:06,633 INFO CSMF2.step_1_1_1.run :: [h] epoch=10 step=100 total=0.22930 batch=0.12779
2026-05-14 06:38:06,633 INFO CSMF2.step_1_1_1.run :: [lat] epoch=10 step=100 mean_l2=0.06287 std_l2=0.82023
2026-05-14 06:38:06,705 INFO CSMF2.step_1_1_1.run :: epoch=10 step=100/429 train_nll=-2028.535
2026-05-14 06:38:14,901 INFO CSMF2.step_1_1_1.run :: [h] epoch=10 step=150 total=0.22768 batch=0.13067
2026-05-14 06:38:14,901 INFO CSMF2.step_1_1_1.run :: [lat] epoch=10 step=150 mean_l2=0.06706 std_l2=0.45829
2026-05-14 06:38:14,973 INFO CSMF2.step_1_1_1.run :: epoch=10 step=150/429 train_nll=-2033.304
2026-05-14 06:38:23,213 INFO CSMF2.step_1_1_1.run :: [h] epoch=10 step=200 total=0.23028 batch=0.13038
2026-05-14 06:38:23,213 INFO CSMF2.step_1_1_1.run :: [lat] epoch=10 step=200 mean_l2=0.07779 std_l2=0.32675
2026-05-14 06:38:23,284 INFO CSMF2.step_1_1_1.run :: epoch=10 step=200/429 train_nll=-2034.461
2026-05-14 06:38:31,604 INFO CSMF2.step_1_1_1.run :: [h] epoch=10 step=250 total=0.22590 batch=0.12567
2026-05-14 06:38:31,604 INFO CSMF2.step_1_1_1.run :: [lat] epoch=10 step=250 mean_l2=0.07416 std_l2=0.88932
2026-05-14 06:38:31,676 INFO CSMF2.step_1_1_1.run :: epoch=10 step=250/429 train_nll=-2036.927
2026-05-14 06:38:39,909 INFO CSMF2.step_1_1_1.run :: [h] epoch=10 step=300 total=0.22658 batch=0.12907
2026-05-14 06:38:39,909 INFO CSMF2.step_1_1_1.run :: [lat] epoch=10 step=300 mean_l2=0.07040 std_l2=1.10132
2026-05-14 06:38:39,981 INFO CSMF2.step_1_1_1.run :: epoch=10 step=300/429 train_nll=-2038.398
2026-05-14 06:38:48,254 INFO CSMF2.step_1_1_1.run :: [h] epoch=10 step=350 total=0.22730 batch=0.12829
2026-05-14 06:38:48,254 INFO CSMF2.step_1_1_1.run :: [lat] epoch=10 step=350 mean_l2=0.07074 std_l2=0.55878
2026-05-14 06:38:48,326 INFO CSMF2.step_1_1_1.run :: epoch=10 step=350/429 train_nll=-2041.683
2026-05-14 06:38:56,533 INFO CSMF2.step_1_1_1.run :: [h] epoch=10 step=400 total=0.22762 batch=0.13142
2026-05-14 06:38:56,533 INFO CSMF2.step_1_1_1.run :: [lat] epoch=10 step=400 mean_l2=0.08559 std_l2=0.60971
2026-05-14 06:38:56,605 INFO CSMF2.step_1_1_1.run :: epoch=10 step=400/429 train_nll=-2042.963
2026-05-14 06:39:04,974 INFO CSMF2.step_1_1_1.run :: epoch=10  train_nll=-2044.267  val_nll=-2059.033  t=74.7s
2026-05-14 06:39:04,974 INFO CSMF2.step_1_1_1.run :: [h_std] total=0.22886 batch=0.12888 (no penalty)
2026-05-14 06:39:04,974 INFO CSMF2.step_1_1_1.run :: [lat_epoch] mean_l2=0.07506 std_l2=0.49104 (no penalty)
2026-05-14 06:39:04,974 INFO CSMF2.step_1_1_1.run :: [grad] cond=84.5905 film_gain=0.0000
2026-05-14 06:39:16,748 INFO CSMF2.step_1_1_1.run :: [h] epoch=11 step=50 total=0.22776 batch=0.13287
2026-05-14 06:39:16,748 INFO CSMF2.step_1_1_1.run :: [lat] epoch=11 step=50 mean_l2=0.07664 std_l2=0.32694
2026-05-14 06:39:16,820 INFO CSMF2.step_1_1_1.run :: epoch=11 step=50/429 train_nll=-2059.694
2026-05-14 06:39:25,110 INFO CSMF2.step_1_1_1.run :: [h] epoch=11 step=100 total=0.22545 batch=0.13821
2026-05-14 06:39:25,110 INFO CSMF2.step_1_1_1.run :: [lat] epoch=11 step=100 mean_l2=0.07422 std_l2=0.92956
2026-05-14 06:39:25,182 INFO CSMF2.step_1_1_1.run :: epoch=11 step=100/429 train_nll=-2062.968
2026-05-14 06:39:33,391 INFO CSMF2.step_1_1_1.run :: [h] epoch=11 step=150 total=0.22111 batch=0.13690
2026-05-14 06:39:33,392 INFO CSMF2.step_1_1_1.run :: [lat] epoch=11 step=150 mean_l2=0.07256 std_l2=0.48666
2026-05-14 06:39:33,460 INFO CSMF2.step_1_1_1.run :: epoch=11 step=150/429 train_nll=-2066.522
2026-05-14 06:39:41,636 INFO CSMF2.step_1_1_1.run :: [h] epoch=11 step=200 total=0.22198 batch=0.13897
2026-05-14 06:39:41,636 INFO CSMF2.step_1_1_1.run :: [lat] epoch=11 step=200 mean_l2=0.07620 std_l2=0.34868
2026-05-14 06:39:41,708 INFO CSMF2.step_1_1_1.run :: epoch=11 step=200/429 train_nll=-2067.165
2026-05-14 06:39:49,959 INFO CSMF2.step_1_1_1.run :: [h] epoch=11 step=250 total=0.21644 batch=0.13005
2026-05-14 06:39:49,960 INFO CSMF2.step_1_1_1.run :: [lat] epoch=11 step=250 mean_l2=0.07730 std_l2=0.95103
2026-05-14 06:39:50,050 INFO CSMF2.step_1_1_1.run :: epoch=11 step=250/429 train_nll=-2068.469
2026-05-14 06:39:58,244 INFO CSMF2.step_1_1_1.run :: [h] epoch=11 step=300 total=0.22324 batch=0.13427
2026-05-14 06:39:58,245 INFO CSMF2.step_1_1_1.run :: [lat] epoch=11 step=300 mean_l2=0.08269 std_l2=1.49238
2026-05-14 06:39:58,317 INFO CSMF2.step_1_1_1.run :: epoch=11 step=300/429 train_nll=-2070.417
2026-05-14 06:40:06,594 INFO CSMF2.step_1_1_1.run :: [h] epoch=11 step=350 total=0.21798 batch=0.13298
2026-05-14 06:40:06,594 INFO CSMF2.step_1_1_1.run :: [lat] epoch=11 step=350 mean_l2=0.06996 std_l2=0.75120
2026-05-14 06:40:06,674 INFO CSMF2.step_1_1_1.run :: epoch=11 step=350/429 train_nll=-2073.942
2026-05-14 06:40:14,777 INFO CSMF2.step_1_1_1.run :: [h] epoch=11 step=400 total=0.21491 batch=0.13342
2026-05-14 06:40:14,777 INFO CSMF2.step_1_1_1.run :: [lat] epoch=11 step=400 mean_l2=0.08577 std_l2=0.78433
2026-05-14 06:40:14,849 INFO CSMF2.step_1_1_1.run :: epoch=11 step=400/429 train_nll=-2074.848
2026-05-14 06:40:23,131 INFO CSMF2.step_1_1_1.run :: epoch=11  train_nll=-2075.881  val_nll=-2091.962  t=74.3s
2026-05-14 06:40:23,131 INFO CSMF2.step_1_1_1.run :: [h_std] total=0.22211 batch=0.13554 (no penalty)
2026-05-14 06:40:23,131 INFO CSMF2.step_1_1_1.run :: [lat_epoch] mean_l2=0.07758 std_l2=0.56488 (no penalty)
2026-05-14 06:40:23,131 INFO CSMF2.step_1_1_1.run :: [grad] cond=28.4947 film_gain=0.0000
2026-05-14 06:40:34,886 INFO CSMF2.step_1_1_1.run :: [h] epoch=12 step=50 total=0.21894 batch=0.13567
2026-05-14 06:40:34,887 INFO CSMF2.step_1_1_1.run :: [lat] epoch=12 step=50 mean_l2=0.06606 std_l2=0.31282
2026-05-14 06:40:34,958 INFO CSMF2.step_1_1_1.run :: epoch=12 step=50/429 train_nll=-2091.197
2026-05-14 06:40:43,092 INFO CSMF2.step_1_1_1.run :: [h] epoch=12 step=100 total=0.21745 batch=0.13903
2026-05-14 06:40:43,092 INFO CSMF2.step_1_1_1.run :: [lat] epoch=12 step=100 mean_l2=0.07845 std_l2=0.97769
2026-05-14 06:40:43,164 INFO CSMF2.step_1_1_1.run :: epoch=12 step=100/429 train_nll=-2091.999
2026-05-14 06:40:51,500 INFO CSMF2.step_1_1_1.run :: [h] epoch=12 step=150 total=0.21360 batch=0.14006
2026-05-14 06:40:51,501 INFO CSMF2.step_1_1_1.run :: [lat] epoch=12 step=150 mean_l2=0.07791 std_l2=0.49291
2026-05-14 06:40:51,572 INFO CSMF2.step_1_1_1.run :: epoch=12 step=150/429 train_nll=-2095.845
2026-05-14 06:40:59,561 INFO CSMF2.step_1_1_1.run :: [h] epoch=12 step=200 total=0.21853 batch=0.14396
2026-05-14 06:40:59,561 INFO CSMF2.step_1_1_1.run :: [lat] epoch=12 step=200 mean_l2=0.08285 std_l2=0.34279
2026-05-14 06:40:59,633 INFO CSMF2.step_1_1_1.run :: epoch=12 step=200/429 train_nll=-2097.354
2026-05-14 06:41:07,930 INFO CSMF2.step_1_1_1.run :: [h] epoch=12 step=250 total=0.21219 batch=0.13722
2026-05-14 06:41:07,931 INFO CSMF2.step_1_1_1.run :: [lat] epoch=12 step=250 mean_l2=0.14457 std_l2=1.04858
2026-05-14 06:41:08,021 INFO CSMF2.step_1_1_1.run :: epoch=12 step=250/429 train_nll=-2098.684
2026-05-14 06:41:16,371 INFO CSMF2.step_1_1_1.run :: [h] epoch=12 step=300 total=0.21349 batch=0.13817
2026-05-14 06:41:16,371 INFO CSMF2.step_1_1_1.run :: [lat] epoch=12 step=300 mean_l2=0.07847 std_l2=2.04249
2026-05-14 06:41:16,443 INFO CSMF2.step_1_1_1.run :: epoch=12 step=300/429 train_nll=-2099.830
2026-05-14 06:41:24,688 INFO CSMF2.step_1_1_1.run :: [h] epoch=12 step=350 total=0.21321 batch=0.13702
2026-05-14 06:41:24,689 INFO CSMF2.step_1_1_1.run :: [lat] epoch=12 step=350 mean_l2=0.05894 std_l2=0.91243
2026-05-14 06:41:24,761 INFO CSMF2.step_1_1_1.run :: epoch=12 step=350/429 train_nll=-2102.923
2026-05-14 06:41:32,865 INFO CSMF2.step_1_1_1.run :: [h] epoch=12 step=400 total=0.21163 batch=0.13666
2026-05-14 06:41:32,866 INFO CSMF2.step_1_1_1.run :: [lat] epoch=12 step=400 mean_l2=0.08530 std_l2=0.98103
2026-05-14 06:41:32,937 INFO CSMF2.step_1_1_1.run :: epoch=12 step=400/429 train_nll=-2103.230
2026-05-14 06:41:41,040 INFO CSMF2.step_1_1_1.run :: epoch=12  train_nll=-2104.210  val_nll=-2112.803  t=74.1s
2026-05-14 06:41:41,040 INFO CSMF2.step_1_1_1.run :: [h_std] total=0.21510 batch=0.13918 (no penalty)
2026-05-14 06:41:41,040 INFO CSMF2.step_1_1_1.run :: [lat_epoch] mean_l2=0.07941 std_l2=0.64500 (no penalty)
2026-05-14 06:41:41,040 INFO CSMF2.step_1_1_1.run :: [grad] cond=48.8601 film_gain=0.0000
2026-05-14 06:41:52,917 INFO CSMF2.step_1_1_1.run :: [h] epoch=13 step=50 total=0.21252 batch=0.13933
2026-05-14 06:41:52,918 INFO CSMF2.step_1_1_1.run :: [lat] epoch=13 step=50 mean_l2=0.06760 std_l2=0.28832
2026-05-14 06:41:53,008 INFO CSMF2.step_1_1_1.run :: epoch=13 step=50/429 train_nll=-2117.956
2026-05-14 06:42:01,119 INFO CSMF2.step_1_1_1.run :: [h] epoch=13 step=100 total=0.20763 batch=0.14003
2026-05-14 06:42:01,119 INFO CSMF2.step_1_1_1.run :: [lat] epoch=13 step=100 mean_l2=0.05958 std_l2=1.10057
2026-05-14 06:42:01,191 INFO CSMF2.step_1_1_1.run :: epoch=13 step=100/429 train_nll=-2119.262
2026-05-14 06:42:09,356 INFO CSMF2.step_1_1_1.run :: [h] epoch=13 step=150 total=0.20562 batch=0.14142
2026-05-14 06:42:09,356 INFO CSMF2.step_1_1_1.run :: [lat] epoch=13 step=150 mean_l2=0.08732 std_l2=0.49801
2026-05-14 06:42:09,429 INFO CSMF2.step_1_1_1.run :: epoch=13 step=150/429 train_nll=-2121.529
2026-05-14 06:42:17,623 INFO CSMF2.step_1_1_1.run :: [h] epoch=13 step=200 total=0.20927 batch=0.14664
2026-05-14 06:42:17,624 INFO CSMF2.step_1_1_1.run :: [lat] epoch=13 step=200 mean_l2=0.07004 std_l2=0.35230
2026-05-14 06:42:17,695 INFO CSMF2.step_1_1_1.run :: epoch=13 step=200/429 train_nll=-2122.252
2026-05-14 06:42:25,878 INFO CSMF2.step_1_1_1.run :: [h] epoch=13 step=250 total=0.20373 batch=0.13685
2026-05-14 06:42:25,879 INFO CSMF2.step_1_1_1.run :: [lat] epoch=13 step=250 mean_l2=0.09611 std_l2=1.03797
2026-05-14 06:42:25,950 INFO CSMF2.step_1_1_1.run :: epoch=13 step=250/429 train_nll=-2123.466
2026-05-14 06:42:34,236 INFO CSMF2.step_1_1_1.run :: [h] epoch=13 step=300 total=0.20560 batch=0.13988
2026-05-14 06:42:34,237 INFO CSMF2.step_1_1_1.run :: [lat] epoch=13 step=300 mean_l2=0.07322 std_l2=2.51291
2026-05-14 06:42:34,308 INFO CSMF2.step_1_1_1.run :: epoch=13 step=300/429 train_nll=-2124.308
2026-05-14 06:42:42,482 INFO CSMF2.step_1_1_1.run :: [h] epoch=13 step=350 total=0.20255 batch=0.13573
2026-05-14 06:42:42,482 INFO CSMF2.step_1_1_1.run :: [lat] epoch=13 step=350 mean_l2=0.07078 std_l2=1.09955
2026-05-14 06:42:42,554 INFO CSMF2.step_1_1_1.run :: epoch=13 step=350/429 train_nll=-2127.302
2026-05-14 06:42:50,845 INFO CSMF2.step_1_1_1.run :: [h] epoch=13 step=400 total=0.20180 batch=0.13460
2026-05-14 06:42:50,845 INFO CSMF2.step_1_1_1.run :: [lat] epoch=13 step=400 mean_l2=0.06885 std_l2=1.22492
2026-05-14 06:42:50,916 INFO CSMF2.step_1_1_1.run :: epoch=13 step=400/429 train_nll=-2127.610
2026-05-14 06:42:59,347 INFO CSMF2.step_1_1_1.run :: epoch=13  train_nll=-2128.362  val_nll=-2132.969  t=74.5s
2026-05-14 06:42:59,347 INFO CSMF2.step_1_1_1.run :: [h_std] total=0.20705 batch=0.13925 (no penalty)
2026-05-14 06:42:59,347 INFO CSMF2.step_1_1_1.run :: [lat_epoch] mean_l2=0.08159 std_l2=0.72302 (no penalty)
2026-05-14 06:42:59,347 INFO CSMF2.step_1_1_1.run :: [grad] cond=62.1543 film_gain=0.0000
2026-05-14 06:43:11,231 INFO CSMF2.step_1_1_1.run :: [h] epoch=14 step=50 total=0.20284 batch=0.13729
2026-05-14 06:43:11,231 INFO CSMF2.step_1_1_1.run :: [lat] epoch=14 step=50 mean_l2=0.10807 std_l2=0.28971
2026-05-14 06:43:11,303 INFO CSMF2.step_1_1_1.run :: epoch=14 step=50/429 train_nll=-2135.345
2026-05-14 06:43:19,529 INFO CSMF2.step_1_1_1.run :: [h] epoch=14 step=100 total=0.19804 batch=0.13547
2026-05-14 06:43:19,529 INFO CSMF2.step_1_1_1.run :: [lat] epoch=14 step=100 mean_l2=0.06617 std_l2=1.17960
2026-05-14 06:43:19,601 INFO CSMF2.step_1_1_1.run :: epoch=14 step=100/429 train_nll=-2136.604
2026-05-14 06:43:27,779 INFO CSMF2.step_1_1_1.run :: [h] epoch=14 step=150 total=0.19802 batch=0.13795
2026-05-14 06:43:27,780 INFO CSMF2.step_1_1_1.run :: [lat] epoch=14 step=150 mean_l2=0.10579 std_l2=0.50321
2026-05-14 06:43:27,851 INFO CSMF2.step_1_1_1.run :: epoch=14 step=150/429 train_nll=-2142.333
2026-05-14 06:43:36,189 INFO CSMF2.step_1_1_1.run :: [h] epoch=14 step=200 total=0.19986 batch=0.14101
2026-05-14 06:43:36,189 INFO CSMF2.step_1_1_1.run :: [lat] epoch=14 step=200 mean_l2=0.07095 std_l2=0.34448
2026-05-14 06:43:36,260 INFO CSMF2.step_1_1_1.run :: epoch=14 step=200/429 train_nll=-2142.735
2026-05-14 06:43:44,486 INFO CSMF2.step_1_1_1.run :: [h] epoch=14 step=250 total=0.19359 batch=0.13382
2026-05-14 06:43:44,487 INFO CSMF2.step_1_1_1.run :: [lat] epoch=14 step=250 mean_l2=0.09155 std_l2=1.01501
2026-05-14 06:43:44,558 INFO CSMF2.step_1_1_1.run :: epoch=14 step=250/429 train_nll=-2143.500
2026-05-14 06:43:52,704 INFO CSMF2.step_1_1_1.run :: [h] epoch=14 step=300 total=0.19681 batch=0.13604
2026-05-14 06:43:52,704 INFO CSMF2.step_1_1_1.run :: [lat] epoch=14 step=300 mean_l2=0.07388 std_l2=3.00028
2026-05-14 06:43:52,776 INFO CSMF2.step_1_1_1.run :: epoch=14 step=300/429 train_nll=-2144.710
2026-05-14 06:44:00,938 INFO CSMF2.step_1_1_1.run :: [h] epoch=14 step=350 total=0.19556 batch=0.13540
2026-05-14 06:44:00,938 INFO CSMF2.step_1_1_1.run :: [lat] epoch=14 step=350 mean_l2=0.09516 std_l2=1.23943
2026-05-14 06:44:01,009 INFO CSMF2.step_1_1_1.run :: epoch=14 step=350/429 train_nll=-2147.444
2026-05-14 06:44:09,270 INFO CSMF2.step_1_1_1.run :: [h] epoch=14 step=400 total=0.19114 batch=0.13034
2026-05-14 06:44:09,270 INFO CSMF2.step_1_1_1.run :: [lat] epoch=14 step=400 mean_l2=0.09062 std_l2=1.46008
2026-05-14 06:44:09,342 INFO CSMF2.step_1_1_1.run :: epoch=14 step=400/429 train_nll=-2147.598
2026-05-14 06:44:17,717 INFO CSMF2.step_1_1_1.run :: epoch=14  train_nll=-2148.109  val_nll=-2156.539  t=74.5s
2026-05-14 06:44:17,718 INFO CSMF2.step_1_1_1.run :: [h_std] total=0.19807 batch=0.13654 (no penalty)
2026-05-14 06:44:17,718 INFO CSMF2.step_1_1_1.run :: [lat_epoch] mean_l2=0.08432 std_l2=0.79509 (no penalty)
2026-05-14 06:44:17,718 INFO CSMF2.step_1_1_1.run :: [grad] cond=52.9411 film_gain=0.0000
2026-05-14 06:44:29,376 INFO CSMF2.step_1_1_1.run :: [h] epoch=15 step=50 total=0.19557 batch=0.13447
2026-05-14 06:44:29,377 INFO CSMF2.step_1_1_1.run :: [lat] epoch=15 step=50 mean_l2=0.07126 std_l2=0.26972
2026-05-14 06:44:29,467 INFO CSMF2.step_1_1_1.run :: epoch=15 step=50/429 train_nll=-2157.151
2026-05-14 06:44:37,635 INFO CSMF2.step_1_1_1.run :: [h] epoch=15 step=100 total=0.18828 batch=0.13243
2026-05-14 06:44:37,636 INFO CSMF2.step_1_1_1.run :: [lat] epoch=15 step=100 mean_l2=0.09051 std_l2=1.24148
2026-05-14 06:44:37,708 INFO CSMF2.step_1_1_1.run :: epoch=15 step=100/429 train_nll=-2157.256
2026-05-14 06:44:45,869 INFO CSMF2.step_1_1_1.run :: [h] epoch=15 step=150 total=0.18894 batch=0.13407
2026-05-14 06:44:45,869 INFO CSMF2.step_1_1_1.run :: [lat] epoch=15 step=150 mean_l2=0.10660 std_l2=0.49472
2026-05-14 06:44:45,937 INFO CSMF2.step_1_1_1.run :: epoch=15 step=150/429 train_nll=-2162.019
2026-05-14 06:44:54,264 INFO CSMF2.step_1_1_1.run :: [h] epoch=15 step=200 total=0.19083 batch=0.13661
2026-05-14 06:44:54,265 INFO CSMF2.step_1_1_1.run :: [lat] epoch=15 step=200 mean_l2=0.07259 std_l2=0.33322
2026-05-14 06:44:54,337 INFO CSMF2.step_1_1_1.run :: epoch=15 step=200/429 train_nll=-2162.552
2026-05-14 06:45:02,553 INFO CSMF2.step_1_1_1.run :: [h] epoch=15 step=250 total=0.18756 batch=0.13272
2026-05-14 06:45:02,553 INFO CSMF2.step_1_1_1.run :: [lat] epoch=15 step=250 mean_l2=0.09408 std_l2=0.91542
2026-05-14 06:45:02,643 INFO CSMF2.step_1_1_1.run :: epoch=15 step=250/429 train_nll=-2163.384
2026-05-14 06:45:10,889 INFO CSMF2.step_1_1_1.run :: [h] epoch=15 step=300 total=0.18879 batch=0.13408
2026-05-14 06:45:10,890 INFO CSMF2.step_1_1_1.run :: [lat] epoch=15 step=300 mean_l2=0.07008 std_l2=3.20190
2026-05-14 06:45:10,961 INFO CSMF2.step_1_1_1.run :: epoch=15 step=300/429 train_nll=-2163.828
2026-05-14 06:45:19,052 INFO CSMF2.step_1_1_1.run :: [h] epoch=15 step=350 total=0.18844 batch=0.13367
2026-05-14 06:45:19,052 INFO CSMF2.step_1_1_1.run :: [lat] epoch=15 step=350 mean_l2=0.06969 std_l2=1.42675
2026-05-14 06:45:19,123 INFO CSMF2.step_1_1_1.run :: epoch=15 step=350/429 train_nll=-2166.751
2026-05-14 06:45:27,398 INFO CSMF2.step_1_1_1.run :: [h] epoch=15 step=400 total=0.18418 batch=0.12938
2026-05-14 06:45:27,398 INFO CSMF2.step_1_1_1.run :: [lat] epoch=15 step=400 mean_l2=0.10037 std_l2=1.75331
2026-05-14 06:45:27,470 INFO CSMF2.step_1_1_1.run :: epoch=15 step=400/429 train_nll=-2166.714
2026-05-14 06:45:35,705 INFO CSMF2.step_1_1_1.run :: epoch=15  train_nll=-2167.561  val_nll=-2169.603  t=74.3s
2026-05-14 06:45:35,705 INFO CSMF2.step_1_1_1.run :: [h_std] total=0.18906 batch=0.13296 (no penalty)
2026-05-14 06:45:35,705 INFO CSMF2.step_1_1_1.run :: [lat_epoch] mean_l2=0.08397 std_l2=0.85635 (no penalty)
2026-05-14 06:45:35,705 INFO CSMF2.step_1_1_1.run :: [grad] cond=61.7419 film_gain=0.0000
2026-05-14 06:45:47,588 INFO CSMF2.step_1_1_1.run :: [h] epoch=16 step=50 total=0.18513 batch=0.13057
2026-05-14 06:45:47,589 INFO CSMF2.step_1_1_1.run :: [lat] epoch=16 step=50 mean_l2=0.08050 std_l2=0.27642
2026-05-14 06:45:47,661 INFO CSMF2.step_1_1_1.run :: epoch=16 step=50/429 train_nll=-2174.139
2026-05-14 06:45:55,929 INFO CSMF2.step_1_1_1.run :: [h] epoch=16 step=100 total=0.18373 batch=0.13147
2026-05-14 06:45:55,929 INFO CSMF2.step_1_1_1.run :: [lat] epoch=16 step=100 mean_l2=0.08691 std_l2=1.42327
2026-05-14 06:45:56,001 INFO CSMF2.step_1_1_1.run :: epoch=16 step=100/429 train_nll=-2174.936
2026-05-14 06:46:04,228 INFO CSMF2.step_1_1_1.run :: [h] epoch=16 step=150 total=0.18093 batch=0.13096
2026-05-14 06:46:04,228 INFO CSMF2.step_1_1_1.run :: [lat] epoch=16 step=150 mean_l2=0.08170 std_l2=0.45190
2026-05-14 06:46:04,300 INFO CSMF2.step_1_1_1.run :: epoch=16 step=150/429 train_nll=-2178.722
2026-05-14 06:46:12,560 INFO CSMF2.step_1_1_1.run :: [h] epoch=16 step=200 total=0.18262 batch=0.13488
2026-05-14 06:46:12,560 INFO CSMF2.step_1_1_1.run :: [lat] epoch=16 step=200 mean_l2=0.06462 std_l2=0.33782
2026-05-14 06:46:12,632 INFO CSMF2.step_1_1_1.run :: epoch=16 step=200/429 train_nll=-2179.132
2026-05-14 06:46:20,964 INFO CSMF2.step_1_1_1.run :: [h] epoch=16 step=250 total=0.17942 batch=0.12829
2026-05-14 06:46:20,964 INFO CSMF2.step_1_1_1.run :: [lat] epoch=16 step=250 mean_l2=0.06671 std_l2=1.01586
2026-05-14 06:46:21,036 INFO CSMF2.step_1_1_1.run :: epoch=16 step=250/429 train_nll=-2180.319
2026-05-14 06:46:29,164 INFO CSMF2.step_1_1_1.run :: [h] epoch=16 step=300 total=0.18229 batch=0.13283
2026-05-14 06:46:29,165 INFO CSMF2.step_1_1_1.run :: [lat] epoch=16 step=300 mean_l2=0.08681 std_l2=3.41962
2026-05-14 06:46:29,255 INFO CSMF2.step_1_1_1.run :: epoch=16 step=300/429 train_nll=-2180.671
2026-05-14 06:46:37,411 INFO CSMF2.step_1_1_1.run :: [h] epoch=16 step=350 total=0.18216 batch=0.13084
2026-05-14 06:46:37,412 INFO CSMF2.step_1_1_1.run :: [lat] epoch=16 step=350 mean_l2=0.07152 std_l2=1.42346
2026-05-14 06:46:37,484 INFO CSMF2.step_1_1_1.run :: epoch=16 step=350/429 train_nll=-2183.499
2026-05-14 06:46:45,862 INFO CSMF2.step_1_1_1.run :: [h] epoch=16 step=400 total=0.17546 batch=0.12467
2026-05-14 06:46:45,863 INFO CSMF2.step_1_1_1.run :: [lat] epoch=16 step=400 mean_l2=0.07721 std_l2=1.99822
2026-05-14 06:46:45,935 INFO CSMF2.step_1_1_1.run :: epoch=16 step=400/429 train_nll=-2183.761
2026-05-14 06:46:54,198 INFO CSMF2.step_1_1_1.run :: epoch=16  train_nll=-2184.623  val_nll=-2189.942  t=74.8s
2026-05-14 06:46:54,198 INFO CSMF2.step_1_1_1.run :: [h_std] total=0.18167 batch=0.12995 (no penalty)
2026-05-14 06:46:54,198 INFO CSMF2.step_1_1_1.run :: [lat_epoch] mean_l2=0.08485 std_l2=0.90166 (no penalty)
2026-05-14 06:46:54,198 INFO CSMF2.step_1_1_1.run :: [grad] cond=63.9843 film_gain=0.0000
2026-05-14 06:47:05,822 INFO CSMF2.step_1_1_1.run :: [h] epoch=17 step=50 total=0.17854 batch=0.12782
2026-05-14 06:47:05,823 INFO CSMF2.step_1_1_1.run :: [lat] epoch=17 step=50 mean_l2=0.08954 std_l2=0.28383
2026-05-14 06:47:05,895 INFO CSMF2.step_1_1_1.run :: epoch=17 step=50/429 train_nll=-2196.860
2026-05-14 06:47:14,331 INFO CSMF2.step_1_1_1.run :: [h] epoch=17 step=100 total=0.17352 batch=0.12347
2026-05-14 06:47:14,332 INFO CSMF2.step_1_1_1.run :: [lat] epoch=17 step=100 mean_l2=0.07667 std_l2=1.44768
2026-05-14 06:47:14,409 INFO CSMF2.step_1_1_1.run :: epoch=17 step=100/429 train_nll=-2196.231
2026-05-14 06:47:22,612 INFO CSMF2.step_1_1_1.run :: [h] epoch=17 step=150 total=0.17256 batch=0.12541
2026-05-14 06:47:22,612 INFO CSMF2.step_1_1_1.run :: [lat] epoch=17 step=150 mean_l2=0.08799 std_l2=0.46065
2026-05-14 06:47:22,683 INFO CSMF2.step_1_1_1.run :: epoch=17 step=150/429 train_nll=-2196.931
2026-05-14 06:47:30,993 INFO CSMF2.step_1_1_1.run :: [h] epoch=17 step=200 total=0.18074 batch=0.13463
2026-05-14 06:47:30,993 INFO CSMF2.step_1_1_1.run :: [lat] epoch=17 step=200 mean_l2=0.08649 std_l2=0.29599
2026-05-14 06:47:31,065 INFO CSMF2.step_1_1_1.run :: epoch=17 step=200/429 train_nll=-2195.844
2026-05-14 06:47:39,139 INFO CSMF2.step_1_1_1.run :: [h] epoch=17 step=250 total=0.17089 batch=0.12378
2026-05-14 06:47:39,140 INFO CSMF2.step_1_1_1.run :: [lat] epoch=17 step=250 mean_l2=0.06977 std_l2=0.92095
2026-05-14 06:47:39,211 INFO CSMF2.step_1_1_1.run :: epoch=17 step=250/429 train_nll=-2196.692
2026-05-14 06:47:47,416 INFO CSMF2.step_1_1_1.run :: [h] epoch=17 step=300 total=0.17458 batch=0.12847
2026-05-14 06:47:47,416 INFO CSMF2.step_1_1_1.run :: [lat] epoch=17 step=300 mean_l2=0.09052 std_l2=3.87635
2026-05-14 06:47:47,489 INFO CSMF2.step_1_1_1.run :: epoch=17 step=300/429 train_nll=-2197.109
2026-05-14 06:47:55,480 INFO CSMF2.step_1_1_1.run :: [h] epoch=17 step=350 total=0.17374 batch=0.12605
2026-05-14 06:47:55,481 INFO CSMF2.step_1_1_1.run :: [lat] epoch=17 step=350 mean_l2=0.08327 std_l2=1.10956
2026-05-14 06:47:55,553 INFO CSMF2.step_1_1_1.run :: epoch=17 step=350/429 train_nll=-2199.389
2026-05-14 06:48:03,803 INFO CSMF2.step_1_1_1.run :: [h] epoch=17 step=400 total=0.16892 batch=0.12251
2026-05-14 06:48:03,804 INFO CSMF2.step_1_1_1.run :: [lat] epoch=17 step=400 mean_l2=0.08830 std_l2=2.20056
2026-05-14 06:48:03,876 INFO CSMF2.step_1_1_1.run :: epoch=17 step=400/429 train_nll=-2198.850
2026-05-14 06:48:12,083 INFO CSMF2.step_1_1_1.run :: epoch=17  train_nll=-2199.615  val_nll=-2195.236  t=74.2s
2026-05-14 06:48:12,083 INFO CSMF2.step_1_1_1.run :: [h_std] total=0.17448 batch=0.12660 (no penalty)
2026-05-14 06:48:12,083 INFO CSMF2.step_1_1_1.run :: [lat_epoch] mean_l2=0.08503 std_l2=0.95665 (no penalty)
2026-05-14 06:48:12,083 INFO CSMF2.step_1_1_1.run :: [grad] cond=61.2416 film_gain=0.0000
2026-05-14 06:48:23,785 INFO CSMF2.step_1_1_1.run :: [h] epoch=18 step=50 total=0.17308 batch=0.12554
2026-05-14 06:48:23,785 INFO CSMF2.step_1_1_1.run :: [lat] epoch=18 step=50 mean_l2=0.07426 std_l2=0.29464
2026-05-14 06:48:23,857 INFO CSMF2.step_1_1_1.run :: epoch=18 step=50/429 train_nll=-2207.151
2026-05-14 06:48:32,077 INFO CSMF2.step_1_1_1.run :: [h] epoch=18 step=100 total=0.16785 batch=0.12424
2026-05-14 06:48:32,078 INFO CSMF2.step_1_1_1.run :: [lat] epoch=18 step=100 mean_l2=0.08306 std_l2=1.59167
2026-05-14 06:48:32,149 INFO CSMF2.step_1_1_1.run :: epoch=18 step=100/429 train_nll=-2206.134
2026-05-14 06:48:40,334 INFO CSMF2.step_1_1_1.run :: [h] epoch=18 step=150 total=0.16748 batch=0.12365
2026-05-14 06:48:40,335 INFO CSMF2.step_1_1_1.run :: [lat] epoch=18 step=150 mean_l2=0.08129 std_l2=0.41810
2026-05-14 06:48:40,407 INFO CSMF2.step_1_1_1.run :: epoch=18 step=150/429 train_nll=-2210.739
2026-05-14 06:48:48,632 INFO CSMF2.step_1_1_1.run :: [h] epoch=18 step=200 total=0.17072 batch=0.12785
2026-05-14 06:48:48,632 INFO CSMF2.step_1_1_1.run :: [lat] epoch=18 step=200 mean_l2=0.07442 std_l2=0.30051
2026-05-14 06:48:48,704 INFO CSMF2.step_1_1_1.run :: epoch=18 step=200/429 train_nll=-2209.806
2026-05-14 06:48:57,061 INFO CSMF2.step_1_1_1.run :: [h] epoch=18 step=250 total=0.16606 batch=0.12295
2026-05-14 06:48:57,061 INFO CSMF2.step_1_1_1.run :: [lat] epoch=18 step=250 mean_l2=0.08989 std_l2=0.79688
2026-05-14 06:48:57,133 INFO CSMF2.step_1_1_1.run :: epoch=18 step=250/429 train_nll=-2210.110
2026-05-14 06:49:05,500 INFO CSMF2.step_1_1_1.run :: [h] epoch=18 step=300 total=0.16759 batch=0.12515
2026-05-14 06:49:05,501 INFO CSMF2.step_1_1_1.run :: [lat] epoch=18 step=300 mean_l2=0.08291 std_l2=3.94200
2026-05-14 06:49:05,572 INFO CSMF2.step_1_1_1.run :: epoch=18 step=300/429 train_nll=-2210.014
2026-05-14 06:49:13,752 INFO CSMF2.step_1_1_1.run :: [h] epoch=18 step=350 total=0.16881 batch=0.12440
2026-05-14 06:49:13,752 INFO CSMF2.step_1_1_1.run :: [lat] epoch=18 step=350 mean_l2=0.08952 std_l2=1.17032
2026-05-14 06:49:13,824 INFO CSMF2.step_1_1_1.run :: epoch=18 step=350/429 train_nll=-2212.347
2026-05-14 06:49:22,094 INFO CSMF2.step_1_1_1.run :: [h] epoch=18 step=400 total=0.16459 batch=0.12027
2026-05-14 06:49:22,095 INFO CSMF2.step_1_1_1.run :: [lat] epoch=18 step=400 mean_l2=0.10291 std_l2=2.44479
2026-05-14 06:49:22,167 INFO CSMF2.step_1_1_1.run :: epoch=18 step=400/429 train_nll=-2212.325
2026-05-14 06:49:30,577 INFO CSMF2.step_1_1_1.run :: epoch=18  train_nll=-2212.927  val_nll=-2216.295  t=74.9s
2026-05-14 06:49:30,577 INFO CSMF2.step_1_1_1.run :: [h_std] total=0.16719 batch=0.12276 (no penalty)
2026-05-14 06:49:30,577 INFO CSMF2.step_1_1_1.run :: [lat_epoch] mean_l2=0.08554 std_l2=1.00449 (no penalty)
2026-05-14 06:49:30,577 INFO CSMF2.step_1_1_1.run :: [grad] cond=95.4361 film_gain=0.0000
2026-05-14 06:49:42,464 INFO CSMF2.step_1_1_1.run :: [h] epoch=19 step=50 total=0.16687 batch=0.12384
2026-05-14 06:49:42,464 INFO CSMF2.step_1_1_1.run :: [lat] epoch=19 step=50 mean_l2=0.07073 std_l2=0.29924
2026-05-14 06:49:42,536 INFO CSMF2.step_1_1_1.run :: epoch=19 step=50/429 train_nll=-2219.591
2026-05-14 06:49:50,735 INFO CSMF2.step_1_1_1.run :: [h] epoch=19 step=100 total=0.16268 batch=0.12057
2026-05-14 06:49:50,735 INFO CSMF2.step_1_1_1.run :: [lat] epoch=19 step=100 mean_l2=0.07757 std_l2=1.23991
2026-05-14 06:49:50,808 INFO CSMF2.step_1_1_1.run :: epoch=19 step=100/429 train_nll=-2220.876
2026-05-14 06:49:59,105 INFO CSMF2.step_1_1_1.run :: [h] epoch=19 step=150 total=0.15819 batch=0.11871
2026-05-14 06:49:59,105 INFO CSMF2.step_1_1_1.run :: [lat] epoch=19 step=150 mean_l2=0.08129 std_l2=0.39484
2026-05-14 06:49:59,173 INFO CSMF2.step_1_1_1.run :: epoch=19 step=150/429 train_nll=-2223.817
2026-05-14 06:50:07,385 INFO CSMF2.step_1_1_1.run :: [h] epoch=19 step=200 total=0.16543 batch=0.12522
2026-05-14 06:50:07,385 INFO CSMF2.step_1_1_1.run :: [lat] epoch=19 step=200 mean_l2=0.08515 std_l2=0.26114
2026-05-14 06:50:07,465 INFO CSMF2.step_1_1_1.run :: epoch=19 step=200/429 train_nll=-2222.996
2026-05-14 06:50:15,757 INFO CSMF2.step_1_1_1.run :: [h] epoch=19 step=250 total=0.15908 batch=0.11803
2026-05-14 06:50:15,757 INFO CSMF2.step_1_1_1.run :: [lat] epoch=19 step=250 mean_l2=0.10923 std_l2=1.08660
2026-05-14 06:50:15,829 INFO CSMF2.step_1_1_1.run :: epoch=19 step=250/429 train_nll=-2222.755
2026-05-14 06:50:24,083 INFO CSMF2.step_1_1_1.run :: [h] epoch=19 step=300 total=0.15789 batch=0.11794
2026-05-14 06:50:24,084 INFO CSMF2.step_1_1_1.run :: [lat] epoch=19 step=300 mean_l2=0.07588 std_l2=4.07503
2026-05-14 06:50:24,156 INFO CSMF2.step_1_1_1.run :: epoch=19 step=300/429 train_nll=-2222.767
2026-05-14 06:50:32,447 INFO CSMF2.step_1_1_1.run :: [h] epoch=19 step=350 total=0.16008 batch=0.11986
2026-05-14 06:50:32,447 INFO CSMF2.step_1_1_1.run :: [lat] epoch=19 step=350 mean_l2=0.09013 std_l2=1.26988
2026-05-14 06:50:32,520 INFO CSMF2.step_1_1_1.run :: epoch=19 step=350/429 train_nll=-2224.873
2026-05-14 06:50:40,605 INFO CSMF2.step_1_1_1.run :: [h] epoch=19 step=400 total=0.15844 batch=0.11793
2026-05-14 06:50:40,606 INFO CSMF2.step_1_1_1.run :: [lat] epoch=19 step=400 mean_l2=0.08224 std_l2=2.60077
2026-05-14 06:50:40,678 INFO CSMF2.step_1_1_1.run :: epoch=19 step=400/429 train_nll=-2224.922
2026-05-14 06:50:48,907 INFO CSMF2.step_1_1_1.run :: epoch=19  train_nll=-2225.571  val_nll=-2222.671  t=74.7s
2026-05-14 06:50:48,907 INFO CSMF2.step_1_1_1.run :: [h_std] total=0.16087 batch=0.11952 (no penalty)
2026-05-14 06:50:48,907 INFO CSMF2.step_1_1_1.run :: [lat_epoch] mean_l2=0.08474 std_l2=1.04413 (no penalty)
2026-05-14 06:50:48,907 INFO CSMF2.step_1_1_1.run :: [grad] cond=70.4002 film_gain=0.0000
2026-05-14 06:51:00,503 INFO CSMF2.step_1_1_1.run :: [h] epoch=20 step=50 total=0.16067 batch=0.11860
2026-05-14 06:51:00,503 INFO CSMF2.step_1_1_1.run :: [lat] epoch=20 step=50 mean_l2=0.07147 std_l2=0.26904
2026-05-14 06:51:00,594 INFO CSMF2.step_1_1_1.run :: epoch=20 step=50/429 train_nll=-2233.289
2026-05-14 06:51:08,834 INFO CSMF2.step_1_1_1.run :: [h] epoch=20 step=100 total=0.15522 batch=0.11650
2026-05-14 06:51:08,834 INFO CSMF2.step_1_1_1.run :: [lat] epoch=20 step=100 mean_l2=0.08226 std_l2=1.34553
2026-05-14 06:51:08,906 INFO CSMF2.step_1_1_1.run :: epoch=20 step=100/429 train_nll=-2233.806
2026-05-14 06:51:17,130 INFO CSMF2.step_1_1_1.run :: [h] epoch=20 step=150 total=0.15464 batch=0.11610
2026-05-14 06:51:17,131 INFO CSMF2.step_1_1_1.run :: [lat] epoch=20 step=150 mean_l2=0.10015 std_l2=0.45076
2026-05-14 06:51:17,203 INFO CSMF2.step_1_1_1.run :: epoch=20 step=150/429 train_nll=-2235.875
2026-05-14 06:51:25,424 INFO CSMF2.step_1_1_1.run :: [h] epoch=20 step=200 total=0.15791 batch=0.11875
2026-05-14 06:51:25,425 INFO CSMF2.step_1_1_1.run :: [lat] epoch=20 step=200 mean_l2=0.09551 std_l2=0.26715
2026-05-14 06:51:25,497 INFO CSMF2.step_1_1_1.run :: epoch=20 step=200/429 train_nll=-2235.344
2026-05-14 06:51:33,685 INFO CSMF2.step_1_1_1.run :: [h] epoch=20 step=250 total=0.15476 batch=0.11635
2026-05-14 06:51:33,685 INFO CSMF2.step_1_1_1.run :: [lat] epoch=20 step=250 mean_l2=0.09047 std_l2=0.70170
2026-05-14 06:51:33,757 INFO CSMF2.step_1_1_1.run :: epoch=20 step=250/429 train_nll=-2235.034
2026-05-14 06:51:42,064 INFO CSMF2.step_1_1_1.run :: [h] epoch=20 step=300 total=0.15598 batch=0.11931
2026-05-14 06:51:42,064 INFO CSMF2.step_1_1_1.run :: [lat] epoch=20 step=300 mean_l2=0.09522 std_l2=4.42603
2026-05-14 06:51:42,135 INFO CSMF2.step_1_1_1.run :: epoch=20 step=300/429 train_nll=-2234.904
2026-05-14 06:51:50,421 INFO CSMF2.step_1_1_1.run :: [h] epoch=20 step=350 total=0.15578 batch=0.11623
2026-05-14 06:51:50,421 INFO CSMF2.step_1_1_1.run :: [lat] epoch=20 step=350 mean_l2=0.08221 std_l2=0.73718
2026-05-14 06:51:50,493 INFO CSMF2.step_1_1_1.run :: epoch=20 step=350/429 train_nll=-2237.264
2026-05-14 06:51:58,743 INFO CSMF2.step_1_1_1.run :: [h] epoch=20 step=400 total=0.15393 batch=0.11561
2026-05-14 06:51:58,744 INFO CSMF2.step_1_1_1.run :: [lat] epoch=20 step=400 mean_l2=0.08352 std_l2=2.90787
2026-05-14 06:51:58,815 INFO CSMF2.step_1_1_1.run :: epoch=20 step=400/429 train_nll=-2236.552
2026-05-14 06:52:07,188 INFO CSMF2.step_1_1_1.run :: epoch=20  train_nll=-2237.113  val_nll=-2227.031  t=74.8s
2026-05-14 06:52:07,188 INFO CSMF2.step_1_1_1.run :: [h_std] total=0.15567 batch=0.11641 (no penalty)
2026-05-14 06:52:07,189 INFO CSMF2.step_1_1_1.run :: [lat_epoch] mean_l2=0.08619 std_l2=1.08494 (no penalty)
2026-05-14 06:52:07,189 INFO CSMF2.step_1_1_1.run :: [grad] cond=135.8225 film_gain=0.0000
2026-05-14 06:52:18,679 INFO CSMF2.step_1_1_1.run :: [h] epoch=21 step=50 total=0.15249 batch=0.11399
2026-05-14 06:52:18,679 INFO CSMF2.step_1_1_1.run :: [lat] epoch=21 step=50 mean_l2=0.07817 std_l2=0.27878
2026-05-14 06:52:18,770 INFO CSMF2.step_1_1_1.run :: epoch=21 step=50/429 train_nll=-2242.468
2026-05-14 06:52:26,942 INFO CSMF2.step_1_1_1.run :: [h] epoch=21 step=100 total=0.14965 batch=0.11322
2026-05-14 06:52:26,942 INFO CSMF2.step_1_1_1.run :: [lat] epoch=21 step=100 mean_l2=0.08576 std_l2=1.27829
2026-05-14 06:52:27,014 INFO CSMF2.step_1_1_1.run :: epoch=21 step=100/429 train_nll=-2243.752
2026-05-14 06:52:35,156 INFO CSMF2.step_1_1_1.run :: [h] epoch=21 step=150 total=0.14838 batch=0.11119
2026-05-14 06:52:35,156 INFO CSMF2.step_1_1_1.run :: [lat] epoch=21 step=150 mean_l2=0.08240 std_l2=0.36367
2026-05-14 06:52:35,247 INFO CSMF2.step_1_1_1.run :: epoch=21 step=150/429 train_nll=-2247.302
2026-05-14 06:52:43,581 INFO CSMF2.step_1_1_1.run :: [h] epoch=21 step=200 total=0.15257 batch=0.11697
2026-05-14 06:52:43,581 INFO CSMF2.step_1_1_1.run :: [lat] epoch=21 step=200 mean_l2=0.07843 std_l2=0.26486
2026-05-14 06:52:43,653 INFO CSMF2.step_1_1_1.run :: epoch=21 step=200/429 train_nll=-2246.156
2026-05-14 06:52:52,532 INFO CSMF2.step_1_1_1.run :: [h] epoch=21 step=250 total=0.14902 batch=0.11269
2026-05-14 06:52:52,533 INFO CSMF2.step_1_1_1.run :: [lat] epoch=21 step=250 mean_l2=0.07193 std_l2=0.84206
2026-05-14 06:52:52,626 INFO CSMF2.step_1_1_1.run :: epoch=21 step=250/429 train_nll=-2245.951
2026-05-14 06:53:01,155 INFO CSMF2.step_1_1_1.run :: [h] epoch=21 step=300 total=0.14924 batch=0.11420
2026-05-14 06:53:01,156 INFO CSMF2.step_1_1_1.run :: [lat] epoch=21 step=300 mean_l2=0.06846 std_l2=4.53417
2026-05-14 06:53:01,230 INFO CSMF2.step_1_1_1.run :: epoch=21 step=300/429 train_nll=-2244.497
2026-05-14 06:53:09,610 INFO CSMF2.step_1_1_1.run :: [h] epoch=21 step=350 total=0.14826 batch=0.11134
2026-05-14 06:53:09,610 INFO CSMF2.step_1_1_1.run :: [lat] epoch=21 step=350 mean_l2=0.08587 std_l2=0.84801
2026-05-14 06:53:09,682 INFO CSMF2.step_1_1_1.run :: epoch=21 step=350/429 train_nll=-2247.265
2026-05-14 06:53:17,944 INFO CSMF2.step_1_1_1.run :: [h] epoch=21 step=400 total=0.14865 batch=0.11151
2026-05-14 06:53:17,945 INFO CSMF2.step_1_1_1.run :: [lat] epoch=21 step=400 mean_l2=0.08276 std_l2=2.78254
2026-05-14 06:53:18,017 INFO CSMF2.step_1_1_1.run :: epoch=21 step=400/429 train_nll=-2247.265
2026-05-14 06:53:26,374 INFO CSMF2.step_1_1_1.run :: epoch=21  train_nll=-2248.057  val_nll=-2250.767  t=75.6s
2026-05-14 06:53:26,374 INFO CSMF2.step_1_1_1.run :: [h_std] total=0.14970 batch=0.11246 (no penalty)
2026-05-14 06:53:26,374 INFO CSMF2.step_1_1_1.run :: [lat_epoch] mean_l2=0.08383 std_l2=1.13651 (no penalty)
2026-05-14 06:53:26,374 INFO CSMF2.step_1_1_1.run :: [grad] cond=105.8651 film_gain=0.0000
2026-05-14 06:53:38,170 INFO CSMF2.step_1_1_1.run :: [h] epoch=22 step=50 total=0.15015 batch=0.11284
2026-05-14 06:53:38,170 INFO CSMF2.step_1_1_1.run :: [lat] epoch=22 step=50 mean_l2=0.08103 std_l2=0.24790
2026-05-14 06:53:38,242 INFO CSMF2.step_1_1_1.run :: epoch=22 step=50/429 train_nll=-2255.573
2026-05-14 06:53:46,380 INFO CSMF2.step_1_1_1.run :: [h] epoch=22 step=100 total=0.14613 batch=0.11099
2026-05-14 06:53:46,381 INFO CSMF2.step_1_1_1.run :: [lat] epoch=22 step=100 mean_l2=0.08640 std_l2=1.27132
2026-05-14 06:53:46,473 INFO CSMF2.step_1_1_1.run :: epoch=22 step=100/429 train_nll=-2257.573
2026-05-14 06:53:54,777 INFO CSMF2.step_1_1_1.run :: [h] epoch=22 step=150 total=0.14460 batch=0.11007
2026-05-14 06:53:54,777 INFO CSMF2.step_1_1_1.run :: [lat] epoch=22 step=150 mean_l2=0.09956 std_l2=0.33031
2026-05-14 06:53:54,850 INFO CSMF2.step_1_1_1.run :: epoch=22 step=150/429 train_nll=-2260.804
2026-05-14 06:54:03,187 INFO CSMF2.step_1_1_1.run :: [h] epoch=22 step=200 total=0.14783 batch=0.11307
2026-05-14 06:54:03,188 INFO CSMF2.step_1_1_1.run :: [lat] epoch=22 step=200 mean_l2=0.08288 std_l2=0.24558
2026-05-14 06:54:03,278 INFO CSMF2.step_1_1_1.run :: epoch=22 step=200/429 train_nll=-2259.626
2026-05-14 06:54:11,495 INFO CSMF2.step_1_1_1.run :: [h] epoch=22 step=250 total=0.14312 batch=0.10876
2026-05-14 06:54:11,495 INFO CSMF2.step_1_1_1.run :: [lat] epoch=22 step=250 mean_l2=0.08287 std_l2=0.58182
2026-05-14 06:54:11,567 INFO CSMF2.step_1_1_1.run :: epoch=22 step=250/429 train_nll=-2258.768
2026-05-14 06:54:19,796 INFO CSMF2.step_1_1_1.run :: [h] epoch=22 step=300 total=0.14644 batch=0.11265
2026-05-14 06:54:19,796 INFO CSMF2.step_1_1_1.run :: [lat] epoch=22 step=300 mean_l2=0.09251 std_l2=4.65687
2026-05-14 06:54:19,868 INFO CSMF2.step_1_1_1.run :: epoch=22 step=300/429 train_nll=-2257.889
2026-05-14 06:54:28,176 INFO CSMF2.step_1_1_1.run :: [h] epoch=22 step=350 total=0.14438 batch=0.10979
2026-05-14 06:54:28,176 INFO CSMF2.step_1_1_1.run :: [lat] epoch=22 step=350 mean_l2=0.07676 std_l2=0.85068
2026-05-14 06:54:28,248 INFO CSMF2.step_1_1_1.run :: epoch=22 step=350/429 train_nll=-2259.898
2026-05-14 06:54:36,489 INFO CSMF2.step_1_1_1.run :: [h] epoch=22 step=400 total=0.14419 batch=0.10896
2026-05-14 06:54:36,490 INFO CSMF2.step_1_1_1.run :: [lat] epoch=22 step=400 mean_l2=0.08115 std_l2=2.76668
2026-05-14 06:54:36,562 INFO CSMF2.step_1_1_1.run :: epoch=22 step=400/429 train_nll=-2259.497
2026-05-14 06:54:44,801 INFO CSMF2.step_1_1_1.run :: epoch=22  train_nll=-2259.980  val_nll=-2248.274  t=74.9s
2026-05-14 06:54:44,801 INFO CSMF2.step_1_1_1.run :: [h_std] total=0.14498 batch=0.10961 (no penalty)
2026-05-14 06:54:44,801 INFO CSMF2.step_1_1_1.run :: [lat_epoch] mean_l2=0.08474 std_l2=1.16444 (no penalty)
2026-05-14 06:54:44,801 INFO CSMF2.step_1_1_1.run :: [grad] cond=97.5047 film_gain=0.0000
2026-05-14 06:54:56,293 INFO CSMF2.step_1_1_1.run :: [h] epoch=23 step=50 total=0.14183 batch=0.10667
2026-05-14 06:54:56,293 INFO CSMF2.step_1_1_1.run :: [lat] epoch=23 step=50 mean_l2=0.08473 std_l2=0.28698
2026-05-14 06:54:56,384 INFO CSMF2.step_1_1_1.run :: epoch=23 step=50/429 train_nll=-2264.875
2026-05-14 06:55:04,602 INFO CSMF2.step_1_1_1.run :: [h] epoch=23 step=100 total=0.13932 batch=0.10491
2026-05-14 06:55:04,602 INFO CSMF2.step_1_1_1.run :: [lat] epoch=23 step=100 mean_l2=0.07630 std_l2=1.63208
2026-05-14 06:55:04,693 INFO CSMF2.step_1_1_1.run :: epoch=23 step=100/429 train_nll=-2266.129
2026-05-14 06:55:12,917 INFO CSMF2.step_1_1_1.run :: [h] epoch=23 step=150 total=0.13882 batch=0.10533
2026-05-14 06:55:12,917 INFO CSMF2.step_1_1_1.run :: [lat] epoch=23 step=150 mean_l2=0.09379 std_l2=0.41926
2026-05-14 06:55:12,989 INFO CSMF2.step_1_1_1.run :: epoch=23 step=150/429 train_nll=-2268.703
2026-05-14 06:55:21,264 INFO CSMF2.step_1_1_1.run :: [h] epoch=23 step=200 total=0.14358 batch=0.10994
2026-05-14 06:55:21,264 INFO CSMF2.step_1_1_1.run :: [lat] epoch=23 step=200 mean_l2=0.07594 std_l2=0.23234
2026-05-14 06:55:21,336 INFO CSMF2.step_1_1_1.run :: epoch=23 step=200/429 train_nll=-2267.911
2026-05-14 06:55:29,609 INFO CSMF2.step_1_1_1.run :: [h] epoch=23 step=250 total=0.13972 batch=0.10684
2026-05-14 06:55:29,610 INFO CSMF2.step_1_1_1.run :: [lat] epoch=23 step=250 mean_l2=0.08981 std_l2=0.58424
2026-05-14 06:55:29,700 INFO CSMF2.step_1_1_1.run :: epoch=23 step=250/429 train_nll=-2268.120
2026-05-14 06:55:38,143 INFO CSMF2.step_1_1_1.run :: [h] epoch=23 step=300 total=0.14213 batch=0.10915
2026-05-14 06:55:38,144 INFO CSMF2.step_1_1_1.run :: [lat] epoch=23 step=300 mean_l2=0.07656 std_l2=4.65805
2026-05-14 06:55:38,235 INFO CSMF2.step_1_1_1.run :: epoch=23 step=300/429 train_nll=-2266.999
2026-05-14 06:55:46,543 INFO CSMF2.step_1_1_1.run :: [h] epoch=23 step=350 total=0.13910 batch=0.10490
2026-05-14 06:55:46,543 INFO CSMF2.step_1_1_1.run :: [lat] epoch=23 step=350 mean_l2=0.07019 std_l2=0.74556
2026-05-14 06:55:46,616 INFO CSMF2.step_1_1_1.run :: epoch=23 step=350/429 train_nll=-2268.652
2026-05-14 06:55:54,810 INFO CSMF2.step_1_1_1.run :: [h] epoch=23 step=400 total=0.13714 batch=0.10376
2026-05-14 06:55:54,811 INFO CSMF2.step_1_1_1.run :: [lat] epoch=23 step=400 mean_l2=0.09776 std_l2=2.87795
2026-05-14 06:55:54,901 INFO CSMF2.step_1_1_1.run :: epoch=23 step=400/429 train_nll=-2268.196
2026-05-14 06:56:03,101 INFO CSMF2.step_1_1_1.run :: epoch=23  train_nll=-2268.649  val_nll=-2262.647  t=74.7s
2026-05-14 06:56:03,102 INFO CSMF2.step_1_1_1.run :: [h_std] total=0.14041 batch=0.10621 (no penalty)
2026-05-14 06:56:03,102 INFO CSMF2.step_1_1_1.run :: [lat_epoch] mean_l2=0.08373 std_l2=1.21139 (no penalty)
2026-05-14 06:56:03,102 INFO CSMF2.step_1_1_1.run :: [grad] cond=178.6862 film_gain=0.0000
2026-05-14 06:56:14,612 INFO CSMF2.step_1_1_1.run :: [h] epoch=24 step=50 total=0.14065 batch=0.10610
2026-05-14 06:56:14,613 INFO CSMF2.step_1_1_1.run :: [lat] epoch=24 step=50 mean_l2=0.07205 std_l2=0.26000
2026-05-14 06:56:14,685 INFO CSMF2.step_1_1_1.run :: epoch=24 step=50/429 train_nll=-2272.433
2026-05-14 06:56:22,873 INFO CSMF2.step_1_1_1.run :: [h] epoch=24 step=100 total=0.13564 batch=0.10383
2026-05-14 06:56:22,873 INFO CSMF2.step_1_1_1.run :: [lat] epoch=24 step=100 mean_l2=0.08713 std_l2=1.31053
2026-05-14 06:56:22,946 INFO CSMF2.step_1_1_1.run :: epoch=24 step=100/429 train_nll=-2272.460
2026-05-14 06:56:31,304 INFO CSMF2.step_1_1_1.run :: [h] epoch=24 step=150 total=0.13615 batch=0.10351
2026-05-14 06:56:31,304 INFO CSMF2.step_1_1_1.run :: [lat] epoch=24 step=150 mean_l2=0.10096 std_l2=0.34792
2026-05-14 06:56:31,396 INFO CSMF2.step_1_1_1.run :: epoch=24 step=150/429 train_nll=-2275.317
2026-05-14 06:56:39,619 INFO CSMF2.step_1_1_1.run :: [h] epoch=24 step=200 total=0.13761 batch=0.10568
2026-05-14 06:56:39,620 INFO CSMF2.step_1_1_1.run :: [lat] epoch=24 step=200 mean_l2=0.09999 std_l2=0.33052
2026-05-14 06:56:39,692 INFO CSMF2.step_1_1_1.run :: epoch=24 step=200/429 train_nll=-2274.311
2026-05-14 06:56:47,894 INFO CSMF2.step_1_1_1.run :: [h] epoch=24 step=250 total=0.13471 batch=0.10285
2026-05-14 06:56:47,894 INFO CSMF2.step_1_1_1.run :: [lat] epoch=24 step=250 mean_l2=0.08285 std_l2=0.93152
2026-05-14 06:56:47,967 INFO CSMF2.step_1_1_1.run :: epoch=24 step=250/429 train_nll=-2273.960
2026-05-14 06:56:56,235 INFO CSMF2.step_1_1_1.run :: [h] epoch=24 step=300 total=0.13810 batch=0.10676
2026-05-14 06:56:56,235 INFO CSMF2.step_1_1_1.run :: [lat] epoch=24 step=300 mean_l2=0.08406 std_l2=4.67783
2026-05-14 06:56:56,326 INFO CSMF2.step_1_1_1.run :: epoch=24 step=300/429 train_nll=-2274.305
2026-05-14 06:57:04,773 INFO CSMF2.step_1_1_1.run :: [h] epoch=24 step=350 total=0.13406 batch=0.10286
2026-05-14 06:57:04,773 INFO CSMF2.step_1_1_1.run :: [lat] epoch=24 step=350 mean_l2=0.06826 std_l2=1.09102
2026-05-14 06:57:04,847 INFO CSMF2.step_1_1_1.run :: epoch=24 step=350/429 train_nll=-2276.550
2026-05-14 06:57:13,194 INFO CSMF2.step_1_1_1.run :: [h] epoch=24 step=400 total=0.13498 batch=0.10344
2026-05-14 06:57:13,195 INFO CSMF2.step_1_1_1.run :: [lat] epoch=24 step=400 mean_l2=0.08260 std_l2=2.81181
2026-05-14 06:57:13,267 INFO CSMF2.step_1_1_1.run :: epoch=24 step=400/429 train_nll=-2276.182
2026-05-14 06:57:21,383 INFO CSMF2.step_1_1_1.run :: epoch=24  train_nll=-2276.602  val_nll=-2270.058  t=74.7s
2026-05-14 06:57:21,383 INFO CSMF2.step_1_1_1.run :: [h_std] total=0.13591 batch=0.10346 (no penalty)
2026-05-14 06:57:21,391 INFO CSMF2.step_1_1_1.run :: [lat_epoch] mean_l2=0.08490 std_l2=1.26467 (no penalty)
2026-05-14 06:57:21,391 INFO CSMF2.step_1_1_1.run :: [grad] cond=73.7323 film_gain=0.0000
2026-05-14 06:57:32,956 INFO CSMF2.step_1_1_1.run :: [h] epoch=25 step=50 total=0.13457 batch=0.10195
2026-05-14 06:57:32,957 INFO CSMF2.step_1_1_1.run :: [lat] epoch=25 step=50 mean_l2=0.06847 std_l2=0.25432
2026-05-14 06:57:33,029 INFO CSMF2.step_1_1_1.run :: epoch=25 step=50/429 train_nll=-2282.157
2026-05-14 06:57:41,409 INFO CSMF2.step_1_1_1.run :: [h] epoch=25 step=100 total=0.13255 batch=0.10173
2026-05-14 06:57:41,409 INFO CSMF2.step_1_1_1.run :: [lat] epoch=25 step=100 mean_l2=0.08330 std_l2=1.58077
2026-05-14 06:57:41,482 INFO CSMF2.step_1_1_1.run :: epoch=25 step=100/429 train_nll=-2283.261
2026-05-14 06:57:49,705 INFO CSMF2.step_1_1_1.run :: [h] epoch=25 step=150 total=0.13130 batch=0.10072
2026-05-14 06:57:49,705 INFO CSMF2.step_1_1_1.run :: [lat] epoch=25 step=150 mean_l2=0.08310 std_l2=0.38702
2026-05-14 06:57:49,777 INFO CSMF2.step_1_1_1.run :: epoch=25 step=150/429 train_nll=-2286.647
2026-05-14 06:57:58,153 INFO CSMF2.step_1_1_1.run :: [h] epoch=25 step=200 total=0.13591 batch=0.10381
2026-05-14 06:57:58,154 INFO CSMF2.step_1_1_1.run :: [lat] epoch=25 step=200 mean_l2=0.07236 std_l2=0.29249
2026-05-14 06:57:58,245 INFO CSMF2.step_1_1_1.run :: epoch=25 step=200/429 train_nll=-2284.977
2026-05-14 06:58:06,492 INFO CSMF2.step_1_1_1.run :: [h] epoch=25 step=250 total=0.13133 batch=0.10108
2026-05-14 06:58:06,492 INFO CSMF2.step_1_1_1.run :: [lat] epoch=25 step=250 mean_l2=0.07365 std_l2=0.41992
2026-05-14 06:58:06,564 INFO CSMF2.step_1_1_1.run :: epoch=25 step=250/429 train_nll=-2285.205
2026-05-14 06:58:14,835 INFO CSMF2.step_1_1_1.run :: [h] epoch=25 step=300 total=0.13520 batch=0.10520
2026-05-14 06:58:14,835 INFO CSMF2.step_1_1_1.run :: [lat] epoch=25 step=300 mean_l2=0.09089 std_l2=4.73088
2026-05-14 06:58:14,909 INFO CSMF2.step_1_1_1.run :: epoch=25 step=300/429 train_nll=-2284.549
2026-05-14 06:58:23,202 INFO CSMF2.step_1_1_1.run :: [h] epoch=25 step=350 total=0.13305 batch=0.10221
2026-05-14 06:58:23,202 INFO CSMF2.step_1_1_1.run :: [lat] epoch=25 step=350 mean_l2=0.06832 std_l2=0.74347
2026-05-14 06:58:23,294 INFO CSMF2.step_1_1_1.run :: epoch=25 step=350/429 train_nll=-2286.449
2026-05-14 06:58:31,626 INFO CSMF2.step_1_1_1.run :: [h] epoch=25 step=400 total=0.13174 batch=0.09964
2026-05-14 06:58:31,626 INFO CSMF2.step_1_1_1.run :: [lat] epoch=25 step=400 mean_l2=0.07635 std_l2=2.92838
2026-05-14 06:58:31,701 INFO CSMF2.step_1_1_1.run :: epoch=25 step=400/429 train_nll=-2286.001
2026-05-14 06:58:40,085 INFO CSMF2.step_1_1_1.run :: epoch=25  train_nll=-2286.608  val_nll=-2281.852  t=75.1s
2026-05-14 06:58:40,085 INFO CSMF2.step_1_1_1.run :: [h_std] total=0.13225 batch=0.10081 (no penalty)
2026-05-14 06:58:40,085 INFO CSMF2.step_1_1_1.run :: [lat_epoch] mean_l2=0.08208 std_l2=1.27567 (no penalty)
2026-05-14 06:58:40,085 INFO CSMF2.step_1_1_1.run :: [grad] cond=98.5496 film_gain=0.0000
2026-05-14 06:58:51,690 INFO CSMF2.step_1_1_1.run :: [h] epoch=26 step=50 total=0.13302 batch=0.10135
2026-05-14 06:58:51,690 INFO CSMF2.step_1_1_1.run :: [lat] epoch=26 step=50 mean_l2=0.06974 std_l2=0.24989
2026-05-14 06:58:51,782 INFO CSMF2.step_1_1_1.run :: epoch=26 step=50/429 train_nll=-2293.702
2026-05-14 06:59:00,107 INFO CSMF2.step_1_1_1.run :: [h] epoch=26 step=100 total=0.12766 batch=0.09698
2026-05-14 06:59:00,108 INFO CSMF2.step_1_1_1.run :: [lat] epoch=26 step=100 mean_l2=0.08962 std_l2=1.66591
2026-05-14 06:59:00,179 INFO CSMF2.step_1_1_1.run :: epoch=26 step=100/429 train_nll=-2290.458
2026-05-14 06:59:08,416 INFO CSMF2.step_1_1_1.run :: [h] epoch=26 step=150 total=0.12969 batch=0.09813
2026-05-14 06:59:08,416 INFO CSMF2.step_1_1_1.run :: [lat] epoch=26 step=150 mean_l2=0.07887 std_l2=0.40799
2026-05-14 06:59:08,489 INFO CSMF2.step_1_1_1.run :: epoch=26 step=150/429 train_nll=-2292.661
2026-05-14 06:59:16,800 INFO CSMF2.step_1_1_1.run :: [h] epoch=26 step=200 total=0.13021 batch=0.09978
2026-05-14 06:59:16,801 INFO CSMF2.step_1_1_1.run :: [lat] epoch=26 step=200 mean_l2=0.09080 std_l2=0.25746
2026-05-14 06:59:16,873 INFO CSMF2.step_1_1_1.run :: epoch=26 step=200/429 train_nll=-2291.966
2026-05-14 06:59:25,112 INFO CSMF2.step_1_1_1.run :: [h] epoch=26 step=250 total=0.12825 batch=0.09737
2026-05-14 06:59:25,112 INFO CSMF2.step_1_1_1.run :: [lat] epoch=26 step=250 mean_l2=0.07959 std_l2=0.81440
2026-05-14 06:59:25,185 INFO CSMF2.step_1_1_1.run :: epoch=26 step=250/429 train_nll=-2291.409
2026-05-14 06:59:33,489 INFO CSMF2.step_1_1_1.run :: [h] epoch=26 step=300 total=0.12914 batch=0.09941
2026-05-14 06:59:33,489 INFO CSMF2.step_1_1_1.run :: [lat] epoch=26 step=300 mean_l2=0.09693 std_l2=4.96583
2026-05-14 06:59:33,562 INFO CSMF2.step_1_1_1.run :: epoch=26 step=300/429 train_nll=-2290.691
2026-05-14 06:59:41,948 INFO CSMF2.step_1_1_1.run :: [h] epoch=26 step=350 total=0.12747 batch=0.09711
2026-05-14 06:59:41,948 INFO CSMF2.step_1_1_1.run :: [lat] epoch=26 step=350 mean_l2=0.05991 std_l2=0.91797
2026-05-14 06:59:42,039 INFO CSMF2.step_1_1_1.run :: epoch=26 step=350/429 train_nll=-2293.278
2026-05-14 06:59:50,449 INFO CSMF2.step_1_1_1.run :: [h] epoch=26 step=400 total=0.12950 batch=0.09877
2026-05-14 06:59:50,449 INFO CSMF2.step_1_1_1.run :: [lat] epoch=26 step=400 mean_l2=0.08032 std_l2=3.11666
2026-05-14 06:59:50,521 INFO CSMF2.step_1_1_1.run :: epoch=26 step=400/429 train_nll=-2293.693
2026-05-14 06:59:58,954 INFO CSMF2.step_1_1_1.run :: epoch=26  train_nll=-2294.420  val_nll=-2288.856  t=75.3s
2026-05-14 06:59:58,954 INFO CSMF2.step_1_1_1.run :: [h_std] total=0.12880 batch=0.09810 (no penalty)
2026-05-14 06:59:58,954 INFO CSMF2.step_1_1_1.run :: [lat_epoch] mean_l2=0.08315 std_l2=1.32825 (no penalty)
2026-05-14 06:59:58,954 INFO CSMF2.step_1_1_1.run :: [grad] cond=84.8981 film_gain=0.0000
2026-05-14 07:00:10,593 INFO CSMF2.step_1_1_1.run :: [h] epoch=27 step=50 total=0.12816 batch=0.09770
2026-05-14 07:00:10,593 INFO CSMF2.step_1_1_1.run :: [lat] epoch=27 step=50 mean_l2=0.07552 std_l2=0.26325
2026-05-14 07:00:10,683 INFO CSMF2.step_1_1_1.run :: epoch=27 step=50/429 train_nll=-2302.250
2026-05-14 07:00:18,817 INFO CSMF2.step_1_1_1.run :: [h] epoch=27 step=100 total=0.12443 batch=0.09461
2026-05-14 07:00:18,818 INFO CSMF2.step_1_1_1.run :: [lat] epoch=27 step=100 mean_l2=0.07672 std_l2=1.15316
2026-05-14 07:00:18,890 INFO CSMF2.step_1_1_1.run :: epoch=27 step=100/429 train_nll=-2301.108
2026-05-14 07:00:27,001 INFO CSMF2.step_1_1_1.run :: [h] epoch=27 step=150 total=0.12452 batch=0.09546
2026-05-14 07:00:27,002 INFO CSMF2.step_1_1_1.run :: [lat] epoch=27 step=150 mean_l2=0.07652 std_l2=0.41074
2026-05-14 07:00:27,073 INFO CSMF2.step_1_1_1.run :: epoch=27 step=150/429 train_nll=-2302.983
2026-05-14 07:00:35,290 INFO CSMF2.step_1_1_1.run :: [h] epoch=27 step=200 total=0.12802 batch=0.09824
2026-05-14 07:00:35,290 INFO CSMF2.step_1_1_1.run :: [lat] epoch=27 step=200 mean_l2=0.09066 std_l2=0.26478
2026-05-14 07:00:35,381 INFO CSMF2.step_1_1_1.run :: epoch=27 step=200/429 train_nll=-2300.006
2026-05-14 07:00:43,617 INFO CSMF2.step_1_1_1.run :: [h] epoch=27 step=250 total=0.12306 batch=0.09329
2026-05-14 07:00:43,617 INFO CSMF2.step_1_1_1.run :: [lat] epoch=27 step=250 mean_l2=0.07136 std_l2=0.42441
2026-05-14 07:00:43,689 INFO CSMF2.step_1_1_1.run :: epoch=27 step=250/429 train_nll=-2298.921
2026-05-14 07:00:52,011 INFO CSMF2.step_1_1_1.run :: [h] epoch=27 step=300 total=0.12623 batch=0.09635
2026-05-14 07:00:52,012 INFO CSMF2.step_1_1_1.run :: [lat] epoch=27 step=300 mean_l2=0.08433 std_l2=4.93128
2026-05-14 07:00:52,080 INFO CSMF2.step_1_1_1.run :: epoch=27 step=300/429 train_nll=-2299.243
2026-05-14 07:01:00,256 INFO CSMF2.step_1_1_1.run :: [h] epoch=27 step=350 total=0.12642 batch=0.09638
2026-05-14 07:01:00,256 INFO CSMF2.step_1_1_1.run :: [lat] epoch=27 step=350 mean_l2=0.09045 std_l2=1.40026
2026-05-14 07:01:00,328 INFO CSMF2.step_1_1_1.run :: epoch=27 step=350/429 train_nll=-2301.944
2026-05-14 07:01:08,544 INFO CSMF2.step_1_1_1.run :: [h] epoch=27 step=400 total=0.12445 batch=0.09207
2026-05-14 07:01:08,544 INFO CSMF2.step_1_1_1.run :: [lat] epoch=27 step=400 mean_l2=0.08037 std_l2=3.36539
2026-05-14 07:01:08,616 INFO CSMF2.step_1_1_1.run :: epoch=27 step=400/429 train_nll=-2301.199
2026-05-14 07:01:16,894 INFO CSMF2.step_1_1_1.run :: epoch=27  train_nll=-2301.397  val_nll=-2287.240  t=74.3s
2026-05-14 07:01:16,894 INFO CSMF2.step_1_1_1.run :: [h_std] total=0.12554 batch=0.09527 (no penalty)
2026-05-14 07:01:16,895 INFO CSMF2.step_1_1_1.run :: [lat_epoch] mean_l2=0.08327 std_l2=1.36665 (no penalty)
2026-05-14 07:01:16,895 INFO CSMF2.step_1_1_1.run :: [grad] cond=110.6414 film_gain=0.0000
2026-05-14 07:01:28,498 INFO CSMF2.step_1_1_1.run :: [h] epoch=28 step=50 total=0.12604 batch=0.09457
2026-05-14 07:01:28,498 INFO CSMF2.step_1_1_1.run :: [lat] epoch=28 step=50 mean_l2=0.08236 std_l2=0.28810
2026-05-14 07:01:28,589 INFO CSMF2.step_1_1_1.run :: epoch=28 step=50/429 train_nll=-2304.951
2026-05-14 07:01:36,843 INFO CSMF2.step_1_1_1.run :: [h] epoch=28 step=100 total=0.12227 batch=0.09204
2026-05-14 07:01:36,843 INFO CSMF2.step_1_1_1.run :: [lat] epoch=28 step=100 mean_l2=0.07623 std_l2=1.05835
2026-05-14 07:01:36,915 INFO CSMF2.step_1_1_1.run :: epoch=28 step=100/429 train_nll=-2306.048
2026-05-14 07:01:45,195 INFO CSMF2.step_1_1_1.run :: [h] epoch=28 step=150 total=0.12377 batch=0.09436
2026-05-14 07:01:45,196 INFO CSMF2.step_1_1_1.run :: [lat] epoch=28 step=150 mean_l2=0.08393 std_l2=0.34917
2026-05-14 07:01:45,268 INFO CSMF2.step_1_1_1.run :: epoch=28 step=150/429 train_nll=-2308.665
2026-05-14 07:01:53,556 INFO CSMF2.step_1_1_1.run :: [h] epoch=28 step=200 total=0.12449 batch=0.09527
2026-05-14 07:01:53,556 INFO CSMF2.step_1_1_1.run :: [lat] epoch=28 step=200 mean_l2=0.08794 std_l2=0.28911
2026-05-14 07:01:53,647 INFO CSMF2.step_1_1_1.run :: epoch=28 step=200/429 train_nll=-2306.730
2026-05-14 07:02:01,750 INFO CSMF2.step_1_1_1.run :: [h] epoch=28 step=250 total=0.12149 batch=0.09197
2026-05-14 07:02:01,750 INFO CSMF2.step_1_1_1.run :: [lat] epoch=28 step=250 mean_l2=0.09070 std_l2=0.56085
2026-05-14 07:02:01,822 INFO CSMF2.step_1_1_1.run :: epoch=28 step=250/429 train_nll=-2305.273
2026-05-14 07:02:10,036 INFO CSMF2.step_1_1_1.run :: [h] epoch=28 step=300 total=0.12604 batch=0.09659
2026-05-14 07:02:10,036 INFO CSMF2.step_1_1_1.run :: [lat] epoch=28 step=300 mean_l2=0.08972 std_l2=4.86578
2026-05-14 07:02:10,108 INFO CSMF2.step_1_1_1.run :: epoch=28 step=300/429 train_nll=-2305.259
2026-05-14 07:02:18,414 INFO CSMF2.step_1_1_1.run :: [h] epoch=28 step=350 total=0.12393 batch=0.09326
2026-05-14 07:02:18,415 INFO CSMF2.step_1_1_1.run :: [lat] epoch=28 step=350 mean_l2=0.07086 std_l2=1.12000
2026-05-14 07:02:18,487 INFO CSMF2.step_1_1_1.run :: epoch=28 step=350/429 train_nll=-2307.650
2026-05-14 07:02:26,642 INFO CSMF2.step_1_1_1.run :: [h] epoch=28 step=400 total=0.12432 batch=0.09420
2026-05-14 07:02:26,642 INFO CSMF2.step_1_1_1.run :: [lat] epoch=28 step=400 mean_l2=0.06886 std_l2=3.17035
2026-05-14 07:02:26,714 INFO CSMF2.step_1_1_1.run :: epoch=28 step=400/429 train_nll=-2307.417
2026-05-14 07:02:34,867 INFO CSMF2.step_1_1_1.run :: epoch=28  train_nll=-2307.917  val_nll=-2293.873  t=74.4s
2026-05-14 07:02:34,867 INFO CSMF2.step_1_1_1.run :: [h_std] total=0.12334 batch=0.09270 (no penalty)
2026-05-14 07:02:34,867 INFO CSMF2.step_1_1_1.run :: [lat_epoch] mean_l2=0.08330 std_l2=1.38756 (no penalty)
2026-05-14 07:02:34,867 INFO CSMF2.step_1_1_1.run :: [grad] cond=153.2025 film_gain=0.0000
2026-05-14 07:02:46,294 INFO CSMF2.step_1_1_1.run :: [h] epoch=29 step=50 total=0.12577 batch=0.09487
2026-05-14 07:02:46,294 INFO CSMF2.step_1_1_1.run :: [lat] epoch=29 step=50 mean_l2=0.07074 std_l2=0.30866
2026-05-14 07:02:46,374 INFO CSMF2.step_1_1_1.run :: epoch=29 step=50/429 train_nll=-2315.379
2026-05-14 07:02:54,618 INFO CSMF2.step_1_1_1.run :: [h] epoch=29 step=100 total=0.12265 batch=0.09297
2026-05-14 07:02:54,619 INFO CSMF2.step_1_1_1.run :: [lat] epoch=29 step=100 mean_l2=0.07690 std_l2=1.35220
2026-05-14 07:02:54,710 INFO CSMF2.step_1_1_1.run :: epoch=29 step=100/429 train_nll=-2315.141
2026-05-14 07:03:02,799 INFO CSMF2.step_1_1_1.run :: [h] epoch=29 step=150 total=0.12110 batch=0.09207
2026-05-14 07:03:02,800 INFO CSMF2.step_1_1_1.run :: [lat] epoch=29 step=150 mean_l2=0.07704 std_l2=0.34517
2026-05-14 07:03:02,872 INFO CSMF2.step_1_1_1.run :: epoch=29 step=150/429 train_nll=-2317.512
2026-05-14 07:03:11,099 INFO CSMF2.step_1_1_1.run :: [h] epoch=29 step=200 total=0.12105 batch=0.09137
2026-05-14 07:03:11,100 INFO CSMF2.step_1_1_1.run :: [lat] epoch=29 step=200 mean_l2=0.08104 std_l2=0.33379
2026-05-14 07:03:11,168 INFO CSMF2.step_1_1_1.run :: epoch=29 step=200/429 train_nll=-2316.184
2026-05-14 07:03:19,347 INFO CSMF2.step_1_1_1.run :: [h] epoch=29 step=250 total=0.11888 batch=0.08981
2026-05-14 07:03:19,347 INFO CSMF2.step_1_1_1.run :: [lat] epoch=29 step=250 mean_l2=0.10668 std_l2=11.27745
2026-05-14 07:03:19,419 INFO CSMF2.step_1_1_1.run :: epoch=29 step=250/429 train_nll=-2314.737
2026-05-14 07:03:27,643 INFO CSMF2.step_1_1_1.run :: [h] epoch=29 step=300 total=0.12334 batch=0.09504
2026-05-14 07:03:27,643 INFO CSMF2.step_1_1_1.run :: [lat] epoch=29 step=300 mean_l2=0.07674 std_l2=4.93915
2026-05-14 07:03:27,715 INFO CSMF2.step_1_1_1.run :: epoch=29 step=300/429 train_nll=-2313.402
2026-05-14 07:03:36,019 INFO CSMF2.step_1_1_1.run :: [h] epoch=29 step=350 total=0.12137 batch=0.09152
2026-05-14 07:03:36,019 INFO CSMF2.step_1_1_1.run :: [lat] epoch=29 step=350 mean_l2=0.07423 std_l2=0.96715
2026-05-14 07:03:36,091 INFO CSMF2.step_1_1_1.run :: epoch=29 step=350/429 train_nll=-2315.658
2026-05-14 07:03:44,350 INFO CSMF2.step_1_1_1.run :: [h] epoch=29 step=400 total=0.12057 batch=0.09189
2026-05-14 07:03:44,350 INFO CSMF2.step_1_1_1.run :: [lat] epoch=29 step=400 mean_l2=0.08085 std_l2=3.69662
2026-05-14 07:03:44,422 INFO CSMF2.step_1_1_1.run :: epoch=29 step=400/429 train_nll=-2315.077
2026-05-14 07:03:52,705 INFO CSMF2.step_1_1_1.run :: epoch=29  train_nll=-2315.276  val_nll=-2296.005  t=74.2s
2026-05-14 07:03:52,705 INFO CSMF2.step_1_1_1.run :: [h_std] total=0.12091 batch=0.09121 (no penalty)
2026-05-14 07:03:52,705 INFO CSMF2.step_1_1_1.run :: [lat_epoch] mean_l2=0.08153 std_l2=1.46283 (no penalty)
2026-05-14 07:03:52,705 INFO CSMF2.step_1_1_1.run :: [grad] cond=108.4035 film_gain=0.0000
2026-05-14 07:04:02,912 INFO CSMF2.step_1_1_1.run :: [run] FINAL test_nll (sealed 10k) = -2307.529
2026-05-14 07:04:03,584 INFO CSMF2.experiments.step_1_1_1.density_plots :: [plot_latent_density] saved -> CSMF2/experiments/step_1_1_1/results/nice_s2_n0.10_seed0_e0e55e95a34f/plots/latent_density.png  (ks=0.0931, mean=0.081, std=1.038)
2026-05-14 07:04:03,752 INFO CSMF2.experiments.step_1_1_1.density_plots :: [plot_cycle_density] saved -> CSMF2/experiments/step_1_1_1/results/nice_s2_n0.10_seed0_e0e55e95a34f/plots/cycle_density.png  (max|err|=4.530e-06 rms=5.412e-07)
2026-05-14 07:04:03,997 INFO CSMF2.experiments.step_1_1_1.density_plots :: [plot_reconstruction_panel] saved -> CSMF2/experiments/step_1_1_1/results/nice_s2_n0.10_seed0_e0e55e95a34f/plots/reconstruction_panel.png  rms(enc-prior)=1.252
==============================================================
[1mSTEP-1_1_1 RUN SUMMARY[0m
==============================================================
expert: nice   scale: 2   noise: 0.1   seed: 0   epochs: 30
train NLL:    -1109.89  ->    -2315.28  (Δ = -1205.38)
test  NLL:    -1335.60  ->    -2296.01

[1mHARD GATES (halt on fail)[0m
  [32m 30/30  ✓[0m  invertibility FP64 <1e-5
  [31m  0/30  ✗[0m  latent KS vs N(0,1) <0.05
  [32m 30/30  ✓[0m  cycle_max < 1e-12
  [32m 30/30  ✓[0m  h std > 1e-3
  [32m 30/30  ✓[0m  FiLM γ,β std > 1e-3 aggregate
  [32m 30/30  ✓[0m  (y,seed) max|Δh| < 1e-6
  [32m 30/30  ✓[0m  no NaN/Inf this epoch
  [32m  1/1   ✓[0m  numeric log-det (FP64, once)

[1mINFORMATIONAL (logged, non-blocking)[0m
  [32m 30/30  ✓[0m  null-control gap ≥ 0.10
  [32m 30/30  ✓[0m  h_st Δlogp slope > 1e-3
  [32m 30/30  ✓[0m  grad norm > 1e-6
  [32m 30/30  ✓[0m  fwd residual reported
--------------------------------------------------------------
[1mHARD TOTAL: 181/211[0m  (85.8%)
[1mEXIT_CRITERIA_MET:[0m [31mNO[0m
[1mREMEDY HINTS:[0m
  - hard gate failed: latent_ks (latent KS vs N(0,1) <0.05) -- check epochs [0, 1, 2, 3, 4, 5, 6, 7, 8, 9, 10, 11, 12, 13, 14, 15, 16, 17, 18, 19, 20, 21, 22, 23, 24, 25, 26, 27, 28, 29]
==============================================================
2026-05-14 07:04:04,064 INFO CSMF2.step_1_1_1.run :: STEP-1_1 run DONE  exit_ok=False  out=CSMF2/experiments/step_1_1_1/results/nice_s2_n0.10_seed0_e0e55e95a34f
