2026-05-15 14:59:22,282 INFO CSMF2.step_1_1_1.run :: STEP-1_1 run | tag=nsf_s2_n0.10_seed0_da6542bee5d6 | cfg=StepCfg(data_root='./mnist_data', scale=2, blur_sigma=1.0, noise_sigma=0.1, batch_size=128, expert='nsf', dim=784, cond_width=128, h_dim=256, flow_hidden=256, use_film=True, cache_h=True, use_v2_conditioner=False, film_depth=2, film_hidden=128, film_use_gelu=True, realnvp_n_couplings=6, realnvp_s_max=2.0, glow_n_steps=8, glow_coupling_hidden=256, glow_s_max=2.0, glow_squeeze=True, glow_n_levels=1, glow_image_c=1, glow_image_h=28, glow_image_w=28, glow_film_gain_init=0.3, lr=0.001, epochs=30, weight_decay=0.0, grad_clip=5.0, shuffle_loss_lambda=0.0, shuffle_loss_margin=0.5, h_std_penalty_mu=0.0, h_std_target=0.05, cond_y_residual_alpha_init=0.0, latent_moment_lambda=10.0, latent_ks_target=0.1, fwd_rel_target=0.5, resume_from=None, seed=0, out_root='./CSMF2/experiments/step_1_1_1/results', log_every=50, sanity_every_epoch=True)
2026-05-15 14:59:22,356 INFO CSMF2.step_1_1_1.run :: [run] data sizes: train=55000  val=5000 (per-epoch)  test=10000 (final-only)
2026-05-15 14:59:22,418 INFO CSMF2.step_1_1_1.run :: [y_sanity] y.std(dim=0).mean() = 0.1512  shape=(128, 1, 14, 14)
2026-05-15 14:59:35,307 INFO CSMF2.step_1_1_1.run :: [h] epoch=0 step=50 total=0.01464 batch=0.00022
2026-05-15 14:59:35,308 INFO CSMF2.step_1_1_1.run :: [lat] epoch=0 step=50 mean_l2=0.11882 std_l2=0.10027
2026-05-15 14:59:35,436 INFO CSMF2.step_1_1_1.run :: epoch=0 step=50/429 train_nll=-2056.849
2026-05-15 14:59:48,295 INFO CSMF2.step_1_1_1.run :: [h] epoch=0 step=100 total=0.03190 batch=0.00122
2026-05-15 14:59:48,295 INFO CSMF2.step_1_1_1.run :: [lat] epoch=0 step=100 mean_l2=0.09150 std_l2=0.07187
2026-05-15 14:59:48,428 INFO CSMF2.step_1_1_1.run :: epoch=0 step=100/429 train_nll=-2610.687
2026-05-15 15:00:01,268 INFO CSMF2.step_1_1_1.run :: [h] epoch=0 step=150 total=0.02100 batch=0.00001
2026-05-15 15:00:01,269 INFO CSMF2.step_1_1_1.run :: [lat] epoch=0 step=150 mean_l2=0.03679 std_l2=0.04769
2026-05-15 15:00:01,397 INFO CSMF2.step_1_1_1.run :: epoch=0 step=150/429 train_nll=-2839.091
2026-05-15 15:00:14,213 INFO CSMF2.step_1_1_1.run :: [h] epoch=0 step=200 total=0.02903 batch=0.00001
2026-05-15 15:00:14,214 INFO CSMF2.step_1_1_1.run :: [lat] epoch=0 step=200 mean_l2=0.05437 std_l2=0.04513
2026-05-15 15:00:14,342 INFO CSMF2.step_1_1_1.run :: epoch=0 step=200/429 train_nll=-2964.737
2026-05-15 15:00:27,188 INFO CSMF2.step_1_1_1.run :: [h] epoch=0 step=250 total=0.02704 batch=0.00000
2026-05-15 15:00:27,188 INFO CSMF2.step_1_1_1.run :: [lat] epoch=0 step=250 mean_l2=0.10290 std_l2=0.07331
2026-05-15 15:00:27,317 INFO CSMF2.step_1_1_1.run :: epoch=0 step=250/429 train_nll=-3038.989
2026-05-15 15:00:40,266 INFO CSMF2.step_1_1_1.run :: [h] epoch=0 step=300 total=0.02230 batch=0.00001
2026-05-15 15:00:40,267 INFO CSMF2.step_1_1_1.run :: [lat] epoch=0 step=300 mean_l2=0.04289 std_l2=0.04625
2026-05-15 15:00:40,406 INFO CSMF2.step_1_1_1.run :: epoch=0 step=300/429 train_nll=-3091.522
2026-05-15 15:00:53,615 INFO CSMF2.step_1_1_1.run :: [h] epoch=0 step=350 total=0.02458 batch=0.00001
2026-05-15 15:00:53,616 INFO CSMF2.step_1_1_1.run :: [lat] epoch=0 step=350 mean_l2=0.04627 std_l2=0.03667
2026-05-15 15:00:53,746 INFO CSMF2.step_1_1_1.run :: epoch=0 step=350/429 train_nll=-3129.582
2026-05-15 15:01:06,754 INFO CSMF2.step_1_1_1.run :: [h] epoch=0 step=400 total=0.02867 batch=0.00002
2026-05-15 15:01:06,755 INFO CSMF2.step_1_1_1.run :: [lat] epoch=0 step=400 mean_l2=0.03174 std_l2=0.03347
2026-05-15 15:01:06,883 INFO CSMF2.step_1_1_1.run :: epoch=0 step=400/429 train_nll=-3163.541
2026-05-15 15:01:19,127 INFO CSMF2.step_1_1_1.run :: epoch=0  train_nll=-3181.866  val_nll=-3461.551  t=116.6s
2026-05-15 15:01:19,127 INFO CSMF2.step_1_1_1.run :: [h_std] total=0.02499 batch=0.00020 (no penalty)
2026-05-15 15:01:19,127 INFO CSMF2.step_1_1_1.run :: [lat_epoch] mean_l2=0.17430 std_l2=0.11997 lambda=10.000
2026-05-15 15:01:19,127 INFO CSMF2.step_1_1_1.run :: [grad] cond=2.2074 film_gain=0.0000
2026-05-15 15:01:35,457 INFO CSMF2.step_1_1_1.run :: [h] epoch=1 step=50 total=0.03289 batch=0.00005
2026-05-15 15:01:35,457 INFO CSMF2.step_1_1_1.run :: [lat] epoch=1 step=50 mean_l2=0.04224 std_l2=0.03416
2026-05-15 15:01:35,590 INFO CSMF2.step_1_1_1.run :: epoch=1 step=50/429 train_nll=-3436.875
2026-05-15 15:01:48,413 INFO CSMF2.step_1_1_1.run :: [h] epoch=1 step=100 total=0.04138 batch=0.00000
2026-05-15 15:01:48,414 INFO CSMF2.step_1_1_1.run :: [lat] epoch=1 step=100 mean_l2=0.02579 std_l2=0.02423
2026-05-15 15:01:48,545 INFO CSMF2.step_1_1_1.run :: epoch=1 step=100/429 train_nll=-3446.440
2026-05-15 15:02:01,628 INFO CSMF2.step_1_1_1.run :: [h] epoch=1 step=150 total=0.04201 batch=0.00000
2026-05-15 15:02:01,629 INFO CSMF2.step_1_1_1.run :: [lat] epoch=1 step=150 mean_l2=0.04688 std_l2=0.03491
2026-05-15 15:02:01,758 INFO CSMF2.step_1_1_1.run :: epoch=1 step=150/429 train_nll=-3452.371
2026-05-15 15:02:14,816 INFO CSMF2.step_1_1_1.run :: [h] epoch=1 step=200 total=0.04661 batch=0.00000
2026-05-15 15:02:14,816 INFO CSMF2.step_1_1_1.run :: [lat] epoch=1 step=200 mean_l2=0.03307 std_l2=0.03043
2026-05-15 15:02:14,955 INFO CSMF2.step_1_1_1.run :: epoch=1 step=200/429 train_nll=-3453.439
2026-05-15 15:02:28,564 INFO CSMF2.step_1_1_1.run :: [h] epoch=1 step=250 total=0.04436 batch=0.00000
2026-05-15 15:02:28,565 INFO CSMF2.step_1_1_1.run :: [lat] epoch=1 step=250 mean_l2=0.02612 std_l2=0.02989
2026-05-15 15:02:28,711 INFO CSMF2.step_1_1_1.run :: epoch=1 step=250/429 train_nll=-3455.648
2026-05-15 15:02:42,541 INFO CSMF2.step_1_1_1.run :: [h] epoch=1 step=300 total=0.04749 batch=0.00000
2026-05-15 15:02:42,542 INFO CSMF2.step_1_1_1.run :: [lat] epoch=1 step=300 mean_l2=0.02130 std_l2=0.02407
2026-05-15 15:02:42,733 INFO CSMF2.step_1_1_1.run :: epoch=1 step=300/429 train_nll=-3459.468
2026-05-15 15:02:57,259 INFO CSMF2.step_1_1_1.run :: [h] epoch=1 step=350 total=0.04161 batch=0.00000
2026-05-15 15:02:57,259 INFO CSMF2.step_1_1_1.run :: [lat] epoch=1 step=350 mean_l2=0.03054 std_l2=0.02838
2026-05-15 15:02:57,418 INFO CSMF2.step_1_1_1.run :: epoch=1 step=350/429 train_nll=-3455.215
2026-05-15 15:03:11,802 INFO CSMF2.step_1_1_1.run :: [h] epoch=1 step=400 total=0.04597 batch=0.00000
2026-05-15 15:03:11,803 INFO CSMF2.step_1_1_1.run :: [lat] epoch=1 step=400 mean_l2=0.05062 std_l2=0.03522
2026-05-15 15:03:11,956 INFO CSMF2.step_1_1_1.run :: epoch=1 step=400/429 train_nll=-3458.687
2026-05-15 15:03:25,186 INFO CSMF2.step_1_1_1.run :: epoch=1  train_nll=-3460.308  val_nll=-3498.183  t=122.7s
2026-05-15 15:03:25,186 INFO CSMF2.step_1_1_1.run :: [h_std] total=0.04378 batch=0.00001 (no penalty)
2026-05-15 15:03:25,187 INFO CSMF2.step_1_1_1.run :: [lat_epoch] mean_l2=0.03777 std_l2=0.03015 lambda=10.000
2026-05-15 15:03:25,187 INFO CSMF2.step_1_1_1.run :: [grad] cond=8.0775 film_gain=0.0000
2026-05-15 15:03:42,491 INFO CSMF2.step_1_1_1.run :: [h] epoch=2 step=50 total=0.04901 batch=0.00000
2026-05-15 15:03:42,492 INFO CSMF2.step_1_1_1.run :: [lat] epoch=2 step=50 mean_l2=0.04127 std_l2=0.03278
2026-05-15 15:03:42,637 INFO CSMF2.step_1_1_1.run :: epoch=2 step=50/429 train_nll=-3483.512
2026-05-15 15:03:56,785 INFO CSMF2.step_1_1_1.run :: [h] epoch=2 step=100 total=0.05091 batch=0.00000
2026-05-15 15:03:56,785 INFO CSMF2.step_1_1_1.run :: [lat] epoch=2 step=100 mean_l2=0.03234 std_l2=0.02438
2026-05-15 15:03:56,977 INFO CSMF2.step_1_1_1.run :: epoch=2 step=100/429 train_nll=-3489.575
2026-05-15 15:04:11,263 INFO CSMF2.step_1_1_1.run :: [h] epoch=2 step=150 total=0.05217 batch=0.00000
2026-05-15 15:04:11,263 INFO CSMF2.step_1_1_1.run :: [lat] epoch=2 step=150 mean_l2=0.05210 std_l2=0.03581
2026-05-15 15:04:11,413 INFO CSMF2.step_1_1_1.run :: epoch=2 step=150/429 train_nll=-3487.886
2026-05-15 15:04:25,441 INFO CSMF2.step_1_1_1.run :: [h] epoch=2 step=200 total=0.05212 batch=0.00000
2026-05-15 15:04:25,442 INFO CSMF2.step_1_1_1.run :: [lat] epoch=2 step=200 mean_l2=0.02329 std_l2=0.02957
2026-05-15 15:04:25,592 INFO CSMF2.step_1_1_1.run :: epoch=2 step=200/429 train_nll=-3490.541
2026-05-15 15:04:39,821 INFO CSMF2.step_1_1_1.run :: [h] epoch=2 step=250 total=0.05348 batch=0.00000
2026-05-15 15:04:39,822 INFO CSMF2.step_1_1_1.run :: [lat] epoch=2 step=250 mean_l2=0.03414 std_l2=0.02565
2026-05-15 15:04:40,020 INFO CSMF2.step_1_1_1.run :: epoch=2 step=250/429 train_nll=-3495.669
2026-05-15 15:04:54,244 INFO CSMF2.step_1_1_1.run :: [h] epoch=2 step=300 total=0.05231 batch=0.00000
2026-05-15 15:04:54,245 INFO CSMF2.step_1_1_1.run :: [lat] epoch=2 step=300 mean_l2=0.04112 std_l2=0.02881
2026-05-15 15:04:54,400 INFO CSMF2.step_1_1_1.run :: epoch=2 step=300/429 train_nll=-3495.953
2026-05-15 15:05:08,678 INFO CSMF2.step_1_1_1.run :: [h] epoch=2 step=350 total=0.05263 batch=0.00000
2026-05-15 15:05:08,679 INFO CSMF2.step_1_1_1.run :: [lat] epoch=2 step=350 mean_l2=0.02526 std_l2=0.02792
2026-05-15 15:05:08,830 INFO CSMF2.step_1_1_1.run :: epoch=2 step=350/429 train_nll=-3498.156
2026-05-15 15:05:22,964 INFO CSMF2.step_1_1_1.run :: [h] epoch=2 step=400 total=0.05378 batch=0.00000
2026-05-15 15:05:22,964 INFO CSMF2.step_1_1_1.run :: [lat] epoch=2 step=400 mean_l2=0.01542 std_l2=0.02408
2026-05-15 15:05:23,117 INFO CSMF2.step_1_1_1.run :: epoch=2 step=400/429 train_nll=-3501.913
2026-05-15 15:05:36,314 INFO CSMF2.step_1_1_1.run :: epoch=2  train_nll=-3502.721  val_nll=-3514.363  t=127.9s
2026-05-15 15:05:36,314 INFO CSMF2.step_1_1_1.run :: [h_std] total=0.05197 batch=0.00000 (no penalty)
2026-05-15 15:05:36,314 INFO CSMF2.step_1_1_1.run :: [lat_epoch] mean_l2=0.03103 std_l2=0.02725 lambda=10.000
2026-05-15 15:05:36,314 INFO CSMF2.step_1_1_1.run :: [grad] cond=21.7932 film_gain=0.0000
2026-05-15 15:05:53,614 INFO CSMF2.step_1_1_1.run :: [h] epoch=3 step=50 total=0.05431 batch=0.00000
2026-05-15 15:05:53,615 INFO CSMF2.step_1_1_1.run :: [lat] epoch=3 step=50 mean_l2=0.06739 std_l2=0.03876
2026-05-15 15:05:53,767 INFO CSMF2.step_1_1_1.run :: epoch=3 step=50/429 train_nll=-3496.891
2026-05-15 15:06:08,061 INFO CSMF2.step_1_1_1.run :: [h] epoch=3 step=100 total=0.05283 batch=0.00000
2026-05-15 15:06:08,061 INFO CSMF2.step_1_1_1.run :: [lat] epoch=3 step=100 mean_l2=0.03273 std_l2=0.02405
2026-05-15 15:06:08,213 INFO CSMF2.step_1_1_1.run :: epoch=3 step=100/429 train_nll=-3502.502
2026-05-15 15:06:22,414 INFO CSMF2.step_1_1_1.run :: [h] epoch=3 step=150 total=0.05452 batch=0.00000
2026-05-15 15:06:22,415 INFO CSMF2.step_1_1_1.run :: [lat] epoch=3 step=150 mean_l2=0.02722 std_l2=0.02587
2026-05-15 15:06:22,570 INFO CSMF2.step_1_1_1.run :: epoch=3 step=150/429 train_nll=-3510.157
2026-05-15 15:06:36,585 INFO CSMF2.step_1_1_1.run :: [h] epoch=3 step=200 total=0.05294 batch=0.00000
2026-05-15 15:06:36,585 INFO CSMF2.step_1_1_1.run :: [lat] epoch=3 step=200 mean_l2=0.05409 std_l2=0.04184
2026-05-15 15:06:36,737 INFO CSMF2.step_1_1_1.run :: epoch=3 step=200/429 train_nll=-3513.934
2026-05-15 15:06:50,958 INFO CSMF2.step_1_1_1.run :: [h] epoch=3 step=250 total=0.05344 batch=0.00000
2026-05-15 15:06:50,958 INFO CSMF2.step_1_1_1.run :: [lat] epoch=3 step=250 mean_l2=0.02113 std_l2=0.02182
2026-05-15 15:06:51,110 INFO CSMF2.step_1_1_1.run :: epoch=3 step=250/429 train_nll=-3512.969
2026-05-15 15:07:05,085 INFO CSMF2.step_1_1_1.run :: [h] epoch=3 step=300 total=0.05457 batch=0.00000
2026-05-15 15:07:05,086 INFO CSMF2.step_1_1_1.run :: [lat] epoch=3 step=300 mean_l2=0.01960 std_l2=0.02034
2026-05-15 15:07:05,239 INFO CSMF2.step_1_1_1.run :: epoch=3 step=300/429 train_nll=-3517.869
2026-05-15 15:07:19,761 INFO CSMF2.step_1_1_1.run :: [h] epoch=3 step=350 total=0.05256 batch=0.00000
2026-05-15 15:07:19,762 INFO CSMF2.step_1_1_1.run :: [lat] epoch=3 step=350 mean_l2=0.02174 std_l2=0.02530
2026-05-15 15:07:19,914 INFO CSMF2.step_1_1_1.run :: epoch=3 step=350/429 train_nll=-3517.497
2026-05-15 15:07:34,329 INFO CSMF2.step_1_1_1.run :: [h] epoch=3 step=400 total=0.05371 batch=0.00000
2026-05-15 15:07:34,329 INFO CSMF2.step_1_1_1.run :: [lat] epoch=3 step=400 mean_l2=0.01762 std_l2=0.01884
2026-05-15 15:07:34,486 INFO CSMF2.step_1_1_1.run :: epoch=3 step=400/429 train_nll=-3520.622
2026-05-15 15:07:47,463 INFO CSMF2.step_1_1_1.run :: epoch=3  train_nll=-3522.161  val_nll=-3500.656  t=128.0s
2026-05-15 15:07:47,464 INFO CSMF2.step_1_1_1.run :: [h_std] total=0.05344 batch=0.00000 (no penalty)
2026-05-15 15:07:47,464 INFO CSMF2.step_1_1_1.run :: [lat_epoch] mean_l2=0.03026 std_l2=0.02665 lambda=10.000
2026-05-15 15:07:47,464 INFO CSMF2.step_1_1_1.run :: [grad] cond=16.4001 film_gain=0.0000
2026-05-15 15:08:04,598 INFO CSMF2.step_1_1_1.run :: [h] epoch=4 step=50 total=0.05371 batch=0.00000
2026-05-15 15:08:04,598 INFO CSMF2.step_1_1_1.run :: [lat] epoch=4 step=50 mean_l2=0.01960 std_l2=0.02358
2026-05-15 15:08:04,752 INFO CSMF2.step_1_1_1.run :: epoch=4 step=50/429 train_nll=-3525.446
2026-05-15 15:08:18,783 INFO CSMF2.step_1_1_1.run :: [h] epoch=4 step=100 total=0.05052 batch=0.00000
2026-05-15 15:08:18,784 INFO CSMF2.step_1_1_1.run :: [lat] epoch=4 step=100 mean_l2=0.03914 std_l2=0.03080
2026-05-15 15:08:18,937 INFO CSMF2.step_1_1_1.run :: epoch=4 step=100/429 train_nll=-3517.518
2026-05-15 15:08:33,035 INFO CSMF2.step_1_1_1.run :: [h] epoch=4 step=150 total=0.05326 batch=0.00000
2026-05-15 15:08:33,036 INFO CSMF2.step_1_1_1.run :: [lat] epoch=4 step=150 mean_l2=0.01974 std_l2=0.02598
2026-05-15 15:08:33,231 INFO CSMF2.step_1_1_1.run :: epoch=4 step=150/429 train_nll=-3521.041
2026-05-15 15:08:47,250 INFO CSMF2.step_1_1_1.run :: [h] epoch=4 step=200 total=0.05255 batch=0.00000
2026-05-15 15:08:47,251 INFO CSMF2.step_1_1_1.run :: [lat] epoch=4 step=200 mean_l2=0.02088 std_l2=0.02717
2026-05-15 15:08:47,446 INFO CSMF2.step_1_1_1.run :: epoch=4 step=200/429 train_nll=-3527.989
2026-05-15 15:09:01,934 INFO CSMF2.step_1_1_1.run :: [h] epoch=4 step=250 total=0.05383 batch=0.00000
2026-05-15 15:09:01,934 INFO CSMF2.step_1_1_1.run :: [lat] epoch=4 step=250 mean_l2=0.02538 std_l2=0.02544
2026-05-15 15:09:02,130 INFO CSMF2.step_1_1_1.run :: epoch=4 step=250/429 train_nll=-3529.771
2026-05-15 15:09:16,372 INFO CSMF2.step_1_1_1.run :: [h] epoch=4 step=300 total=0.05396 batch=0.00000
2026-05-15 15:09:16,373 INFO CSMF2.step_1_1_1.run :: [lat] epoch=4 step=300 mean_l2=0.02638 std_l2=0.02231
2026-05-15 15:09:16,527 INFO CSMF2.step_1_1_1.run :: epoch=4 step=300/429 train_nll=-3534.264
2026-05-15 15:09:30,684 INFO CSMF2.step_1_1_1.run :: [h] epoch=4 step=350 total=0.05325 batch=0.00000
2026-05-15 15:09:30,685 INFO CSMF2.step_1_1_1.run :: [lat] epoch=4 step=350 mean_l2=0.04890 std_l2=0.03052
2026-05-15 15:09:30,881 INFO CSMF2.step_1_1_1.run :: epoch=4 step=350/429 train_nll=-3535.883
2026-05-15 15:09:44,979 INFO CSMF2.step_1_1_1.run :: [h] epoch=4 step=400 total=0.05265 batch=0.00000
2026-05-15 15:09:44,979 INFO CSMF2.step_1_1_1.run :: [lat] epoch=4 step=400 mean_l2=0.03587 std_l2=0.02214
2026-05-15 15:09:45,133 INFO CSMF2.step_1_1_1.run :: epoch=4 step=400/429 train_nll=-3536.435
2026-05-15 15:09:58,445 INFO CSMF2.step_1_1_1.run :: epoch=4  train_nll=-3536.683  val_nll=-3521.093  t=128.0s
2026-05-15 15:09:58,445 INFO CSMF2.step_1_1_1.run :: [h_std] total=0.05330 batch=0.00000 (no penalty)
2026-05-15 15:09:58,445 INFO CSMF2.step_1_1_1.run :: [lat_epoch] mean_l2=0.02927 std_l2=0.02632 lambda=10.000
2026-05-15 15:09:58,445 INFO CSMF2.step_1_1_1.run :: [grad] cond=130.0328 film_gain=0.0000
2026-05-15 15:10:15,376 INFO CSMF2.step_1_1_1.run :: [h] epoch=5 step=50 total=0.05306 batch=0.00000
2026-05-15 15:10:15,377 INFO CSMF2.step_1_1_1.run :: [lat] epoch=5 step=50 mean_l2=0.02588 std_l2=0.02648
2026-05-15 15:10:15,531 INFO CSMF2.step_1_1_1.run :: epoch=5 step=50/429 train_nll=-3542.085
2026-05-15 15:10:30,096 INFO CSMF2.step_1_1_1.run :: [h] epoch=5 step=100 total=0.05302 batch=0.00000
2026-05-15 15:10:30,097 INFO CSMF2.step_1_1_1.run :: [lat] epoch=5 step=100 mean_l2=0.01904 std_l2=0.02089
2026-05-15 15:10:30,294 INFO CSMF2.step_1_1_1.run :: epoch=5 step=100/429 train_nll=-3544.962
2026-05-15 15:10:44,705 INFO CSMF2.step_1_1_1.run :: [h] epoch=5 step=150 total=0.05280 batch=0.00000
2026-05-15 15:10:44,706 INFO CSMF2.step_1_1_1.run :: [lat] epoch=5 step=150 mean_l2=0.05617 std_l2=0.03342
2026-05-15 15:10:44,860 INFO CSMF2.step_1_1_1.run :: epoch=5 step=150/429 train_nll=-3547.713
2026-05-15 15:10:58,862 INFO CSMF2.step_1_1_1.run :: [h] epoch=5 step=200 total=0.05308 batch=0.00000
2026-05-15 15:10:58,862 INFO CSMF2.step_1_1_1.run :: [lat] epoch=5 step=200 mean_l2=0.01618 std_l2=0.02271
2026-05-15 15:10:59,016 INFO CSMF2.step_1_1_1.run :: epoch=5 step=200/429 train_nll=-3548.330
2026-05-15 15:11:13,357 INFO CSMF2.step_1_1_1.run :: [h] epoch=5 step=250 total=0.05311 batch=0.00000
2026-05-15 15:11:13,358 INFO CSMF2.step_1_1_1.run :: [lat] epoch=5 step=250 mean_l2=0.02179 std_l2=0.02148
2026-05-15 15:11:13,512 INFO CSMF2.step_1_1_1.run :: epoch=5 step=250/429 train_nll=-3552.477
2026-05-15 15:11:27,839 INFO CSMF2.step_1_1_1.run :: [h] epoch=5 step=300 total=0.05229 batch=0.00000
2026-05-15 15:11:27,839 INFO CSMF2.step_1_1_1.run :: [lat] epoch=5 step=300 mean_l2=0.06626 std_l2=0.04164
2026-05-15 15:11:27,996 INFO CSMF2.step_1_1_1.run :: epoch=5 step=300/429 train_nll=-3554.187
2026-05-15 15:11:42,269 INFO CSMF2.step_1_1_1.run :: [h] epoch=5 step=350 total=0.05236 batch=0.00000
2026-05-15 15:11:42,269 INFO CSMF2.step_1_1_1.run :: [lat] epoch=5 step=350 mean_l2=0.03845 std_l2=0.03691
2026-05-15 15:11:42,425 INFO CSMF2.step_1_1_1.run :: epoch=5 step=350/429 train_nll=-3552.021
2026-05-15 15:11:56,850 INFO CSMF2.step_1_1_1.run :: [h] epoch=5 step=400 total=0.05313 batch=0.00000
2026-05-15 15:11:56,851 INFO CSMF2.step_1_1_1.run :: [lat] epoch=5 step=400 mean_l2=0.02160 std_l2=0.02237
2026-05-15 15:11:57,049 INFO CSMF2.step_1_1_1.run :: epoch=5 step=400/429 train_nll=-3553.468
2026-05-15 15:12:10,353 INFO CSMF2.step_1_1_1.run :: epoch=5  train_nll=-3554.023  val_nll=-3552.245  t=128.9s
2026-05-15 15:12:10,353 INFO CSMF2.step_1_1_1.run :: [h_std] total=0.05299 batch=0.00000 (no penalty)
2026-05-15 15:12:10,353 INFO CSMF2.step_1_1_1.run :: [lat_epoch] mean_l2=0.02583 std_l2=0.02486 lambda=10.000
2026-05-15 15:12:10,353 INFO CSMF2.step_1_1_1.run :: [grad] cond=65.7933 film_gain=0.0000
2026-05-15 15:12:27,564 INFO CSMF2.step_1_1_1.run :: [h] epoch=6 step=50 total=0.05265 batch=0.00000
2026-05-15 15:12:27,565 INFO CSMF2.step_1_1_1.run :: [lat] epoch=6 step=50 mean_l2=0.02506 std_l2=0.03105
2026-05-15 15:12:27,721 INFO CSMF2.step_1_1_1.run :: epoch=6 step=50/429 train_nll=-3541.028
2026-05-15 15:12:41,790 INFO CSMF2.step_1_1_1.run :: [h] epoch=6 step=100 total=0.05266 batch=0.00000
2026-05-15 15:12:41,791 INFO CSMF2.step_1_1_1.run :: [lat] epoch=6 step=100 mean_l2=0.02676 std_l2=0.02155
2026-05-15 15:12:41,948 INFO CSMF2.step_1_1_1.run :: epoch=6 step=100/429 train_nll=-3552.725
2026-05-15 15:12:56,061 INFO CSMF2.step_1_1_1.run :: [h] epoch=6 step=150 total=0.05287 batch=0.00000
2026-05-15 15:12:56,061 INFO CSMF2.step_1_1_1.run :: [lat] epoch=6 step=150 mean_l2=0.01520 std_l2=0.02023
2026-05-15 15:12:56,218 INFO CSMF2.step_1_1_1.run :: epoch=6 step=150/429 train_nll=-3556.138
2026-05-15 15:13:10,559 INFO CSMF2.step_1_1_1.run :: [h] epoch=6 step=200 total=0.05371 batch=0.00000
2026-05-15 15:13:10,560 INFO CSMF2.step_1_1_1.run :: [lat] epoch=6 step=200 mean_l2=0.03053 std_l2=0.03374
2026-05-15 15:13:10,719 INFO CSMF2.step_1_1_1.run :: epoch=6 step=200/429 train_nll=-3562.065
2026-05-15 15:13:25,258 INFO CSMF2.step_1_1_1.run :: [h] epoch=6 step=250 total=0.05248 batch=0.00000
2026-05-15 15:13:25,258 INFO CSMF2.step_1_1_1.run :: [lat] epoch=6 step=250 mean_l2=0.02555 std_l2=0.02203
2026-05-15 15:13:25,414 INFO CSMF2.step_1_1_1.run :: epoch=6 step=250/429 train_nll=-3561.200
2026-05-15 15:13:39,567 INFO CSMF2.step_1_1_1.run :: [h] epoch=6 step=300 total=0.05334 batch=0.00000
2026-05-15 15:13:39,567 INFO CSMF2.step_1_1_1.run :: [lat] epoch=6 step=300 mean_l2=0.04990 std_l2=0.03774
2026-05-15 15:13:39,723 INFO CSMF2.step_1_1_1.run :: epoch=6 step=300/429 train_nll=-3558.616
2026-05-15 15:13:54,322 INFO CSMF2.step_1_1_1.run :: [h] epoch=6 step=350 total=0.05173 batch=0.00000
2026-05-15 15:13:54,323 INFO CSMF2.step_1_1_1.run :: [lat] epoch=6 step=350 mean_l2=0.03860 std_l2=0.02577
2026-05-15 15:13:54,481 INFO CSMF2.step_1_1_1.run :: epoch=6 step=350/429 train_nll=-3557.582
2026-05-15 15:14:08,543 INFO CSMF2.step_1_1_1.run :: [h] epoch=6 step=400 total=0.05174 batch=0.00000
2026-05-15 15:14:08,543 INFO CSMF2.step_1_1_1.run :: [lat] epoch=6 step=400 mean_l2=0.02874 std_l2=0.02334
2026-05-15 15:14:08,700 INFO CSMF2.step_1_1_1.run :: epoch=6 step=400/429 train_nll=-3557.634
2026-05-15 15:14:21,926 INFO CSMF2.step_1_1_1.run :: epoch=6  train_nll=-3557.677  val_nll=-3543.031  t=128.5s
2026-05-15 15:14:21,926 INFO CSMF2.step_1_1_1.run :: [h_std] total=0.05268 batch=0.00000 (no penalty)
2026-05-15 15:14:21,926 INFO CSMF2.step_1_1_1.run :: [lat_epoch] mean_l2=0.02685 std_l2=0.02523 lambda=10.000
2026-05-15 15:14:21,926 INFO CSMF2.step_1_1_1.run :: [grad] cond=60.0761 film_gain=0.0000
2026-05-15 15:14:39,501 INFO CSMF2.step_1_1_1.run :: [h] epoch=7 step=50 total=0.05264 batch=0.00000
2026-05-15 15:14:39,501 INFO CSMF2.step_1_1_1.run :: [lat] epoch=7 step=50 mean_l2=0.01386 std_l2=0.02208
2026-05-15 15:14:39,657 INFO CSMF2.step_1_1_1.run :: epoch=7 step=50/429 train_nll=-3574.458
2026-05-15 15:14:53,776 INFO CSMF2.step_1_1_1.run :: [h] epoch=7 step=100 total=0.05278 batch=0.00000
2026-05-15 15:14:53,777 INFO CSMF2.step_1_1_1.run :: [lat] epoch=7 step=100 mean_l2=0.02022 std_l2=0.02354
2026-05-15 15:14:53,933 INFO CSMF2.step_1_1_1.run :: epoch=7 step=100/429 train_nll=-3581.844
2026-05-15 15:15:08,105 INFO CSMF2.step_1_1_1.run :: [h] epoch=7 step=150 total=0.05285 batch=0.00000
2026-05-15 15:15:08,106 INFO CSMF2.step_1_1_1.run :: [lat] epoch=7 step=150 mean_l2=0.01637 std_l2=0.02242
2026-05-15 15:15:08,263 INFO CSMF2.step_1_1_1.run :: epoch=7 step=150/429 train_nll=-3584.195
2026-05-15 15:15:22,536 INFO CSMF2.step_1_1_1.run :: [h] epoch=7 step=200 total=0.05244 batch=0.00000
2026-05-15 15:15:22,536 INFO CSMF2.step_1_1_1.run :: [lat] epoch=7 step=200 mean_l2=0.01634 std_l2=0.02110
2026-05-15 15:15:22,693 INFO CSMF2.step_1_1_1.run :: epoch=7 step=200/429 train_nll=-3581.282
2026-05-15 15:15:36,557 INFO CSMF2.step_1_1_1.run :: [h] epoch=7 step=250 total=0.05263 batch=0.00000
2026-05-15 15:15:36,558 INFO CSMF2.step_1_1_1.run :: [lat] epoch=7 step=250 mean_l2=0.01507 std_l2=0.01931
2026-05-15 15:15:36,716 INFO CSMF2.step_1_1_1.run :: epoch=7 step=250/429 train_nll=-3582.871
2026-05-15 15:15:51,024 INFO CSMF2.step_1_1_1.run :: [h] epoch=7 step=300 total=0.05266 batch=0.00000
2026-05-15 15:15:51,024 INFO CSMF2.step_1_1_1.run :: [lat] epoch=7 step=300 mean_l2=0.02618 std_l2=0.02416
2026-05-15 15:15:51,226 INFO CSMF2.step_1_1_1.run :: epoch=7 step=300/429 train_nll=-3583.833
2026-05-15 15:16:05,407 INFO CSMF2.step_1_1_1.run :: [h] epoch=7 step=350 total=0.05162 batch=0.00000
2026-05-15 15:16:05,408 INFO CSMF2.step_1_1_1.run :: [lat] epoch=7 step=350 mean_l2=0.02088 std_l2=0.02453
2026-05-15 15:16:05,566 INFO CSMF2.step_1_1_1.run :: epoch=7 step=350/429 train_nll=-3581.726
2026-05-15 15:16:20,191 INFO CSMF2.step_1_1_1.run :: [h] epoch=7 step=400 total=0.05135 batch=0.00000
2026-05-15 15:16:20,191 INFO CSMF2.step_1_1_1.run :: [lat] epoch=7 step=400 mean_l2=0.02487 std_l2=0.02481
2026-05-15 15:16:20,350 INFO CSMF2.step_1_1_1.run :: epoch=7 step=400/429 train_nll=-3581.362
2026-05-15 15:16:33,589 INFO CSMF2.step_1_1_1.run :: epoch=7  train_nll=-3581.406  val_nll=-3589.983  t=128.5s
2026-05-15 15:16:33,589 INFO CSMF2.step_1_1_1.run :: [h_std] total=0.05233 batch=0.00000 (no penalty)
2026-05-15 15:16:33,589 INFO CSMF2.step_1_1_1.run :: [lat_epoch] mean_l2=0.01983 std_l2=0.02253 lambda=10.000
2026-05-15 15:16:33,589 INFO CSMF2.step_1_1_1.run :: [grad] cond=9.1969 film_gain=0.0000
2026-05-15 15:16:51,244 INFO CSMF2.step_1_1_1.run :: [h] epoch=8 step=50 total=0.05173 batch=0.00000
2026-05-15 15:16:51,245 INFO CSMF2.step_1_1_1.run :: [lat] epoch=8 step=50 mean_l2=0.01613 std_l2=0.02129
2026-05-15 15:16:51,403 INFO CSMF2.step_1_1_1.run :: epoch=8 step=50/429 train_nll=-3596.880
2026-05-15 15:17:05,934 INFO CSMF2.step_1_1_1.run :: [h] epoch=8 step=100 total=0.05198 batch=0.00000
2026-05-15 15:17:05,934 INFO CSMF2.step_1_1_1.run :: [lat] epoch=8 step=100 mean_l2=0.01669 std_l2=0.01841
2026-05-15 15:17:06,093 INFO CSMF2.step_1_1_1.run :: epoch=8 step=100/429 train_nll=-3596.994
2026-05-15 15:17:20,898 INFO CSMF2.step_1_1_1.run :: [h] epoch=8 step=150 total=0.05214 batch=0.00000
2026-05-15 15:17:20,899 INFO CSMF2.step_1_1_1.run :: [lat] epoch=8 step=150 mean_l2=0.01650 std_l2=0.01865
2026-05-15 15:17:21,061 INFO CSMF2.step_1_1_1.run :: epoch=8 step=150/429 train_nll=-3596.781
2026-05-15 15:17:35,800 INFO CSMF2.step_1_1_1.run :: [h] epoch=8 step=200 total=0.05235 batch=0.00000
2026-05-15 15:17:35,801 INFO CSMF2.step_1_1_1.run :: [lat] epoch=8 step=200 mean_l2=0.01521 std_l2=0.02284
2026-05-15 15:17:35,964 INFO CSMF2.step_1_1_1.run :: epoch=8 step=200/429 train_nll=-3597.201
2026-05-15 15:17:50,876 INFO CSMF2.step_1_1_1.run :: [h] epoch=8 step=250 total=0.05149 batch=0.00000
2026-05-15 15:17:50,877 INFO CSMF2.step_1_1_1.run :: [lat] epoch=8 step=250 mean_l2=0.02857 std_l2=0.02719
2026-05-15 15:17:51,039 INFO CSMF2.step_1_1_1.run :: epoch=8 step=250/429 train_nll=-3592.265
2026-05-15 15:18:05,763 INFO CSMF2.step_1_1_1.run :: [h] epoch=8 step=300 total=0.05168 batch=0.00000
2026-05-15 15:18:05,764 INFO CSMF2.step_1_1_1.run :: [lat] epoch=8 step=300 mean_l2=0.01396 std_l2=0.02088
2026-05-15 15:18:05,967 INFO CSMF2.step_1_1_1.run :: epoch=8 step=300/429 train_nll=-3591.364
2026-05-15 15:18:20,306 INFO CSMF2.step_1_1_1.run :: [h] epoch=8 step=350 total=0.05174 batch=0.00000
2026-05-15 15:18:20,306 INFO CSMF2.step_1_1_1.run :: [lat] epoch=8 step=350 mean_l2=0.04092 std_l2=0.02449
2026-05-15 15:18:20,466 INFO CSMF2.step_1_1_1.run :: epoch=8 step=350/429 train_nll=-3590.514
2026-05-15 15:18:35,217 INFO CSMF2.step_1_1_1.run :: [h] epoch=8 step=400 total=0.05129 batch=0.00000
2026-05-15 15:18:35,218 INFO CSMF2.step_1_1_1.run :: [lat] epoch=8 step=400 mean_l2=0.01652 std_l2=0.01921
2026-05-15 15:18:35,380 INFO CSMF2.step_1_1_1.run :: epoch=8 step=400/429 train_nll=-3589.070
2026-05-15 15:18:48,673 INFO CSMF2.step_1_1_1.run :: epoch=8  train_nll=-3589.585  val_nll=-3592.082  t=132.0s
2026-05-15 15:18:48,673 INFO CSMF2.step_1_1_1.run :: [h_std] total=0.05179 batch=0.00000 (no penalty)
2026-05-15 15:18:48,673 INFO CSMF2.step_1_1_1.run :: [lat_epoch] mean_l2=0.01992 std_l2=0.02241 lambda=10.000
2026-05-15 15:18:48,674 INFO CSMF2.step_1_1_1.run :: [grad] cond=37.8441 film_gain=0.0000
2026-05-15 15:19:06,453 INFO CSMF2.step_1_1_1.run :: [h] epoch=9 step=50 total=0.05128 batch=0.00000
2026-05-15 15:19:06,454 INFO CSMF2.step_1_1_1.run :: [lat] epoch=9 step=50 mean_l2=0.01749 std_l2=0.02610
2026-05-15 15:19:06,616 INFO CSMF2.step_1_1_1.run :: epoch=9 step=50/429 train_nll=-3575.405
2026-05-15 15:19:21,200 INFO CSMF2.step_1_1_1.run :: [h] epoch=9 step=100 total=0.05119 batch=0.00000
2026-05-15 15:19:21,201 INFO CSMF2.step_1_1_1.run :: [lat] epoch=9 step=100 mean_l2=0.01622 std_l2=0.01829
2026-05-15 15:19:21,403 INFO CSMF2.step_1_1_1.run :: epoch=9 step=100/429 train_nll=-3582.523
2026-05-15 15:19:35,833 INFO CSMF2.step_1_1_1.run :: [h] epoch=9 step=150 total=0.05148 batch=0.00000
2026-05-15 15:19:35,834 INFO CSMF2.step_1_1_1.run :: [lat] epoch=9 step=150 mean_l2=0.01513 std_l2=0.02185
2026-05-15 15:19:35,994 INFO CSMF2.step_1_1_1.run :: epoch=9 step=150/429 train_nll=-3588.746
2026-05-15 15:19:50,815 INFO CSMF2.step_1_1_1.run :: [h] epoch=9 step=200 total=0.05161 batch=0.00000
2026-05-15 15:19:50,815 INFO CSMF2.step_1_1_1.run :: [lat] epoch=9 step=200 mean_l2=0.01449 std_l2=0.01875
2026-05-15 15:19:50,976 INFO CSMF2.step_1_1_1.run :: epoch=9 step=200/429 train_nll=-3592.635
2026-05-15 15:20:05,342 INFO CSMF2.step_1_1_1.run :: [h] epoch=9 step=250 total=0.05158 batch=0.00000
2026-05-15 15:20:05,343 INFO CSMF2.step_1_1_1.run :: [lat] epoch=9 step=250 mean_l2=0.05777 std_l2=0.03414
2026-05-15 15:20:05,505 INFO CSMF2.step_1_1_1.run :: epoch=9 step=250/429 train_nll=-3593.701
2026-05-15 15:20:20,071 INFO CSMF2.step_1_1_1.run :: [h] epoch=9 step=300 total=0.05052 batch=0.00000
2026-05-15 15:20:20,072 INFO CSMF2.step_1_1_1.run :: [lat] epoch=9 step=300 mean_l2=0.01980 std_l2=0.02211
2026-05-15 15:20:20,233 INFO CSMF2.step_1_1_1.run :: epoch=9 step=300/429 train_nll=-3589.946
2026-05-15 15:20:34,826 INFO CSMF2.step_1_1_1.run :: [h] epoch=9 step=350 total=0.05077 batch=0.00000
2026-05-15 15:20:34,826 INFO CSMF2.step_1_1_1.run :: [lat] epoch=9 step=350 mean_l2=0.02671 std_l2=0.02045
2026-05-15 15:20:35,034 INFO CSMF2.step_1_1_1.run :: epoch=9 step=350/429 train_nll=-3588.535
2026-05-15 15:20:49,661 INFO CSMF2.step_1_1_1.run :: [h] epoch=9 step=400 total=0.05087 batch=0.00000
2026-05-15 15:20:49,661 INFO CSMF2.step_1_1_1.run :: [lat] epoch=9 step=400 mean_l2=0.01548 std_l2=0.02272
2026-05-15 15:20:49,823 INFO CSMF2.step_1_1_1.run :: epoch=9 step=400/429 train_nll=-3589.066
2026-05-15 15:21:03,411 INFO CSMF2.step_1_1_1.run :: epoch=9  train_nll=-3590.105  val_nll=-3604.892  t=131.7s
2026-05-15 15:21:03,411 INFO CSMF2.step_1_1_1.run :: [h_std] total=0.05114 batch=0.00000 (no penalty)
2026-05-15 15:21:03,411 INFO CSMF2.step_1_1_1.run :: [lat_epoch] mean_l2=0.02136 std_l2=0.02302 lambda=10.000
2026-05-15 15:21:03,411 INFO CSMF2.step_1_1_1.run :: [grad] cond=34.2280 film_gain=0.0000
2026-05-15 15:21:21,026 INFO CSMF2.step_1_1_1.run :: [h] epoch=10 step=50 total=0.05092 batch=0.00000
2026-05-15 15:21:21,026 INFO CSMF2.step_1_1_1.run :: [lat] epoch=10 step=50 mean_l2=0.01518 std_l2=0.02098
2026-05-15 15:21:21,191 INFO CSMF2.step_1_1_1.run :: epoch=10 step=50/429 train_nll=-3609.361
2026-05-15 15:21:35,724 INFO CSMF2.step_1_1_1.run :: [h] epoch=10 step=100 total=0.05108 batch=0.00000
2026-05-15 15:21:35,724 INFO CSMF2.step_1_1_1.run :: [lat] epoch=10 step=100 mean_l2=0.01801 std_l2=0.02050
2026-05-15 15:21:35,892 INFO CSMF2.step_1_1_1.run :: epoch=10 step=100/429 train_nll=-3609.290
2026-05-15 15:21:50,817 INFO CSMF2.step_1_1_1.run :: [h] epoch=10 step=150 total=0.05038 batch=0.00000
2026-05-15 15:21:50,818 INFO CSMF2.step_1_1_1.run :: [lat] epoch=10 step=150 mean_l2=0.01967 std_l2=0.02548
2026-05-15 15:21:50,984 INFO CSMF2.step_1_1_1.run :: epoch=10 step=150/429 train_nll=-3600.574
2026-05-15 15:22:05,459 INFO CSMF2.step_1_1_1.run :: [h] epoch=10 step=200 total=0.05040 batch=0.00000
2026-05-15 15:22:05,460 INFO CSMF2.step_1_1_1.run :: [lat] epoch=10 step=200 mean_l2=0.02243 std_l2=0.02432
2026-05-15 15:22:05,623 INFO CSMF2.step_1_1_1.run :: epoch=10 step=200/429 train_nll=-3596.625
2026-05-15 15:22:20,308 INFO CSMF2.step_1_1_1.run :: [h] epoch=10 step=250 total=0.04987 batch=0.00000
2026-05-15 15:22:20,309 INFO CSMF2.step_1_1_1.run :: [lat] epoch=10 step=250 mean_l2=0.01318 std_l2=0.01927
2026-05-15 15:22:20,471 INFO CSMF2.step_1_1_1.run :: epoch=10 step=250/429 train_nll=-3594.653
2026-05-15 15:22:34,983 INFO CSMF2.step_1_1_1.run :: [h] epoch=10 step=300 total=0.05036 batch=0.00000
2026-05-15 15:22:34,983 INFO CSMF2.step_1_1_1.run :: [lat] epoch=10 step=300 mean_l2=0.01346 std_l2=0.02036
2026-05-15 15:22:35,151 INFO CSMF2.step_1_1_1.run :: epoch=10 step=300/429 train_nll=-3596.999
2026-05-15 15:22:49,696 INFO CSMF2.step_1_1_1.run :: [h] epoch=10 step=350 total=0.05028 batch=0.00000
2026-05-15 15:22:49,697 INFO CSMF2.step_1_1_1.run :: [lat] epoch=10 step=350 mean_l2=0.01496 std_l2=0.02340
2026-05-15 15:22:49,860 INFO CSMF2.step_1_1_1.run :: epoch=10 step=350/429 train_nll=-3599.121
2026-05-15 15:23:04,598 INFO CSMF2.step_1_1_1.run :: [h] epoch=10 step=400 total=0.05044 batch=0.00000
2026-05-15 15:23:04,599 INFO CSMF2.step_1_1_1.run :: [lat] epoch=10 step=400 mean_l2=0.01499 std_l2=0.01900
2026-05-15 15:23:04,762 INFO CSMF2.step_1_1_1.run :: epoch=10 step=400/429 train_nll=-3601.290
2026-05-15 15:23:18,048 INFO CSMF2.step_1_1_1.run :: epoch=10  train_nll=-3602.158  val_nll=-3612.031  t=131.6s
2026-05-15 15:23:18,049 INFO CSMF2.step_1_1_1.run :: [h_std] total=0.05051 batch=0.00000 (no penalty)
2026-05-15 15:23:18,049 INFO CSMF2.step_1_1_1.run :: [lat_epoch] mean_l2=0.01834 std_l2=0.02179 lambda=10.000
2026-05-15 15:23:18,049 INFO CSMF2.step_1_1_1.run :: [grad] cond=102.4020 film_gain=0.0000
2026-05-15 15:23:35,585 INFO CSMF2.step_1_1_1.run :: [h] epoch=11 step=50 total=0.04929 batch=0.00000
2026-05-15 15:23:35,585 INFO CSMF2.step_1_1_1.run :: [lat] epoch=11 step=50 mean_l2=0.01611 std_l2=0.02312
2026-05-15 15:23:35,751 INFO CSMF2.step_1_1_1.run :: epoch=11 step=50/429 train_nll=-3589.220
2026-05-15 15:23:50,687 INFO CSMF2.step_1_1_1.run :: [h] epoch=11 step=100 total=0.04896 batch=0.00000
2026-05-15 15:23:50,688 INFO CSMF2.step_1_1_1.run :: [lat] epoch=11 step=100 mean_l2=0.02779 std_l2=0.02121
2026-05-15 15:23:50,852 INFO CSMF2.step_1_1_1.run :: epoch=11 step=100/429 train_nll=-3581.254
2026-05-15 15:24:05,509 INFO CSMF2.step_1_1_1.run :: [h] epoch=11 step=150 total=0.04920 batch=0.00000
2026-05-15 15:24:05,510 INFO CSMF2.step_1_1_1.run :: [lat] epoch=11 step=150 mean_l2=0.03052 std_l2=0.02359
2026-05-15 15:24:05,721 INFO CSMF2.step_1_1_1.run :: epoch=11 step=150/429 train_nll=-3582.625
2026-05-15 15:24:20,017 INFO CSMF2.step_1_1_1.run :: [h] epoch=11 step=200 total=0.04873 batch=0.00000
2026-05-15 15:24:20,017 INFO CSMF2.step_1_1_1.run :: [lat] epoch=11 step=200 mean_l2=0.01781 std_l2=0.02484
2026-05-15 15:24:20,223 INFO CSMF2.step_1_1_1.run :: epoch=11 step=200/429 train_nll=-3582.448
2026-05-15 15:24:35,069 INFO CSMF2.step_1_1_1.run :: [h] epoch=11 step=250 total=0.04892 batch=0.00000
2026-05-15 15:24:35,069 INFO CSMF2.step_1_1_1.run :: [lat] epoch=11 step=250 mean_l2=0.01335 std_l2=0.02021
2026-05-15 15:24:35,230 INFO CSMF2.step_1_1_1.run :: epoch=11 step=250/429 train_nll=-3584.045
2026-05-15 15:24:49,947 INFO CSMF2.step_1_1_1.run :: [h] epoch=11 step=300 total=0.04912 batch=0.00000
2026-05-15 15:24:49,948 INFO CSMF2.step_1_1_1.run :: [lat] epoch=11 step=300 mean_l2=0.01935 std_l2=0.02587
2026-05-15 15:24:50,110 INFO CSMF2.step_1_1_1.run :: epoch=11 step=300/429 train_nll=-3588.518
2026-05-15 15:25:04,561 INFO CSMF2.step_1_1_1.run :: [h] epoch=11 step=350 total=0.04910 batch=0.00000
2026-05-15 15:25:04,562 INFO CSMF2.step_1_1_1.run :: [lat] epoch=11 step=350 mean_l2=0.01515 std_l2=0.02220
2026-05-15 15:25:04,769 INFO CSMF2.step_1_1_1.run :: epoch=11 step=350/429 train_nll=-3591.986
2026-05-15 15:25:19,549 INFO CSMF2.step_1_1_1.run :: [h] epoch=11 step=400 total=0.04931 batch=0.00000
2026-05-15 15:25:19,550 INFO CSMF2.step_1_1_1.run :: [lat] epoch=11 step=400 mean_l2=0.01451 std_l2=0.01898
2026-05-15 15:25:19,714 INFO CSMF2.step_1_1_1.run :: epoch=11 step=400/429 train_nll=-3595.713
2026-05-15 15:25:33,124 INFO CSMF2.step_1_1_1.run :: epoch=11  train_nll=-3596.259  val_nll=-3608.731  t=132.1s
2026-05-15 15:25:33,124 INFO CSMF2.step_1_1_1.run :: [h_std] total=0.04921 batch=0.00000 (no penalty)
2026-05-15 15:25:33,124 INFO CSMF2.step_1_1_1.run :: [lat_epoch] mean_l2=0.02219 std_l2=0.02320 lambda=10.000
2026-05-15 15:25:33,124 INFO CSMF2.step_1_1_1.run :: [grad] cond=17.3441 film_gain=0.0000
2026-05-15 15:25:50,497 INFO CSMF2.step_1_1_1.run :: [h] epoch=12 step=50 total=0.04839 batch=0.00000
2026-05-15 15:25:50,498 INFO CSMF2.step_1_1_1.run :: [lat] epoch=12 step=50 mean_l2=0.01853 std_l2=0.02521
2026-05-15 15:25:50,660 INFO CSMF2.step_1_1_1.run :: epoch=12 step=50/429 train_nll=-3576.254
2026-05-15 15:26:05,612 INFO CSMF2.step_1_1_1.run :: [h] epoch=12 step=100 total=0.04804 batch=0.00000
2026-05-15 15:26:05,613 INFO CSMF2.step_1_1_1.run :: [lat] epoch=12 step=100 mean_l2=0.03610 std_l2=0.02607
2026-05-15 15:26:05,776 INFO CSMF2.step_1_1_1.run :: epoch=12 step=100/429 train_nll=-3577.336
2026-05-15 15:26:20,581 INFO CSMF2.step_1_1_1.run :: [h] epoch=12 step=150 total=0.04788 batch=0.00000
2026-05-15 15:26:20,581 INFO CSMF2.step_1_1_1.run :: [lat] epoch=12 step=150 mean_l2=0.03948 std_l2=0.02529
2026-05-15 15:26:20,743 INFO CSMF2.step_1_1_1.run :: epoch=12 step=150/429 train_nll=-3582.252
2026-05-15 15:26:35,619 INFO CSMF2.step_1_1_1.run :: [h] epoch=12 step=200 total=0.04788 batch=0.00000
2026-05-15 15:26:35,619 INFO CSMF2.step_1_1_1.run :: [lat] epoch=12 step=200 mean_l2=0.02011 std_l2=0.02312
2026-05-15 15:26:35,781 INFO CSMF2.step_1_1_1.run :: epoch=12 step=200/429 train_nll=-3585.839
2026-05-15 15:26:50,738 INFO CSMF2.step_1_1_1.run :: [h] epoch=12 step=250 total=0.04820 batch=0.00000
2026-05-15 15:26:50,739 INFO CSMF2.step_1_1_1.run :: [lat] epoch=12 step=250 mean_l2=0.01358 std_l2=0.01965
2026-05-15 15:26:50,901 INFO CSMF2.step_1_1_1.run :: epoch=12 step=250/429 train_nll=-3589.367
2026-05-15 15:27:05,728 INFO CSMF2.step_1_1_1.run :: [h] epoch=12 step=300 total=0.04844 batch=0.00000
2026-05-15 15:27:05,729 INFO CSMF2.step_1_1_1.run :: [lat] epoch=12 step=300 mean_l2=0.01350 std_l2=0.01923
2026-05-15 15:27:05,893 INFO CSMF2.step_1_1_1.run :: epoch=12 step=300/429 train_nll=-3594.465
2026-05-15 15:27:20,647 INFO CSMF2.step_1_1_1.run :: [h] epoch=12 step=350 total=0.04849 batch=0.00000
2026-05-15 15:27:20,648 INFO CSMF2.step_1_1_1.run :: [lat] epoch=12 step=350 mean_l2=0.01267 std_l2=0.01987
2026-05-15 15:27:20,813 INFO CSMF2.step_1_1_1.run :: epoch=12 step=350/429 train_nll=-3598.272
2026-05-15 15:27:35,712 INFO CSMF2.step_1_1_1.run :: [h] epoch=12 step=400 total=0.04823 batch=0.00000
2026-05-15 15:27:35,712 INFO CSMF2.step_1_1_1.run :: [lat] epoch=12 step=400 mean_l2=0.02745 std_l2=0.02357
2026-05-15 15:27:35,879 INFO CSMF2.step_1_1_1.run :: epoch=12 step=400/429 train_nll=-3599.890
2026-05-15 15:27:49,532 INFO CSMF2.step_1_1_1.run :: epoch=12  train_nll=-3599.661  val_nll=-3610.026  t=133.4s
2026-05-15 15:27:49,532 INFO CSMF2.step_1_1_1.run :: [h_std] total=0.04830 batch=0.00000 (no penalty)
2026-05-15 15:27:49,532 INFO CSMF2.step_1_1_1.run :: [lat_epoch] mean_l2=0.02216 std_l2=0.02354 lambda=10.000
2026-05-15 15:27:49,532 INFO CSMF2.step_1_1_1.run :: [grad] cond=66.2770 film_gain=0.0000
2026-05-15 15:28:07,353 INFO CSMF2.step_1_1_1.run :: [h] epoch=13 step=50 total=0.04794 batch=0.00000
2026-05-15 15:28:07,354 INFO CSMF2.step_1_1_1.run :: [lat] epoch=13 step=50 mean_l2=0.01705 std_l2=0.01999
2026-05-15 15:28:07,521 INFO CSMF2.step_1_1_1.run :: epoch=13 step=50/429 train_nll=-3619.454
2026-05-15 15:28:22,119 INFO CSMF2.step_1_1_1.run :: [h] epoch=13 step=100 total=0.04795 batch=0.00000
2026-05-15 15:28:22,119 INFO CSMF2.step_1_1_1.run :: [lat] epoch=13 step=100 mean_l2=0.01505 std_l2=0.01967
2026-05-15 15:28:22,287 INFO CSMF2.step_1_1_1.run :: epoch=13 step=100/429 train_nll=-3620.283
2026-05-15 15:28:36,952 INFO CSMF2.step_1_1_1.run :: [h] epoch=13 step=150 total=0.04791 batch=0.00000
2026-05-15 15:28:36,952 INFO CSMF2.step_1_1_1.run :: [lat] epoch=13 step=150 mean_l2=0.01317 std_l2=0.02001
2026-05-15 15:28:37,120 INFO CSMF2.step_1_1_1.run :: epoch=13 step=150/429 train_nll=-3620.567
2026-05-15 15:28:52,095 INFO CSMF2.step_1_1_1.run :: [h] epoch=13 step=200 total=0.04800 batch=0.00000
2026-05-15 15:28:52,096 INFO CSMF2.step_1_1_1.run :: [lat] epoch=13 step=200 mean_l2=0.01607 std_l2=0.02359
2026-05-15 15:28:52,266 INFO CSMF2.step_1_1_1.run :: epoch=13 step=200/429 train_nll=-3621.567
2026-05-15 15:29:07,101 INFO CSMF2.step_1_1_1.run :: [h] epoch=13 step=250 total=0.04822 batch=0.00000
2026-05-15 15:29:07,101 INFO CSMF2.step_1_1_1.run :: [lat] epoch=13 step=250 mean_l2=0.01330 std_l2=0.01857
2026-05-15 15:29:07,270 INFO CSMF2.step_1_1_1.run :: epoch=13 step=250/429 train_nll=-3622.685
2026-05-15 15:29:22,106 INFO CSMF2.step_1_1_1.run :: [h] epoch=13 step=300 total=0.04840 batch=0.00000
2026-05-15 15:29:22,107 INFO CSMF2.step_1_1_1.run :: [lat] epoch=13 step=300 mean_l2=0.01368 std_l2=0.01823
2026-05-15 15:29:22,276 INFO CSMF2.step_1_1_1.run :: epoch=13 step=300/429 train_nll=-3623.395
2026-05-15 15:29:37,187 INFO CSMF2.step_1_1_1.run :: [h] epoch=13 step=350 total=0.04786 batch=0.00000
2026-05-15 15:29:37,188 INFO CSMF2.step_1_1_1.run :: [lat] epoch=13 step=350 mean_l2=0.01379 std_l2=0.02060
2026-05-15 15:29:37,403 INFO CSMF2.step_1_1_1.run :: epoch=13 step=350/429 train_nll=-3620.926
2026-05-15 15:29:52,327 INFO CSMF2.step_1_1_1.run :: [h] epoch=13 step=400 total=0.04752 batch=0.00000
2026-05-15 15:29:52,328 INFO CSMF2.step_1_1_1.run :: [lat] epoch=13 step=400 mean_l2=0.02128 std_l2=0.02615
2026-05-15 15:29:52,499 INFO CSMF2.step_1_1_1.run :: epoch=13 step=400/429 train_nll=-3620.749
2026-05-15 15:30:06,099 INFO CSMF2.step_1_1_1.run :: epoch=13  train_nll=-3619.065  val_nll=-3594.649  t=133.4s
2026-05-15 15:30:06,100 INFO CSMF2.step_1_1_1.run :: [h_std] total=0.04806 batch=0.00000 (no penalty)
2026-05-15 15:30:06,100 INFO CSMF2.step_1_1_1.run :: [lat_epoch] mean_l2=0.01651 std_l2=0.02103 lambda=10.000
2026-05-15 15:30:06,100 INFO CSMF2.step_1_1_1.run :: [grad] cond=40.2436 film_gain=0.0000
2026-05-15 15:30:23,960 INFO CSMF2.step_1_1_1.run :: [h] epoch=14 step=50 total=0.04735 batch=0.00000
2026-05-15 15:30:23,961 INFO CSMF2.step_1_1_1.run :: [lat] epoch=14 step=50 mean_l2=0.02363 std_l2=0.02118
2026-05-15 15:30:24,174 INFO CSMF2.step_1_1_1.run :: epoch=14 step=50/429 train_nll=-3606.387
2026-05-15 15:30:39,108 INFO CSMF2.step_1_1_1.run :: [h] epoch=14 step=100 total=0.04748 batch=0.00000
2026-05-15 15:30:39,108 INFO CSMF2.step_1_1_1.run :: [lat] epoch=14 step=100 mean_l2=0.01329 std_l2=0.02086
2026-05-15 15:30:39,276 INFO CSMF2.step_1_1_1.run :: epoch=14 step=100/429 train_nll=-3612.670
2026-05-15 15:30:54,332 INFO CSMF2.step_1_1_1.run :: [h] epoch=14 step=150 total=0.04762 batch=0.00000
2026-05-15 15:30:54,333 INFO CSMF2.step_1_1_1.run :: [lat] epoch=14 step=150 mean_l2=0.01584 std_l2=0.01825
2026-05-15 15:30:54,500 INFO CSMF2.step_1_1_1.run :: epoch=14 step=150/429 train_nll=-3615.583
2026-05-15 15:31:09,597 INFO CSMF2.step_1_1_1.run :: [h] epoch=14 step=200 total=0.04757 batch=0.00000
2026-05-15 15:31:09,598 INFO CSMF2.step_1_1_1.run :: [lat] epoch=14 step=200 mean_l2=0.01523 std_l2=0.01976
2026-05-15 15:31:09,766 INFO CSMF2.step_1_1_1.run :: epoch=14 step=200/429 train_nll=-3617.239
2026-05-15 15:31:24,619 INFO CSMF2.step_1_1_1.run :: [h] epoch=14 step=250 total=0.04740 batch=0.00000
2026-05-15 15:31:24,619 INFO CSMF2.step_1_1_1.run :: [lat] epoch=14 step=250 mean_l2=0.01351 std_l2=0.01963
2026-05-15 15:31:24,787 INFO CSMF2.step_1_1_1.run :: epoch=14 step=250/429 train_nll=-3619.917
2026-05-15 15:31:39,804 INFO CSMF2.step_1_1_1.run :: [h] epoch=14 step=300 total=0.04770 batch=0.00000
2026-05-15 15:31:39,804 INFO CSMF2.step_1_1_1.run :: [lat] epoch=14 step=300 mean_l2=0.01504 std_l2=0.01928
2026-05-15 15:31:39,973 INFO CSMF2.step_1_1_1.run :: epoch=14 step=300/429 train_nll=-3621.689
2026-05-15 15:31:55,270 INFO CSMF2.step_1_1_1.run :: [h] epoch=14 step=350 total=0.04741 batch=0.00000
2026-05-15 15:31:55,270 INFO CSMF2.step_1_1_1.run :: [lat] epoch=14 step=350 mean_l2=0.03107 std_l2=0.02408
2026-05-15 15:31:55,439 INFO CSMF2.step_1_1_1.run :: epoch=14 step=350/429 train_nll=-3619.860
2026-05-15 15:32:10,679 INFO CSMF2.step_1_1_1.run :: [h] epoch=14 step=400 total=0.04654 batch=0.00000
2026-05-15 15:32:10,680 INFO CSMF2.step_1_1_1.run :: [lat] epoch=14 step=400 mean_l2=0.02087 std_l2=0.02138
2026-05-15 15:32:10,849 INFO CSMF2.step_1_1_1.run :: epoch=14 step=400/429 train_nll=-3616.751
2026-05-15 15:32:24,285 INFO CSMF2.step_1_1_1.run :: epoch=14  train_nll=-3616.627  val_nll=-3620.379  t=135.1s
2026-05-15 15:32:24,285 INFO CSMF2.step_1_1_1.run :: [h_std] total=0.04738 batch=0.00000 (no penalty)
2026-05-15 15:32:24,285 INFO CSMF2.step_1_1_1.run :: [lat_epoch] mean_l2=0.01895 std_l2=0.02184 lambda=10.000
2026-05-15 15:32:24,285 INFO CSMF2.step_1_1_1.run :: [grad] cond=44.4932 film_gain=0.0000
2026-05-15 15:32:42,647 INFO CSMF2.step_1_1_1.run :: [h] epoch=15 step=50 total=0.04613 batch=0.00000
2026-05-15 15:32:42,648 INFO CSMF2.step_1_1_1.run :: [lat] epoch=15 step=50 mean_l2=0.03150 std_l2=0.02922
2026-05-15 15:32:42,867 INFO CSMF2.step_1_1_1.run :: epoch=15 step=50/429 train_nll=-3612.315
2026-05-15 15:32:58,211 INFO CSMF2.step_1_1_1.run :: [h] epoch=15 step=100 total=0.04646 batch=0.00000
2026-05-15 15:32:58,212 INFO CSMF2.step_1_1_1.run :: [lat] epoch=15 step=100 mean_l2=0.01407 std_l2=0.02182
2026-05-15 15:32:58,380 INFO CSMF2.step_1_1_1.run :: epoch=15 step=100/429 train_nll=-3612.297
2026-05-15 15:33:13,650 INFO CSMF2.step_1_1_1.run :: [h] epoch=15 step=150 total=0.04669 batch=0.00000
2026-05-15 15:33:13,652 INFO CSMF2.step_1_1_1.run :: [lat] epoch=15 step=150 mean_l2=0.01554 std_l2=0.01756
2026-05-15 15:33:13,826 INFO CSMF2.step_1_1_1.run :: epoch=15 step=150/429 train_nll=-3616.833
2026-05-15 15:33:29,030 INFO CSMF2.step_1_1_1.run :: [h] epoch=15 step=200 total=0.04688 batch=0.00000
2026-05-15 15:33:29,030 INFO CSMF2.step_1_1_1.run :: [lat] epoch=15 step=200 mean_l2=0.01533 std_l2=0.02044
2026-05-15 15:33:29,204 INFO CSMF2.step_1_1_1.run :: epoch=15 step=200/429 train_nll=-3620.540
2026-05-15 15:33:44,269 INFO CSMF2.step_1_1_1.run :: [h] epoch=15 step=250 total=0.04664 batch=0.00000
2026-05-15 15:33:44,270 INFO CSMF2.step_1_1_1.run :: [lat] epoch=15 step=250 mean_l2=0.01325 std_l2=0.02011
2026-05-15 15:33:44,441 INFO CSMF2.step_1_1_1.run :: epoch=15 step=250/429 train_nll=-3622.968
2026-05-15 15:33:59,527 INFO CSMF2.step_1_1_1.run :: [h] epoch=15 step=300 total=0.04635 batch=0.00000
2026-05-15 15:33:59,528 INFO CSMF2.step_1_1_1.run :: [lat] epoch=15 step=300 mean_l2=0.01947 std_l2=0.02771
2026-05-15 15:33:59,748 INFO CSMF2.step_1_1_1.run :: epoch=15 step=300/429 train_nll=-3618.274
2026-05-15 15:34:15,004 INFO CSMF2.step_1_1_1.run :: [h] epoch=15 step=350 total=0.04573 batch=0.00000
2026-05-15 15:34:15,005 INFO CSMF2.step_1_1_1.run :: [lat] epoch=15 step=350 mean_l2=0.03211 std_l2=0.02484
2026-05-15 15:34:15,182 INFO CSMF2.step_1_1_1.run :: epoch=15 step=350/429 train_nll=-3616.992
2026-05-15 15:34:30,915 INFO CSMF2.step_1_1_1.run :: [h] epoch=15 step=400 total=0.04559 batch=0.00000
2026-05-15 15:34:30,915 INFO CSMF2.step_1_1_1.run :: [lat] epoch=15 step=400 mean_l2=0.01901 std_l2=0.02329
2026-05-15 15:34:31,086 INFO CSMF2.step_1_1_1.run :: epoch=15 step=400/429 train_nll=-3613.767
2026-05-15 15:34:44,850 INFO CSMF2.step_1_1_1.run :: epoch=15  train_nll=-3612.924  val_nll=-3617.555  t=137.4s
2026-05-15 15:34:44,850 INFO CSMF2.step_1_1_1.run :: [h_std] total=0.04642 batch=0.00000 (no penalty)
2026-05-15 15:34:44,850 INFO CSMF2.step_1_1_1.run :: [lat_epoch] mean_l2=0.02080 std_l2=0.02260 lambda=10.000
2026-05-15 15:34:44,850 INFO CSMF2.step_1_1_1.run :: [grad] cond=26.6669 film_gain=0.0000
2026-05-15 15:35:03,062 INFO CSMF2.step_1_1_1.run :: [h] epoch=16 step=50 total=0.04572 batch=0.00000
2026-05-15 15:35:03,063 INFO CSMF2.step_1_1_1.run :: [lat] epoch=16 step=50 mean_l2=0.01468 std_l2=0.01992
2026-05-15 15:35:03,279 INFO CSMF2.step_1_1_1.run :: epoch=16 step=50/429 train_nll=-3626.306
2026-05-15 15:35:18,395 INFO CSMF2.step_1_1_1.run :: [h] epoch=16 step=100 total=0.04592 batch=0.00000
2026-05-15 15:35:18,396 INFO CSMF2.step_1_1_1.run :: [lat] epoch=16 step=100 mean_l2=0.01238 std_l2=0.02019
2026-05-15 15:35:18,612 INFO CSMF2.step_1_1_1.run :: epoch=16 step=100/429 train_nll=-3628.341
2026-05-15 15:35:33,443 INFO CSMF2.step_1_1_1.run :: [h] epoch=16 step=150 total=0.04585 batch=0.00000
2026-05-15 15:35:33,444 INFO CSMF2.step_1_1_1.run :: [lat] epoch=16 step=150 mean_l2=0.01781 std_l2=0.01887
2026-05-15 15:35:33,616 INFO CSMF2.step_1_1_1.run :: epoch=16 step=150/429 train_nll=-3629.278
2026-05-15 15:35:48,864 INFO CSMF2.step_1_1_1.run :: [h] epoch=16 step=200 total=0.04614 batch=0.00000
2026-05-15 15:35:48,864 INFO CSMF2.step_1_1_1.run :: [lat] epoch=16 step=200 mean_l2=0.01373 std_l2=0.02008
2026-05-15 15:35:49,036 INFO CSMF2.step_1_1_1.run :: epoch=16 step=200/429 train_nll=-3630.781
2026-05-15 15:36:04,233 INFO CSMF2.step_1_1_1.run :: [h] epoch=16 step=250 total=0.04611 batch=0.00000
2026-05-15 15:36:04,234 INFO CSMF2.step_1_1_1.run :: [lat] epoch=16 step=250 mean_l2=0.01323 std_l2=0.01704
2026-05-15 15:36:04,451 INFO CSMF2.step_1_1_1.run :: epoch=16 step=250/429 train_nll=-3632.030
2026-05-15 15:36:19,617 INFO CSMF2.step_1_1_1.run :: [h] epoch=16 step=300 total=0.04631 batch=0.00000
2026-05-15 15:36:19,617 INFO CSMF2.step_1_1_1.run :: [lat] epoch=16 step=300 mean_l2=0.01264 std_l2=0.01967
2026-05-15 15:36:19,792 INFO CSMF2.step_1_1_1.run :: epoch=16 step=300/429 train_nll=-3632.990
2026-05-15 15:36:35,166 INFO CSMF2.step_1_1_1.run :: [h] epoch=16 step=350 total=0.04607 batch=0.00000
2026-05-15 15:36:35,167 INFO CSMF2.step_1_1_1.run :: [lat] epoch=16 step=350 mean_l2=0.01584 std_l2=0.01919
2026-05-15 15:36:35,339 INFO CSMF2.step_1_1_1.run :: epoch=16 step=350/429 train_nll=-3633.313
2026-05-15 15:36:50,635 INFO CSMF2.step_1_1_1.run :: [h] epoch=16 step=400 total=0.04603 batch=0.00000
2026-05-15 15:36:50,636 INFO CSMF2.step_1_1_1.run :: [lat] epoch=16 step=400 mean_l2=0.02468 std_l2=0.02443
2026-05-15 15:36:50,807 INFO CSMF2.step_1_1_1.run :: epoch=16 step=400/429 train_nll=-3633.952
2026-05-15 15:37:04,389 INFO CSMF2.step_1_1_1.run :: epoch=16  train_nll=-3632.454  val_nll=-3605.787  t=136.5s
2026-05-15 15:37:04,389 INFO CSMF2.step_1_1_1.run :: [h_std] total=0.04600 batch=0.00000 (no penalty)
2026-05-15 15:37:04,389 INFO CSMF2.step_1_1_1.run :: [lat_epoch] mean_l2=0.01445 std_l2=0.02007 lambda=10.000
2026-05-15 15:37:04,390 INFO CSMF2.step_1_1_1.run :: [grad] cond=68.6714 film_gain=0.0000
2026-05-15 15:37:22,712 INFO CSMF2.step_1_1_1.run :: [h] epoch=17 step=50 total=0.04476 batch=0.00000
2026-05-15 15:37:22,712 INFO CSMF2.step_1_1_1.run :: [lat] epoch=17 step=50 mean_l2=0.04099 std_l2=0.03694
2026-05-15 15:37:22,885 INFO CSMF2.step_1_1_1.run :: epoch=17 step=50/429 train_nll=-3582.370
2026-05-15 15:37:37,703 INFO CSMF2.step_1_1_1.run :: [h] epoch=17 step=100 total=0.04473 batch=0.00000
2026-05-15 15:37:37,704 INFO CSMF2.step_1_1_1.run :: [lat] epoch=17 step=100 mean_l2=0.03167 std_l2=0.02731
2026-05-15 15:37:37,875 INFO CSMF2.step_1_1_1.run :: epoch=17 step=100/429 train_nll=-3582.549
2026-05-15 15:37:53,002 INFO CSMF2.step_1_1_1.run :: [h] epoch=17 step=150 total=0.04435 batch=0.00000
2026-05-15 15:37:53,002 INFO CSMF2.step_1_1_1.run :: [lat] epoch=17 step=150 mean_l2=0.01418 std_l2=0.02303
2026-05-15 15:37:53,175 INFO CSMF2.step_1_1_1.run :: epoch=17 step=150/429 train_nll=-3588.451
2026-05-15 15:38:08,546 INFO CSMF2.step_1_1_1.run :: [h] epoch=17 step=200 total=0.04480 batch=0.00000
2026-05-15 15:38:08,546 INFO CSMF2.step_1_1_1.run :: [lat] epoch=17 step=200 mean_l2=0.01334 std_l2=0.01976
2026-05-15 15:38:08,716 INFO CSMF2.step_1_1_1.run :: epoch=17 step=200/429 train_nll=-3597.597
2026-05-15 15:38:23,715 INFO CSMF2.step_1_1_1.run :: [h] epoch=17 step=250 total=0.04483 batch=0.00000
2026-05-15 15:38:23,716 INFO CSMF2.step_1_1_1.run :: [lat] epoch=17 step=250 mean_l2=0.01254 std_l2=0.01984
2026-05-15 15:38:23,885 INFO CSMF2.step_1_1_1.run :: epoch=17 step=250/429 train_nll=-3605.405
2026-05-15 15:38:39,132 INFO CSMF2.step_1_1_1.run :: [h] epoch=17 step=300 total=0.04514 batch=0.00000
2026-05-15 15:38:39,133 INFO CSMF2.step_1_1_1.run :: [lat] epoch=17 step=300 mean_l2=0.01398 std_l2=0.01881
2026-05-15 15:38:39,348 INFO CSMF2.step_1_1_1.run :: epoch=17 step=300/429 train_nll=-3610.678
2026-05-15 15:38:54,571 INFO CSMF2.step_1_1_1.run :: [h] epoch=17 step=350 total=0.04493 batch=0.00000
2026-05-15 15:38:54,572 INFO CSMF2.step_1_1_1.run :: [lat] epoch=17 step=350 mean_l2=0.01343 std_l2=0.02377
2026-05-15 15:38:54,741 INFO CSMF2.step_1_1_1.run :: epoch=17 step=350/429 train_nll=-3614.333
2026-05-15 15:39:09,854 INFO CSMF2.step_1_1_1.run :: [h] epoch=17 step=400 total=0.04484 batch=0.00000
2026-05-15 15:39:09,855 INFO CSMF2.step_1_1_1.run :: [lat] epoch=17 step=400 mean_l2=0.01448 std_l2=0.01787
2026-05-15 15:39:10,069 INFO CSMF2.step_1_1_1.run :: epoch=17 step=400/429 train_nll=-3617.810
2026-05-15 15:39:23,540 INFO CSMF2.step_1_1_1.run :: epoch=17  train_nll=-3619.199  val_nll=-3633.977  t=136.1s
2026-05-15 15:39:23,540 INFO CSMF2.step_1_1_1.run :: [h_std] total=0.04496 batch=0.00000 (no penalty)
2026-05-15 15:39:23,540 INFO CSMF2.step_1_1_1.run :: [lat_epoch] mean_l2=0.02067 std_l2=0.02235 lambda=10.000
2026-05-15 15:39:23,540 INFO CSMF2.step_1_1_1.run :: [grad] cond=44.2139 film_gain=0.0000
2026-05-15 15:39:41,769 INFO CSMF2.step_1_1_1.run :: [h] epoch=18 step=50 total=0.04500 batch=0.00000
2026-05-15 15:39:41,769 INFO CSMF2.step_1_1_1.run :: [lat] epoch=18 step=50 mean_l2=0.01416 std_l2=0.01959
2026-05-15 15:39:41,941 INFO CSMF2.step_1_1_1.run :: epoch=18 step=50/429 train_nll=-3637.748
2026-05-15 15:39:57,079 INFO CSMF2.step_1_1_1.run :: [h] epoch=18 step=100 total=0.04516 batch=0.00000
2026-05-15 15:39:57,079 INFO CSMF2.step_1_1_1.run :: [lat] epoch=18 step=100 mean_l2=0.01575 std_l2=0.01712
2026-05-15 15:39:57,252 INFO CSMF2.step_1_1_1.run :: epoch=18 step=100/429 train_nll=-3638.446
2026-05-15 15:40:12,331 INFO CSMF2.step_1_1_1.run :: [h] epoch=18 step=150 total=0.04490 batch=0.00000
2026-05-15 15:40:12,332 INFO CSMF2.step_1_1_1.run :: [lat] epoch=18 step=150 mean_l2=0.01347 std_l2=0.02050
2026-05-15 15:40:12,550 INFO CSMF2.step_1_1_1.run :: epoch=18 step=150/429 train_nll=-3636.714
2026-05-15 15:40:27,638 INFO CSMF2.step_1_1_1.run :: [h] epoch=18 step=200 total=0.04497 batch=0.00000
2026-05-15 15:40:27,638 INFO CSMF2.step_1_1_1.run :: [lat] epoch=18 step=200 mean_l2=0.01527 std_l2=0.02029
2026-05-15 15:40:27,811 INFO CSMF2.step_1_1_1.run :: epoch=18 step=200/429 train_nll=-3637.532
2026-05-15 15:40:42,870 INFO CSMF2.step_1_1_1.run :: [h] epoch=18 step=250 total=0.04464 batch=0.00000
2026-05-15 15:40:42,871 INFO CSMF2.step_1_1_1.run :: [lat] epoch=18 step=250 mean_l2=0.01946 std_l2=0.02129
2026-05-15 15:40:43,044 INFO CSMF2.step_1_1_1.run :: epoch=18 step=250/429 train_nll=-3633.960
2026-05-15 15:40:58,080 INFO CSMF2.step_1_1_1.run :: [h] epoch=18 step=300 total=0.04429 batch=0.00000
2026-05-15 15:40:58,080 INFO CSMF2.step_1_1_1.run :: [lat] epoch=18 step=300 mean_l2=0.01823 std_l2=0.01948
2026-05-15 15:40:58,255 INFO CSMF2.step_1_1_1.run :: epoch=18 step=300/429 train_nll=-3629.270
2026-05-15 15:41:13,695 INFO CSMF2.step_1_1_1.run :: [h] epoch=18 step=350 total=0.04429 batch=0.00000
2026-05-15 15:41:13,696 INFO CSMF2.step_1_1_1.run :: [lat] epoch=18 step=350 mean_l2=0.01274 std_l2=0.02013
2026-05-15 15:41:13,871 INFO CSMF2.step_1_1_1.run :: epoch=18 step=350/429 train_nll=-3629.713
2026-05-15 15:41:29,353 INFO CSMF2.step_1_1_1.run :: [h] epoch=18 step=400 total=0.04428 batch=0.00000
2026-05-15 15:41:29,357 INFO CSMF2.step_1_1_1.run :: [lat] epoch=18 step=400 mean_l2=0.01288 std_l2=0.01796
2026-05-15 15:41:29,576 INFO CSMF2.step_1_1_1.run :: epoch=18 step=400/429 train_nll=-3631.357
2026-05-15 15:41:43,465 INFO CSMF2.step_1_1_1.run :: epoch=18  train_nll=-3631.914  val_nll=-3635.599  t=136.8s
2026-05-15 15:41:43,465 INFO CSMF2.step_1_1_1.run :: [h_std] total=0.04472 batch=0.00000 (no penalty)
2026-05-15 15:41:43,465 INFO CSMF2.step_1_1_1.run :: [lat_epoch] mean_l2=0.01670 std_l2=0.02098 lambda=10.000
2026-05-15 15:41:43,465 INFO CSMF2.step_1_1_1.run :: [grad] cond=77.9510 film_gain=0.0000
2026-05-15 15:42:01,683 INFO CSMF2.step_1_1_1.run :: [h] epoch=19 step=50 total=0.04429 batch=0.00000
2026-05-15 15:42:01,684 INFO CSMF2.step_1_1_1.run :: [lat] epoch=19 step=50 mean_l2=0.01188 std_l2=0.02020
2026-05-15 15:42:01,858 INFO CSMF2.step_1_1_1.run :: epoch=19 step=50/429 train_nll=-3641.969
2026-05-15 15:42:17,214 INFO CSMF2.step_1_1_1.run :: [h] epoch=19 step=100 total=0.04442 batch=0.00000
2026-05-15 15:42:17,215 INFO CSMF2.step_1_1_1.run :: [lat] epoch=19 step=100 mean_l2=0.01534 std_l2=0.01783
2026-05-15 15:42:17,388 INFO CSMF2.step_1_1_1.run :: epoch=19 step=100/429 train_nll=-3641.481
2026-05-15 15:42:32,656 INFO CSMF2.step_1_1_1.run :: [h] epoch=19 step=150 total=0.04427 batch=0.00000
2026-05-15 15:42:32,657 INFO CSMF2.step_1_1_1.run :: [lat] epoch=19 step=150 mean_l2=0.02168 std_l2=0.02823
2026-05-15 15:42:32,830 INFO CSMF2.step_1_1_1.run :: epoch=19 step=150/429 train_nll=-3637.501
2026-05-15 15:42:48,262 INFO CSMF2.step_1_1_1.run :: [h] epoch=19 step=200 total=0.04347 batch=0.00000
2026-05-15 15:42:48,262 INFO CSMF2.step_1_1_1.run :: [lat] epoch=19 step=200 mean_l2=0.04707 std_l2=0.02892
2026-05-15 15:42:48,435 INFO CSMF2.step_1_1_1.run :: epoch=19 step=200/429 train_nll=-3626.099
2026-05-15 15:43:03,400 INFO CSMF2.step_1_1_1.run :: [h] epoch=19 step=250 total=0.04269 batch=0.00000
2026-05-15 15:43:03,400 INFO CSMF2.step_1_1_1.run :: [lat] epoch=19 step=250 mean_l2=0.02801 std_l2=0.02611
2026-05-15 15:43:03,573 INFO CSMF2.step_1_1_1.run :: epoch=19 step=250/429 train_nll=-3619.966
2026-05-15 15:43:18,492 INFO CSMF2.step_1_1_1.run :: [h] epoch=19 step=300 total=0.04327 batch=0.00000
2026-05-15 15:43:18,493 INFO CSMF2.step_1_1_1.run :: [lat] epoch=19 step=300 mean_l2=0.01163 std_l2=0.01635
2026-05-15 15:43:18,665 INFO CSMF2.step_1_1_1.run :: epoch=19 step=300/429 train_nll=-3620.225
2026-05-15 15:43:33,666 INFO CSMF2.step_1_1_1.run :: [h] epoch=19 step=350 total=0.04322 batch=0.00000
2026-05-15 15:43:33,667 INFO CSMF2.step_1_1_1.run :: [lat] epoch=19 step=350 mean_l2=0.01294 std_l2=0.02217
2026-05-15 15:43:33,883 INFO CSMF2.step_1_1_1.run :: epoch=19 step=350/429 train_nll=-3622.827
2026-05-15 15:43:49,003 INFO CSMF2.step_1_1_1.run :: [h] epoch=19 step=400 total=0.04328 batch=0.00000
2026-05-15 15:43:49,003 INFO CSMF2.step_1_1_1.run :: [lat] epoch=19 step=400 mean_l2=0.01326 std_l2=0.01847
2026-05-15 15:43:49,174 INFO CSMF2.step_1_1_1.run :: epoch=19 step=400/429 train_nll=-3625.587
2026-05-15 15:44:02,497 INFO CSMF2.step_1_1_1.run :: epoch=19  train_nll=-3626.836  val_nll=-3640.862  t=136.0s
2026-05-15 15:44:02,498 INFO CSMF2.step_1_1_1.run :: [h_std] total=0.04376 batch=0.00000 (no penalty)
2026-05-15 15:44:02,498 INFO CSMF2.step_1_1_1.run :: [lat_epoch] mean_l2=0.01883 std_l2=0.02179 lambda=10.000
2026-05-15 15:44:02,498 INFO CSMF2.step_1_1_1.run :: [grad] cond=59.9030 film_gain=0.0000
2026-05-15 15:44:21,266 INFO CSMF2.step_1_1_1.run :: [h] epoch=20 step=50 total=0.04333 batch=0.00000
2026-05-15 15:44:21,266 INFO CSMF2.step_1_1_1.run :: [lat] epoch=20 step=50 mean_l2=0.01375 std_l2=0.01858
2026-05-15 15:44:21,440 INFO CSMF2.step_1_1_1.run :: epoch=20 step=50/429 train_nll=-3644.020
2026-05-15 15:44:36,661 INFO CSMF2.step_1_1_1.run :: [h] epoch=20 step=100 total=0.04352 batch=0.00000
2026-05-15 15:44:36,662 INFO CSMF2.step_1_1_1.run :: [lat] epoch=20 step=100 mean_l2=0.01582 std_l2=0.01888
2026-05-15 15:44:36,837 INFO CSMF2.step_1_1_1.run :: epoch=20 step=100/429 train_nll=-3643.211
2026-05-15 15:44:52,540 INFO CSMF2.step_1_1_1.run :: [h] epoch=20 step=150 total=0.04352 batch=0.00000
2026-05-15 15:44:52,541 INFO CSMF2.step_1_1_1.run :: [lat] epoch=20 step=150 mean_l2=0.01597 std_l2=0.01928
2026-05-15 15:44:52,758 INFO CSMF2.step_1_1_1.run :: epoch=20 step=150/429 train_nll=-3642.054
2026-05-15 15:45:07,984 INFO CSMF2.step_1_1_1.run :: [h] epoch=20 step=200 total=0.04345 batch=0.00000
2026-05-15 15:45:07,985 INFO CSMF2.step_1_1_1.run :: [lat] epoch=20 step=200 mean_l2=0.01356 std_l2=0.02185
2026-05-15 15:45:08,160 INFO CSMF2.step_1_1_1.run :: epoch=20 step=200/429 train_nll=-3642.805
2026-05-15 15:45:23,616 INFO CSMF2.step_1_1_1.run :: [h] epoch=20 step=250 total=0.04287 batch=0.00000
2026-05-15 15:45:23,617 INFO CSMF2.step_1_1_1.run :: [lat] epoch=20 step=250 mean_l2=0.02418 std_l2=0.03446
2026-05-15 15:45:23,789 INFO CSMF2.step_1_1_1.run :: epoch=20 step=250/429 train_nll=-3638.669
2026-05-15 15:45:38,950 INFO CSMF2.step_1_1_1.run :: [h] epoch=20 step=300 total=0.04274 batch=0.00000
2026-05-15 15:45:38,950 INFO CSMF2.step_1_1_1.run :: [lat] epoch=20 step=300 mean_l2=0.01674 std_l2=0.01972
2026-05-15 15:45:39,124 INFO CSMF2.step_1_1_1.run :: epoch=20 step=300/429 train_nll=-3631.513
2026-05-15 15:45:54,464 INFO CSMF2.step_1_1_1.run :: [h] epoch=20 step=350 total=0.04286 batch=0.00000
2026-05-15 15:45:54,464 INFO CSMF2.step_1_1_1.run :: [lat] epoch=20 step=350 mean_l2=0.01425 std_l2=0.02038
2026-05-15 15:45:54,646 INFO CSMF2.step_1_1_1.run :: epoch=20 step=350/429 train_nll=-3632.294
2026-05-15 15:46:10,266 INFO CSMF2.step_1_1_1.run :: [h] epoch=20 step=400 total=0.04295 batch=0.00000
2026-05-15 15:46:10,267 INFO CSMF2.step_1_1_1.run :: [lat] epoch=20 step=400 mean_l2=0.01193 std_l2=0.01763
2026-05-15 15:46:10,444 INFO CSMF2.step_1_1_1.run :: epoch=20 step=400/429 train_nll=-3633.903
2026-05-15 15:46:24,169 INFO CSMF2.step_1_1_1.run :: epoch=20  train_nll=-3634.656  val_nll=-3639.472  t=138.5s
2026-05-15 15:46:24,169 INFO CSMF2.step_1_1_1.run :: [h_std] total=0.04330 batch=0.00000 (no penalty)
2026-05-15 15:46:24,169 INFO CSMF2.step_1_1_1.run :: [lat_epoch] mean_l2=0.01716 std_l2=0.02098 lambda=10.000
2026-05-15 15:46:24,169 INFO CSMF2.step_1_1_1.run :: [grad] cond=17.4117 film_gain=0.0000
2026-05-15 15:46:42,311 INFO CSMF2.step_1_1_1.run :: [h] epoch=21 step=50 total=0.04301 batch=0.00000
2026-05-15 15:46:42,312 INFO CSMF2.step_1_1_1.run :: [lat] epoch=21 step=50 mean_l2=0.01539 std_l2=0.01940
2026-05-15 15:46:42,490 INFO CSMF2.step_1_1_1.run :: epoch=21 step=50/429 train_nll=-3647.325
2026-05-15 15:46:57,572 INFO CSMF2.step_1_1_1.run :: [h] epoch=21 step=100 total=0.04304 batch=0.00000
2026-05-15 15:46:57,573 INFO CSMF2.step_1_1_1.run :: [lat] epoch=21 step=100 mean_l2=0.01492 std_l2=0.02028
2026-05-15 15:46:57,797 INFO CSMF2.step_1_1_1.run :: epoch=21 step=100/429 train_nll=-3646.247
2026-05-15 15:47:13,232 INFO CSMF2.step_1_1_1.run :: [h] epoch=21 step=150 total=0.04313 batch=0.00000
2026-05-15 15:47:13,232 INFO CSMF2.step_1_1_1.run :: [lat] epoch=21 step=150 mean_l2=0.01937 std_l2=0.01959
2026-05-15 15:47:13,420 INFO CSMF2.step_1_1_1.run :: epoch=21 step=150/429 train_nll=-3644.815
2026-05-15 15:47:28,890 INFO CSMF2.step_1_1_1.run :: [h] epoch=21 step=200 total=0.04236 batch=0.00000
2026-05-15 15:47:28,890 INFO CSMF2.step_1_1_1.run :: [lat] epoch=21 step=200 mean_l2=0.02182 std_l2=0.02012
2026-05-15 15:47:29,068 INFO CSMF2.step_1_1_1.run :: epoch=21 step=200/429 train_nll=-3639.735
2026-05-15 15:47:44,800 INFO CSMF2.step_1_1_1.run :: [h] epoch=21 step=250 total=0.04189 batch=0.00000
2026-05-15 15:47:44,800 INFO CSMF2.step_1_1_1.run :: [lat] epoch=21 step=250 mean_l2=0.02009 std_l2=0.02063
2026-05-15 15:47:45,023 INFO CSMF2.step_1_1_1.run :: epoch=21 step=250/429 train_nll=-3631.035
2026-05-15 15:48:00,678 INFO CSMF2.step_1_1_1.run :: [h] epoch=21 step=300 total=0.04236 batch=0.00000
2026-05-15 15:48:00,679 INFO CSMF2.step_1_1_1.run :: [lat] epoch=21 step=300 mean_l2=0.01410 std_l2=0.01914
2026-05-15 15:48:00,858 INFO CSMF2.step_1_1_1.run :: epoch=21 step=300/429 train_nll=-3631.972
2026-05-15 15:48:16,231 INFO CSMF2.step_1_1_1.run :: [h] epoch=21 step=350 total=0.04204 batch=0.00000
2026-05-15 15:48:16,232 INFO CSMF2.step_1_1_1.run :: [lat] epoch=21 step=350 mean_l2=0.05061 std_l2=0.03630
2026-05-15 15:48:16,458 INFO CSMF2.step_1_1_1.run :: epoch=21 step=350/429 train_nll=-3632.426
2026-05-15 15:48:31,702 INFO CSMF2.step_1_1_1.run :: [h] epoch=21 step=400 total=0.04176 batch=0.00000
2026-05-15 15:48:31,702 INFO CSMF2.step_1_1_1.run :: [lat] epoch=21 step=400 mean_l2=0.02338 std_l2=0.02229
2026-05-15 15:48:31,878 INFO CSMF2.step_1_1_1.run :: epoch=21 step=400/429 train_nll=-3628.344
2026-05-15 15:48:45,556 INFO CSMF2.step_1_1_1.run :: epoch=21  train_nll=-3627.340  val_nll=-3628.306  t=138.4s
2026-05-15 15:48:45,556 INFO CSMF2.step_1_1_1.run :: [h_std] total=0.04256 batch=0.00000 (no penalty)
2026-05-15 15:48:45,556 INFO CSMF2.step_1_1_1.run :: [lat_epoch] mean_l2=0.02085 std_l2=0.02207 lambda=10.000
2026-05-15 15:48:45,556 INFO CSMF2.step_1_1_1.run :: [grad] cond=14.2101 film_gain=0.0000
2026-05-15 15:49:04,136 INFO CSMF2.step_1_1_1.run :: [h] epoch=22 step=50 total=0.04181 batch=0.00000
2026-05-15 15:49:04,137 INFO CSMF2.step_1_1_1.run :: [lat] epoch=22 step=50 mean_l2=0.01217 std_l2=0.02027
2026-05-15 15:49:04,314 INFO CSMF2.step_1_1_1.run :: epoch=22 step=50/429 train_nll=-3640.493
2026-05-15 15:49:19,653 INFO CSMF2.step_1_1_1.run :: [h] epoch=22 step=100 total=0.04199 batch=0.00000
2026-05-15 15:49:19,654 INFO CSMF2.step_1_1_1.run :: [lat] epoch=22 step=100 mean_l2=0.01198 std_l2=0.01875
2026-05-15 15:49:19,874 INFO CSMF2.step_1_1_1.run :: epoch=22 step=100/429 train_nll=-3642.903
2026-05-15 15:49:35,427 INFO CSMF2.step_1_1_1.run :: [h] epoch=22 step=150 total=0.04210 batch=0.00000
2026-05-15 15:49:35,428 INFO CSMF2.step_1_1_1.run :: [lat] epoch=22 step=150 mean_l2=0.01342 std_l2=0.02058
2026-05-15 15:49:35,652 INFO CSMF2.step_1_1_1.run :: epoch=22 step=150/429 train_nll=-3643.652
2026-05-15 15:49:51,034 INFO CSMF2.step_1_1_1.run :: [h] epoch=22 step=200 total=0.04211 batch=0.00000
2026-05-15 15:49:51,034 INFO CSMF2.step_1_1_1.run :: [lat] epoch=22 step=200 mean_l2=0.01457 std_l2=0.01882
2026-05-15 15:49:51,213 INFO CSMF2.step_1_1_1.run :: epoch=22 step=200/429 train_nll=-3643.953
2026-05-15 15:50:06,544 INFO CSMF2.step_1_1_1.run :: [h] epoch=22 step=250 total=0.04193 batch=0.00000
2026-05-15 15:50:06,545 INFO CSMF2.step_1_1_1.run :: [lat] epoch=22 step=250 mean_l2=0.01372 std_l2=0.02164
2026-05-15 15:50:06,724 INFO CSMF2.step_1_1_1.run :: epoch=22 step=250/429 train_nll=-3644.561
2026-05-15 15:50:21,921 INFO CSMF2.step_1_1_1.run :: [h] epoch=22 step=300 total=0.04208 batch=0.00000
2026-05-15 15:50:21,922 INFO CSMF2.step_1_1_1.run :: [lat] epoch=22 step=300 mean_l2=0.01462 std_l2=0.01970
2026-05-15 15:50:22,100 INFO CSMF2.step_1_1_1.run :: epoch=22 step=300/429 train_nll=-3644.655
2026-05-15 15:50:37,464 INFO CSMF2.step_1_1_1.run :: [h] epoch=22 step=350 total=0.04196 batch=0.00000
2026-05-15 15:50:37,464 INFO CSMF2.step_1_1_1.run :: [lat] epoch=22 step=350 mean_l2=0.01331 std_l2=0.02073
2026-05-15 15:50:37,645 INFO CSMF2.step_1_1_1.run :: epoch=22 step=350/429 train_nll=-3645.435
2026-05-15 15:50:53,274 INFO CSMF2.step_1_1_1.run :: [h] epoch=22 step=400 total=0.04145 batch=0.00000
2026-05-15 15:50:53,275 INFO CSMF2.step_1_1_1.run :: [lat] epoch=22 step=400 mean_l2=0.02445 std_l2=0.02641
2026-05-15 15:50:53,495 INFO CSMF2.step_1_1_1.run :: epoch=22 step=400/429 train_nll=-3641.270
2026-05-15 15:51:07,546 INFO CSMF2.step_1_1_1.run :: epoch=22  train_nll=-3638.151  val_nll=-3606.022  t=138.8s
2026-05-15 15:51:07,546 INFO CSMF2.step_1_1_1.run :: [h_std] total=0.04198 batch=0.00000 (no penalty)
2026-05-15 15:51:07,546 INFO CSMF2.step_1_1_1.run :: [lat_epoch] mean_l2=0.01708 std_l2=0.02094 lambda=10.000
2026-05-15 15:51:07,546 INFO CSMF2.step_1_1_1.run :: [grad] cond=24.4458 film_gain=0.0000
2026-05-15 15:51:26,142 INFO CSMF2.step_1_1_1.run :: [h] epoch=23 step=50 total=0.04126 batch=0.00000
2026-05-15 15:51:26,143 INFO CSMF2.step_1_1_1.run :: [lat] epoch=23 step=50 mean_l2=0.01409 std_l2=0.02128
2026-05-15 15:51:26,367 INFO CSMF2.step_1_1_1.run :: epoch=23 step=50/429 train_nll=-3631.944
2026-05-15 15:51:41,863 INFO CSMF2.step_1_1_1.run :: [h] epoch=23 step=100 total=0.04157 batch=0.00000
2026-05-15 15:51:41,863 INFO CSMF2.step_1_1_1.run :: [lat] epoch=23 step=100 mean_l2=0.01383 std_l2=0.01724
2026-05-15 15:51:42,041 INFO CSMF2.step_1_1_1.run :: epoch=23 step=100/429 train_nll=-3637.386
2026-05-15 15:51:57,213 INFO CSMF2.step_1_1_1.run :: [h] epoch=23 step=150 total=0.04181 batch=0.00000
2026-05-15 15:51:57,214 INFO CSMF2.step_1_1_1.run :: [lat] epoch=23 step=150 mean_l2=0.01255 std_l2=0.01850
2026-05-15 15:51:57,392 INFO CSMF2.step_1_1_1.run :: epoch=23 step=150/429 train_nll=-3640.093
2026-05-15 15:52:12,811 INFO CSMF2.step_1_1_1.run :: [h] epoch=23 step=200 total=0.04147 batch=0.00000
2026-05-15 15:52:12,812 INFO CSMF2.step_1_1_1.run :: [lat] epoch=23 step=200 mean_l2=0.01173 std_l2=0.01993
2026-05-15 15:52:12,990 INFO CSMF2.step_1_1_1.run :: epoch=23 step=200/429 train_nll=-3642.443
2026-05-15 15:52:28,587 INFO CSMF2.step_1_1_1.run :: [h] epoch=23 step=250 total=0.04135 batch=0.00000
2026-05-15 15:52:28,588 INFO CSMF2.step_1_1_1.run :: [lat] epoch=23 step=250 mean_l2=0.01332 std_l2=0.01954
2026-05-15 15:52:28,812 INFO CSMF2.step_1_1_1.run :: epoch=23 step=250/429 train_nll=-3643.922
2026-05-15 15:52:44,224 INFO CSMF2.step_1_1_1.run :: [h] epoch=23 step=300 total=0.04165 batch=0.00000
2026-05-15 15:52:44,224 INFO CSMF2.step_1_1_1.run :: [lat] epoch=23 step=300 mean_l2=0.01392 std_l2=0.01976
2026-05-15 15:52:44,403 INFO CSMF2.step_1_1_1.run :: epoch=23 step=300/429 train_nll=-3644.544
2026-05-15 15:52:59,593 INFO CSMF2.step_1_1_1.run :: [h] epoch=23 step=350 total=0.04137 batch=0.00000
2026-05-15 15:52:59,594 INFO CSMF2.step_1_1_1.run :: [lat] epoch=23 step=350 mean_l2=0.01426 std_l2=0.01998
2026-05-15 15:52:59,771 INFO CSMF2.step_1_1_1.run :: epoch=23 step=350/429 train_nll=-3645.005
2026-05-15 15:53:15,004 INFO CSMF2.step_1_1_1.run :: [h] epoch=23 step=400 total=0.04140 batch=0.00000
2026-05-15 15:53:15,004 INFO CSMF2.step_1_1_1.run :: [lat] epoch=23 step=400 mean_l2=0.01381 std_l2=0.01984
2026-05-15 15:53:15,184 INFO CSMF2.step_1_1_1.run :: epoch=23 step=400/429 train_nll=-3645.981
2026-05-15 15:53:29,209 INFO CSMF2.step_1_1_1.run :: epoch=23  train_nll=-3645.624  val_nll=-3642.189  t=138.5s
2026-05-15 15:53:29,209 INFO CSMF2.step_1_1_1.run :: [h_std] total=0.04152 batch=0.00000 (no penalty)
2026-05-15 15:53:29,209 INFO CSMF2.step_1_1_1.run :: [lat_epoch] mean_l2=0.01453 std_l2=0.01979 lambda=10.000
2026-05-15 15:53:29,209 INFO CSMF2.step_1_1_1.run :: [grad] cond=23.6848 film_gain=0.0000
2026-05-15 15:53:47,452 INFO CSMF2.step_1_1_1.run :: [h] epoch=24 step=50 total=0.04132 batch=0.00000
2026-05-15 15:53:47,453 INFO CSMF2.step_1_1_1.run :: [lat] epoch=24 step=50 mean_l2=0.01282 std_l2=0.01686
2026-05-15 15:53:47,632 INFO CSMF2.step_1_1_1.run :: epoch=24 step=50/429 train_nll=-3650.271
2026-05-15 15:54:03,051 INFO CSMF2.step_1_1_1.run :: [h] epoch=24 step=100 total=0.04150 batch=0.00000
2026-05-15 15:54:03,051 INFO CSMF2.step_1_1_1.run :: [lat] epoch=24 step=100 mean_l2=0.01698 std_l2=0.02019
2026-05-15 15:54:03,274 INFO CSMF2.step_1_1_1.run :: epoch=24 step=100/429 train_nll=-3649.392
2026-05-15 15:54:18,841 INFO CSMF2.step_1_1_1.run :: [h] epoch=24 step=150 total=0.04088 batch=0.00000
2026-05-15 15:54:18,841 INFO CSMF2.step_1_1_1.run :: [lat] epoch=24 step=150 mean_l2=0.01948 std_l2=0.02419
2026-05-15 15:54:19,024 INFO CSMF2.step_1_1_1.run :: epoch=24 step=150/429 train_nll=-3639.153
2026-05-15 15:54:34,810 INFO CSMF2.step_1_1_1.run :: [h] epoch=24 step=200 total=0.04112 batch=0.00000
2026-05-15 15:54:34,811 INFO CSMF2.step_1_1_1.run :: [lat] epoch=24 step=200 mean_l2=0.01261 std_l2=0.01886
2026-05-15 15:54:34,986 INFO CSMF2.step_1_1_1.run :: epoch=24 step=200/429 train_nll=-3640.176
2026-05-15 15:54:50,348 INFO CSMF2.step_1_1_1.run :: [h] epoch=24 step=250 total=0.04064 batch=0.00000
2026-05-15 15:54:50,349 INFO CSMF2.step_1_1_1.run :: [lat] epoch=24 step=250 mean_l2=0.01582 std_l2=0.02030
2026-05-15 15:54:50,575 INFO CSMF2.step_1_1_1.run :: epoch=24 step=250/429 train_nll=-3639.937
2026-05-15 15:55:06,081 INFO CSMF2.step_1_1_1.run :: [h] epoch=24 step=300 total=0.04104 batch=0.00000
2026-05-15 15:55:06,081 INFO CSMF2.step_1_1_1.run :: [lat] epoch=24 step=300 mean_l2=0.01498 std_l2=0.02126
2026-05-15 15:55:06,259 INFO CSMF2.step_1_1_1.run :: epoch=24 step=300/429 train_nll=-3640.994
2026-05-15 15:55:21,946 INFO CSMF2.step_1_1_1.run :: [h] epoch=24 step=350 total=0.04039 batch=0.00000
2026-05-15 15:55:21,947 INFO CSMF2.step_1_1_1.run :: [lat] epoch=24 step=350 mean_l2=0.02161 std_l2=0.03054
2026-05-15 15:55:22,127 INFO CSMF2.step_1_1_1.run :: epoch=24 step=350/429 train_nll=-3636.095
2026-05-15 15:55:37,684 INFO CSMF2.step_1_1_1.run :: [h] epoch=24 step=400 total=0.04024 batch=0.00000
2026-05-15 15:55:37,685 INFO CSMF2.step_1_1_1.run :: [lat] epoch=24 step=400 mean_l2=0.01363 std_l2=0.02206
2026-05-15 15:55:37,907 INFO CSMF2.step_1_1_1.run :: epoch=24 step=400/429 train_nll=-3635.028
2026-05-15 15:55:51,766 INFO CSMF2.step_1_1_1.run :: epoch=24  train_nll=-3635.642  val_nll=-3642.662  t=139.5s
2026-05-15 15:55:51,766 INFO CSMF2.step_1_1_1.run :: [h_std] total=0.04107 batch=0.00000 (no penalty)
2026-05-15 15:55:51,766 INFO CSMF2.step_1_1_1.run :: [lat_epoch] mean_l2=0.01863 std_l2=0.02152 lambda=10.000
2026-05-15 15:55:51,766 INFO CSMF2.step_1_1_1.run :: [grad] cond=17.6874 film_gain=0.0000
2026-05-15 15:56:10,078 INFO CSMF2.step_1_1_1.run :: [h] epoch=25 step=50 total=0.04061 batch=0.00000
2026-05-15 15:56:10,078 INFO CSMF2.step_1_1_1.run :: [lat] epoch=25 step=50 mean_l2=0.01475 std_l2=0.01721
2026-05-15 15:56:10,254 INFO CSMF2.step_1_1_1.run :: epoch=25 step=50/429 train_nll=-3650.525
2026-05-15 15:56:25,450 INFO CSMF2.step_1_1_1.run :: [h] epoch=25 step=100 total=0.04054 batch=0.00000
2026-05-15 15:56:25,451 INFO CSMF2.step_1_1_1.run :: [lat] epoch=25 step=100 mean_l2=0.01280 std_l2=0.01692
2026-05-15 15:56:25,623 INFO CSMF2.step_1_1_1.run :: epoch=25 step=100/429 train_nll=-3649.651
2026-05-15 15:56:40,978 INFO CSMF2.step_1_1_1.run :: [h] epoch=25 step=150 total=0.04069 batch=0.00000
2026-05-15 15:56:40,978 INFO CSMF2.step_1_1_1.run :: [lat] epoch=25 step=150 mean_l2=0.01968 std_l2=0.02702
2026-05-15 15:56:41,155 INFO CSMF2.step_1_1_1.run :: epoch=25 step=150/429 train_nll=-3647.301
2026-05-15 15:56:56,670 INFO CSMF2.step_1_1_1.run :: [h] epoch=25 step=200 total=0.04019 batch=0.00000
2026-05-15 15:56:56,670 INFO CSMF2.step_1_1_1.run :: [lat] epoch=25 step=200 mean_l2=0.01824 std_l2=0.02291
2026-05-15 15:56:56,847 INFO CSMF2.step_1_1_1.run :: epoch=25 step=200/429 train_nll=-3641.511
2026-05-15 15:57:12,343 INFO CSMF2.step_1_1_1.run :: [h] epoch=25 step=250 total=0.04028 batch=0.00000
2026-05-15 15:57:12,344 INFO CSMF2.step_1_1_1.run :: [lat] epoch=25 step=250 mean_l2=0.01185 std_l2=0.01804
2026-05-15 15:57:12,521 INFO CSMF2.step_1_1_1.run :: epoch=25 step=250/429 train_nll=-3642.234
2026-05-15 15:57:28,354 INFO CSMF2.step_1_1_1.run :: [h] epoch=25 step=300 total=0.04035 batch=0.00000
2026-05-15 15:57:28,355 INFO CSMF2.step_1_1_1.run :: [lat] epoch=25 step=300 mean_l2=0.01261 std_l2=0.01913
2026-05-15 15:57:28,577 INFO CSMF2.step_1_1_1.run :: epoch=25 step=300/429 train_nll=-3643.807
2026-05-15 15:57:43,829 INFO CSMF2.step_1_1_1.run :: [h] epoch=25 step=350 total=0.04033 batch=0.00000
2026-05-15 15:57:43,830 INFO CSMF2.step_1_1_1.run :: [lat] epoch=25 step=350 mean_l2=0.01372 std_l2=0.02030
2026-05-15 15:57:44,006 INFO CSMF2.step_1_1_1.run :: epoch=25 step=350/429 train_nll=-3644.974
2026-05-15 15:57:59,286 INFO CSMF2.step_1_1_1.run :: [h] epoch=25 step=400 total=0.04030 batch=0.00000
2026-05-15 15:57:59,287 INFO CSMF2.step_1_1_1.run :: [lat] epoch=25 step=400 mean_l2=0.01274 std_l2=0.01871
2026-05-15 15:57:59,509 INFO CSMF2.step_1_1_1.run :: epoch=25 step=400/429 train_nll=-3646.473
2026-05-15 15:58:13,460 INFO CSMF2.step_1_1_1.run :: epoch=25  train_nll=-3647.036  val_nll=-3646.884  t=138.6s
2026-05-15 15:58:13,460 INFO CSMF2.step_1_1_1.run :: [h_std] total=0.04043 batch=0.00000 (no penalty)
2026-05-15 15:58:13,460 INFO CSMF2.step_1_1_1.run :: [lat_epoch] mean_l2=0.01518 std_l2=0.02001 lambda=10.000
2026-05-15 15:58:13,461 INFO CSMF2.step_1_1_1.run :: [grad] cond=111.6862 film_gain=0.0000
2026-05-15 15:58:31,699 INFO CSMF2.step_1_1_1.run :: [h] epoch=26 step=50 total=0.04017 batch=0.00000
2026-05-15 15:58:31,700 INFO CSMF2.step_1_1_1.run :: [lat] epoch=26 step=50 mean_l2=0.01562 std_l2=0.02001
2026-05-15 15:58:31,877 INFO CSMF2.step_1_1_1.run :: epoch=26 step=50/429 train_nll=-3652.683
2026-05-15 15:58:47,258 INFO CSMF2.step_1_1_1.run :: [h] epoch=26 step=100 total=0.04018 batch=0.00000
2026-05-15 15:58:47,259 INFO CSMF2.step_1_1_1.run :: [lat] epoch=26 step=100 mean_l2=0.01601 std_l2=0.02019
2026-05-15 15:58:47,484 INFO CSMF2.step_1_1_1.run :: epoch=26 step=100/429 train_nll=-3645.714
2026-05-15 15:59:03,337 INFO CSMF2.step_1_1_1.run :: [h] epoch=26 step=150 total=0.04016 batch=0.00000
2026-05-15 15:59:03,337 INFO CSMF2.step_1_1_1.run :: [lat] epoch=26 step=150 mean_l2=0.01307 std_l2=0.02053
2026-05-15 15:59:03,561 INFO CSMF2.step_1_1_1.run :: epoch=26 step=150/429 train_nll=-3646.844
2026-05-15 15:59:19,033 INFO CSMF2.step_1_1_1.run :: [h] epoch=26 step=200 total=0.04024 batch=0.00000
2026-05-15 15:59:19,034 INFO CSMF2.step_1_1_1.run :: [lat] epoch=26 step=200 mean_l2=0.01399 std_l2=0.01973
2026-05-15 15:59:19,213 INFO CSMF2.step_1_1_1.run :: epoch=26 step=200/429 train_nll=-3648.702
2026-05-15 15:59:34,762 INFO CSMF2.step_1_1_1.run :: [h] epoch=26 step=250 total=0.04006 batch=0.00000
2026-05-15 15:59:34,763 INFO CSMF2.step_1_1_1.run :: [lat] epoch=26 step=250 mean_l2=0.01889 std_l2=0.02137
2026-05-15 15:59:34,987 INFO CSMF2.step_1_1_1.run :: epoch=26 step=250/429 train_nll=-3648.507
2026-05-15 15:59:50,784 INFO CSMF2.step_1_1_1.run :: [h] epoch=26 step=300 total=0.03994 batch=0.00000
2026-05-15 15:59:50,785 INFO CSMF2.step_1_1_1.run :: [lat] epoch=26 step=300 mean_l2=0.01370 std_l2=0.02050
2026-05-15 15:59:50,967 INFO CSMF2.step_1_1_1.run :: epoch=26 step=300/429 train_nll=-3646.594
2026-05-15 16:00:06,458 INFO CSMF2.step_1_1_1.run :: [h] epoch=26 step=350 total=0.03973 batch=0.00000
2026-05-15 16:00:06,458 INFO CSMF2.step_1_1_1.run :: [lat] epoch=26 step=350 mean_l2=0.01953 std_l2=0.02474
2026-05-15 16:00:06,637 INFO CSMF2.step_1_1_1.run :: epoch=26 step=350/429 train_nll=-3646.474
2026-05-15 16:00:22,145 INFO CSMF2.step_1_1_1.run :: [h] epoch=26 step=400 total=0.03951 batch=0.00000
2026-05-15 16:00:22,146 INFO CSMF2.step_1_1_1.run :: [lat] epoch=26 step=400 mean_l2=0.01286 std_l2=0.01916
2026-05-15 16:00:22,324 INFO CSMF2.step_1_1_1.run :: epoch=26 step=400/429 train_nll=-3644.251
2026-05-15 16:00:36,355 INFO CSMF2.step_1_1_1.run :: epoch=26  train_nll=-3644.431  val_nll=-3644.483  t=139.8s
2026-05-15 16:00:36,355 INFO CSMF2.step_1_1_1.run :: [h_std] total=0.04001 batch=0.00000 (no penalty)
2026-05-15 16:00:36,355 INFO CSMF2.step_1_1_1.run :: [lat_epoch] mean_l2=0.01693 std_l2=0.02066 lambda=10.000
2026-05-15 16:00:36,355 INFO CSMF2.step_1_1_1.run :: [grad] cond=74.7749 film_gain=0.0000
2026-05-15 16:00:54,481 INFO CSMF2.step_1_1_1.run :: [h] epoch=27 step=50 total=0.03945 batch=0.00000
2026-05-15 16:00:54,482 INFO CSMF2.step_1_1_1.run :: [lat] epoch=27 step=50 mean_l2=0.01403 std_l2=0.01799
2026-05-15 16:00:54,661 INFO CSMF2.step_1_1_1.run :: epoch=27 step=50/429 train_nll=-3651.939
2026-05-15 16:01:10,142 INFO CSMF2.step_1_1_1.run :: [h] epoch=27 step=100 total=0.03953 batch=0.00000
2026-05-15 16:01:10,143 INFO CSMF2.step_1_1_1.run :: [lat] epoch=27 step=100 mean_l2=0.01430 std_l2=0.01853
2026-05-15 16:01:10,367 INFO CSMF2.step_1_1_1.run :: epoch=27 step=100/429 train_nll=-3652.201
2026-05-15 16:01:25,604 INFO CSMF2.step_1_1_1.run :: [h] epoch=27 step=150 total=0.03952 batch=0.00000
2026-05-15 16:01:25,605 INFO CSMF2.step_1_1_1.run :: [lat] epoch=27 step=150 mean_l2=0.01374 std_l2=0.01885
2026-05-15 16:01:25,784 INFO CSMF2.step_1_1_1.run :: epoch=27 step=150/429 train_nll=-3650.496
2026-05-15 16:01:40,983 INFO CSMF2.step_1_1_1.run :: [h] epoch=27 step=200 total=0.03960 batch=0.00000
2026-05-15 16:01:40,983 INFO CSMF2.step_1_1_1.run :: [lat] epoch=27 step=200 mean_l2=0.01487 std_l2=0.02126
2026-05-15 16:01:41,162 INFO CSMF2.step_1_1_1.run :: epoch=27 step=200/429 train_nll=-3651.447
2026-05-15 16:01:56,625 INFO CSMF2.step_1_1_1.run :: [h] epoch=27 step=250 total=0.03941 batch=0.00000
2026-05-15 16:01:56,626 INFO CSMF2.step_1_1_1.run :: [lat] epoch=27 step=250 mean_l2=0.01270 std_l2=0.01955
2026-05-15 16:01:56,806 INFO CSMF2.step_1_1_1.run :: epoch=27 step=250/429 train_nll=-3651.943
2026-05-15 16:02:12,363 INFO CSMF2.step_1_1_1.run :: [h] epoch=27 step=300 total=0.03926 batch=0.00000
2026-05-15 16:02:12,363 INFO CSMF2.step_1_1_1.run :: [lat] epoch=27 step=300 mean_l2=0.01805 std_l2=0.02397
2026-05-15 16:02:12,542 INFO CSMF2.step_1_1_1.run :: epoch=27 step=300/429 train_nll=-3649.722
2026-05-15 16:02:28,179 INFO CSMF2.step_1_1_1.run :: [h] epoch=27 step=350 total=0.03925 batch=0.00000
2026-05-15 16:02:28,179 INFO CSMF2.step_1_1_1.run :: [lat] epoch=27 step=350 mean_l2=0.01912 std_l2=0.02307
2026-05-15 16:02:28,358 INFO CSMF2.step_1_1_1.run :: epoch=27 step=350/429 train_nll=-3648.333
2026-05-15 16:02:43,838 INFO CSMF2.step_1_1_1.run :: [h] epoch=27 step=400 total=0.03905 batch=0.00000
2026-05-15 16:02:43,838 INFO CSMF2.step_1_1_1.run :: [lat] epoch=27 step=400 mean_l2=0.01342 std_l2=0.01848
2026-05-15 16:02:44,016 INFO CSMF2.step_1_1_1.run :: epoch=27 step=400/429 train_nll=-3649.116
2026-05-15 16:02:58,019 INFO CSMF2.step_1_1_1.run :: epoch=27  train_nll=-3648.584  val_nll=-3625.916  t=138.6s
2026-05-15 16:02:58,019 INFO CSMF2.step_1_1_1.run :: [h_std] total=0.03940 batch=0.00000 (no penalty)
2026-05-15 16:02:58,019 INFO CSMF2.step_1_1_1.run :: [lat_epoch] mean_l2=0.01590 std_l2=0.02037 lambda=10.000
2026-05-15 16:02:58,020 INFO CSMF2.step_1_1_1.run :: [grad] cond=37.2422 film_gain=0.0000
2026-05-15 16:03:16,488 INFO CSMF2.step_1_1_1.run :: [h] epoch=28 step=50 total=0.03860 batch=0.00000
2026-05-15 16:03:16,489 INFO CSMF2.step_1_1_1.run :: [lat] epoch=28 step=50 mean_l2=0.02336 std_l2=0.02175
2026-05-15 16:03:16,665 INFO CSMF2.step_1_1_1.run :: epoch=28 step=50/429 train_nll=-3621.280
2026-05-15 16:03:32,273 INFO CSMF2.step_1_1_1.run :: [h] epoch=28 step=100 total=0.03857 batch=0.00000
2026-05-15 16:03:32,274 INFO CSMF2.step_1_1_1.run :: [lat] epoch=28 step=100 mean_l2=0.01745 std_l2=0.02203
2026-05-15 16:03:32,451 INFO CSMF2.step_1_1_1.run :: epoch=28 step=100/429 train_nll=-3624.377
2026-05-15 16:03:48,208 INFO CSMF2.step_1_1_1.run :: [h] epoch=28 step=150 total=0.03851 batch=0.00000
2026-05-15 16:03:48,208 INFO CSMF2.step_1_1_1.run :: [lat] epoch=28 step=150 mean_l2=0.02370 std_l2=0.02443
2026-05-15 16:03:48,386 INFO CSMF2.step_1_1_1.run :: epoch=28 step=150/429 train_nll=-3628.837
2026-05-15 16:04:04,103 INFO CSMF2.step_1_1_1.run :: [h] epoch=28 step=200 total=0.03866 batch=0.00000
2026-05-15 16:04:04,103 INFO CSMF2.step_1_1_1.run :: [lat] epoch=28 step=200 mean_l2=0.01204 std_l2=0.01927
2026-05-15 16:04:04,276 INFO CSMF2.step_1_1_1.run :: epoch=28 step=200/429 train_nll=-3633.168
2026-05-15 16:04:19,561 INFO CSMF2.step_1_1_1.run :: [h] epoch=28 step=250 total=0.03837 batch=0.00000
2026-05-15 16:04:19,561 INFO CSMF2.step_1_1_1.run :: [lat] epoch=28 step=250 mean_l2=0.02469 std_l2=0.01984
2026-05-15 16:04:19,741 INFO CSMF2.step_1_1_1.run :: epoch=28 step=250/429 train_nll=-3637.317
2026-05-15 16:04:35,193 INFO CSMF2.step_1_1_1.run :: [h] epoch=28 step=300 total=0.03847 batch=0.00000
2026-05-15 16:04:35,193 INFO CSMF2.step_1_1_1.run :: [lat] epoch=28 step=300 mean_l2=0.02837 std_l2=0.02635
2026-05-15 16:04:35,371 INFO CSMF2.step_1_1_1.run :: epoch=28 step=300/429 train_nll=-3637.553
2026-05-15 16:04:51,372 INFO CSMF2.step_1_1_1.run :: [h] epoch=28 step=350 total=0.03815 batch=0.00000
2026-05-15 16:04:51,373 INFO CSMF2.step_1_1_1.run :: [lat] epoch=28 step=350 mean_l2=0.01866 std_l2=0.02267
2026-05-15 16:04:51,600 INFO CSMF2.step_1_1_1.run :: epoch=28 step=350/429 train_nll=-3636.462
2026-05-15 16:05:07,351 INFO CSMF2.step_1_1_1.run :: [h] epoch=28 step=400 total=0.03777 batch=0.00000
2026-05-15 16:05:07,351 INFO CSMF2.step_1_1_1.run :: [lat] epoch=28 step=400 mean_l2=0.02369 std_l2=0.02533
2026-05-15 16:05:07,534 INFO CSMF2.step_1_1_1.run :: epoch=28 step=400/429 train_nll=-3636.010
2026-05-15 16:05:21,381 INFO CSMF2.step_1_1_1.run :: epoch=28  train_nll=-3636.225  val_nll=-3638.947  t=140.2s
2026-05-15 16:05:21,381 INFO CSMF2.step_1_1_1.run :: [h_std] total=0.03850 batch=0.00000 (no penalty)
2026-05-15 16:05:21,381 INFO CSMF2.step_1_1_1.run :: [lat_epoch] mean_l2=0.01953 std_l2=0.02209 lambda=10.000
2026-05-15 16:05:21,381 INFO CSMF2.step_1_1_1.run :: [grad] cond=86.0622 film_gain=0.0000
2026-05-15 16:05:40,082 INFO CSMF2.step_1_1_1.run :: [h] epoch=29 step=50 total=0.03792 batch=0.00000
2026-05-15 16:05:40,083 INFO CSMF2.step_1_1_1.run :: [lat] epoch=29 step=50 mean_l2=0.01166 std_l2=0.01905
2026-05-15 16:05:40,265 INFO CSMF2.step_1_1_1.run :: epoch=29 step=50/429 train_nll=-3653.644
2026-05-15 16:05:56,022 INFO CSMF2.step_1_1_1.run :: [h] epoch=29 step=100 total=0.03814 batch=0.00000
2026-05-15 16:05:56,023 INFO CSMF2.step_1_1_1.run :: [lat] epoch=29 step=100 mean_l2=0.01586 std_l2=0.01874
2026-05-15 16:05:56,202 INFO CSMF2.step_1_1_1.run :: epoch=29 step=100/429 train_nll=-3654.457
2026-05-15 16:06:11,768 INFO CSMF2.step_1_1_1.run :: [h] epoch=29 step=150 total=0.03798 batch=0.00000
2026-05-15 16:06:11,769 INFO CSMF2.step_1_1_1.run :: [lat] epoch=29 step=150 mean_l2=0.01265 std_l2=0.01967
2026-05-15 16:06:11,951 INFO CSMF2.step_1_1_1.run :: epoch=29 step=150/429 train_nll=-3653.532
2026-05-15 16:06:27,316 INFO CSMF2.step_1_1_1.run :: [h] epoch=29 step=200 total=0.03807 batch=0.00000
2026-05-15 16:06:27,317 INFO CSMF2.step_1_1_1.run :: [lat] epoch=29 step=200 mean_l2=0.01583 std_l2=0.01856
2026-05-15 16:06:27,501 INFO CSMF2.step_1_1_1.run :: epoch=29 step=200/429 train_nll=-3653.233
2026-05-15 16:06:43,183 INFO CSMF2.step_1_1_1.run :: [h] epoch=29 step=250 total=0.03766 batch=0.00000
2026-05-15 16:06:43,183 INFO CSMF2.step_1_1_1.run :: [lat] epoch=29 step=250 mean_l2=0.01776 std_l2=0.01840
2026-05-15 16:06:43,365 INFO CSMF2.step_1_1_1.run :: epoch=29 step=250/429 train_nll=-3650.846
2026-05-15 16:06:58,949 INFO CSMF2.step_1_1_1.run :: [h] epoch=29 step=300 total=0.03789 batch=0.00000
2026-05-15 16:06:58,949 INFO CSMF2.step_1_1_1.run :: [lat] epoch=29 step=300 mean_l2=0.01223 std_l2=0.01957
2026-05-15 16:06:59,128 INFO CSMF2.step_1_1_1.run :: epoch=29 step=300/429 train_nll=-3651.365
2026-05-15 16:07:14,962 INFO CSMF2.step_1_1_1.run :: [h] epoch=29 step=350 total=0.03796 batch=0.00000
2026-05-15 16:07:14,962 INFO CSMF2.step_1_1_1.run :: [lat] epoch=29 step=350 mean_l2=0.01314 std_l2=0.02032
2026-05-15 16:07:15,142 INFO CSMF2.step_1_1_1.run :: epoch=29 step=350/429 train_nll=-3652.044
2026-05-15 16:07:30,556 INFO CSMF2.step_1_1_1.run :: [h] epoch=29 step=400 total=0.03790 batch=0.00000
2026-05-15 16:07:30,556 INFO CSMF2.step_1_1_1.run :: [lat] epoch=29 step=400 mean_l2=0.02245 std_l2=0.01950
2026-05-15 16:07:30,737 INFO CSMF2.step_1_1_1.run :: epoch=29 step=400/429 train_nll=-3652.239
2026-05-15 16:07:44,799 INFO CSMF2.step_1_1_1.run :: epoch=29  train_nll=-3651.603  val_nll=-3635.447  t=140.2s
2026-05-15 16:07:44,799 INFO CSMF2.step_1_1_1.run :: [h_std] total=0.03794 batch=0.00000 (no penalty)
2026-05-15 16:07:44,799 INFO CSMF2.step_1_1_1.run :: [lat_epoch] mean_l2=0.01515 std_l2=0.01995 lambda=10.000
2026-05-15 16:07:44,799 INFO CSMF2.step_1_1_1.run :: [grad] cond=106.2679 film_gain=0.0000
2026-05-15 16:07:47,932 WARNING CSMF2.step_1_1_1.run :: [exit_gate] fwd_rel=0.900 > target 0.500 (informational; no resume baseline available)
2026-05-15 16:07:57,411 INFO CSMF2.step_1_1_1.run :: [run] FINAL test_nll (sealed 10k) = -3637.550
2026-05-15 16:07:58,097 INFO CSMF2.experiments.step_1_1_1.density_plots :: [plot_latent_density] saved -> CSMF2/experiments/step_1_1_1/results/nsf_s2_n0.10_seed0_da6542bee5d6/plots/latent_density.png  (ks=0.0036, mean=0.006, std=0.987)
2026-05-15 16:07:58,322 INFO CSMF2.experiments.step_1_1_1.density_plots :: [plot_cycle_density] saved -> CSMF2/experiments/step_1_1_1/results/nsf_s2_n0.10_seed0_da6542bee5d6/plots/cycle_density.png  (max|err|=2.332e-04 rms=2.376e-06)
2026-05-15 16:07:58,603 INFO CSMF2.experiments.step_1_1_1.density_plots :: [plot_reconstruction_panel] saved -> CSMF2/experiments/step_1_1_1/results/nsf_s2_n0.10_seed0_da6542bee5d6/plots/reconstruction_panel.png  rms(enc-prior)=1.970
==============================================================
[1mSTEP-1_1_1 RUN SUMMARY[0m
==============================================================
expert: nsf   scale: 2   noise: 0.1   seed: 0   epochs: 30
train NLL:    -3181.87  ->    -3651.60  (Δ = -469.74)
test  NLL:    -3461.55  ->    -3635.45

[1mHARD GATES (halt on fail)[0m
  [32m 30/30  ✓[0m  invertibility FP64 <1e-5
  [32m 30/30  ✓[0m  latent KS vs N(0,1) <0.05
  [33m 19/30  ✗[0m  cycle_max < 1e-12
  [32m 30/30  ✓[0m  h std > 1e-3
  [32m 30/30  ✓[0m  FiLM γ,β std > 1e-3 aggregate
  [32m 30/30  ✓[0m  (y,seed) max|Δh| < 1e-6
  [32m 30/30  ✓[0m  no NaN/Inf this epoch
  [32m  1/1   ✓[0m  numeric log-det (FP64, once)

[1mINFORMATIONAL (logged, non-blocking)[0m
  [33m 28/30  ✗[0m  null-control gap ≥ 0.10
  [31m  0/30  ✗[0m  h_st Δlogp slope > 1e-3
  [32m 30/30  ✓[0m  grad norm > 1e-6
  [32m 30/30  ✓[0m  fwd residual reported
--------------------------------------------------------------
[1mHARD TOTAL: 200/211[0m  (94.8%)
[1mEXIT_CRITERIA_MET:[0m [31mNO[0m
[1mREMEDY HINTS:[0m
  - hard gate failed: cycle_max (cycle_max < 1e-12) -- check epochs [8, 10, 12, 13, 14, 17, 18, 22, 23, 26, 27]
[33mSTEP-1_1_1 SOFT WARNINGS (non-blocking):[0m
  ! fwd_rel=0.900 > target 0.500 (informational; no resume baseline available)
==============================================================
2026-05-15 16:07:58,664 INFO CSMF2.step_1_1_1.run :: STEP-1_1 run DONE  exit_ok=False  out=CSMF2/experiments/step_1_1_1/results/nsf_s2_n0.10_seed0_da6542bee5d6
