2026-05-14 20:40:13,878 INFO CSMF2.step_1_1_1.run :: STEP-1_1 run | tag=nice_s2_n0.10_seed0_86eb29bbc6a0 | cfg=StepCfg(data_root='./mnist_data', scale=2, blur_sigma=1.0, noise_sigma=0.1, batch_size=128, expert='nice', dim=784, cond_width=128, h_dim=256, flow_hidden=256, use_film=True, cache_h=True, use_v2_conditioner=True, film_depth=2, film_hidden=128, film_use_gelu=True, realnvp_n_couplings=6, realnvp_s_max=2.0, glow_n_steps=8, glow_coupling_hidden=256, glow_s_max=2.0, glow_squeeze=True, glow_n_levels=1, glow_image_c=1, glow_image_h=28, glow_image_w=28, glow_film_gain_init=0.3, lr=0.001, epochs=30, weight_decay=0.0, grad_clip=5.0, shuffle_loss_lambda=0.0, shuffle_loss_margin=0.5, h_std_penalty_mu=0.0, h_std_target=0.05, cond_y_residual_alpha_init=0.0, latent_moment_lambda=10.0, latent_ks_target=0.1, fwd_rel_target=0.5, resume_from=None, seed=0, out_root='./CSMF2/experiments/step_1_1_1/results', log_every=50, sanity_every_epoch=True)
2026-05-14 20:40:13,951 INFO CSMF2.step_1_1_1.run :: [run] data sizes: train=55000  val=5000 (per-epoch)  test=10000 (final-only)
2026-05-14 20:40:14,009 INFO CSMF2.step_1_1_1.run :: [y_sanity] y.std(dim=0).mean() = 0.1512  shape=(128, 1, 14, 14)
2026-05-14 20:40:21,690 INFO CSMF2.step_1_1_1.run :: [h] epoch=0 step=50 total=0.06362 batch=0.00162
2026-05-14 20:40:21,690 INFO CSMF2.step_1_1_1.run :: [lat] epoch=0 step=50 mean_l2=0.03829 std_l2=2.48516
2026-05-14 20:40:21,756 INFO CSMF2.step_1_1_1.run :: epoch=0 step=50/429 train_nll=-528.180
2026-05-14 20:40:29,597 INFO CSMF2.step_1_1_1.run :: [h] epoch=0 step=100 total=0.21490 batch=0.00664
2026-05-14 20:40:29,597 INFO CSMF2.step_1_1_1.run :: [lat] epoch=0 step=100 mean_l2=0.03311 std_l2=0.66291
2026-05-14 20:40:29,663 INFO CSMF2.step_1_1_1.run :: epoch=0 step=100/429 train_nll=-757.306
2026-05-14 20:40:37,429 INFO CSMF2.step_1_1_1.run :: [h] epoch=0 step=150 total=0.25295 batch=0.00736
2026-05-14 20:40:37,430 INFO CSMF2.step_1_1_1.run :: [lat] epoch=0 step=150 mean_l2=0.03288 std_l2=0.48864
2026-05-14 20:40:37,496 INFO CSMF2.step_1_1_1.run :: epoch=0 step=150/429 train_nll=-873.179
2026-05-14 20:40:45,473 INFO CSMF2.step_1_1_1.run :: [h] epoch=0 step=200 total=0.30325 batch=0.00754
2026-05-14 20:40:45,474 INFO CSMF2.step_1_1_1.run :: [lat] epoch=0 step=200 mean_l2=0.02970 std_l2=0.39610
2026-05-14 20:40:45,539 INFO CSMF2.step_1_1_1.run :: epoch=0 step=200/429 train_nll=-947.045
2026-05-14 20:40:53,424 INFO CSMF2.step_1_1_1.run :: [h] epoch=0 step=250 total=0.31011 batch=0.00643
2026-05-14 20:40:53,425 INFO CSMF2.step_1_1_1.run :: [lat] epoch=0 step=250 mean_l2=0.02529 std_l2=0.38342
2026-05-14 20:40:53,502 INFO CSMF2.step_1_1_1.run :: epoch=0 step=250/429 train_nll=-1000.703
2026-05-14 20:41:01,295 INFO CSMF2.step_1_1_1.run :: [h] epoch=0 step=300 total=0.30063 batch=0.00537
2026-05-14 20:41:01,296 INFO CSMF2.step_1_1_1.run :: [lat] epoch=0 step=300 mean_l2=0.02471 std_l2=0.35510
2026-05-14 20:41:01,362 INFO CSMF2.step_1_1_1.run :: epoch=0 step=300/429 train_nll=-1042.543
2026-05-14 20:41:09,210 INFO CSMF2.step_1_1_1.run :: [h] epoch=0 step=350 total=0.31716 batch=0.00487
2026-05-14 20:41:09,210 INFO CSMF2.step_1_1_1.run :: [lat] epoch=0 step=350 mean_l2=0.01936 std_l2=0.35746
2026-05-14 20:41:09,276 INFO CSMF2.step_1_1_1.run :: epoch=0 step=350/429 train_nll=-1076.546
2026-05-14 20:41:17,145 INFO CSMF2.step_1_1_1.run :: [h] epoch=0 step=400 total=0.32024 batch=0.00528
2026-05-14 20:41:17,145 INFO CSMF2.step_1_1_1.run :: [lat] epoch=0 step=400 mean_l2=0.02450 std_l2=0.38513
2026-05-14 20:41:17,212 INFO CSMF2.step_1_1_1.run :: epoch=0 step=400/429 train_nll=-1105.665
2026-05-14 20:41:25,269 INFO CSMF2.step_1_1_1.run :: epoch=0  train_nll=-1120.827  val_nll=-1343.032  t=71.2s
2026-05-14 20:41:25,269 INFO CSMF2.step_1_1_1.run :: [h_std] total=0.25434 batch=0.00563 (no penalty)
2026-05-14 20:41:25,269 INFO CSMF2.step_1_1_1.run :: [lat_epoch] mean_l2=0.08466 std_l2=1.00078 lambda=10.000
2026-05-14 20:41:25,269 INFO CSMF2.step_1_1_1.run :: [grad] cond=5.2263 film_gain=0.0000
2026-05-14 20:41:36,734 INFO CSMF2.step_1_1_1.run :: [h] epoch=1 step=50 total=0.30861 batch=0.00476
2026-05-14 20:41:36,734 INFO CSMF2.step_1_1_1.run :: [lat] epoch=1 step=50 mean_l2=0.02334 std_l2=0.36669
2026-05-14 20:41:36,799 INFO CSMF2.step_1_1_1.run :: epoch=1 step=50/429 train_nll=-1345.682
2026-05-14 20:41:44,591 INFO CSMF2.step_1_1_1.run :: [h] epoch=1 step=100 total=0.32264 batch=0.00884
2026-05-14 20:41:44,591 INFO CSMF2.step_1_1_1.run :: [lat] epoch=1 step=100 mean_l2=0.02720 std_l2=0.37283
2026-05-14 20:41:44,657 INFO CSMF2.step_1_1_1.run :: epoch=1 step=100/429 train_nll=-1357.009
2026-05-14 20:41:52,503 INFO CSMF2.step_1_1_1.run :: [h] epoch=1 step=150 total=0.31881 batch=0.00872
2026-05-14 20:41:52,504 INFO CSMF2.step_1_1_1.run :: [lat] epoch=1 step=150 mean_l2=0.02124 std_l2=0.34882
2026-05-14 20:41:52,570 INFO CSMF2.step_1_1_1.run :: epoch=1 step=150/429 train_nll=-1368.986
2026-05-14 20:42:00,495 INFO CSMF2.step_1_1_1.run :: [h] epoch=1 step=200 total=0.31364 batch=0.01137
2026-05-14 20:42:00,495 INFO CSMF2.step_1_1_1.run :: [lat] epoch=1 step=200 mean_l2=0.02601 std_l2=0.38633
2026-05-14 20:42:00,563 INFO CSMF2.step_1_1_1.run :: epoch=1 step=200/429 train_nll=-1378.807
2026-05-14 20:42:08,589 INFO CSMF2.step_1_1_1.run :: [h] epoch=1 step=250 total=0.32027 batch=0.01076
2026-05-14 20:42:08,590 INFO CSMF2.step_1_1_1.run :: [lat] epoch=1 step=250 mean_l2=0.04230 std_l2=0.37465
2026-05-14 20:42:08,661 INFO CSMF2.step_1_1_1.run :: epoch=1 step=250/429 train_nll=-1388.886
2026-05-14 20:42:16,835 INFO CSMF2.step_1_1_1.run :: [h] epoch=1 step=300 total=0.31844 batch=0.01488
2026-05-14 20:42:16,836 INFO CSMF2.step_1_1_1.run :: [lat] epoch=1 step=300 mean_l2=0.02791 std_l2=0.33194
2026-05-14 20:42:16,908 INFO CSMF2.step_1_1_1.run :: epoch=1 step=300/429 train_nll=-1398.632
2026-05-14 20:42:25,397 INFO CSMF2.step_1_1_1.run :: [h] epoch=1 step=350 total=0.32499 batch=0.01784
2026-05-14 20:42:25,397 INFO CSMF2.step_1_1_1.run :: [lat] epoch=1 step=350 mean_l2=0.04283 std_l2=0.38370
2026-05-14 20:42:25,472 INFO CSMF2.step_1_1_1.run :: epoch=1 step=350/429 train_nll=-1408.391
2026-05-14 20:42:33,698 INFO CSMF2.step_1_1_1.run :: [h] epoch=1 step=400 total=0.32644 batch=0.02394
2026-05-14 20:42:33,698 INFO CSMF2.step_1_1_1.run :: [lat] epoch=1 step=400 mean_l2=0.04964 std_l2=0.36700
2026-05-14 20:42:33,772 INFO CSMF2.step_1_1_1.run :: epoch=1 step=400/429 train_nll=-1417.269
2026-05-14 20:42:42,026 INFO CSMF2.step_1_1_1.run :: epoch=1  train_nll=-1422.421  val_nll=-1499.345  t=72.9s
2026-05-14 20:42:42,026 INFO CSMF2.step_1_1_1.run :: [h_std] total=0.32027 batch=0.01264 (no penalty)
2026-05-14 20:42:42,026 INFO CSMF2.step_1_1_1.run :: [lat_epoch] mean_l2=0.03161 std_l2=0.36814 lambda=10.000
2026-05-14 20:42:42,026 INFO CSMF2.step_1_1_1.run :: [grad] cond=17.2480 film_gain=0.0000
2026-05-14 20:42:53,729 INFO CSMF2.step_1_1_1.run :: [h] epoch=2 step=50 total=0.32020 batch=0.03798
2026-05-14 20:42:53,730 INFO CSMF2.step_1_1_1.run :: [lat] epoch=2 step=50 mean_l2=0.05871 std_l2=0.36200
2026-05-14 20:42:53,819 INFO CSMF2.step_1_1_1.run :: epoch=2 step=50/429 train_nll=-1503.946
2026-05-14 20:43:02,106 INFO CSMF2.step_1_1_1.run :: [h] epoch=2 step=100 total=0.32690 batch=0.05114
2026-05-14 20:43:02,106 INFO CSMF2.step_1_1_1.run :: [lat] epoch=2 step=100 mean_l2=0.02370 std_l2=0.35415
2026-05-14 20:43:02,177 INFO CSMF2.step_1_1_1.run :: epoch=2 step=100/429 train_nll=-1511.258
2026-05-14 20:43:10,409 INFO CSMF2.step_1_1_1.run :: [h] epoch=2 step=150 total=0.32799 batch=0.04688
2026-05-14 20:43:10,409 INFO CSMF2.step_1_1_1.run :: [lat] epoch=2 step=150 mean_l2=0.04041 std_l2=0.32429
2026-05-14 20:43:10,480 INFO CSMF2.step_1_1_1.run :: epoch=2 step=150/429 train_nll=-1520.430
2026-05-14 20:43:18,611 INFO CSMF2.step_1_1_1.run :: [h] epoch=2 step=200 total=0.32843 batch=0.05885
2026-05-14 20:43:18,612 INFO CSMF2.step_1_1_1.run :: [lat] epoch=2 step=200 mean_l2=0.03155 std_l2=0.37095
2026-05-14 20:43:18,683 INFO CSMF2.step_1_1_1.run :: epoch=2 step=200/429 train_nll=-1528.165
2026-05-14 20:43:26,828 INFO CSMF2.step_1_1_1.run :: [h] epoch=2 step=250 total=0.31579 batch=0.04943
2026-05-14 20:43:26,828 INFO CSMF2.step_1_1_1.run :: [lat] epoch=2 step=250 mean_l2=0.02705 std_l2=0.35239
2026-05-14 20:43:26,899 INFO CSMF2.step_1_1_1.run :: epoch=2 step=250/429 train_nll=-1535.773
2026-05-14 20:43:35,058 INFO CSMF2.step_1_1_1.run :: [h] epoch=2 step=300 total=0.33145 batch=0.05781
2026-05-14 20:43:35,058 INFO CSMF2.step_1_1_1.run :: [lat] epoch=2 step=300 mean_l2=0.02920 std_l2=0.30935
2026-05-14 20:43:35,147 INFO CSMF2.step_1_1_1.run :: epoch=2 step=300/429 train_nll=-1543.145
2026-05-14 20:43:43,357 INFO CSMF2.step_1_1_1.run :: [h] epoch=2 step=350 total=0.32067 batch=0.06461
2026-05-14 20:43:43,357 INFO CSMF2.step_1_1_1.run :: [lat] epoch=2 step=350 mean_l2=0.04360 std_l2=0.35688
2026-05-14 20:43:43,428 INFO CSMF2.step_1_1_1.run :: epoch=2 step=350/429 train_nll=-1550.728
2026-05-14 20:43:51,624 INFO CSMF2.step_1_1_1.run :: [h] epoch=2 step=400 total=0.32227 batch=0.06460
2026-05-14 20:43:51,624 INFO CSMF2.step_1_1_1.run :: [lat] epoch=2 step=400 mean_l2=0.03116 std_l2=0.34610
2026-05-14 20:43:51,694 INFO CSMF2.step_1_1_1.run :: epoch=2 step=400/429 train_nll=-1557.522
2026-05-14 20:43:59,906 INFO CSMF2.step_1_1_1.run :: epoch=2  train_nll=-1561.505  val_nll=-1622.550  t=74.1s
2026-05-14 20:43:59,906 INFO CSMF2.step_1_1_1.run :: [h_std] total=0.32366 batch=0.05324 (no penalty)
2026-05-14 20:43:59,906 INFO CSMF2.step_1_1_1.run :: [lat_epoch] mean_l2=0.03626 std_l2=0.34884 lambda=10.000
2026-05-14 20:43:59,906 INFO CSMF2.step_1_1_1.run :: [grad] cond=12.1919 film_gain=0.0000
2026-05-14 20:44:11,641 INFO CSMF2.step_1_1_1.run :: [h] epoch=3 step=50 total=0.31219 batch=0.06129
2026-05-14 20:44:11,641 INFO CSMF2.step_1_1_1.run :: [lat] epoch=3 step=50 mean_l2=0.04179 std_l2=0.33799
2026-05-14 20:44:11,713 INFO CSMF2.step_1_1_1.run :: epoch=3 step=50/429 train_nll=-1623.880
2026-05-14 20:44:19,846 INFO CSMF2.step_1_1_1.run :: [h] epoch=3 step=100 total=0.31206 batch=0.07529
2026-05-14 20:44:19,846 INFO CSMF2.step_1_1_1.run :: [lat] epoch=3 step=100 mean_l2=0.03762 std_l2=0.32415
2026-05-14 20:44:19,918 INFO CSMF2.step_1_1_1.run :: epoch=3 step=100/429 train_nll=-1629.542
2026-05-14 20:44:27,996 INFO CSMF2.step_1_1_1.run :: [h] epoch=3 step=150 total=0.30566 batch=0.07032
2026-05-14 20:44:27,997 INFO CSMF2.step_1_1_1.run :: [lat] epoch=3 step=150 mean_l2=0.04317 std_l2=0.29075
2026-05-14 20:44:28,086 INFO CSMF2.step_1_1_1.run :: epoch=3 step=150/429 train_nll=-1635.072
2026-05-14 20:44:36,372 INFO CSMF2.step_1_1_1.run :: [h] epoch=3 step=200 total=0.31669 batch=0.07952
2026-05-14 20:44:36,373 INFO CSMF2.step_1_1_1.run :: [lat] epoch=3 step=200 mean_l2=0.04171 std_l2=0.33926
2026-05-14 20:44:36,445 INFO CSMF2.step_1_1_1.run :: epoch=3 step=200/429 train_nll=-1640.792
2026-05-14 20:44:44,634 INFO CSMF2.step_1_1_1.run :: [h] epoch=3 step=250 total=0.31108 batch=0.06685
2026-05-14 20:44:44,634 INFO CSMF2.step_1_1_1.run :: [lat] epoch=3 step=250 mean_l2=0.04631 std_l2=0.32708
2026-05-14 20:44:44,706 INFO CSMF2.step_1_1_1.run :: epoch=3 step=250/429 train_nll=-1646.771
2026-05-14 20:44:52,870 INFO CSMF2.step_1_1_1.run :: [h] epoch=3 step=300 total=0.30828 batch=0.07758
2026-05-14 20:44:52,870 INFO CSMF2.step_1_1_1.run :: [lat] epoch=3 step=300 mean_l2=0.04467 std_l2=0.28390
2026-05-14 20:44:52,942 INFO CSMF2.step_1_1_1.run :: epoch=3 step=300/429 train_nll=-1652.200
2026-05-14 20:45:01,131 INFO CSMF2.step_1_1_1.run :: [h] epoch=3 step=350 total=0.30629 batch=0.07424
2026-05-14 20:45:01,131 INFO CSMF2.step_1_1_1.run :: [lat] epoch=3 step=350 mean_l2=0.04795 std_l2=0.32847
2026-05-14 20:45:01,203 INFO CSMF2.step_1_1_1.run :: epoch=3 step=350/429 train_nll=-1657.919
2026-05-14 20:45:09,342 INFO CSMF2.step_1_1_1.run :: [h] epoch=3 step=400 total=0.30815 batch=0.08550
2026-05-14 20:45:09,342 INFO CSMF2.step_1_1_1.run :: [lat] epoch=3 step=400 mean_l2=0.03841 std_l2=0.31710
2026-05-14 20:45:09,414 INFO CSMF2.step_1_1_1.run :: epoch=3 step=400/429 train_nll=-1662.697
2026-05-14 20:45:17,666 INFO CSMF2.step_1_1_1.run :: epoch=3  train_nll=-1665.790  val_nll=-1714.964  t=74.0s
2026-05-14 20:45:17,666 INFO CSMF2.step_1_1_1.run :: [h_std] total=0.31216 batch=0.07367 (no penalty)
2026-05-14 20:45:17,666 INFO CSMF2.step_1_1_1.run :: [lat_epoch] mean_l2=0.04352 std_l2=0.32078 lambda=10.000
2026-05-14 20:45:17,666 INFO CSMF2.step_1_1_1.run :: [grad] cond=62.8323 film_gain=0.0000
2026-05-14 20:45:29,626 INFO CSMF2.step_1_1_1.run :: [h] epoch=4 step=50 total=0.30086 batch=0.07687
2026-05-14 20:45:29,626 INFO CSMF2.step_1_1_1.run :: [lat] epoch=4 step=50 mean_l2=0.03907 std_l2=0.31534
2026-05-14 20:45:29,698 INFO CSMF2.step_1_1_1.run :: epoch=4 step=50/429 train_nll=-1713.010
2026-05-14 20:45:37,873 INFO CSMF2.step_1_1_1.run :: [h] epoch=4 step=100 total=0.31156 batch=0.09436
2026-05-14 20:45:37,873 INFO CSMF2.step_1_1_1.run :: [lat] epoch=4 step=100 mean_l2=0.03645 std_l2=0.30851
2026-05-14 20:45:37,944 INFO CSMF2.step_1_1_1.run :: epoch=4 step=100/429 train_nll=-1719.309
2026-05-14 20:45:46,209 INFO CSMF2.step_1_1_1.run :: [h] epoch=4 step=150 total=0.30502 batch=0.08697
2026-05-14 20:45:46,209 INFO CSMF2.step_1_1_1.run :: [lat] epoch=4 step=150 mean_l2=0.03493 std_l2=0.28094
2026-05-14 20:45:46,281 INFO CSMF2.step_1_1_1.run :: epoch=4 step=150/429 train_nll=-1725.425
2026-05-14 20:45:54,516 INFO CSMF2.step_1_1_1.run :: [h] epoch=4 step=200 total=0.30497 batch=0.09876
2026-05-14 20:45:54,517 INFO CSMF2.step_1_1_1.run :: [lat] epoch=4 step=200 mean_l2=0.03883 std_l2=0.31292
2026-05-14 20:45:54,588 INFO CSMF2.step_1_1_1.run :: epoch=4 step=200/429 train_nll=-1729.721
2026-05-14 20:46:02,798 INFO CSMF2.step_1_1_1.run :: [h] epoch=4 step=250 total=0.30174 batch=0.09077
2026-05-14 20:46:02,798 INFO CSMF2.step_1_1_1.run :: [lat] epoch=4 step=250 mean_l2=0.04263 std_l2=0.31160
2026-05-14 20:46:02,870 INFO CSMF2.step_1_1_1.run :: epoch=4 step=250/429 train_nll=-1734.514
2026-05-14 20:46:10,996 INFO CSMF2.step_1_1_1.run :: [h] epoch=4 step=300 total=0.30292 batch=0.09793
2026-05-14 20:46:10,997 INFO CSMF2.step_1_1_1.run :: [lat] epoch=4 step=300 mean_l2=0.05737 std_l2=0.27765
2026-05-14 20:46:11,086 INFO CSMF2.step_1_1_1.run :: epoch=4 step=300/429 train_nll=-1738.777
2026-05-14 20:46:19,356 INFO CSMF2.step_1_1_1.run :: [h] epoch=4 step=350 total=0.30272 batch=0.10255
2026-05-14 20:46:19,356 INFO CSMF2.step_1_1_1.run :: [lat] epoch=4 step=350 mean_l2=0.06370 std_l2=0.31246
2026-05-14 20:46:19,446 INFO CSMF2.step_1_1_1.run :: epoch=4 step=350/429 train_nll=-1743.397
2026-05-14 20:46:27,620 INFO CSMF2.step_1_1_1.run :: [h] epoch=4 step=400 total=0.30058 batch=0.11051
2026-05-14 20:46:27,620 INFO CSMF2.step_1_1_1.run :: [lat] epoch=4 step=400 mean_l2=0.06501 std_l2=0.30040
2026-05-14 20:46:27,692 INFO CSMF2.step_1_1_1.run :: epoch=4 step=400/429 train_nll=-1746.469
2026-05-14 20:46:35,883 INFO CSMF2.step_1_1_1.run :: epoch=4  train_nll=-1748.969  val_nll=-1790.199  t=74.5s
2026-05-14 20:46:35,884 INFO CSMF2.step_1_1_1.run :: [h_std] total=0.30555 batch=0.09593 (no penalty)
2026-05-14 20:46:35,884 INFO CSMF2.step_1_1_1.run :: [lat_epoch] mean_l2=0.04920 std_l2=0.30177 lambda=10.000
2026-05-14 20:46:35,884 INFO CSMF2.step_1_1_1.run :: [grad] cond=68.1132 film_gain=0.0000
2026-05-14 20:46:47,791 INFO CSMF2.step_1_1_1.run :: [h] epoch=5 step=50 total=0.30067 batch=0.10074
2026-05-14 20:46:47,792 INFO CSMF2.step_1_1_1.run :: [lat] epoch=5 step=50 mean_l2=0.04928 std_l2=0.31192
2026-05-14 20:46:47,864 INFO CSMF2.step_1_1_1.run :: epoch=5 step=50/429 train_nll=-1789.829
2026-05-14 20:46:56,074 INFO CSMF2.step_1_1_1.run :: [h] epoch=5 step=100 total=0.30415 batch=0.11317
2026-05-14 20:46:56,075 INFO CSMF2.step_1_1_1.run :: [lat] epoch=5 step=100 mean_l2=0.04400 std_l2=0.31283
2026-05-14 20:46:56,146 INFO CSMF2.step_1_1_1.run :: epoch=5 step=100/429 train_nll=-1793.420
2026-05-14 20:47:04,280 INFO CSMF2.step_1_1_1.run :: [h] epoch=5 step=150 total=0.30619 batch=0.11592
2026-05-14 20:47:04,280 INFO CSMF2.step_1_1_1.run :: [lat] epoch=5 step=150 mean_l2=0.03917 std_l2=0.28022
2026-05-14 20:47:04,354 INFO CSMF2.step_1_1_1.run :: epoch=5 step=150/429 train_nll=-1798.406
2026-05-14 20:47:12,451 INFO CSMF2.step_1_1_1.run :: [h] epoch=5 step=200 total=0.30415 batch=0.12212
2026-05-14 20:47:12,452 INFO CSMF2.step_1_1_1.run :: [lat] epoch=5 step=200 mean_l2=0.09154 std_l2=0.29185
2026-05-14 20:47:12,525 INFO CSMF2.step_1_1_1.run :: epoch=5 step=200/429 train_nll=-1801.469
2026-05-14 20:47:20,737 INFO CSMF2.step_1_1_1.run :: [h] epoch=5 step=250 total=0.29388 batch=0.10921
2026-05-14 20:47:20,737 INFO CSMF2.step_1_1_1.run :: [lat] epoch=5 step=250 mean_l2=0.06052 std_l2=0.32246
2026-05-14 20:47:20,806 INFO CSMF2.step_1_1_1.run :: epoch=5 step=250/429 train_nll=-1804.386
2026-05-14 20:47:28,960 INFO CSMF2.step_1_1_1.run :: [h] epoch=5 step=300 total=0.29183 batch=0.10217
2026-05-14 20:47:28,960 INFO CSMF2.step_1_1_1.run :: [lat] epoch=5 step=300 mean_l2=0.04880 std_l2=0.29298
2026-05-14 20:47:29,032 INFO CSMF2.step_1_1_1.run :: epoch=5 step=300/429 train_nll=-1807.459
2026-05-14 20:47:37,346 INFO CSMF2.step_1_1_1.run :: [h] epoch=5 step=350 total=0.29860 batch=0.10947
2026-05-14 20:47:37,346 INFO CSMF2.step_1_1_1.run :: [lat] epoch=5 step=350 mean_l2=0.05878 std_l2=0.29786
2026-05-14 20:47:37,418 INFO CSMF2.step_1_1_1.run :: epoch=5 step=350/429 train_nll=-1812.336
2026-05-14 20:47:45,677 INFO CSMF2.step_1_1_1.run :: [h] epoch=5 step=400 total=0.30114 batch=0.12301
2026-05-14 20:47:45,678 INFO CSMF2.step_1_1_1.run :: [lat] epoch=5 step=400 mean_l2=0.06448 std_l2=0.29611
2026-05-14 20:47:45,750 INFO CSMF2.step_1_1_1.run :: epoch=5 step=400/429 train_nll=-1815.486
2026-05-14 20:47:54,129 INFO CSMF2.step_1_1_1.run :: epoch=5  train_nll=-1817.545  val_nll=-1843.091  t=74.4s
2026-05-14 20:47:54,130 INFO CSMF2.step_1_1_1.run :: [h_std] total=0.30114 batch=0.11355 (no penalty)
2026-05-14 20:47:54,130 INFO CSMF2.step_1_1_1.run :: [lat_epoch] mean_l2=0.05463 std_l2=0.29429 lambda=10.000
2026-05-14 20:47:54,130 INFO CSMF2.step_1_1_1.run :: [grad] cond=32.6570 film_gain=0.0000
2026-05-14 20:48:05,823 INFO CSMF2.step_1_1_1.run :: [h] epoch=6 step=50 total=0.29512 batch=0.11582
2026-05-14 20:48:05,824 INFO CSMF2.step_1_1_1.run :: [lat] epoch=6 step=50 mean_l2=0.04437 std_l2=0.30592
2026-05-14 20:48:05,894 INFO CSMF2.step_1_1_1.run :: epoch=6 step=50/429 train_nll=-1850.367
2026-05-14 20:48:14,099 INFO CSMF2.step_1_1_1.run :: [h] epoch=6 step=100 total=0.29877 batch=0.12705
2026-05-14 20:48:14,100 INFO CSMF2.step_1_1_1.run :: [lat] epoch=6 step=100 mean_l2=0.06735 std_l2=0.33645
2026-05-14 20:48:14,171 INFO CSMF2.step_1_1_1.run :: epoch=6 step=100/429 train_nll=-1851.902
2026-05-14 20:48:22,391 INFO CSMF2.step_1_1_1.run :: [h] epoch=6 step=150 total=0.29133 batch=0.12068
2026-05-14 20:48:22,391 INFO CSMF2.step_1_1_1.run :: [lat] epoch=6 step=150 mean_l2=0.06698 std_l2=0.28797
2026-05-14 20:48:22,462 INFO CSMF2.step_1_1_1.run :: epoch=6 step=150/429 train_nll=-1856.448
2026-05-14 20:48:30,668 INFO CSMF2.step_1_1_1.run :: [h] epoch=6 step=200 total=0.29291 batch=0.12515
2026-05-14 20:48:30,668 INFO CSMF2.step_1_1_1.run :: [lat] epoch=6 step=200 mean_l2=0.05724 std_l2=0.27620
2026-05-14 20:48:30,758 INFO CSMF2.step_1_1_1.run :: epoch=6 step=200/429 train_nll=-1859.179
2026-05-14 20:48:39,040 INFO CSMF2.step_1_1_1.run :: [h] epoch=6 step=250 total=0.29303 batch=0.12148
2026-05-14 20:48:39,040 INFO CSMF2.step_1_1_1.run :: [lat] epoch=6 step=250 mean_l2=0.07078 std_l2=0.36703
2026-05-14 20:48:39,112 INFO CSMF2.step_1_1_1.run :: epoch=6 step=250/429 train_nll=-1862.589
2026-05-14 20:48:47,287 INFO CSMF2.step_1_1_1.run :: [h] epoch=6 step=300 total=0.28909 batch=0.11536
2026-05-14 20:48:47,287 INFO CSMF2.step_1_1_1.run :: [lat] epoch=6 step=300 mean_l2=0.04794 std_l2=0.33155
2026-05-14 20:48:47,359 INFO CSMF2.step_1_1_1.run :: epoch=6 step=300/429 train_nll=-1865.694
2026-05-14 20:48:55,831 INFO CSMF2.step_1_1_1.run :: [h] epoch=6 step=350 total=0.29051 batch=0.12478
2026-05-14 20:48:55,832 INFO CSMF2.step_1_1_1.run :: [lat] epoch=6 step=350 mean_l2=0.06572 std_l2=0.29974
2026-05-14 20:48:55,903 INFO CSMF2.step_1_1_1.run :: epoch=6 step=350/429 train_nll=-1869.507
2026-05-14 20:49:04,063 INFO CSMF2.step_1_1_1.run :: [h] epoch=6 step=400 total=0.29062 batch=0.13298
2026-05-14 20:49:04,063 INFO CSMF2.step_1_1_1.run :: [lat] epoch=6 step=400 mean_l2=0.07343 std_l2=0.31000
2026-05-14 20:49:04,152 INFO CSMF2.step_1_1_1.run :: epoch=6 step=400/429 train_nll=-1872.094
2026-05-14 20:49:12,362 INFO CSMF2.step_1_1_1.run :: epoch=6  train_nll=-1874.095  val_nll=-1894.804  t=74.5s
2026-05-14 20:49:12,362 INFO CSMF2.step_1_1_1.run :: [h_std] total=0.29428 batch=0.12339 (no penalty)
2026-05-14 20:49:12,362 INFO CSMF2.step_1_1_1.run :: [lat_epoch] mean_l2=0.06032 std_l2=0.29873 lambda=10.000
2026-05-14 20:49:12,362 INFO CSMF2.step_1_1_1.run :: [grad] cond=36.4955 film_gain=0.0000
2026-05-14 20:49:24,017 INFO CSMF2.step_1_1_1.run :: [h] epoch=7 step=50 total=0.29121 batch=0.12932
2026-05-14 20:49:24,018 INFO CSMF2.step_1_1_1.run :: [lat] epoch=7 step=50 mean_l2=0.06549 std_l2=0.29746
2026-05-14 20:49:24,089 INFO CSMF2.step_1_1_1.run :: epoch=7 step=50/429 train_nll=-1900.147
2026-05-14 20:49:32,543 INFO CSMF2.step_1_1_1.run :: [h] epoch=7 step=100 total=0.29589 batch=0.14287
2026-05-14 20:49:32,543 INFO CSMF2.step_1_1_1.run :: [lat] epoch=7 step=100 mean_l2=0.06337 std_l2=0.39962
2026-05-14 20:49:32,611 INFO CSMF2.step_1_1_1.run :: epoch=7 step=100/429 train_nll=-1903.117
2026-05-14 20:49:40,837 INFO CSMF2.step_1_1_1.run :: [h] epoch=7 step=150 total=0.28647 batch=0.14098
2026-05-14 20:49:40,837 INFO CSMF2.step_1_1_1.run :: [lat] epoch=7 step=150 mean_l2=0.05858 std_l2=0.31582
2026-05-14 20:49:40,909 INFO CSMF2.step_1_1_1.run :: epoch=7 step=150/429 train_nll=-1907.108
2026-05-14 20:49:49,201 INFO CSMF2.step_1_1_1.run :: [h] epoch=7 step=200 total=0.29449 batch=0.14852
2026-05-14 20:49:49,201 INFO CSMF2.step_1_1_1.run :: [lat] epoch=7 step=200 mean_l2=0.05995 std_l2=0.28143
2026-05-14 20:49:49,272 INFO CSMF2.step_1_1_1.run :: epoch=7 step=200/429 train_nll=-1910.167
2026-05-14 20:49:57,430 INFO CSMF2.step_1_1_1.run :: [h] epoch=7 step=250 total=0.28890 batch=0.13791
2026-05-14 20:49:57,431 INFO CSMF2.step_1_1_1.run :: [lat] epoch=7 step=250 mean_l2=0.06739 std_l2=0.44119
2026-05-14 20:49:57,521 INFO CSMF2.step_1_1_1.run :: epoch=7 step=250/429 train_nll=-1913.171
2026-05-14 20:50:05,853 INFO CSMF2.step_1_1_1.run :: [h] epoch=7 step=300 total=0.28766 batch=0.13799
2026-05-14 20:50:05,854 INFO CSMF2.step_1_1_1.run :: [lat] epoch=7 step=300 mean_l2=0.07313 std_l2=0.40241
2026-05-14 20:50:05,925 INFO CSMF2.step_1_1_1.run :: epoch=7 step=300/429 train_nll=-1915.273
2026-05-14 20:50:14,195 INFO CSMF2.step_1_1_1.run :: [h] epoch=7 step=350 total=0.29410 batch=0.14138
2026-05-14 20:50:14,195 INFO CSMF2.step_1_1_1.run :: [lat] epoch=7 step=350 mean_l2=0.06282 std_l2=0.31265
2026-05-14 20:50:14,267 INFO CSMF2.step_1_1_1.run :: epoch=7 step=350/429 train_nll=-1918.999
2026-05-14 20:50:22,538 INFO CSMF2.step_1_1_1.run :: [h] epoch=7 step=400 total=0.28975 batch=0.14719
2026-05-14 20:50:22,539 INFO CSMF2.step_1_1_1.run :: [lat] epoch=7 step=400 mean_l2=0.09533 std_l2=0.34493
2026-05-14 20:50:22,610 INFO CSMF2.step_1_1_1.run :: epoch=7 step=400/429 train_nll=-1920.887
2026-05-14 20:50:31,020 INFO CSMF2.step_1_1_1.run :: epoch=7  train_nll=-1921.988  val_nll=-1944.396  t=75.0s
2026-05-14 20:50:31,020 INFO CSMF2.step_1_1_1.run :: [h_std] total=0.29185 batch=0.14123 (no penalty)
2026-05-14 20:50:31,020 INFO CSMF2.step_1_1_1.run :: [lat_epoch] mean_l2=0.06652 std_l2=0.31465 lambda=10.000
2026-05-14 20:50:31,020 INFO CSMF2.step_1_1_1.run :: [grad] cond=105.2728 film_gain=0.0000
2026-05-14 20:50:42,960 INFO CSMF2.step_1_1_1.run :: [h] epoch=8 step=50 total=0.29252 batch=0.14966
2026-05-14 20:50:42,961 INFO CSMF2.step_1_1_1.run :: [lat] epoch=8 step=50 mean_l2=0.07151 std_l2=0.29598
2026-05-14 20:50:43,050 INFO CSMF2.step_1_1_1.run :: epoch=8 step=50/429 train_nll=-1945.221
2026-05-14 20:50:51,425 INFO CSMF2.step_1_1_1.run :: [h] epoch=8 step=100 total=0.29162 batch=0.15938
2026-05-14 20:50:51,425 INFO CSMF2.step_1_1_1.run :: [lat] epoch=8 step=100 mean_l2=0.06942 std_l2=0.45839
2026-05-14 20:50:51,497 INFO CSMF2.step_1_1_1.run :: epoch=8 step=100/429 train_nll=-1948.159
2026-05-14 20:50:59,673 INFO CSMF2.step_1_1_1.run :: [h] epoch=8 step=150 total=0.29190 batch=0.16074
2026-05-14 20:50:59,673 INFO CSMF2.step_1_1_1.run :: [lat] epoch=8 step=150 mean_l2=0.10359 std_l2=0.35959
2026-05-14 20:50:59,745 INFO CSMF2.step_1_1_1.run :: epoch=8 step=150/429 train_nll=-1951.805
2026-05-14 20:51:07,989 INFO CSMF2.step_1_1_1.run :: [h] epoch=8 step=200 total=0.29205 batch=0.16766
2026-05-14 20:51:07,989 INFO CSMF2.step_1_1_1.run :: [lat] epoch=8 step=200 mean_l2=0.06421 std_l2=0.27693
2026-05-14 20:51:08,078 INFO CSMF2.step_1_1_1.run :: epoch=8 step=200/429 train_nll=-1953.979
2026-05-14 20:51:16,307 INFO CSMF2.step_1_1_1.run :: [h] epoch=8 step=250 total=0.28355 batch=0.15465
2026-05-14 20:51:16,307 INFO CSMF2.step_1_1_1.run :: [lat] epoch=8 step=250 mean_l2=0.06266 std_l2=0.51277
2026-05-14 20:51:16,378 INFO CSMF2.step_1_1_1.run :: epoch=8 step=250/429 train_nll=-1956.785
2026-05-14 20:51:24,551 INFO CSMF2.step_1_1_1.run :: [h] epoch=8 step=300 total=0.28855 batch=0.15787
2026-05-14 20:51:24,551 INFO CSMF2.step_1_1_1.run :: [lat] epoch=8 step=300 mean_l2=0.06845 std_l2=0.51840
2026-05-14 20:51:24,622 INFO CSMF2.step_1_1_1.run :: epoch=8 step=300/429 train_nll=-1959.093
2026-05-14 20:51:32,880 INFO CSMF2.step_1_1_1.run :: [h] epoch=8 step=350 total=0.28839 batch=0.15891
2026-05-14 20:51:32,881 INFO CSMF2.step_1_1_1.run :: [lat] epoch=8 step=350 mean_l2=0.06161 std_l2=0.33298
2026-05-14 20:51:32,952 INFO CSMF2.step_1_1_1.run :: epoch=8 step=350/429 train_nll=-1963.231
2026-05-14 20:51:41,184 INFO CSMF2.step_1_1_1.run :: [h] epoch=8 step=400 total=0.29131 batch=0.16551
2026-05-14 20:51:41,185 INFO CSMF2.step_1_1_1.run :: [lat] epoch=8 step=400 mean_l2=0.06696 std_l2=0.36824
2026-05-14 20:51:41,257 INFO CSMF2.step_1_1_1.run :: epoch=8 step=400/429 train_nll=-1964.703
2026-05-14 20:51:49,575 INFO CSMF2.step_1_1_1.run :: epoch=8  train_nll=-1966.382  val_nll=-1983.046  t=74.8s
2026-05-14 20:51:49,575 INFO CSMF2.step_1_1_1.run :: [h_std] total=0.29040 batch=0.15885 (no penalty)
2026-05-14 20:51:49,575 INFO CSMF2.step_1_1_1.run :: [lat_epoch] mean_l2=0.06866 std_l2=0.33908 lambda=10.000
2026-05-14 20:51:49,575 INFO CSMF2.step_1_1_1.run :: [grad] cond=106.7286 film_gain=0.0000
2026-05-14 20:52:01,221 INFO CSMF2.step_1_1_1.run :: [h] epoch=9 step=50 total=0.28821 batch=0.16567
2026-05-14 20:52:01,222 INFO CSMF2.step_1_1_1.run :: [lat] epoch=9 step=50 mean_l2=0.05492 std_l2=0.28315
2026-05-14 20:52:01,292 INFO CSMF2.step_1_1_1.run :: epoch=9 step=50/429 train_nll=-1989.061
2026-05-14 20:52:09,470 INFO CSMF2.step_1_1_1.run :: [h] epoch=9 step=100 total=0.28674 batch=0.17009
2026-05-14 20:52:09,471 INFO CSMF2.step_1_1_1.run :: [lat] epoch=9 step=100 mean_l2=0.06623 std_l2=0.51690
2026-05-14 20:52:09,542 INFO CSMF2.step_1_1_1.run :: epoch=9 step=100/429 train_nll=-1991.930
2026-05-14 20:52:17,834 INFO CSMF2.step_1_1_1.run :: [h] epoch=9 step=150 total=0.28988 batch=0.17505
2026-05-14 20:52:17,834 INFO CSMF2.step_1_1_1.run :: [lat] epoch=9 step=150 mean_l2=0.08572 std_l2=0.39789
2026-05-14 20:52:17,924 INFO CSMF2.step_1_1_1.run :: epoch=9 step=150/429 train_nll=-1995.831
2026-05-14 20:52:26,234 INFO CSMF2.step_1_1_1.run :: [h] epoch=9 step=200 total=0.29214 batch=0.18167
2026-05-14 20:52:26,234 INFO CSMF2.step_1_1_1.run :: [lat] epoch=9 step=200 mean_l2=0.06107 std_l2=0.28246
2026-05-14 20:52:26,305 INFO CSMF2.step_1_1_1.run :: epoch=9 step=200/429 train_nll=-1996.557
2026-05-14 20:52:34,540 INFO CSMF2.step_1_1_1.run :: [h] epoch=9 step=250 total=0.28236 batch=0.16517
2026-05-14 20:52:34,541 INFO CSMF2.step_1_1_1.run :: [lat] epoch=9 step=250 mean_l2=0.07639 std_l2=0.56046
2026-05-14 20:52:34,612 INFO CSMF2.step_1_1_1.run :: epoch=9 step=250/429 train_nll=-1997.919
2026-05-14 20:52:42,950 INFO CSMF2.step_1_1_1.run :: [h] epoch=9 step=300 total=0.28828 batch=0.17542
2026-05-14 20:52:42,950 INFO CSMF2.step_1_1_1.run :: [lat] epoch=9 step=300 mean_l2=0.07419 std_l2=0.69597
2026-05-14 20:52:43,021 INFO CSMF2.step_1_1_1.run :: epoch=9 step=300/429 train_nll=-1999.196
2026-05-14 20:52:51,375 INFO CSMF2.step_1_1_1.run :: [h] epoch=9 step=350 total=0.28726 batch=0.17363
2026-05-14 20:52:51,375 INFO CSMF2.step_1_1_1.run :: [lat] epoch=9 step=350 mean_l2=0.05866 std_l2=0.39277
2026-05-14 20:52:51,465 INFO CSMF2.step_1_1_1.run :: epoch=9 step=350/429 train_nll=-2002.351
2026-05-14 20:52:59,641 INFO CSMF2.step_1_1_1.run :: [h] epoch=9 step=400 total=0.28012 batch=0.16957
2026-05-14 20:52:59,641 INFO CSMF2.step_1_1_1.run :: [lat] epoch=9 step=400 mean_l2=0.05319 std_l2=0.41395
2026-05-14 20:52:59,713 INFO CSMF2.step_1_1_1.run :: epoch=9 step=400/429 train_nll=-2003.681
2026-05-14 20:53:07,950 INFO CSMF2.step_1_1_1.run :: epoch=9  train_nll=-2004.983  val_nll=-2010.287  t=74.7s
2026-05-14 20:53:07,950 INFO CSMF2.step_1_1_1.run :: [h_std] total=0.28721 batch=0.17157 (no penalty)
2026-05-14 20:53:07,950 INFO CSMF2.step_1_1_1.run :: [lat_epoch] mean_l2=0.07373 std_l2=0.36806 lambda=10.000
2026-05-14 20:53:07,950 INFO CSMF2.step_1_1_1.run :: [grad] cond=36.5658 film_gain=0.0000
2026-05-14 20:53:19,544 INFO CSMF2.step_1_1_1.run :: [h] epoch=10 step=50 total=0.28503 batch=0.17655
2026-05-14 20:53:19,544 INFO CSMF2.step_1_1_1.run :: [lat] epoch=10 step=50 mean_l2=0.07551 std_l2=0.24803
2026-05-14 20:53:19,615 INFO CSMF2.step_1_1_1.run :: epoch=10 step=50/429 train_nll=-2022.527
2026-05-14 20:53:27,849 INFO CSMF2.step_1_1_1.run :: [h] epoch=10 step=100 total=0.28032 batch=0.17847
2026-05-14 20:53:27,849 INFO CSMF2.step_1_1_1.run :: [lat] epoch=10 step=100 mean_l2=0.08160 std_l2=0.54320
2026-05-14 20:53:27,939 INFO CSMF2.step_1_1_1.run :: epoch=10 step=100/429 train_nll=-2022.407
2026-05-14 20:53:36,126 INFO CSMF2.step_1_1_1.run :: [h] epoch=10 step=150 total=0.27983 batch=0.17723
2026-05-14 20:53:36,126 INFO CSMF2.step_1_1_1.run :: [lat] epoch=10 step=150 mean_l2=0.08191 std_l2=0.41743
2026-05-14 20:53:36,197 INFO CSMF2.step_1_1_1.run :: epoch=10 step=150/429 train_nll=-2025.987
2026-05-14 20:53:44,474 INFO CSMF2.step_1_1_1.run :: [h] epoch=10 step=200 total=0.28591 batch=0.18560
2026-05-14 20:53:44,475 INFO CSMF2.step_1_1_1.run :: [lat] epoch=10 step=200 mean_l2=0.07997 std_l2=0.30334
2026-05-14 20:53:44,545 INFO CSMF2.step_1_1_1.run :: epoch=10 step=200/429 train_nll=-2028.332
2026-05-14 20:53:52,813 INFO CSMF2.step_1_1_1.run :: [h] epoch=10 step=250 total=0.27140 batch=0.16761
2026-05-14 20:53:52,813 INFO CSMF2.step_1_1_1.run :: [lat] epoch=10 step=250 mean_l2=0.07229 std_l2=0.46457
2026-05-14 20:53:52,902 INFO CSMF2.step_1_1_1.run :: epoch=10 step=250/429 train_nll=-2029.992
2026-05-14 20:54:01,110 INFO CSMF2.step_1_1_1.run :: [h] epoch=10 step=300 total=0.27383 batch=0.17270
2026-05-14 20:54:01,110 INFO CSMF2.step_1_1_1.run :: [lat] epoch=10 step=300 mean_l2=0.06274 std_l2=0.96586
2026-05-14 20:54:01,178 INFO CSMF2.step_1_1_1.run :: epoch=10 step=300/429 train_nll=-2031.615
2026-05-14 20:54:09,249 INFO CSMF2.step_1_1_1.run :: [h] epoch=10 step=350 total=0.27822 batch=0.17492
2026-05-14 20:54:09,250 INFO CSMF2.step_1_1_1.run :: [lat] epoch=10 step=350 mean_l2=0.07164 std_l2=0.42586
2026-05-14 20:54:09,321 INFO CSMF2.step_1_1_1.run :: epoch=10 step=350/429 train_nll=-2034.884
2026-05-14 20:54:17,641 INFO CSMF2.step_1_1_1.run :: [h] epoch=10 step=400 total=0.27245 batch=0.17191
2026-05-14 20:54:17,641 INFO CSMF2.step_1_1_1.run :: [lat] epoch=10 step=400 mean_l2=0.07358 std_l2=0.46567
2026-05-14 20:54:17,712 INFO CSMF2.step_1_1_1.run :: epoch=10 step=400/429 train_nll=-2036.169
2026-05-14 20:54:26,122 INFO CSMF2.step_1_1_1.run :: epoch=10  train_nll=-2037.343  val_nll=-2048.308  t=74.5s
2026-05-14 20:54:26,122 INFO CSMF2.step_1_1_1.run :: [h_std] total=0.27890 batch=0.17585 (no penalty)
2026-05-14 20:54:26,122 INFO CSMF2.step_1_1_1.run :: [lat_epoch] mean_l2=0.07833 std_l2=0.39402 lambda=10.000
2026-05-14 20:54:26,122 INFO CSMF2.step_1_1_1.run :: [grad] cond=125.3481 film_gain=0.0000
2026-05-14 20:54:37,645 INFO CSMF2.step_1_1_1.run :: [h] epoch=11 step=50 total=0.27661 batch=0.17920
2026-05-14 20:54:37,646 INFO CSMF2.step_1_1_1.run :: [lat] epoch=11 step=50 mean_l2=0.07996 std_l2=0.24887
2026-05-14 20:54:37,717 INFO CSMF2.step_1_1_1.run :: epoch=11 step=50/429 train_nll=-2052.973
2026-05-14 20:54:45,740 INFO CSMF2.step_1_1_1.run :: [h] epoch=11 step=100 total=0.26976 batch=0.17970
2026-05-14 20:54:45,740 INFO CSMF2.step_1_1_1.run :: [lat] epoch=11 step=100 mean_l2=0.07232 std_l2=0.52488
2026-05-14 20:54:45,811 INFO CSMF2.step_1_1_1.run :: epoch=11 step=100/429 train_nll=-2055.220
2026-05-14 20:54:53,871 INFO CSMF2.step_1_1_1.run :: [h] epoch=11 step=150 total=0.26822 batch=0.17739
2026-05-14 20:54:53,872 INFO CSMF2.step_1_1_1.run :: [lat] epoch=11 step=150 mean_l2=0.06530 std_l2=0.38010
2026-05-14 20:54:53,943 INFO CSMF2.step_1_1_1.run :: epoch=11 step=150/429 train_nll=-2059.213
2026-05-14 20:55:02,232 INFO CSMF2.step_1_1_1.run :: [h] epoch=11 step=200 total=0.27491 batch=0.18424
2026-05-14 20:55:02,232 INFO CSMF2.step_1_1_1.run :: [lat] epoch=11 step=200 mean_l2=0.09373 std_l2=0.25541
2026-05-14 20:55:02,304 INFO CSMF2.step_1_1_1.run :: epoch=11 step=200/429 train_nll=-2061.930
2026-05-14 20:55:10,549 INFO CSMF2.step_1_1_1.run :: [h] epoch=11 step=250 total=0.26226 batch=0.16996
2026-05-14 20:55:10,549 INFO CSMF2.step_1_1_1.run :: [lat] epoch=11 step=250 mean_l2=0.07903 std_l2=0.46039
2026-05-14 20:55:10,620 INFO CSMF2.step_1_1_1.run :: epoch=11 step=250/429 train_nll=-2063.392
2026-05-14 20:55:18,862 INFO CSMF2.step_1_1_1.run :: [h] epoch=11 step=300 total=0.26574 batch=0.17406
2026-05-14 20:55:18,863 INFO CSMF2.step_1_1_1.run :: [lat] epoch=11 step=300 mean_l2=0.07698 std_l2=1.18073
2026-05-14 20:55:18,934 INFO CSMF2.step_1_1_1.run :: epoch=11 step=300/429 train_nll=-2064.951
2026-05-14 20:55:27,249 INFO CSMF2.step_1_1_1.run :: [h] epoch=11 step=350 total=0.26676 batch=0.17662
2026-05-14 20:55:27,249 INFO CSMF2.step_1_1_1.run :: [lat] epoch=11 step=350 mean_l2=0.06686 std_l2=0.55328
2026-05-14 20:55:27,339 INFO CSMF2.step_1_1_1.run :: epoch=11 step=350/429 train_nll=-2067.425
2026-05-14 20:55:35,479 INFO CSMF2.step_1_1_1.run :: [h] epoch=11 step=400 total=0.26213 batch=0.17358
2026-05-14 20:55:35,480 INFO CSMF2.step_1_1_1.run :: [lat] epoch=11 step=400 mean_l2=0.07731 std_l2=0.51170
2026-05-14 20:55:35,551 INFO CSMF2.step_1_1_1.run :: epoch=11 step=400/429 train_nll=-2068.466
2026-05-14 20:55:44,041 INFO CSMF2.step_1_1_1.run :: epoch=11  train_nll=-2069.622  val_nll=-2080.006  t=74.2s
2026-05-14 20:55:44,042 INFO CSMF2.step_1_1_1.run :: [h_std] total=0.26920 batch=0.17628 (no penalty)
2026-05-14 20:55:44,042 INFO CSMF2.step_1_1_1.run :: [lat_epoch] mean_l2=0.07899 std_l2=0.42224 lambda=10.000
2026-05-14 20:55:44,042 INFO CSMF2.step_1_1_1.run :: [grad] cond=89.5516 film_gain=0.0000
2026-05-14 20:55:55,834 INFO CSMF2.step_1_1_1.run :: [h] epoch=12 step=50 total=0.26431 batch=0.17739
2026-05-14 20:55:55,835 INFO CSMF2.step_1_1_1.run :: [lat] epoch=12 step=50 mean_l2=0.06602 std_l2=0.25588
2026-05-14 20:55:55,906 INFO CSMF2.step_1_1_1.run :: epoch=12 step=50/429 train_nll=-2085.606
2026-05-14 20:56:04,149 INFO CSMF2.step_1_1_1.run :: [h] epoch=12 step=100 total=0.26074 batch=0.17372
2026-05-14 20:56:04,149 INFO CSMF2.step_1_1_1.run :: [lat] epoch=12 step=100 mean_l2=0.11296 std_l2=0.53855
2026-05-14 20:56:04,221 INFO CSMF2.step_1_1_1.run :: epoch=12 step=100/429 train_nll=-2086.521
2026-05-14 20:56:12,414 INFO CSMF2.step_1_1_1.run :: [h] epoch=12 step=150 total=0.26163 batch=0.17819
2026-05-14 20:56:12,415 INFO CSMF2.step_1_1_1.run :: [lat] epoch=12 step=150 mean_l2=0.07585 std_l2=0.41562
2026-05-14 20:56:12,487 INFO CSMF2.step_1_1_1.run :: epoch=12 step=150/429 train_nll=-2090.184
2026-05-14 20:56:20,667 INFO CSMF2.step_1_1_1.run :: [h] epoch=12 step=200 total=0.26540 batch=0.18303
2026-05-14 20:56:20,667 INFO CSMF2.step_1_1_1.run :: [lat] epoch=12 step=200 mean_l2=0.12090 std_l2=0.26905
2026-05-14 20:56:20,757 INFO CSMF2.step_1_1_1.run :: epoch=12 step=200/429 train_nll=-2091.293
2026-05-14 20:56:28,962 INFO CSMF2.step_1_1_1.run :: [h] epoch=12 step=250 total=0.25604 batch=0.17490
2026-05-14 20:56:28,962 INFO CSMF2.step_1_1_1.run :: [lat] epoch=12 step=250 mean_l2=0.06437 std_l2=0.51362
2026-05-14 20:56:29,034 INFO CSMF2.step_1_1_1.run :: epoch=12 step=250/429 train_nll=-2092.262
2026-05-14 20:56:37,249 INFO CSMF2.step_1_1_1.run :: [h] epoch=12 step=300 total=0.26366 batch=0.18374
2026-05-14 20:56:37,249 INFO CSMF2.step_1_1_1.run :: [lat] epoch=12 step=300 mean_l2=0.07564 std_l2=1.39716
2026-05-14 20:56:37,320 INFO CSMF2.step_1_1_1.run :: epoch=12 step=300/429 train_nll=-2093.361
2026-05-14 20:56:45,535 INFO CSMF2.step_1_1_1.run :: [h] epoch=12 step=350 total=0.25636 batch=0.17388
2026-05-14 20:56:45,535 INFO CSMF2.step_1_1_1.run :: [lat] epoch=12 step=350 mean_l2=0.06103 std_l2=0.59405
2026-05-14 20:56:45,607 INFO CSMF2.step_1_1_1.run :: epoch=12 step=350/429 train_nll=-2096.390
2026-05-14 20:56:53,753 INFO CSMF2.step_1_1_1.run :: [h] epoch=12 step=400 total=0.25162 batch=0.17189
2026-05-14 20:56:53,753 INFO CSMF2.step_1_1_1.run :: [lat] epoch=12 step=400 mean_l2=0.08008 std_l2=0.55809
2026-05-14 20:56:53,825 INFO CSMF2.step_1_1_1.run :: epoch=12 step=400/429 train_nll=-2097.296
2026-05-14 20:57:02,226 INFO CSMF2.step_1_1_1.run :: epoch=12  train_nll=-2098.554  val_nll=-2115.494  t=74.5s
2026-05-14 20:57:02,226 INFO CSMF2.step_1_1_1.run :: [h_std] total=0.25949 batch=0.17606 (no penalty)
2026-05-14 20:57:02,226 INFO CSMF2.step_1_1_1.run :: [lat_epoch] mean_l2=0.08018 std_l2=0.44861 lambda=10.000
2026-05-14 20:57:02,226 INFO CSMF2.step_1_1_1.run :: [grad] cond=40.7425 film_gain=0.0000
2026-05-14 20:57:13,712 INFO CSMF2.step_1_1_1.run :: [h] epoch=13 step=50 total=0.25794 batch=0.17747
2026-05-14 20:57:13,712 INFO CSMF2.step_1_1_1.run :: [lat] epoch=13 step=50 mean_l2=0.08859 std_l2=0.24302
2026-05-14 20:57:13,784 INFO CSMF2.step_1_1_1.run :: epoch=13 step=50/429 train_nll=-2112.369
2026-05-14 20:57:22,027 INFO CSMF2.step_1_1_1.run :: [h] epoch=13 step=100 total=0.25101 batch=0.17375
2026-05-14 20:57:22,028 INFO CSMF2.step_1_1_1.run :: [lat] epoch=13 step=100 mean_l2=0.10766 std_l2=0.56315
2026-05-14 20:57:22,099 INFO CSMF2.step_1_1_1.run :: epoch=13 step=100/429 train_nll=-2112.515
2026-05-14 20:57:30,355 INFO CSMF2.step_1_1_1.run :: [h] epoch=13 step=150 total=0.25145 batch=0.17407
2026-05-14 20:57:30,355 INFO CSMF2.step_1_1_1.run :: [lat] epoch=13 step=150 mean_l2=0.05982 std_l2=0.40475
2026-05-14 20:57:30,446 INFO CSMF2.step_1_1_1.run :: epoch=13 step=150/429 train_nll=-2115.734
2026-05-14 20:57:38,680 INFO CSMF2.step_1_1_1.run :: [h] epoch=13 step=200 total=0.25429 batch=0.18141
2026-05-14 20:57:38,680 INFO CSMF2.step_1_1_1.run :: [lat] epoch=13 step=200 mean_l2=0.08070 std_l2=0.24074
2026-05-14 20:57:38,751 INFO CSMF2.step_1_1_1.run :: epoch=13 step=200/429 train_nll=-2114.957
2026-05-14 20:57:46,987 INFO CSMF2.step_1_1_1.run :: [h] epoch=13 step=250 total=0.24497 batch=0.17078
2026-05-14 20:57:46,988 INFO CSMF2.step_1_1_1.run :: [lat] epoch=13 step=250 mean_l2=0.08872 std_l2=0.48158
2026-05-14 20:57:47,059 INFO CSMF2.step_1_1_1.run :: epoch=13 step=250/429 train_nll=-2115.988
2026-05-14 20:57:55,231 INFO CSMF2.step_1_1_1.run :: [h] epoch=13 step=300 total=0.25481 batch=0.18133
2026-05-14 20:57:55,232 INFO CSMF2.step_1_1_1.run :: [lat] epoch=13 step=300 mean_l2=0.08668 std_l2=1.56824
2026-05-14 20:57:55,303 INFO CSMF2.step_1_1_1.run :: epoch=13 step=300/429 train_nll=-2116.469
2026-05-14 20:58:03,472 INFO CSMF2.step_1_1_1.run :: [h] epoch=13 step=350 total=0.24524 batch=0.17336
2026-05-14 20:58:03,473 INFO CSMF2.step_1_1_1.run :: [lat] epoch=13 step=350 mean_l2=0.07707 std_l2=0.61241
2026-05-14 20:58:03,544 INFO CSMF2.step_1_1_1.run :: epoch=13 step=350/429 train_nll=-2119.201
2026-05-14 20:58:11,856 INFO CSMF2.step_1_1_1.run :: [h] epoch=13 step=400 total=0.24193 batch=0.17217
2026-05-14 20:58:11,857 INFO CSMF2.step_1_1_1.run :: [lat] epoch=13 step=400 mean_l2=0.07501 std_l2=0.56318
2026-05-14 20:58:11,928 INFO CSMF2.step_1_1_1.run :: epoch=13 step=400/429 train_nll=-2119.635
2026-05-14 20:58:20,236 INFO CSMF2.step_1_1_1.run :: epoch=13  train_nll=-2120.488  val_nll=-2134.408  t=74.4s
2026-05-14 20:58:20,236 INFO CSMF2.step_1_1_1.run :: [h_std] total=0.24937 batch=0.17393 (no penalty)
2026-05-14 20:58:20,236 INFO CSMF2.step_1_1_1.run :: [lat_epoch] mean_l2=0.08392 std_l2=0.46993 lambda=10.000
2026-05-14 20:58:20,236 INFO CSMF2.step_1_1_1.run :: [grad] cond=69.7900 film_gain=0.0000
2026-05-14 20:58:31,997 INFO CSMF2.step_1_1_1.run :: [h] epoch=14 step=50 total=0.24631 batch=0.17387
2026-05-14 20:58:31,997 INFO CSMF2.step_1_1_1.run :: [lat] epoch=14 step=50 mean_l2=0.07622 std_l2=0.25273
2026-05-14 20:58:32,069 INFO CSMF2.step_1_1_1.run :: epoch=14 step=50/429 train_nll=-2137.412
2026-05-14 20:58:40,245 INFO CSMF2.step_1_1_1.run :: [h] epoch=14 step=100 total=0.23928 batch=0.17015
2026-05-14 20:58:40,245 INFO CSMF2.step_1_1_1.run :: [lat] epoch=14 step=100 mean_l2=0.08442 std_l2=0.58366
2026-05-14 20:58:40,317 INFO CSMF2.step_1_1_1.run :: epoch=14 step=100/429 train_nll=-2136.737
2026-05-14 20:58:48,361 INFO CSMF2.step_1_1_1.run :: [h] epoch=14 step=150 total=0.24058 batch=0.17086
2026-05-14 20:58:48,362 INFO CSMF2.step_1_1_1.run :: [lat] epoch=14 step=150 mean_l2=0.08358 std_l2=0.34229
2026-05-14 20:58:48,434 INFO CSMF2.step_1_1_1.run :: epoch=14 step=150/429 train_nll=-2139.566
2026-05-14 20:58:56,555 INFO CSMF2.step_1_1_1.run :: [h] epoch=14 step=200 total=0.24232 batch=0.17676
2026-05-14 20:58:56,555 INFO CSMF2.step_1_1_1.run :: [lat] epoch=14 step=200 mean_l2=0.08093 std_l2=0.30004
2026-05-14 20:58:56,627 INFO CSMF2.step_1_1_1.run :: epoch=14 step=200/429 train_nll=-2139.341
2026-05-14 20:59:04,959 INFO CSMF2.step_1_1_1.run :: [h] epoch=14 step=250 total=0.23296 batch=0.16586
2026-05-14 20:59:04,959 INFO CSMF2.step_1_1_1.run :: [lat] epoch=14 step=250 mean_l2=0.08799 std_l2=0.49143
2026-05-14 20:59:05,030 INFO CSMF2.step_1_1_1.run :: epoch=14 step=250/429 train_nll=-2139.490
2026-05-14 20:59:13,285 INFO CSMF2.step_1_1_1.run :: [h] epoch=14 step=300 total=0.23943 batch=0.17221
2026-05-14 20:59:13,286 INFO CSMF2.step_1_1_1.run :: [lat] epoch=14 step=300 mean_l2=0.09797 std_l2=1.58075
2026-05-14 20:59:13,358 INFO CSMF2.step_1_1_1.run :: epoch=14 step=300/429 train_nll=-2139.568
2026-05-14 20:59:21,553 INFO CSMF2.step_1_1_1.run :: [h] epoch=14 step=350 total=0.23548 batch=0.16993
2026-05-14 20:59:21,554 INFO CSMF2.step_1_1_1.run :: [lat] epoch=14 step=350 mean_l2=0.08568 std_l2=0.56438
2026-05-14 20:59:21,626 INFO CSMF2.step_1_1_1.run :: epoch=14 step=350/429 train_nll=-2141.282
2026-05-14 20:59:29,928 INFO CSMF2.step_1_1_1.run :: [h] epoch=14 step=400 total=0.22715 batch=0.16218
2026-05-14 20:59:29,929 INFO CSMF2.step_1_1_1.run :: [lat] epoch=14 step=400 mean_l2=0.10251 std_l2=0.56376
2026-05-14 20:59:30,018 INFO CSMF2.step_1_1_1.run :: epoch=14 step=400/429 train_nll=-2141.087
2026-05-14 20:59:38,279 INFO CSMF2.step_1_1_1.run :: epoch=14  train_nll=-2141.513  val_nll=-2134.122  t=74.4s
2026-05-14 20:59:38,279 INFO CSMF2.step_1_1_1.run :: [h_std] total=0.23903 batch=0.17087 (no penalty)
2026-05-14 20:59:38,279 INFO CSMF2.step_1_1_1.run :: [lat_epoch] mean_l2=0.08470 std_l2=0.48684 lambda=10.000
2026-05-14 20:59:38,279 INFO CSMF2.step_1_1_1.run :: [grad] cond=92.5011 film_gain=0.0000
2026-05-14 20:59:50,042 INFO CSMF2.step_1_1_1.run :: [h] epoch=15 step=50 total=0.23269 batch=0.16741
2026-05-14 20:59:50,042 INFO CSMF2.step_1_1_1.run :: [lat] epoch=15 step=50 mean_l2=0.09434 std_l2=0.25398
2026-05-14 20:59:50,113 INFO CSMF2.step_1_1_1.run :: epoch=15 step=50/429 train_nll=-2151.150
2026-05-14 20:59:58,391 INFO CSMF2.step_1_1_1.run :: [h] epoch=15 step=100 total=0.23060 batch=0.16520
2026-05-14 20:59:58,391 INFO CSMF2.step_1_1_1.run :: [lat] epoch=15 step=100 mean_l2=0.09625 std_l2=0.73580
2026-05-14 20:59:58,481 INFO CSMF2.step_1_1_1.run :: epoch=15 step=100/429 train_nll=-2149.952
2026-05-14 21:00:06,694 INFO CSMF2.step_1_1_1.run :: [h] epoch=15 step=150 total=0.23009 batch=0.16716
2026-05-14 21:00:06,694 INFO CSMF2.step_1_1_1.run :: [lat] epoch=15 step=150 mean_l2=0.09686 std_l2=0.36882
2026-05-14 21:00:06,785 INFO CSMF2.step_1_1_1.run :: epoch=15 step=150/429 train_nll=-2153.684
2026-05-14 21:00:14,983 INFO CSMF2.step_1_1_1.run :: [h] epoch=15 step=200 total=0.23378 batch=0.17228
2026-05-14 21:00:14,984 INFO CSMF2.step_1_1_1.run :: [lat] epoch=15 step=200 mean_l2=0.09257 std_l2=0.28518
2026-05-14 21:00:15,074 INFO CSMF2.step_1_1_1.run :: epoch=15 step=200/429 train_nll=-2154.100
2026-05-14 21:00:23,480 INFO CSMF2.step_1_1_1.run :: [h] epoch=15 step=250 total=0.22480 batch=0.16360
2026-05-14 21:00:23,481 INFO CSMF2.step_1_1_1.run :: [lat] epoch=15 step=250 mean_l2=0.08573 std_l2=0.58818
2026-05-14 21:00:23,571 INFO CSMF2.step_1_1_1.run :: epoch=15 step=250/429 train_nll=-2154.602
2026-05-14 21:00:31,789 INFO CSMF2.step_1_1_1.run :: [h] epoch=15 step=300 total=0.23571 batch=0.17555
2026-05-14 21:00:31,789 INFO CSMF2.step_1_1_1.run :: [lat] epoch=15 step=300 mean_l2=0.07077 std_l2=1.69791
2026-05-14 21:00:31,858 INFO CSMF2.step_1_1_1.run :: epoch=15 step=300/429 train_nll=-2155.495
2026-05-14 21:00:39,960 INFO CSMF2.step_1_1_1.run :: [h] epoch=15 step=350 total=0.22606 batch=0.16390
2026-05-14 21:00:39,961 INFO CSMF2.step_1_1_1.run :: [lat] epoch=15 step=350 mean_l2=0.09120 std_l2=0.48794
2026-05-14 21:00:40,033 INFO CSMF2.step_1_1_1.run :: epoch=15 step=350/429 train_nll=-2158.301
2026-05-14 21:00:48,343 INFO CSMF2.step_1_1_1.run :: [h] epoch=15 step=400 total=0.22364 batch=0.16341
2026-05-14 21:00:48,343 INFO CSMF2.step_1_1_1.run :: [lat] epoch=15 step=400 mean_l2=0.09565 std_l2=0.55962
2026-05-14 21:00:48,414 INFO CSMF2.step_1_1_1.run :: epoch=15 step=400/429 train_nll=-2158.829
2026-05-14 21:00:56,870 INFO CSMF2.step_1_1_1.run :: epoch=15  train_nll=-2159.456  val_nll=-2158.915  t=74.9s
2026-05-14 21:00:56,870 INFO CSMF2.step_1_1_1.run :: [h_std] total=0.22888 batch=0.16698 (no penalty)
2026-05-14 21:00:56,871 INFO CSMF2.step_1_1_1.run :: [lat_epoch] mean_l2=0.08513 std_l2=0.50213 lambda=10.000
2026-05-14 21:00:56,871 INFO CSMF2.step_1_1_1.run :: [grad] cond=77.7092 film_gain=0.0000
2026-05-14 21:01:08,402 INFO CSMF2.step_1_1_1.run :: [h] epoch=16 step=50 total=0.22343 batch=0.16368
2026-05-14 21:01:08,403 INFO CSMF2.step_1_1_1.run :: [lat] epoch=16 step=50 mean_l2=0.07297 std_l2=0.24173
2026-05-14 21:01:08,494 INFO CSMF2.step_1_1_1.run :: epoch=16 step=50/429 train_nll=-2170.446
2026-05-14 21:01:16,800 INFO CSMF2.step_1_1_1.run :: [h] epoch=16 step=100 total=0.22002 batch=0.16063
2026-05-14 21:01:16,800 INFO CSMF2.step_1_1_1.run :: [lat] epoch=16 step=100 mean_l2=0.08471 std_l2=0.61188
2026-05-14 21:01:16,872 INFO CSMF2.step_1_1_1.run :: epoch=16 step=100/429 train_nll=-2171.256
2026-05-14 21:01:25,154 INFO CSMF2.step_1_1_1.run :: [h] epoch=16 step=150 total=0.22015 batch=0.16148
2026-05-14 21:01:25,154 INFO CSMF2.step_1_1_1.run :: [lat] epoch=16 step=150 mean_l2=0.08568 std_l2=0.49477
2026-05-14 21:01:25,225 INFO CSMF2.step_1_1_1.run :: epoch=16 step=150/429 train_nll=-2172.486
2026-05-14 21:01:33,511 INFO CSMF2.step_1_1_1.run :: [h] epoch=16 step=200 total=0.22147 batch=0.16577
2026-05-14 21:01:33,512 INFO CSMF2.step_1_1_1.run :: [lat] epoch=16 step=200 mean_l2=0.09413 std_l2=0.29526
2026-05-14 21:01:33,603 INFO CSMF2.step_1_1_1.run :: epoch=16 step=200/429 train_nll=-2171.324
2026-05-14 21:01:41,896 INFO CSMF2.step_1_1_1.run :: [h] epoch=16 step=250 total=0.21572 batch=0.15884
2026-05-14 21:01:41,896 INFO CSMF2.step_1_1_1.run :: [lat] epoch=16 step=250 mean_l2=0.10473 std_l2=0.51040
2026-05-14 21:01:41,967 INFO CSMF2.step_1_1_1.run :: epoch=16 step=250/429 train_nll=-2170.964
2026-05-14 21:01:50,142 INFO CSMF2.step_1_1_1.run :: [h] epoch=16 step=300 total=0.22266 batch=0.16848
2026-05-14 21:01:50,143 INFO CSMF2.step_1_1_1.run :: [lat] epoch=16 step=300 mean_l2=0.09261 std_l2=1.66763
2026-05-14 21:01:50,234 INFO CSMF2.step_1_1_1.run :: epoch=16 step=300/429 train_nll=-2170.963
2026-05-14 21:01:58,479 INFO CSMF2.step_1_1_1.run :: [h] epoch=16 step=350 total=0.21785 batch=0.16150
2026-05-14 21:01:58,479 INFO CSMF2.step_1_1_1.run :: [lat] epoch=16 step=350 mean_l2=0.07928 std_l2=0.45130
2026-05-14 21:01:58,551 INFO CSMF2.step_1_1_1.run :: epoch=16 step=350/429 train_nll=-2173.248
2026-05-14 21:02:06,834 INFO CSMF2.step_1_1_1.run :: [h] epoch=16 step=400 total=0.21366 batch=0.15904
2026-05-14 21:02:06,835 INFO CSMF2.step_1_1_1.run :: [lat] epoch=16 step=400 mean_l2=0.08494 std_l2=0.53725
2026-05-14 21:02:06,906 INFO CSMF2.step_1_1_1.run :: epoch=16 step=400/429 train_nll=-2173.578
2026-05-14 21:02:15,274 INFO CSMF2.step_1_1_1.run :: epoch=16  train_nll=-2174.432  val_nll=-2185.993  t=74.7s
2026-05-14 21:02:15,275 INFO CSMF2.step_1_1_1.run :: [h_std] total=0.21923 batch=0.16222 (no penalty)
2026-05-14 21:02:15,275 INFO CSMF2.step_1_1_1.run :: [lat_epoch] mean_l2=0.08592 std_l2=0.51765 lambda=10.000
2026-05-14 21:02:15,275 INFO CSMF2.step_1_1_1.run :: [grad] cond=122.2403 film_gain=0.0000
2026-05-14 21:02:27,044 INFO CSMF2.step_1_1_1.run :: [h] epoch=17 step=50 total=0.21667 batch=0.16117
2026-05-14 21:02:27,045 INFO CSMF2.step_1_1_1.run :: [lat] epoch=17 step=50 mean_l2=0.08092 std_l2=0.25086
2026-05-14 21:02:27,136 INFO CSMF2.step_1_1_1.run :: epoch=17 step=50/429 train_nll=-2184.130
2026-05-14 21:02:35,326 INFO CSMF2.step_1_1_1.run :: [h] epoch=17 step=100 total=0.21298 batch=0.15636
2026-05-14 21:02:35,327 INFO CSMF2.step_1_1_1.run :: [lat] epoch=17 step=100 mean_l2=0.08524 std_l2=0.58989
2026-05-14 21:02:35,418 INFO CSMF2.step_1_1_1.run :: epoch=17 step=100/429 train_nll=-2184.790
2026-05-14 21:02:43,698 INFO CSMF2.step_1_1_1.run :: [h] epoch=17 step=150 total=0.21137 batch=0.15582
2026-05-14 21:02:43,699 INFO CSMF2.step_1_1_1.run :: [lat] epoch=17 step=150 mean_l2=0.08619 std_l2=0.40155
2026-05-14 21:02:43,771 INFO CSMF2.step_1_1_1.run :: epoch=17 step=150/429 train_nll=-2186.767
2026-05-14 21:02:52,136 INFO CSMF2.step_1_1_1.run :: [h] epoch=17 step=200 total=0.21272 batch=0.16201
2026-05-14 21:02:52,136 INFO CSMF2.step_1_1_1.run :: [lat] epoch=17 step=200 mean_l2=0.09467 std_l2=0.23590
2026-05-14 21:02:52,208 INFO CSMF2.step_1_1_1.run :: epoch=17 step=200/429 train_nll=-2186.185
2026-05-14 21:03:00,557 INFO CSMF2.step_1_1_1.run :: [h] epoch=17 step=250 total=0.20582 batch=0.14979
2026-05-14 21:03:00,557 INFO CSMF2.step_1_1_1.run :: [lat] epoch=17 step=250 mean_l2=0.09201 std_l2=0.50767
2026-05-14 21:03:00,648 INFO CSMF2.step_1_1_1.run :: epoch=17 step=250/429 train_nll=-2185.722
2026-05-14 21:03:08,778 INFO CSMF2.step_1_1_1.run :: [h] epoch=17 step=300 total=0.21289 batch=0.16094
2026-05-14 21:03:08,779 INFO CSMF2.step_1_1_1.run :: [lat] epoch=17 step=300 mean_l2=0.08985 std_l2=1.80628
2026-05-14 21:03:08,851 INFO CSMF2.step_1_1_1.run :: epoch=17 step=300/429 train_nll=-2184.999
2026-05-14 21:03:17,012 INFO CSMF2.step_1_1_1.run :: [h] epoch=17 step=350 total=0.20641 batch=0.15392
2026-05-14 21:03:17,012 INFO CSMF2.step_1_1_1.run :: [lat] epoch=17 step=350 mean_l2=0.10453 std_l2=0.55340
2026-05-14 21:03:17,084 INFO CSMF2.step_1_1_1.run :: epoch=17 step=350/429 train_nll=-2187.977
2026-05-14 21:03:25,345 INFO CSMF2.step_1_1_1.run :: [h] epoch=17 step=400 total=0.20400 batch=0.15222
2026-05-14 21:03:25,346 INFO CSMF2.step_1_1_1.run :: [lat] epoch=17 step=400 mean_l2=0.07576 std_l2=0.63754
2026-05-14 21:03:25,417 INFO CSMF2.step_1_1_1.run :: epoch=17 step=400/429 train_nll=-2187.961
2026-05-14 21:03:33,823 INFO CSMF2.step_1_1_1.run :: epoch=17  train_nll=-2188.432  val_nll=-2177.281  t=74.9s
2026-05-14 21:03:33,823 INFO CSMF2.step_1_1_1.run :: [h_std] total=0.20958 batch=0.15619 (no penalty)
2026-05-14 21:03:33,823 INFO CSMF2.step_1_1_1.run :: [lat_epoch] mean_l2=0.08551 std_l2=0.52947 lambda=10.000
2026-05-14 21:03:33,823 INFO CSMF2.step_1_1_1.run :: [grad] cond=178.7796 film_gain=0.0000
2026-05-14 21:03:45,424 INFO CSMF2.step_1_1_1.run :: [h] epoch=18 step=50 total=0.20756 batch=0.15657
2026-05-14 21:03:45,424 INFO CSMF2.step_1_1_1.run :: [lat] epoch=18 step=50 mean_l2=0.08434 std_l2=0.25421
2026-05-14 21:03:45,515 INFO CSMF2.step_1_1_1.run :: epoch=18 step=50/429 train_nll=-2196.037
2026-05-14 21:03:53,683 INFO CSMF2.step_1_1_1.run :: [h] epoch=18 step=100 total=0.20314 batch=0.15058
2026-05-14 21:03:53,684 INFO CSMF2.step_1_1_1.run :: [lat] epoch=18 step=100 mean_l2=0.08291 std_l2=0.56809
2026-05-14 21:03:53,756 INFO CSMF2.step_1_1_1.run :: epoch=18 step=100/429 train_nll=-2196.677
2026-05-14 21:04:01,856 INFO CSMF2.step_1_1_1.run :: [h] epoch=18 step=150 total=0.20144 batch=0.14828
2026-05-14 21:04:01,856 INFO CSMF2.step_1_1_1.run :: [lat] epoch=18 step=150 mean_l2=0.10227 std_l2=0.36214
2026-05-14 21:04:01,947 INFO CSMF2.step_1_1_1.run :: epoch=18 step=150/429 train_nll=-2199.080
2026-05-14 21:04:10,180 INFO CSMF2.step_1_1_1.run :: [h] epoch=18 step=200 total=0.20433 batch=0.15680
2026-05-14 21:04:10,180 INFO CSMF2.step_1_1_1.run :: [lat] epoch=18 step=200 mean_l2=0.08550 std_l2=0.35439
2026-05-14 21:04:10,252 INFO CSMF2.step_1_1_1.run :: epoch=18 step=200/429 train_nll=-2198.403
2026-05-14 21:04:18,492 INFO CSMF2.step_1_1_1.run :: [h] epoch=18 step=250 total=0.19991 batch=0.14833
2026-05-14 21:04:18,492 INFO CSMF2.step_1_1_1.run :: [lat] epoch=18 step=250 mean_l2=0.07215 std_l2=0.50116
2026-05-14 21:04:18,564 INFO CSMF2.step_1_1_1.run :: epoch=18 step=250/429 train_nll=-2198.989
2026-05-14 21:04:26,912 INFO CSMF2.step_1_1_1.run :: [h] epoch=18 step=300 total=0.20217 batch=0.15406
2026-05-14 21:04:26,912 INFO CSMF2.step_1_1_1.run :: [lat] epoch=18 step=300 mean_l2=0.07633 std_l2=1.65658
2026-05-14 21:04:27,002 INFO CSMF2.step_1_1_1.run :: epoch=18 step=300/429 train_nll=-2199.404
2026-05-14 21:04:35,295 INFO CSMF2.step_1_1_1.run :: [h] epoch=18 step=350 total=0.19740 batch=0.14726
2026-05-14 21:04:35,296 INFO CSMF2.step_1_1_1.run :: [lat] epoch=18 step=350 mean_l2=0.06869 std_l2=0.49427
2026-05-14 21:04:35,367 INFO CSMF2.step_1_1_1.run :: epoch=18 step=350/429 train_nll=-2201.809
2026-05-14 21:04:43,658 INFO CSMF2.step_1_1_1.run :: [h] epoch=18 step=400 total=0.19636 batch=0.14793
2026-05-14 21:04:43,659 INFO CSMF2.step_1_1_1.run :: [lat] epoch=18 step=400 mean_l2=0.09380 std_l2=0.60669
2026-05-14 21:04:43,731 INFO CSMF2.step_1_1_1.run :: epoch=18 step=400/429 train_nll=-2202.008
2026-05-14 21:04:52,239 INFO CSMF2.step_1_1_1.run :: epoch=18  train_nll=-2202.798  val_nll=-2208.598  t=74.7s
2026-05-14 21:04:52,239 INFO CSMF2.step_1_1_1.run :: [h_std] total=0.20105 batch=0.15098 (no penalty)
2026-05-14 21:04:52,239 INFO CSMF2.step_1_1_1.run :: [lat_epoch] mean_l2=0.08440 std_l2=0.52971 lambda=10.000
2026-05-14 21:04:52,239 INFO CSMF2.step_1_1_1.run :: [grad] cond=174.8126 film_gain=0.0000
2026-05-14 21:05:03,869 INFO CSMF2.step_1_1_1.run :: [h] epoch=19 step=50 total=0.19959 batch=0.15142
2026-05-14 21:05:03,869 INFO CSMF2.step_1_1_1.run :: [lat] epoch=19 step=50 mean_l2=0.07198 std_l2=0.26025
2026-05-14 21:05:03,960 INFO CSMF2.step_1_1_1.run :: epoch=19 step=50/429 train_nll=-2213.170
2026-05-14 21:05:12,315 INFO CSMF2.step_1_1_1.run :: [h] epoch=19 step=100 total=0.19515 batch=0.14507
2026-05-14 21:05:12,316 INFO CSMF2.step_1_1_1.run :: [lat] epoch=19 step=100 mean_l2=0.07586 std_l2=0.72887
2026-05-14 21:05:12,407 INFO CSMF2.step_1_1_1.run :: epoch=19 step=100/429 train_nll=-2212.973
2026-05-14 21:05:20,673 INFO CSMF2.step_1_1_1.run :: [h] epoch=19 step=150 total=0.19588 batch=0.14607
2026-05-14 21:05:20,673 INFO CSMF2.step_1_1_1.run :: [lat] epoch=19 step=150 mean_l2=0.08299 std_l2=0.33039
2026-05-14 21:05:20,745 INFO CSMF2.step_1_1_1.run :: epoch=19 step=150/429 train_nll=-2213.869
2026-05-14 21:05:29,037 INFO CSMF2.step_1_1_1.run :: [h] epoch=19 step=200 total=0.19736 batch=0.15227
2026-05-14 21:05:29,037 INFO CSMF2.step_1_1_1.run :: [lat] epoch=19 step=200 mean_l2=0.10353 std_l2=0.23210
2026-05-14 21:05:29,105 INFO CSMF2.step_1_1_1.run :: epoch=19 step=200/429 train_nll=-2211.721
2026-05-14 21:05:37,274 INFO CSMF2.step_1_1_1.run :: [h] epoch=19 step=250 total=0.19078 batch=0.14293
2026-05-14 21:05:37,275 INFO CSMF2.step_1_1_1.run :: [lat] epoch=19 step=250 mean_l2=0.09561 std_l2=0.48422
2026-05-14 21:05:37,347 INFO CSMF2.step_1_1_1.run :: epoch=19 step=250/429 train_nll=-2210.451
2026-05-14 21:05:45,488 INFO CSMF2.step_1_1_1.run :: [h] epoch=19 step=300 total=0.19611 batch=0.14976
2026-05-14 21:05:45,488 INFO CSMF2.step_1_1_1.run :: [lat] epoch=19 step=300 mean_l2=0.07327 std_l2=1.62125
2026-05-14 21:05:45,559 INFO CSMF2.step_1_1_1.run :: epoch=19 step=300/429 train_nll=-2209.554
2026-05-14 21:05:53,783 INFO CSMF2.step_1_1_1.run :: [h] epoch=19 step=350 total=0.18926 batch=0.14193
2026-05-14 21:05:53,784 INFO CSMF2.step_1_1_1.run :: [lat] epoch=19 step=350 mean_l2=0.09093 std_l2=0.49748
2026-05-14 21:05:53,875 INFO CSMF2.step_1_1_1.run :: epoch=19 step=350/429 train_nll=-2211.785
2026-05-14 21:06:02,134 INFO CSMF2.step_1_1_1.run :: [h] epoch=19 step=400 total=0.18820 batch=0.14380
2026-05-14 21:06:02,134 INFO CSMF2.step_1_1_1.run :: [lat] epoch=19 step=400 mean_l2=0.09127 std_l2=0.57636
2026-05-14 21:06:02,205 INFO CSMF2.step_1_1_1.run :: epoch=19 step=400/429 train_nll=-2212.036
2026-05-14 21:06:10,469 INFO CSMF2.step_1_1_1.run :: epoch=19  train_nll=-2212.813  val_nll=-2210.224  t=74.6s
2026-05-14 21:06:10,470 INFO CSMF2.step_1_1_1.run :: [h_std] total=0.19304 batch=0.14552 (no penalty)
2026-05-14 21:06:10,470 INFO CSMF2.step_1_1_1.run :: [lat_epoch] mean_l2=0.08590 std_l2=0.54194 lambda=10.000
2026-05-14 21:06:10,470 INFO CSMF2.step_1_1_1.run :: [grad] cond=153.9211 film_gain=0.0000
2026-05-14 21:06:22,111 INFO CSMF2.step_1_1_1.run :: [h] epoch=20 step=50 total=0.19055 batch=0.14615
2026-05-14 21:06:22,111 INFO CSMF2.step_1_1_1.run :: [lat] epoch=20 step=50 mean_l2=0.07848 std_l2=0.23026
2026-05-14 21:06:22,202 INFO CSMF2.step_1_1_1.run :: epoch=20 step=50/429 train_nll=-2220.849
2026-05-14 21:06:30,495 INFO CSMF2.step_1_1_1.run :: [h] epoch=20 step=100 total=0.18535 batch=0.13771
2026-05-14 21:06:30,496 INFO CSMF2.step_1_1_1.run :: [lat] epoch=20 step=100 mean_l2=0.07575 std_l2=0.57247
2026-05-14 21:06:30,567 INFO CSMF2.step_1_1_1.run :: epoch=20 step=100/429 train_nll=-2221.792
2026-05-14 21:06:38,890 INFO CSMF2.step_1_1_1.run :: [h] epoch=20 step=150 total=0.18771 batch=0.14139
2026-05-14 21:06:38,890 INFO CSMF2.step_1_1_1.run :: [lat] epoch=20 step=150 mean_l2=0.07990 std_l2=0.38847
2026-05-14 21:06:38,981 INFO CSMF2.step_1_1_1.run :: epoch=20 step=150/429 train_nll=-2223.746
2026-05-14 21:06:47,240 INFO CSMF2.step_1_1_1.run :: [h] epoch=20 step=200 total=0.18750 batch=0.14367
2026-05-14 21:06:47,241 INFO CSMF2.step_1_1_1.run :: [lat] epoch=20 step=200 mean_l2=0.07631 std_l2=0.30438
2026-05-14 21:06:47,311 INFO CSMF2.step_1_1_1.run :: epoch=20 step=200/429 train_nll=-2221.429
2026-05-14 21:06:55,614 INFO CSMF2.step_1_1_1.run :: [h] epoch=20 step=250 total=0.18458 batch=0.13821
2026-05-14 21:06:55,614 INFO CSMF2.step_1_1_1.run :: [lat] epoch=20 step=250 mean_l2=0.07304 std_l2=0.42137
2026-05-14 21:06:55,686 INFO CSMF2.step_1_1_1.run :: epoch=20 step=250/429 train_nll=-2221.140
2026-05-14 21:07:03,910 INFO CSMF2.step_1_1_1.run :: [h] epoch=20 step=300 total=0.18888 batch=0.14618
2026-05-14 21:07:03,910 INFO CSMF2.step_1_1_1.run :: [lat] epoch=20 step=300 mean_l2=0.09121 std_l2=1.63387
2026-05-14 21:07:03,981 INFO CSMF2.step_1_1_1.run :: epoch=20 step=300/429 train_nll=-2221.424
2026-05-14 21:07:12,116 INFO CSMF2.step_1_1_1.run :: [h] epoch=20 step=350 total=0.18421 batch=0.13861
2026-05-14 21:07:12,116 INFO CSMF2.step_1_1_1.run :: [lat] epoch=20 step=350 mean_l2=0.07195 std_l2=0.48340
2026-05-14 21:07:12,206 INFO CSMF2.step_1_1_1.run :: epoch=20 step=350/429 train_nll=-2224.420
2026-05-14 21:07:20,463 INFO CSMF2.step_1_1_1.run :: [h] epoch=20 step=400 total=0.18221 batch=0.13812
2026-05-14 21:07:20,463 INFO CSMF2.step_1_1_1.run :: [lat] epoch=20 step=400 mean_l2=0.08359 std_l2=0.54726
2026-05-14 21:07:20,534 INFO CSMF2.step_1_1_1.run :: epoch=20 step=400/429 train_nll=-2224.811
2026-05-14 21:07:28,810 INFO CSMF2.step_1_1_1.run :: epoch=20  train_nll=-2225.011  val_nll=-2213.431  t=74.7s
2026-05-14 21:07:28,810 INFO CSMF2.step_1_1_1.run :: [h_std] total=0.18593 batch=0.14050 (no penalty)
2026-05-14 21:07:28,810 INFO CSMF2.step_1_1_1.run :: [lat_epoch] mean_l2=0.08477 std_l2=0.54555 lambda=10.000
2026-05-14 21:07:28,810 INFO CSMF2.step_1_1_1.run :: [grad] cond=202.2066 film_gain=0.0000
2026-05-14 21:07:40,572 INFO CSMF2.step_1_1_1.run :: [h] epoch=21 step=50 total=0.18423 batch=0.14145
2026-05-14 21:07:40,572 INFO CSMF2.step_1_1_1.run :: [lat] epoch=21 step=50 mean_l2=0.08387 std_l2=0.31766
2026-05-14 21:07:40,664 INFO CSMF2.step_1_1_1.run :: epoch=21 step=50/429 train_nll=-2231.788
2026-05-14 21:07:49,017 INFO CSMF2.step_1_1_1.run :: [h] epoch=21 step=100 total=0.17847 batch=0.13441
2026-05-14 21:07:49,017 INFO CSMF2.step_1_1_1.run :: [lat] epoch=21 step=100 mean_l2=0.06289 std_l2=0.53107
2026-05-14 21:07:49,089 INFO CSMF2.step_1_1_1.run :: epoch=21 step=100/429 train_nll=-2233.067
2026-05-14 21:07:57,197 INFO CSMF2.step_1_1_1.run :: [h] epoch=21 step=150 total=0.18014 batch=0.13429
2026-05-14 21:07:57,197 INFO CSMF2.step_1_1_1.run :: [lat] epoch=21 step=150 mean_l2=0.07820 std_l2=0.38832
2026-05-14 21:07:57,271 INFO CSMF2.step_1_1_1.run :: epoch=21 step=150/429 train_nll=-2235.823
2026-05-14 21:08:05,516 INFO CSMF2.step_1_1_1.run :: [h] epoch=21 step=200 total=0.18390 batch=0.14247
2026-05-14 21:08:05,517 INFO CSMF2.step_1_1_1.run :: [lat] epoch=21 step=200 mean_l2=0.09350 std_l2=0.22559
2026-05-14 21:08:05,607 INFO CSMF2.step_1_1_1.run :: epoch=21 step=200/429 train_nll=-2235.218
2026-05-14 21:08:13,973 INFO CSMF2.step_1_1_1.run :: [h] epoch=21 step=250 total=0.17755 batch=0.13419
2026-05-14 21:08:13,973 INFO CSMF2.step_1_1_1.run :: [lat] epoch=21 step=250 mean_l2=0.07779 std_l2=0.55305
2026-05-14 21:08:14,045 INFO CSMF2.step_1_1_1.run :: epoch=21 step=250/429 train_nll=-2234.348
2026-05-14 21:08:22,369 INFO CSMF2.step_1_1_1.run :: [h] epoch=21 step=300 total=0.18194 batch=0.14125
2026-05-14 21:08:22,369 INFO CSMF2.step_1_1_1.run :: [lat] epoch=21 step=300 mean_l2=0.08248 std_l2=1.66774
2026-05-14 21:08:22,463 INFO CSMF2.step_1_1_1.run :: epoch=21 step=300/429 train_nll=-2234.223
2026-05-14 21:08:30,692 INFO CSMF2.step_1_1_1.run :: [h] epoch=21 step=350 total=0.17660 batch=0.13436
2026-05-14 21:08:30,693 INFO CSMF2.step_1_1_1.run :: [lat] epoch=21 step=350 mean_l2=0.06661 std_l2=0.40082
2026-05-14 21:08:30,764 INFO CSMF2.step_1_1_1.run :: epoch=21 step=350/429 train_nll=-2236.566
2026-05-14 21:08:39,081 INFO CSMF2.step_1_1_1.run :: [h] epoch=21 step=400 total=0.17629 batch=0.13362
2026-05-14 21:08:39,082 INFO CSMF2.step_1_1_1.run :: [lat] epoch=21 step=400 mean_l2=0.08644 std_l2=0.55520
2026-05-14 21:08:39,153 INFO CSMF2.step_1_1_1.run :: epoch=21 step=400/429 train_nll=-2236.687
2026-05-14 21:08:47,489 INFO CSMF2.step_1_1_1.run :: epoch=21  train_nll=-2237.386  val_nll=-2242.627  t=75.0s
2026-05-14 21:08:47,490 INFO CSMF2.step_1_1_1.run :: [h_std] total=0.17931 batch=0.13626 (no penalty)
2026-05-14 21:08:47,490 INFO CSMF2.step_1_1_1.run :: [lat_epoch] mean_l2=0.08393 std_l2=0.54490 lambda=10.000
2026-05-14 21:08:47,490 INFO CSMF2.step_1_1_1.run :: [grad] cond=88.1914 film_gain=0.0000
2026-05-14 21:08:59,012 INFO CSMF2.step_1_1_1.run :: [h] epoch=22 step=50 total=0.18014 batch=0.13980
2026-05-14 21:08:59,012 INFO CSMF2.step_1_1_1.run :: [lat] epoch=22 step=50 mean_l2=0.07780 std_l2=0.24312
2026-05-14 21:08:59,084 INFO CSMF2.step_1_1_1.run :: epoch=22 step=50/429 train_nll=-2247.424
2026-05-14 21:09:07,433 INFO CSMF2.step_1_1_1.run :: [h] epoch=22 step=100 total=0.17472 batch=0.13229
2026-05-14 21:09:07,433 INFO CSMF2.step_1_1_1.run :: [lat] epoch=22 step=100 mean_l2=0.08730 std_l2=0.54066
2026-05-14 21:09:07,505 INFO CSMF2.step_1_1_1.run :: epoch=22 step=100/429 train_nll=-2246.078
2026-05-14 21:09:15,712 INFO CSMF2.step_1_1_1.run :: [h] epoch=22 step=150 total=0.17859 batch=0.13550
2026-05-14 21:09:15,713 INFO CSMF2.step_1_1_1.run :: [lat] epoch=22 step=150 mean_l2=0.08675 std_l2=0.38424
2026-05-14 21:09:15,784 INFO CSMF2.step_1_1_1.run :: epoch=22 step=150/429 train_nll=-2250.013
2026-05-14 21:09:24,169 INFO CSMF2.step_1_1_1.run :: [h] epoch=22 step=200 total=0.17504 batch=0.13511
2026-05-14 21:09:24,170 INFO CSMF2.step_1_1_1.run :: [lat] epoch=22 step=200 mean_l2=0.08098 std_l2=0.28005
2026-05-14 21:09:24,241 INFO CSMF2.step_1_1_1.run :: epoch=22 step=200/429 train_nll=-2248.713
2026-05-14 21:09:32,370 INFO CSMF2.step_1_1_1.run :: [h] epoch=22 step=250 total=0.17308 batch=0.12963
2026-05-14 21:09:32,371 INFO CSMF2.step_1_1_1.run :: [lat] epoch=22 step=250 mean_l2=0.09443 std_l2=0.42565
2026-05-14 21:09:32,442 INFO CSMF2.step_1_1_1.run :: epoch=22 step=250/429 train_nll=-2247.055
2026-05-14 21:09:40,684 INFO CSMF2.step_1_1_1.run :: [h] epoch=22 step=300 total=0.17542 batch=0.13720
2026-05-14 21:09:40,685 INFO CSMF2.step_1_1_1.run :: [lat] epoch=22 step=300 mean_l2=0.08877 std_l2=1.83561
2026-05-14 21:09:40,775 INFO CSMF2.step_1_1_1.run :: epoch=22 step=300/429 train_nll=-2243.121
2026-05-14 21:09:48,954 INFO CSMF2.step_1_1_1.run :: [h] epoch=22 step=350 total=0.17095 batch=0.13014
2026-05-14 21:09:48,955 INFO CSMF2.step_1_1_1.run :: [lat] epoch=22 step=350 mean_l2=0.07339 std_l2=0.60733
2026-05-14 21:09:49,026 INFO CSMF2.step_1_1_1.run :: epoch=22 step=350/429 train_nll=-2244.059
2026-05-14 21:09:57,344 INFO CSMF2.step_1_1_1.run :: [h] epoch=22 step=400 total=0.17029 batch=0.13042
2026-05-14 21:09:57,344 INFO CSMF2.step_1_1_1.run :: [lat] epoch=22 step=400 mean_l2=0.09050 std_l2=0.52709
2026-05-14 21:09:57,416 INFO CSMF2.step_1_1_1.run :: epoch=22 step=400/429 train_nll=-2243.723
2026-05-14 21:10:05,587 INFO CSMF2.step_1_1_1.run :: epoch=22  train_nll=-2244.781  val_nll=-2240.905  t=74.5s
2026-05-14 21:10:05,587 INFO CSMF2.step_1_1_1.run :: [h_std] total=0.17372 batch=0.13266 (no penalty)
2026-05-14 21:10:05,588 INFO CSMF2.step_1_1_1.run :: [lat_epoch] mean_l2=0.08616 std_l2=0.56784 lambda=10.000
2026-05-14 21:10:05,588 INFO CSMF2.step_1_1_1.run :: [grad] cond=111.4051 film_gain=0.0000
2026-05-14 21:10:17,342 INFO CSMF2.step_1_1_1.run :: [h] epoch=23 step=50 total=0.17516 batch=0.13419
2026-05-14 21:10:17,343 INFO CSMF2.step_1_1_1.run :: [lat] epoch=23 step=50 mean_l2=0.07584 std_l2=0.27183
2026-05-14 21:10:17,414 INFO CSMF2.step_1_1_1.run :: epoch=23 step=50/429 train_nll=-2254.433
2026-05-14 21:10:25,728 INFO CSMF2.step_1_1_1.run :: [h] epoch=23 step=100 total=0.16722 batch=0.12676
2026-05-14 21:10:25,728 INFO CSMF2.step_1_1_1.run :: [lat] epoch=23 step=100 mean_l2=0.10577 std_l2=0.48025
2026-05-14 21:10:25,800 INFO CSMF2.step_1_1_1.run :: epoch=23 step=100/429 train_nll=-2252.053
2026-05-14 21:10:33,897 INFO CSMF2.step_1_1_1.run :: [h] epoch=23 step=150 total=0.17017 batch=0.12913
2026-05-14 21:10:33,897 INFO CSMF2.step_1_1_1.run :: [lat] epoch=23 step=150 mean_l2=0.08088 std_l2=0.38073
2026-05-14 21:10:33,969 INFO CSMF2.step_1_1_1.run :: epoch=23 step=150/429 train_nll=-2253.822
2026-05-14 21:10:42,416 INFO CSMF2.step_1_1_1.run :: [h] epoch=23 step=200 total=0.17007 batch=0.13112
2026-05-14 21:10:42,417 INFO CSMF2.step_1_1_1.run :: [lat] epoch=23 step=200 mean_l2=0.07207 std_l2=0.21675
2026-05-14 21:10:42,489 INFO CSMF2.step_1_1_1.run :: epoch=23 step=200/429 train_nll=-2252.594
2026-05-14 21:10:50,659 INFO CSMF2.step_1_1_1.run :: [h] epoch=23 step=250 total=0.16693 batch=0.12798
2026-05-14 21:10:50,660 INFO CSMF2.step_1_1_1.run :: [lat] epoch=23 step=250 mean_l2=0.06998 std_l2=0.39481
2026-05-14 21:10:50,731 INFO CSMF2.step_1_1_1.run :: epoch=23 step=250/429 train_nll=-2252.862
2026-05-14 21:10:58,991 INFO CSMF2.step_1_1_1.run :: [h] epoch=23 step=300 total=0.17225 batch=0.13514
2026-05-14 21:10:58,992 INFO CSMF2.step_1_1_1.run :: [lat] epoch=23 step=300 mean_l2=0.07963 std_l2=1.69599
2026-05-14 21:10:59,082 INFO CSMF2.step_1_1_1.run :: epoch=23 step=300/429 train_nll=-2251.892
2026-05-14 21:11:07,355 INFO CSMF2.step_1_1_1.run :: [h] epoch=23 step=350 total=0.16599 batch=0.12667
2026-05-14 21:11:07,356 INFO CSMF2.step_1_1_1.run :: [lat] epoch=23 step=350 mean_l2=0.07802 std_l2=0.45037
2026-05-14 21:11:07,428 INFO CSMF2.step_1_1_1.run :: epoch=23 step=350/429 train_nll=-2254.087
2026-05-14 21:11:15,586 INFO CSMF2.step_1_1_1.run :: [h] epoch=23 step=400 total=0.16538 batch=0.12682
2026-05-14 21:11:15,586 INFO CSMF2.step_1_1_1.run :: [lat] epoch=23 step=400 mean_l2=0.07757 std_l2=0.53408
2026-05-14 21:11:15,658 INFO CSMF2.step_1_1_1.run :: epoch=23 step=400/429 train_nll=-2254.569
2026-05-14 21:11:24,004 INFO CSMF2.step_1_1_1.run :: epoch=23  train_nll=-2255.433  val_nll=-2246.597  t=74.8s
2026-05-14 21:11:24,004 INFO CSMF2.step_1_1_1.run :: [h_std] total=0.16841 batch=0.12890 (no penalty)
2026-05-14 21:11:24,004 INFO CSMF2.step_1_1_1.run :: [lat_epoch] mean_l2=0.08459 std_l2=0.55524 lambda=10.000
2026-05-14 21:11:24,005 INFO CSMF2.step_1_1_1.run :: [grad] cond=152.9682 film_gain=0.0000
2026-05-14 21:11:35,670 INFO CSMF2.step_1_1_1.run :: [h] epoch=24 step=50 total=0.16759 batch=0.12636
2026-05-14 21:11:35,670 INFO CSMF2.step_1_1_1.run :: [lat] epoch=24 step=50 mean_l2=0.07625 std_l2=0.27032
2026-05-14 21:11:35,761 INFO CSMF2.step_1_1_1.run :: epoch=24 step=50/429 train_nll=-2258.691
2026-05-14 21:11:43,868 INFO CSMF2.step_1_1_1.run :: [h] epoch=24 step=100 total=0.16355 batch=0.12264
2026-05-14 21:11:43,868 INFO CSMF2.step_1_1_1.run :: [lat] epoch=24 step=100 mean_l2=0.07832 std_l2=0.60184
2026-05-14 21:11:43,940 INFO CSMF2.step_1_1_1.run :: epoch=24 step=100/429 train_nll=-2259.256
2026-05-14 21:11:52,100 INFO CSMF2.step_1_1_1.run :: [h] epoch=24 step=150 total=0.16418 batch=0.12306
2026-05-14 21:11:52,101 INFO CSMF2.step_1_1_1.run :: [lat] epoch=24 step=150 mean_l2=0.08878 std_l2=0.42305
2026-05-14 21:11:52,192 INFO CSMF2.step_1_1_1.run :: epoch=24 step=150/429 train_nll=-2262.350
2026-05-14 21:12:00,544 INFO CSMF2.step_1_1_1.run :: [h] epoch=24 step=200 total=0.16467 batch=0.12555
2026-05-14 21:12:00,544 INFO CSMF2.step_1_1_1.run :: [lat] epoch=24 step=200 mean_l2=0.07551 std_l2=0.36332
2026-05-14 21:12:00,616 INFO CSMF2.step_1_1_1.run :: epoch=24 step=200/429 train_nll=-2261.478
2026-05-14 21:12:08,793 INFO CSMF2.step_1_1_1.run :: [h] epoch=24 step=250 total=0.16313 batch=0.12357
2026-05-14 21:12:08,794 INFO CSMF2.step_1_1_1.run :: [lat] epoch=24 step=250 mean_l2=0.08260 std_l2=0.37598
2026-05-14 21:12:08,884 INFO CSMF2.step_1_1_1.run :: epoch=24 step=250/429 train_nll=-2261.106
2026-05-14 21:12:17,103 INFO CSMF2.step_1_1_1.run :: [h] epoch=24 step=300 total=0.16396 batch=0.12756
2026-05-14 21:12:17,103 INFO CSMF2.step_1_1_1.run :: [lat] epoch=24 step=300 mean_l2=0.07966 std_l2=1.64745
2026-05-14 21:12:17,194 INFO CSMF2.step_1_1_1.run :: epoch=24 step=300/429 train_nll=-2261.312
2026-05-14 21:12:25,419 INFO CSMF2.step_1_1_1.run :: [h] epoch=24 step=350 total=0.16068 batch=0.12193
2026-05-14 21:12:25,419 INFO CSMF2.step_1_1_1.run :: [lat] epoch=24 step=350 mean_l2=0.07450 std_l2=0.39746
2026-05-14 21:12:25,497 INFO CSMF2.step_1_1_1.run :: epoch=24 step=350/429 train_nll=-2263.723
2026-05-14 21:12:33,842 INFO CSMF2.step_1_1_1.run :: [h] epoch=24 step=400 total=0.15814 batch=0.11970
2026-05-14 21:12:33,843 INFO CSMF2.step_1_1_1.run :: [lat] epoch=24 step=400 mean_l2=0.11170 std_l2=0.51151
2026-05-14 21:12:33,914 INFO CSMF2.step_1_1_1.run :: epoch=24 step=400/429 train_nll=-2261.969
2026-05-14 21:12:42,158 INFO CSMF2.step_1_1_1.run :: epoch=24  train_nll=-2262.448  val_nll=-2262.566  t=74.4s
2026-05-14 21:12:42,158 INFO CSMF2.step_1_1_1.run :: [h_std] total=0.16296 batch=0.12356 (no penalty)
2026-05-14 21:12:42,158 INFO CSMF2.step_1_1_1.run :: [lat_epoch] mean_l2=0.08536 std_l2=0.63157 lambda=10.000
2026-05-14 21:12:42,158 INFO CSMF2.step_1_1_1.run :: [grad] cond=167.0479 film_gain=0.0000
2026-05-14 21:12:53,874 INFO CSMF2.step_1_1_1.run :: [h] epoch=25 step=50 total=0.16341 batch=0.12520
2026-05-14 21:12:53,874 INFO CSMF2.step_1_1_1.run :: [lat] epoch=25 step=50 mean_l2=0.06972 std_l2=0.24560
2026-05-14 21:12:53,946 INFO CSMF2.step_1_1_1.run :: epoch=25 step=50/429 train_nll=-2269.271
2026-05-14 21:13:02,164 INFO CSMF2.step_1_1_1.run :: [h] epoch=25 step=100 total=0.15725 batch=0.11896
2026-05-14 21:13:02,165 INFO CSMF2.step_1_1_1.run :: [lat] epoch=25 step=100 mean_l2=0.06311 std_l2=0.46482
2026-05-14 21:13:02,236 INFO CSMF2.step_1_1_1.run :: epoch=25 step=100/429 train_nll=-2271.490
2026-05-14 21:13:10,272 INFO CSMF2.step_1_1_1.run :: [h] epoch=25 step=150 total=0.15588 batch=0.11625
2026-05-14 21:13:10,273 INFO CSMF2.step_1_1_1.run :: [lat] epoch=25 step=150 mean_l2=0.07944 std_l2=0.42187
2026-05-14 21:13:10,345 INFO CSMF2.step_1_1_1.run :: epoch=25 step=150/429 train_nll=-2273.798
2026-05-14 21:13:18,474 INFO CSMF2.step_1_1_1.run :: [h] epoch=25 step=200 total=0.16088 batch=0.12369
2026-05-14 21:13:18,474 INFO CSMF2.step_1_1_1.run :: [lat] epoch=25 step=200 mean_l2=0.08711 std_l2=0.21890
2026-05-14 21:13:18,545 INFO CSMF2.step_1_1_1.run :: epoch=25 step=200/429 train_nll=-2271.754
2026-05-14 21:13:26,662 INFO CSMF2.step_1_1_1.run :: [h] epoch=25 step=250 total=0.15581 batch=0.11653
2026-05-14 21:13:26,663 INFO CSMF2.step_1_1_1.run :: [lat] epoch=25 step=250 mean_l2=0.09590 std_l2=0.34404
2026-05-14 21:13:26,753 INFO CSMF2.step_1_1_1.run :: epoch=25 step=250/429 train_nll=-2268.692
2026-05-14 21:13:34,964 INFO CSMF2.step_1_1_1.run :: [h] epoch=25 step=300 total=0.16098 batch=0.12674
2026-05-14 21:13:34,965 INFO CSMF2.step_1_1_1.run :: [lat] epoch=25 step=300 mean_l2=0.07054 std_l2=1.54133
2026-05-14 21:13:35,055 INFO CSMF2.step_1_1_1.run :: epoch=25 step=300/429 train_nll=-2267.748
2026-05-14 21:13:43,375 INFO CSMF2.step_1_1_1.run :: [h] epoch=25 step=350 total=0.15613 batch=0.11937
2026-05-14 21:13:43,376 INFO CSMF2.step_1_1_1.run :: [lat] epoch=25 step=350 mean_l2=0.07289 std_l2=0.80265
2026-05-14 21:13:43,467 INFO CSMF2.step_1_1_1.run :: epoch=25 step=350/429 train_nll=-2270.390
2026-05-14 21:13:51,761 INFO CSMF2.step_1_1_1.run :: [h] epoch=25 step=400 total=0.15464 batch=0.11834
2026-05-14 21:13:51,762 INFO CSMF2.step_1_1_1.run :: [lat] epoch=25 step=400 mean_l2=0.07424 std_l2=0.57707
2026-05-14 21:13:51,833 INFO CSMF2.step_1_1_1.run :: epoch=25 step=400/429 train_nll=-2270.744
2026-05-14 21:14:00,251 INFO CSMF2.step_1_1_1.run :: epoch=25  train_nll=-2271.491  val_nll=-2262.503  t=74.4s
2026-05-14 21:14:00,251 INFO CSMF2.step_1_1_1.run :: [h_std] total=0.15819 batch=0.12033 (no penalty)
2026-05-14 21:14:00,251 INFO CSMF2.step_1_1_1.run :: [lat_epoch] mean_l2=0.08376 std_l2=0.58300 lambda=10.000
2026-05-14 21:14:00,251 INFO CSMF2.step_1_1_1.run :: [grad] cond=228.8473 film_gain=0.0000
2026-05-14 21:14:11,907 INFO CSMF2.step_1_1_1.run :: [h] epoch=26 step=50 total=0.15838 batch=0.12139
2026-05-14 21:14:11,908 INFO CSMF2.step_1_1_1.run :: [lat] epoch=26 step=50 mean_l2=0.07228 std_l2=0.23416
2026-05-14 21:14:11,999 INFO CSMF2.step_1_1_1.run :: epoch=26 step=50/429 train_nll=-2277.706
2026-05-14 21:14:20,188 INFO CSMF2.step_1_1_1.run :: [h] epoch=26 step=100 total=0.15310 batch=0.11525
2026-05-14 21:14:20,189 INFO CSMF2.step_1_1_1.run :: [lat] epoch=26 step=100 mean_l2=0.08283 std_l2=0.80123
2026-05-14 21:14:20,261 INFO CSMF2.step_1_1_1.run :: epoch=26 step=100/429 train_nll=-2276.010
2026-05-14 21:14:28,390 INFO CSMF2.step_1_1_1.run :: [h] epoch=26 step=150 total=0.15369 batch=0.11582
2026-05-14 21:14:28,390 INFO CSMF2.step_1_1_1.run :: [lat] epoch=26 step=150 mean_l2=0.08883 std_l2=0.40665
2026-05-14 21:14:28,462 INFO CSMF2.step_1_1_1.run :: epoch=26 step=150/429 train_nll=-2278.780
2026-05-14 21:14:36,716 INFO CSMF2.step_1_1_1.run :: [h] epoch=26 step=200 total=0.15474 batch=0.11791
2026-05-14 21:14:36,716 INFO CSMF2.step_1_1_1.run :: [lat] epoch=26 step=200 mean_l2=0.07812 std_l2=0.24986
2026-05-14 21:14:36,788 INFO CSMF2.step_1_1_1.run :: epoch=26 step=200/429 train_nll=-2276.726
2026-05-14 21:14:45,080 INFO CSMF2.step_1_1_1.run :: [h] epoch=26 step=250 total=0.15266 batch=0.11457
2026-05-14 21:14:45,080 INFO CSMF2.step_1_1_1.run :: [lat] epoch=26 step=250 mean_l2=0.07317 std_l2=0.36087
2026-05-14 21:14:45,152 INFO CSMF2.step_1_1_1.run :: epoch=26 step=250/429 train_nll=-2276.025
2026-05-14 21:14:53,484 INFO CSMF2.step_1_1_1.run :: [h] epoch=26 step=300 total=0.15473 batch=0.11966
2026-05-14 21:14:53,484 INFO CSMF2.step_1_1_1.run :: [lat] epoch=26 step=300 mean_l2=0.07972 std_l2=1.34863
2026-05-14 21:14:53,556 INFO CSMF2.step_1_1_1.run :: epoch=26 step=300/429 train_nll=-2274.810
2026-05-14 21:15:01,711 INFO CSMF2.step_1_1_1.run :: [h] epoch=26 step=350 total=0.15024 batch=0.11484
2026-05-14 21:15:01,711 INFO CSMF2.step_1_1_1.run :: [lat] epoch=26 step=350 mean_l2=0.06522 std_l2=0.46093
2026-05-14 21:15:01,778 INFO CSMF2.step_1_1_1.run :: epoch=26 step=350/429 train_nll=-2277.426
2026-05-14 21:15:10,036 INFO CSMF2.step_1_1_1.run :: [h] epoch=26 step=400 total=0.15060 batch=0.11549
2026-05-14 21:15:10,036 INFO CSMF2.step_1_1_1.run :: [lat] epoch=26 step=400 mean_l2=0.07847 std_l2=0.50504
2026-05-14 21:15:10,108 INFO CSMF2.step_1_1_1.run :: epoch=26 step=400/429 train_nll=-2277.589
2026-05-14 21:15:18,211 INFO CSMF2.step_1_1_1.run :: epoch=26  train_nll=-2277.921  val_nll=-2262.176  t=74.3s
2026-05-14 21:15:18,211 INFO CSMF2.step_1_1_1.run :: [h_std] total=0.15393 batch=0.11698 (no penalty)
2026-05-14 21:15:18,211 INFO CSMF2.step_1_1_1.run :: [lat_epoch] mean_l2=0.08415 std_l2=0.57857 lambda=10.000
2026-05-14 21:15:18,211 INFO CSMF2.step_1_1_1.run :: [grad] cond=155.1930 film_gain=0.0000
2026-05-14 21:15:29,970 INFO CSMF2.step_1_1_1.run :: [h] epoch=27 step=50 total=0.15431 batch=0.11790
2026-05-14 21:15:29,971 INFO CSMF2.step_1_1_1.run :: [lat] epoch=27 step=50 mean_l2=0.07607 std_l2=0.23770
2026-05-14 21:15:30,043 INFO CSMF2.step_1_1_1.run :: epoch=27 step=50/429 train_nll=-2286.760
2026-05-14 21:15:38,459 INFO CSMF2.step_1_1_1.run :: [h] epoch=27 step=100 total=0.15072 batch=0.11386
2026-05-14 21:15:38,459 INFO CSMF2.step_1_1_1.run :: [lat] epoch=27 step=100 mean_l2=0.07264 std_l2=0.66233
2026-05-14 21:15:38,531 INFO CSMF2.step_1_1_1.run :: epoch=27 step=100/429 train_nll=-2284.875
2026-05-14 21:15:46,676 INFO CSMF2.step_1_1_1.run :: [h] epoch=27 step=150 total=0.15117 batch=0.11439
2026-05-14 21:15:46,677 INFO CSMF2.step_1_1_1.run :: [lat] epoch=27 step=150 mean_l2=0.09006 std_l2=0.49728
2026-05-14 21:15:46,768 INFO CSMF2.step_1_1_1.run :: epoch=27 step=150/429 train_nll=-2287.718
2026-05-14 21:15:54,934 INFO CSMF2.step_1_1_1.run :: [h] epoch=27 step=200 total=0.15439 batch=0.11942
2026-05-14 21:15:54,934 INFO CSMF2.step_1_1_1.run :: [lat] epoch=27 step=200 mean_l2=0.07878 std_l2=0.26268
2026-05-14 21:15:55,025 INFO CSMF2.step_1_1_1.run :: epoch=27 step=200/429 train_nll=-2287.701
2026-05-14 21:16:03,197 INFO CSMF2.step_1_1_1.run :: [h] epoch=27 step=250 total=0.14875 batch=0.11315
2026-05-14 21:16:03,198 INFO CSMF2.step_1_1_1.run :: [lat] epoch=27 step=250 mean_l2=0.08022 std_l2=0.38128
2026-05-14 21:16:03,270 INFO CSMF2.step_1_1_1.run :: epoch=27 step=250/429 train_nll=-2287.112
2026-05-14 21:16:11,493 INFO CSMF2.step_1_1_1.run :: [h] epoch=27 step=300 total=0.15472 batch=0.12019
2026-05-14 21:16:11,493 INFO CSMF2.step_1_1_1.run :: [lat] epoch=27 step=300 mean_l2=0.08630 std_l2=1.26422
2026-05-14 21:16:11,564 INFO CSMF2.step_1_1_1.run :: epoch=27 step=300/429 train_nll=-2285.767
2026-05-14 21:16:19,943 INFO CSMF2.step_1_1_1.run :: [h] epoch=27 step=350 total=0.14853 batch=0.11344
2026-05-14 21:16:19,944 INFO CSMF2.step_1_1_1.run :: [lat] epoch=27 step=350 mean_l2=0.08136 std_l2=0.39292
2026-05-14 21:16:20,015 INFO CSMF2.step_1_1_1.run :: epoch=27 step=350/429 train_nll=-2288.376
2026-05-14 21:16:28,318 INFO CSMF2.step_1_1_1.run :: [h] epoch=27 step=400 total=0.14984 batch=0.11513
2026-05-14 21:16:28,319 INFO CSMF2.step_1_1_1.run :: [lat] epoch=27 step=400 mean_l2=0.08242 std_l2=0.61784
2026-05-14 21:16:28,390 INFO CSMF2.step_1_1_1.run :: epoch=27 step=400/429 train_nll=-2288.224
2026-05-14 21:16:36,762 INFO CSMF2.step_1_1_1.run :: epoch=27  train_nll=-2288.498  val_nll=-2280.713  t=74.8s
2026-05-14 21:16:36,762 INFO CSMF2.step_1_1_1.run :: [h_std] total=0.15049 batch=0.11468 (no penalty)
2026-05-14 21:16:36,762 INFO CSMF2.step_1_1_1.run :: [lat_epoch] mean_l2=0.08358 std_l2=0.56354 lambda=10.000
2026-05-14 21:16:36,762 INFO CSMF2.step_1_1_1.run :: [grad] cond=125.4286 film_gain=0.0000
2026-05-14 21:16:48,465 INFO CSMF2.step_1_1_1.run :: [h] epoch=28 step=50 total=0.15131 batch=0.11591
2026-05-14 21:16:48,465 INFO CSMF2.step_1_1_1.run :: [lat] epoch=28 step=50 mean_l2=0.08467 std_l2=0.26310
2026-05-14 21:16:48,537 INFO CSMF2.step_1_1_1.run :: epoch=28 step=50/429 train_nll=-2292.909
2026-05-14 21:16:56,677 INFO CSMF2.step_1_1_1.run :: [h] epoch=28 step=100 total=0.14571 batch=0.11047
2026-05-14 21:16:56,677 INFO CSMF2.step_1_1_1.run :: [lat] epoch=28 step=100 mean_l2=0.08905 std_l2=0.53877
2026-05-14 21:16:56,769 INFO CSMF2.step_1_1_1.run :: epoch=28 step=100/429 train_nll=-2291.805
2026-05-14 21:17:04,946 INFO CSMF2.step_1_1_1.run :: [h] epoch=28 step=150 total=0.14662 batch=0.11086
2026-05-14 21:17:04,947 INFO CSMF2.step_1_1_1.run :: [lat] epoch=28 step=150 mean_l2=0.07652 std_l2=0.44815
2026-05-14 21:17:05,018 INFO CSMF2.step_1_1_1.run :: epoch=28 step=150/429 train_nll=-2295.038
2026-05-14 21:17:13,255 INFO CSMF2.step_1_1_1.run :: [h] epoch=28 step=200 total=0.15000 batch=0.11532
2026-05-14 21:17:13,256 INFO CSMF2.step_1_1_1.run :: [lat] epoch=28 step=200 mean_l2=0.06353 std_l2=0.20890
2026-05-14 21:17:13,347 INFO CSMF2.step_1_1_1.run :: epoch=28 step=200/429 train_nll=-2296.045
2026-05-14 21:17:21,551 INFO CSMF2.step_1_1_1.run :: [h] epoch=28 step=250 total=0.14529 batch=0.10968
2026-05-14 21:17:21,552 INFO CSMF2.step_1_1_1.run :: [lat] epoch=28 step=250 mean_l2=0.11204 std_l2=0.34469
2026-05-14 21:17:21,643 INFO CSMF2.step_1_1_1.run :: epoch=28 step=250/429 train_nll=-2296.171
2026-05-14 21:17:29,872 INFO CSMF2.step_1_1_1.run :: [h] epoch=28 step=300 total=0.14944 batch=0.11690
2026-05-14 21:17:29,873 INFO CSMF2.step_1_1_1.run :: [lat] epoch=28 step=300 mean_l2=0.08410 std_l2=0.83768
2026-05-14 21:17:29,945 INFO CSMF2.step_1_1_1.run :: epoch=28 step=300/429 train_nll=-2295.688
2026-05-14 21:17:38,151 INFO CSMF2.step_1_1_1.run :: [h] epoch=28 step=350 total=0.14357 batch=0.11007
2026-05-14 21:17:38,152 INFO CSMF2.step_1_1_1.run :: [lat] epoch=28 step=350 mean_l2=0.08248 std_l2=0.54806
2026-05-14 21:17:38,224 INFO CSMF2.step_1_1_1.run :: epoch=28 step=350/429 train_nll=-2297.404
2026-05-14 21:17:46,490 INFO CSMF2.step_1_1_1.run :: [h] epoch=28 step=400 total=0.14802 batch=0.11315
2026-05-14 21:17:46,490 INFO CSMF2.step_1_1_1.run :: [lat] epoch=28 step=400 mean_l2=0.09908 std_l2=0.61559
2026-05-14 21:17:46,562 INFO CSMF2.step_1_1_1.run :: epoch=28 step=400/429 train_nll=-2296.345
2026-05-14 21:17:54,860 INFO CSMF2.step_1_1_1.run :: epoch=28  train_nll=-2296.323  val_nll=-2286.658  t=74.4s
2026-05-14 21:17:54,860 INFO CSMF2.step_1_1_1.run :: [h_std] total=0.14715 batch=0.11226 (no penalty)
2026-05-14 21:17:54,860 INFO CSMF2.step_1_1_1.run :: [lat_epoch] mean_l2=0.08388 std_l2=0.55583 lambda=10.000
2026-05-14 21:17:54,860 INFO CSMF2.step_1_1_1.run :: [grad] cond=170.0525 film_gain=0.0000
2026-05-14 21:18:06,477 INFO CSMF2.step_1_1_1.run :: [h] epoch=29 step=50 total=0.14725 batch=0.11259
2026-05-14 21:18:06,477 INFO CSMF2.step_1_1_1.run :: [lat] epoch=29 step=50 mean_l2=0.07885 std_l2=0.26285
2026-05-14 21:18:06,549 INFO CSMF2.step_1_1_1.run :: epoch=29 step=50/429 train_nll=-2298.107
2026-05-14 21:18:15,032 INFO CSMF2.step_1_1_1.run :: [h] epoch=29 step=100 total=0.14337 batch=0.10927
2026-05-14 21:18:15,033 INFO CSMF2.step_1_1_1.run :: [lat] epoch=29 step=100 mean_l2=0.08417 std_l2=0.68466
2026-05-14 21:18:15,108 INFO CSMF2.step_1_1_1.run :: epoch=29 step=100/429 train_nll=-2294.264
2026-05-14 21:18:23,353 INFO CSMF2.step_1_1_1.run :: [h] epoch=29 step=150 total=0.14171 batch=0.10632
2026-05-14 21:18:23,353 INFO CSMF2.step_1_1_1.run :: [lat] epoch=29 step=150 mean_l2=0.09701 std_l2=0.46009
2026-05-14 21:18:23,428 INFO CSMF2.step_1_1_1.run :: epoch=29 step=150/429 train_nll=-2294.798
2026-05-14 21:18:31,731 INFO CSMF2.step_1_1_1.run :: [h] epoch=29 step=200 total=0.14592 batch=0.11084
2026-05-14 21:18:31,731 INFO CSMF2.step_1_1_1.run :: [lat] epoch=29 step=200 mean_l2=0.07814 std_l2=0.25879
2026-05-14 21:18:31,806 INFO CSMF2.step_1_1_1.run :: epoch=29 step=200/429 train_nll=-2294.526
2026-05-14 21:18:40,206 INFO CSMF2.step_1_1_1.run :: [h] epoch=29 step=250 total=0.14235 batch=0.10801
2026-05-14 21:18:40,207 INFO CSMF2.step_1_1_1.run :: [lat] epoch=29 step=250 mean_l2=0.08155 std_l2=0.52398
2026-05-14 21:18:40,281 INFO CSMF2.step_1_1_1.run :: epoch=29 step=250/429 train_nll=-2294.283
2026-05-14 21:18:48,688 INFO CSMF2.step_1_1_1.run :: [h] epoch=29 step=300 total=0.14708 batch=0.11451
2026-05-14 21:18:48,689 INFO CSMF2.step_1_1_1.run :: [lat] epoch=29 step=300 mean_l2=0.10198 std_l2=0.95312
2026-05-14 21:18:48,761 INFO CSMF2.step_1_1_1.run :: epoch=29 step=300/429 train_nll=-2293.603
2026-05-14 21:18:57,323 INFO CSMF2.step_1_1_1.run :: [h] epoch=29 step=350 total=0.14056 batch=0.10758
2026-05-14 21:18:57,323 INFO CSMF2.step_1_1_1.run :: [lat] epoch=29 step=350 mean_l2=0.09249 std_l2=0.40724
2026-05-14 21:18:57,398 INFO CSMF2.step_1_1_1.run :: epoch=29 step=350/429 train_nll=-2296.039
2026-05-14 21:19:05,761 INFO CSMF2.step_1_1_1.run :: [h] epoch=29 step=400 total=0.14279 batch=0.10832
2026-05-14 21:19:05,762 INFO CSMF2.step_1_1_1.run :: [lat] epoch=29 step=400 mean_l2=0.06641 std_l2=0.76299
2026-05-14 21:19:05,836 INFO CSMF2.step_1_1_1.run :: epoch=29 step=400/429 train_nll=-2296.808
2026-05-14 21:19:14,237 INFO CSMF2.step_1_1_1.run :: epoch=29  train_nll=-2297.492  val_nll=-2291.788  t=75.8s
2026-05-14 21:19:14,238 INFO CSMF2.step_1_1_1.run :: [h_std] total=0.14327 batch=0.10877 (no penalty)
2026-05-14 21:19:14,238 INFO CSMF2.step_1_1_1.run :: [lat_epoch] mean_l2=0.08483 std_l2=0.58732 lambda=10.000
2026-05-14 21:19:14,238 INFO CSMF2.step_1_1_1.run :: [grad] cond=86.1536 film_gain=0.0000
2026-05-14 21:19:24,600 INFO CSMF2.step_1_1_1.run :: [run] FINAL test_nll (sealed 10k) = -2300.785
2026-05-14 21:19:25,266 INFO CSMF2.experiments.step_1_1_1.density_plots :: [plot_latent_density] saved -> CSMF2/experiments/step_1_1_1/results/nice_s2_n0.10_seed0_86eb29bbc6a0/plots/latent_density.png  (ks=0.0896, mean=0.062, std=1.017)
2026-05-14 21:19:25,441 INFO CSMF2.experiments.step_1_1_1.density_plots :: [plot_cycle_density] saved -> CSMF2/experiments/step_1_1_1/results/nice_s2_n0.10_seed0_86eb29bbc6a0/plots/cycle_density.png  (max|err|=5.007e-06 rms=5.405e-07)
2026-05-14 21:19:25,783 INFO CSMF2.experiments.step_1_1_1.density_plots :: [plot_reconstruction_panel] saved -> CSMF2/experiments/step_1_1_1/results/nice_s2_n0.10_seed0_86eb29bbc6a0/plots/reconstruction_panel.png  rms(enc-prior)=1.236
==============================================================
[1mSTEP-1_1_1 RUN SUMMARY[0m
==============================================================
expert: nice   scale: 2   noise: 0.1   seed: 0   epochs: 30
train NLL:    -1120.83  ->    -2297.49  (Δ = -1176.67)
test  NLL:    -1343.03  ->    -2291.79

[1mHARD GATES (halt on fail)[0m
  [32m 30/30  ✓[0m  invertibility FP64 <1e-5
  [31m  0/30  ✗[0m  latent KS vs N(0,1) <0.05
  [32m 30/30  ✓[0m  cycle_max < 1e-12
  [32m 30/30  ✓[0m  h std > 1e-3
  [32m 30/30  ✓[0m  FiLM γ,β std > 1e-3 aggregate
  [32m 30/30  ✓[0m  (y,seed) max|Δh| < 1e-6
  [32m 30/30  ✓[0m  no NaN/Inf this epoch
  [32m  1/1   ✓[0m  numeric log-det (FP64, once)

[1mINFORMATIONAL (logged, non-blocking)[0m
  [32m 30/30  ✓[0m  null-control gap ≥ 0.10
  [32m 30/30  ✓[0m  h_st Δlogp slope > 1e-3
  [32m 30/30  ✓[0m  grad norm > 1e-6
  [32m 30/30  ✓[0m  fwd residual reported
--------------------------------------------------------------
[1mHARD TOTAL: 181/211[0m  (85.8%)
[1mEXIT_CRITERIA_MET:[0m [31mNO[0m
[1mREMEDY HINTS:[0m
  - hard gate failed: latent_ks (latent KS vs N(0,1) <0.05) -- check epochs [0, 1, 2, 3, 4, 5, 6, 7, 8, 9, 10, 11, 12, 13, 14, 15, 16, 17, 18, 19, 20, 21, 22, 23, 24, 25, 26, 27, 28, 29]
==============================================================
2026-05-14 21:19:25,849 INFO CSMF2.step_1_1_1.run :: STEP-1_1 run DONE  exit_ok=False  out=CSMF2/experiments/step_1_1_1/results/nice_s2_n0.10_seed0_86eb29bbc6a0
