>>> 07:13:23 expert=nsf noise=0.0 lam=0.0 v2=0
usage: run.py [-h] [--expert {nice,realnvp,nsf,glow}] --scale {2,4}
              --noise-sigma {0.0,0.05,0.1} [--seed SEED] [--epochs EPOCHS]
              [--batch-size BATCH_SIZE] [--cond-width {64,128}]
              [--use-film {0,1}] [--cache-h {0,1}]
              [--use-v2-conditioner | --no-use-v2-conditioner] [--h-dim H_DIM]
              [--film-depth FILM_DEPTH] [--film-hidden FILM_HIDDEN]
              [--film-use-gelu | --no-film-use-gelu]
              [--realnvp-n-couplings REALNVP_N_COUPLINGS]
              [--realnvp-s-max REALNVP_S_MAX] [--glow-n-steps GLOW_N_STEPS]
              [--glow-coupling-hidden GLOW_COUPLING_HIDDEN]
              [--glow-s-max GLOW_S_MAX]
              [--glow-film-gain-init GLOW_FILM_GAIN_INIT]
              [--shuffle-loss-lambda SHUFFLE_LOSS_LAMBDA]
              [--shuffle-loss-margin SHUFFLE_LOSS_MARGIN]
              [--h-std-penalty-mu H_STD_PENALTY_MU]
              [--h-std-target H_STD_TARGET]
              [--cond-y-residual-alpha-init COND_Y_RESIDUAL_ALPHA_INIT]
              [--latent-moment-lambda LATENT_MOMENT_LAMBDA]
              [--latent-ks-target LATENT_KS_TARGET]
              [--fwd-rel-target FWD_REL_TARGET] [--resume-from RESUME_FROM]
              [--data-root DATA_ROOT] [--out-root OUT_ROOT]
              [--skip-if-complete]
run.py: error: unrecognized arguments: 0
>>> RC=2 nsf n=0.0 lam=0.0
>>> 07:13:24 expert=nsf noise=0.0 lam=0.1 v2=0
usage: run.py [-h] [--expert {nice,realnvp,nsf,glow}] --scale {2,4}
              --noise-sigma {0.0,0.05,0.1} [--seed SEED] [--epochs EPOCHS]
              [--batch-size BATCH_SIZE] [--cond-width {64,128}]
              [--use-film {0,1}] [--cache-h {0,1}]
              [--use-v2-conditioner | --no-use-v2-conditioner] [--h-dim H_DIM]
              [--film-depth FILM_DEPTH] [--film-hidden FILM_HIDDEN]
              [--film-use-gelu | --no-film-use-gelu]
              [--realnvp-n-couplings REALNVP_N_COUPLINGS]
              [--realnvp-s-max REALNVP_S_MAX] [--glow-n-steps GLOW_N_STEPS]
              [--glow-coupling-hidden GLOW_COUPLING_HIDDEN]
              [--glow-s-max GLOW_S_MAX]
              [--glow-film-gain-init GLOW_FILM_GAIN_INIT]
              [--shuffle-loss-lambda SHUFFLE_LOSS_LAMBDA]
              [--shuffle-loss-margin SHUFFLE_LOSS_MARGIN]
              [--h-std-penalty-mu H_STD_PENALTY_MU]
              [--h-std-target H_STD_TARGET]
              [--cond-y-residual-alpha-init COND_Y_RESIDUAL_ALPHA_INIT]
              [--latent-moment-lambda LATENT_MOMENT_LAMBDA]
              [--latent-ks-target LATENT_KS_TARGET]
              [--fwd-rel-target FWD_REL_TARGET] [--resume-from RESUME_FROM]
              [--data-root DATA_ROOT] [--out-root OUT_ROOT]
              [--skip-if-complete]
run.py: error: unrecognized arguments: 0
>>> RC=2 nsf n=0.0 lam=0.1
>>> 07:13:26 expert=nsf noise=0.0 lam=1.0 v2=0
usage: run.py [-h] [--expert {nice,realnvp,nsf,glow}] --scale {2,4}
              --noise-sigma {0.0,0.05,0.1} [--seed SEED] [--epochs EPOCHS]
              [--batch-size BATCH_SIZE] [--cond-width {64,128}]
              [--use-film {0,1}] [--cache-h {0,1}]
              [--use-v2-conditioner | --no-use-v2-conditioner] [--h-dim H_DIM]
              [--film-depth FILM_DEPTH] [--film-hidden FILM_HIDDEN]
              [--film-use-gelu | --no-film-use-gelu]
              [--realnvp-n-couplings REALNVP_N_COUPLINGS]
              [--realnvp-s-max REALNVP_S_MAX] [--glow-n-steps GLOW_N_STEPS]
              [--glow-coupling-hidden GLOW_COUPLING_HIDDEN]
              [--glow-s-max GLOW_S_MAX]
              [--glow-film-gain-init GLOW_FILM_GAIN_INIT]
              [--shuffle-loss-lambda SHUFFLE_LOSS_LAMBDA]
              [--shuffle-loss-margin SHUFFLE_LOSS_MARGIN]
              [--h-std-penalty-mu H_STD_PENALTY_MU]
              [--h-std-target H_STD_TARGET]
              [--cond-y-residual-alpha-init COND_Y_RESIDUAL_ALPHA_INIT]
              [--latent-moment-lambda LATENT_MOMENT_LAMBDA]
              [--latent-ks-target LATENT_KS_TARGET]
              [--fwd-rel-target FWD_REL_TARGET] [--resume-from RESUME_FROM]
              [--data-root DATA_ROOT] [--out-root OUT_ROOT]
              [--skip-if-complete]
run.py: error: unrecognized arguments: 0
>>> RC=2 nsf n=0.0 lam=1.0
>>> 07:13:27 expert=nsf noise=0.0 lam=10.0 v2=0
usage: run.py [-h] [--expert {nice,realnvp,nsf,glow}] --scale {2,4}
              --noise-sigma {0.0,0.05,0.1} [--seed SEED] [--epochs EPOCHS]
              [--batch-size BATCH_SIZE] [--cond-width {64,128}]
              [--use-film {0,1}] [--cache-h {0,1}]
              [--use-v2-conditioner | --no-use-v2-conditioner] [--h-dim H_DIM]
              [--film-depth FILM_DEPTH] [--film-hidden FILM_HIDDEN]
              [--film-use-gelu | --no-film-use-gelu]
              [--realnvp-n-couplings REALNVP_N_COUPLINGS]
              [--realnvp-s-max REALNVP_S_MAX] [--glow-n-steps GLOW_N_STEPS]
              [--glow-coupling-hidden GLOW_COUPLING_HIDDEN]
              [--glow-s-max GLOW_S_MAX]
              [--glow-film-gain-init GLOW_FILM_GAIN_INIT]
              [--shuffle-loss-lambda SHUFFLE_LOSS_LAMBDA]
              [--shuffle-loss-margin SHUFFLE_LOSS_MARGIN]
              [--h-std-penalty-mu H_STD_PENALTY_MU]
              [--h-std-target H_STD_TARGET]
              [--cond-y-residual-alpha-init COND_Y_RESIDUAL_ALPHA_INIT]
              [--latent-moment-lambda LATENT_MOMENT_LAMBDA]
              [--latent-ks-target LATENT_KS_TARGET]
              [--fwd-rel-target FWD_REL_TARGET] [--resume-from RESUME_FROM]
              [--data-root DATA_ROOT] [--out-root OUT_ROOT]
              [--skip-if-complete]
run.py: error: unrecognized arguments: 0
>>> RC=2 nsf n=0.0 lam=10.0
>>> 07:13:29 expert=nsf noise=0.1 lam=0.0 v2=0
usage: run.py [-h] [--expert {nice,realnvp,nsf,glow}] --scale {2,4}
              --noise-sigma {0.0,0.05,0.1} [--seed SEED] [--epochs EPOCHS]
              [--batch-size BATCH_SIZE] [--cond-width {64,128}]
              [--use-film {0,1}] [--cache-h {0,1}]
              [--use-v2-conditioner | --no-use-v2-conditioner] [--h-dim H_DIM]
              [--film-depth FILM_DEPTH] [--film-hidden FILM_HIDDEN]
              [--film-use-gelu | --no-film-use-gelu]
              [--realnvp-n-couplings REALNVP_N_COUPLINGS]
              [--realnvp-s-max REALNVP_S_MAX] [--glow-n-steps GLOW_N_STEPS]
              [--glow-coupling-hidden GLOW_COUPLING_HIDDEN]
              [--glow-s-max GLOW_S_MAX]
              [--glow-film-gain-init GLOW_FILM_GAIN_INIT]
              [--shuffle-loss-lambda SHUFFLE_LOSS_LAMBDA]
              [--shuffle-loss-margin SHUFFLE_LOSS_MARGIN]
              [--h-std-penalty-mu H_STD_PENALTY_MU]
              [--h-std-target H_STD_TARGET]
              [--cond-y-residual-alpha-init COND_Y_RESIDUAL_ALPHA_INIT]
              [--latent-moment-lambda LATENT_MOMENT_LAMBDA]
              [--latent-ks-target LATENT_KS_TARGET]
              [--fwd-rel-target FWD_REL_TARGET] [--resume-from RESUME_FROM]
              [--data-root DATA_ROOT] [--out-root OUT_ROOT]
              [--skip-if-complete]
run.py: error: unrecognized arguments: 0
>>> RC=2 nsf n=0.1 lam=0.0
>>> 07:13:30 expert=nsf noise=0.1 lam=0.1 v2=0
usage: run.py [-h] [--expert {nice,realnvp,nsf,glow}] --scale {2,4}
              --noise-sigma {0.0,0.05,0.1} [--seed SEED] [--epochs EPOCHS]
              [--batch-size BATCH_SIZE] [--cond-width {64,128}]
              [--use-film {0,1}] [--cache-h {0,1}]
              [--use-v2-conditioner | --no-use-v2-conditioner] [--h-dim H_DIM]
              [--film-depth FILM_DEPTH] [--film-hidden FILM_HIDDEN]
              [--film-use-gelu | --no-film-use-gelu]
              [--realnvp-n-couplings REALNVP_N_COUPLINGS]
              [--realnvp-s-max REALNVP_S_MAX] [--glow-n-steps GLOW_N_STEPS]
              [--glow-coupling-hidden GLOW_COUPLING_HIDDEN]
              [--glow-s-max GLOW_S_MAX]
              [--glow-film-gain-init GLOW_FILM_GAIN_INIT]
              [--shuffle-loss-lambda SHUFFLE_LOSS_LAMBDA]
              [--shuffle-loss-margin SHUFFLE_LOSS_MARGIN]
              [--h-std-penalty-mu H_STD_PENALTY_MU]
              [--h-std-target H_STD_TARGET]
              [--cond-y-residual-alpha-init COND_Y_RESIDUAL_ALPHA_INIT]
              [--latent-moment-lambda LATENT_MOMENT_LAMBDA]
              [--latent-ks-target LATENT_KS_TARGET]
              [--fwd-rel-target FWD_REL_TARGET] [--resume-from RESUME_FROM]
              [--data-root DATA_ROOT] [--out-root OUT_ROOT]
              [--skip-if-complete]
run.py: error: unrecognized arguments: 0
>>> RC=2 nsf n=0.1 lam=0.1
>>> 07:13:32 expert=nsf noise=0.1 lam=1.0 v2=0
usage: run.py [-h] [--expert {nice,realnvp,nsf,glow}] --scale {2,4}
              --noise-sigma {0.0,0.05,0.1} [--seed SEED] [--epochs EPOCHS]
              [--batch-size BATCH_SIZE] [--cond-width {64,128}]
              [--use-film {0,1}] [--cache-h {0,1}]
              [--use-v2-conditioner | --no-use-v2-conditioner] [--h-dim H_DIM]
              [--film-depth FILM_DEPTH] [--film-hidden FILM_HIDDEN]
              [--film-use-gelu | --no-film-use-gelu]
              [--realnvp-n-couplings REALNVP_N_COUPLINGS]
              [--realnvp-s-max REALNVP_S_MAX] [--glow-n-steps GLOW_N_STEPS]
              [--glow-coupling-hidden GLOW_COUPLING_HIDDEN]
              [--glow-s-max GLOW_S_MAX]
              [--glow-film-gain-init GLOW_FILM_GAIN_INIT]
              [--shuffle-loss-lambda SHUFFLE_LOSS_LAMBDA]
              [--shuffle-loss-margin SHUFFLE_LOSS_MARGIN]
              [--h-std-penalty-mu H_STD_PENALTY_MU]
              [--h-std-target H_STD_TARGET]
              [--cond-y-residual-alpha-init COND_Y_RESIDUAL_ALPHA_INIT]
              [--latent-moment-lambda LATENT_MOMENT_LAMBDA]
              [--latent-ks-target LATENT_KS_TARGET]
              [--fwd-rel-target FWD_REL_TARGET] [--resume-from RESUME_FROM]
              [--data-root DATA_ROOT] [--out-root OUT_ROOT]
              [--skip-if-complete]
run.py: error: unrecognized arguments: 0
>>> RC=2 nsf n=0.1 lam=1.0
>>> 07:13:33 expert=nsf noise=0.1 lam=10.0 v2=0
usage: run.py [-h] [--expert {nice,realnvp,nsf,glow}] --scale {2,4}
              --noise-sigma {0.0,0.05,0.1} [--seed SEED] [--epochs EPOCHS]
              [--batch-size BATCH_SIZE] [--cond-width {64,128}]
              [--use-film {0,1}] [--cache-h {0,1}]
              [--use-v2-conditioner | --no-use-v2-conditioner] [--h-dim H_DIM]
              [--film-depth FILM_DEPTH] [--film-hidden FILM_HIDDEN]
              [--film-use-gelu | --no-film-use-gelu]
              [--realnvp-n-couplings REALNVP_N_COUPLINGS]
              [--realnvp-s-max REALNVP_S_MAX] [--glow-n-steps GLOW_N_STEPS]
              [--glow-coupling-hidden GLOW_COUPLING_HIDDEN]
              [--glow-s-max GLOW_S_MAX]
              [--glow-film-gain-init GLOW_FILM_GAIN_INIT]
              [--shuffle-loss-lambda SHUFFLE_LOSS_LAMBDA]
              [--shuffle-loss-margin SHUFFLE_LOSS_MARGIN]
              [--h-std-penalty-mu H_STD_PENALTY_MU]
              [--h-std-target H_STD_TARGET]
              [--cond-y-residual-alpha-init COND_Y_RESIDUAL_ALPHA_INIT]
              [--latent-moment-lambda LATENT_MOMENT_LAMBDA]
              [--latent-ks-target LATENT_KS_TARGET]
              [--fwd-rel-target FWD_REL_TARGET] [--resume-from RESUME_FROM]
              [--data-root DATA_ROOT] [--out-root OUT_ROOT]
              [--skip-if-complete]
run.py: error: unrecognized arguments: 0
>>> RC=2 nsf n=0.1 lam=10.0
