2026-05-13 21:32:58,828 INFO CSMF2.step_1_1_1.run :: STEP-1_1 run | tag=nice_s2_n0.00_seed0_8bbedce8c467 | cfg=StepCfg(data_root='./mnist_data', scale=2, blur_sigma=1.0, noise_sigma=0.0, batch_size=128, expert='nice', dim=784, cond_width=128, h_dim=256, flow_hidden=256, use_film=True, cache_h=True, use_v2_conditioner=True, film_depth=2, film_hidden=128, film_use_gelu=True, realnvp_n_couplings=6, realnvp_s_max=2.0, glow_n_steps=8, glow_coupling_hidden=256, glow_s_max=2.0, glow_squeeze=True, glow_n_levels=1, glow_image_c=1, glow_image_h=28, glow_image_w=28, glow_film_gain_init=0.3, lr=0.001, epochs=30, weight_decay=0.0, grad_clip=5.0, shuffle_loss_lambda=0.0, shuffle_loss_margin=0.5, h_std_penalty_mu=0.0, h_std_target=0.05, cond_y_residual_alpha_init=0.0, latent_moment_lambda=1.0, latent_ks_target=0.1, fwd_rel_target=0.5, resume_from=None, seed=0, out_root='./CSMF2/experiments/step_1_1_1/results', log_every=50, sanity_every_epoch=True)
2026-05-13 21:32:58,915 INFO CSMF2.step_1_1_1.run :: [run] data sizes: train=55000  val=5000 (per-epoch)  test=10000 (final-only)
2026-05-13 21:32:58,972 INFO CSMF2.step_1_1_1.run :: [y_sanity] y.std(dim=0).mean() = 0.1294  shape=(128, 1, 14, 14)
2026-05-13 21:33:06,540 INFO CSMF2.step_1_1_1.run :: [h] epoch=0 step=50 total=0.03257 batch=0.00007
2026-05-13 21:33:06,541 INFO CSMF2.step_1_1_1.run :: [lat] epoch=0 step=50 mean_l2=0.02971 std_l2=3.08354
2026-05-13 21:33:06,616 INFO CSMF2.step_1_1_1.run :: epoch=0 step=50/429 train_nll=-422.647
2026-05-13 21:33:14,260 INFO CSMF2.step_1_1_1.run :: [h] epoch=0 step=100 total=0.10009 batch=0.00010
2026-05-13 21:33:14,260 INFO CSMF2.step_1_1_1.run :: [lat] epoch=0 step=100 mean_l2=0.04782 std_l2=0.78038
2026-05-13 21:33:14,335 INFO CSMF2.step_1_1_1.run :: epoch=0 step=100/429 train_nll=-690.499
2026-05-13 21:33:22,134 INFO CSMF2.step_1_1_1.run :: [h] epoch=0 step=150 total=0.16169 batch=0.00008
2026-05-13 21:33:22,134 INFO CSMF2.step_1_1_1.run :: [lat] epoch=0 step=150 mean_l2=0.03536 std_l2=0.54004
2026-05-13 21:33:22,200 INFO CSMF2.step_1_1_1.run :: epoch=0 step=150/429 train_nll=-826.518
2026-05-13 21:33:29,957 INFO CSMF2.step_1_1_1.run :: [h] epoch=0 step=200 total=0.19197 batch=0.00004
2026-05-13 21:33:29,958 INFO CSMF2.step_1_1_1.run :: [lat] epoch=0 step=200 mean_l2=0.03482 std_l2=0.37893
2026-05-13 21:33:30,023 INFO CSMF2.step_1_1_1.run :: epoch=0 step=200/429 train_nll=-912.393
2026-05-13 21:33:37,745 INFO CSMF2.step_1_1_1.run :: [h] epoch=0 step=250 total=0.21378 batch=0.00003
2026-05-13 21:33:37,746 INFO CSMF2.step_1_1_1.run :: [lat] epoch=0 step=250 mean_l2=0.02004 std_l2=0.37654
2026-05-13 21:33:37,811 INFO CSMF2.step_1_1_1.run :: epoch=0 step=250/429 train_nll=-973.288
2026-05-13 21:33:45,458 INFO CSMF2.step_1_1_1.run :: [h] epoch=0 step=300 total=0.23618 batch=0.00007
2026-05-13 21:33:45,458 INFO CSMF2.step_1_1_1.run :: [lat] epoch=0 step=300 mean_l2=0.03725 std_l2=0.35422
2026-05-13 21:33:45,524 INFO CSMF2.step_1_1_1.run :: epoch=0 step=300/429 train_nll=-1020.617
2026-05-13 21:33:53,251 INFO CSMF2.step_1_1_1.run :: [h] epoch=0 step=350 total=0.24116 batch=0.00007
2026-05-13 21:33:53,251 INFO CSMF2.step_1_1_1.run :: [lat] epoch=0 step=350 mean_l2=0.02336 std_l2=0.38681
2026-05-13 21:33:53,327 INFO CSMF2.step_1_1_1.run :: epoch=0 step=350/429 train_nll=-1058.927
2026-05-13 21:34:01,010 INFO CSMF2.step_1_1_1.run :: [h] epoch=0 step=400 total=0.25189 batch=0.00008
2026-05-13 21:34:01,011 INFO CSMF2.step_1_1_1.run :: [lat] epoch=0 step=400 mean_l2=0.01997 std_l2=0.38791
2026-05-13 21:34:01,077 INFO CSMF2.step_1_1_1.run :: epoch=0 step=400/429 train_nll=-1091.482
2026-05-13 21:34:08,931 INFO CSMF2.step_1_1_1.run :: epoch=0  train_nll=-1107.997  val_nll=-1346.903  t=69.9s
2026-05-13 21:34:08,931 INFO CSMF2.step_1_1_1.run :: [h_std] total=0.17975 batch=0.00058 (no penalty)
2026-05-13 21:34:08,931 INFO CSMF2.step_1_1_1.run :: [lat_epoch] mean_l2=0.10350 std_l2=1.10214 lambda=1.000
2026-05-13 21:34:08,931 INFO CSMF2.step_1_1_1.run :: [grad] cond=4.1313 film_gain=0.0000
2026-05-13 21:34:20,167 INFO CSMF2.step_1_1_1.run :: [h] epoch=1 step=50 total=0.25535 batch=0.00012
2026-05-13 21:34:20,168 INFO CSMF2.step_1_1_1.run :: [lat] epoch=1 step=50 mean_l2=0.03419 std_l2=0.37805
2026-05-13 21:34:20,241 INFO CSMF2.step_1_1_1.run :: epoch=1 step=50/429 train_nll=-1353.942
2026-05-13 21:34:27,884 INFO CSMF2.step_1_1_1.run :: [h] epoch=1 step=100 total=0.26273 batch=0.00026
2026-05-13 21:34:27,885 INFO CSMF2.step_1_1_1.run :: [lat] epoch=1 step=100 mean_l2=0.02600 std_l2=0.38271
2026-05-13 21:34:27,950 INFO CSMF2.step_1_1_1.run :: epoch=1 step=100/429 train_nll=-1365.320
2026-05-13 21:34:35,638 INFO CSMF2.step_1_1_1.run :: [h] epoch=1 step=150 total=0.26400 batch=0.00041
2026-05-13 21:34:35,638 INFO CSMF2.step_1_1_1.run :: [lat] epoch=1 step=150 mean_l2=0.02933 std_l2=0.35794
2026-05-13 21:34:35,704 INFO CSMF2.step_1_1_1.run :: epoch=1 step=150/429 train_nll=-1377.113
2026-05-13 21:34:43,437 INFO CSMF2.step_1_1_1.run :: [h] epoch=1 step=200 total=0.26591 batch=0.00080
2026-05-13 21:34:43,437 INFO CSMF2.step_1_1_1.run :: [lat] epoch=1 step=200 mean_l2=0.02612 std_l2=0.39563
2026-05-13 21:34:43,503 INFO CSMF2.step_1_1_1.run :: epoch=1 step=200/429 train_nll=-1387.055
2026-05-13 21:34:51,321 INFO CSMF2.step_1_1_1.run :: [h] epoch=1 step=250 total=0.26076 batch=0.00229
2026-05-13 21:34:51,321 INFO CSMF2.step_1_1_1.run :: [lat] epoch=1 step=250 mean_l2=0.03360 std_l2=0.37937
2026-05-13 21:34:51,392 INFO CSMF2.step_1_1_1.run :: epoch=1 step=250/429 train_nll=-1397.093
2026-05-13 21:34:59,595 INFO CSMF2.step_1_1_1.run :: [h] epoch=1 step=300 total=0.26377 batch=0.00146
2026-05-13 21:34:59,595 INFO CSMF2.step_1_1_1.run :: [lat] epoch=1 step=300 mean_l2=0.03112 std_l2=0.34088
2026-05-13 21:34:59,668 INFO CSMF2.step_1_1_1.run :: epoch=1 step=300/429 train_nll=-1406.234
2026-05-13 21:35:07,828 INFO CSMF2.step_1_1_1.run :: [h] epoch=1 step=350 total=0.17431 batch=0.00656
2026-05-13 21:35:07,828 INFO CSMF2.step_1_1_1.run :: [lat] epoch=1 step=350 mean_l2=0.03445 std_l2=0.38003
2026-05-13 21:35:07,902 INFO CSMF2.step_1_1_1.run :: epoch=1 step=350/429 train_nll=-1415.475
2026-05-13 21:35:16,071 INFO CSMF2.step_1_1_1.run :: [h] epoch=1 step=400 total=0.26621 batch=0.00172
2026-05-13 21:35:16,072 INFO CSMF2.step_1_1_1.run :: [lat] epoch=1 step=400 mean_l2=0.02275 std_l2=0.37722
2026-05-13 21:35:16,166 INFO CSMF2.step_1_1_1.run :: epoch=1 step=400/429 train_nll=-1424.117
2026-05-13 21:35:24,406 INFO CSMF2.step_1_1_1.run :: epoch=1  train_nll=-1429.393  val_nll=-1508.161  t=71.6s
2026-05-13 21:35:24,406 INFO CSMF2.step_1_1_1.run :: [h_std] total=0.26123 batch=0.00115 (no penalty)
2026-05-13 21:35:24,406 INFO CSMF2.step_1_1_1.run :: [lat_epoch] mean_l2=0.02910 std_l2=0.37630 lambda=1.000
2026-05-13 21:35:24,406 INFO CSMF2.step_1_1_1.run :: [grad] cond=5.3085 film_gain=0.0000
2026-05-13 21:35:36,126 INFO CSMF2.step_1_1_1.run :: [h] epoch=2 step=50 total=0.26715 batch=0.00245
2026-05-13 21:35:36,127 INFO CSMF2.step_1_1_1.run :: [lat] epoch=2 step=50 mean_l2=0.03372 std_l2=0.36807
2026-05-13 21:35:36,216 INFO CSMF2.step_1_1_1.run :: epoch=2 step=50/429 train_nll=-1511.762
2026-05-13 21:35:44,205 INFO CSMF2.step_1_1_1.run :: [h] epoch=2 step=100 total=0.25971 batch=0.00813
2026-05-13 21:35:44,205 INFO CSMF2.step_1_1_1.run :: [lat] epoch=2 step=100 mean_l2=0.03352 std_l2=0.36343
2026-05-13 21:35:44,295 INFO CSMF2.step_1_1_1.run :: epoch=2 step=100/429 train_nll=-1519.182
2026-05-13 21:35:52,385 INFO CSMF2.step_1_1_1.run :: [h] epoch=2 step=150 total=0.26304 batch=0.00710
2026-05-13 21:35:52,386 INFO CSMF2.step_1_1_1.run :: [lat] epoch=2 step=150 mean_l2=0.04337 std_l2=0.32719
2026-05-13 21:35:52,459 INFO CSMF2.step_1_1_1.run :: epoch=2 step=150/429 train_nll=-1527.762
2026-05-13 21:36:00,659 INFO CSMF2.step_1_1_1.run :: [h] epoch=2 step=200 total=0.25518 batch=0.01122
2026-05-13 21:36:00,659 INFO CSMF2.step_1_1_1.run :: [lat] epoch=2 step=200 mean_l2=0.03287 std_l2=0.36782
2026-05-13 21:36:00,727 INFO CSMF2.step_1_1_1.run :: epoch=2 step=200/429 train_nll=-1533.944
2026-05-13 21:36:08,984 INFO CSMF2.step_1_1_1.run :: [h] epoch=2 step=250 total=0.25347 batch=0.00970
2026-05-13 21:36:08,984 INFO CSMF2.step_1_1_1.run :: [lat] epoch=2 step=250 mean_l2=0.03649 std_l2=0.34910
2026-05-13 21:36:09,075 INFO CSMF2.step_1_1_1.run :: epoch=2 step=250/429 train_nll=-1540.599
2026-05-13 21:36:17,266 INFO CSMF2.step_1_1_1.run :: [h] epoch=2 step=300 total=0.25361 batch=0.01135
2026-05-13 21:36:17,266 INFO CSMF2.step_1_1_1.run :: [lat] epoch=2 step=300 mean_l2=0.02868 std_l2=0.31291
2026-05-13 21:36:17,338 INFO CSMF2.step_1_1_1.run :: epoch=2 step=300/429 train_nll=-1546.893
2026-05-13 21:36:25,546 INFO CSMF2.step_1_1_1.run :: [h] epoch=2 step=350 total=0.25304 batch=0.01290
2026-05-13 21:36:25,547 INFO CSMF2.step_1_1_1.run :: [lat] epoch=2 step=350 mean_l2=0.03265 std_l2=0.35625
2026-05-13 21:36:25,636 INFO CSMF2.step_1_1_1.run :: epoch=2 step=350/429 train_nll=-1553.801
2026-05-13 21:36:33,667 INFO CSMF2.step_1_1_1.run :: [h] epoch=2 step=400 total=0.25751 batch=0.01663
2026-05-13 21:36:33,667 INFO CSMF2.step_1_1_1.run :: [lat] epoch=2 step=400 mean_l2=0.03436 std_l2=0.35167
2026-05-13 21:36:33,738 INFO CSMF2.step_1_1_1.run :: epoch=2 step=400/429 train_nll=-1560.260
2026-05-13 21:36:41,995 INFO CSMF2.step_1_1_1.run :: epoch=2  train_nll=-1564.231  val_nll=-1623.784  t=73.9s
2026-05-13 21:36:41,995 INFO CSMF2.step_1_1_1.run :: [h_std] total=0.25669 batch=0.00922 (no penalty)
2026-05-13 21:36:41,995 INFO CSMF2.step_1_1_1.run :: [lat_epoch] mean_l2=0.03532 std_l2=0.35304 lambda=1.000
2026-05-13 21:36:41,995 INFO CSMF2.step_1_1_1.run :: [grad] cond=10.6562 film_gain=0.0000
2026-05-13 21:36:53,675 INFO CSMF2.step_1_1_1.run :: [h] epoch=3 step=50 total=0.25280 batch=0.01752
2026-05-13 21:36:53,675 INFO CSMF2.step_1_1_1.run :: [lat] epoch=3 step=50 mean_l2=0.03619 std_l2=0.34365
2026-05-13 21:36:53,747 INFO CSMF2.step_1_1_1.run :: epoch=3 step=50/429 train_nll=-1627.084
2026-05-13 21:37:01,810 INFO CSMF2.step_1_1_1.run :: [h] epoch=3 step=100 total=0.25241 batch=0.02069
2026-05-13 21:37:01,811 INFO CSMF2.step_1_1_1.run :: [lat] epoch=3 step=100 mean_l2=0.03929 std_l2=0.33398
2026-05-13 21:37:01,901 INFO CSMF2.step_1_1_1.run :: epoch=3 step=100/429 train_nll=-1633.168
2026-05-13 21:37:09,952 INFO CSMF2.step_1_1_1.run :: [h] epoch=3 step=150 total=0.25109 batch=0.02047
2026-05-13 21:37:09,953 INFO CSMF2.step_1_1_1.run :: [lat] epoch=3 step=150 mean_l2=0.04737 std_l2=0.29751
2026-05-13 21:37:10,024 INFO CSMF2.step_1_1_1.run :: epoch=3 step=150/429 train_nll=-1640.288
2026-05-13 21:37:18,043 INFO CSMF2.step_1_1_1.run :: [h] epoch=3 step=200 total=0.25310 batch=0.02492
2026-05-13 21:37:18,044 INFO CSMF2.step_1_1_1.run :: [lat] epoch=3 step=200 mean_l2=0.02708 std_l2=0.34191
2026-05-13 21:37:18,116 INFO CSMF2.step_1_1_1.run :: epoch=3 step=200/429 train_nll=-1645.602
2026-05-13 21:37:26,358 INFO CSMF2.step_1_1_1.run :: [h] epoch=3 step=250 total=0.25558 batch=0.02183
2026-05-13 21:37:26,358 INFO CSMF2.step_1_1_1.run :: [lat] epoch=3 step=250 mean_l2=0.03364 std_l2=0.32862
2026-05-13 21:37:26,431 INFO CSMF2.step_1_1_1.run :: epoch=3 step=250/429 train_nll=-1651.528
2026-05-13 21:37:34,403 INFO CSMF2.step_1_1_1.run :: [h] epoch=3 step=300 total=0.25503 batch=0.03162
2026-05-13 21:37:34,403 INFO CSMF2.step_1_1_1.run :: [lat] epoch=3 step=300 mean_l2=0.05141 std_l2=0.29603
2026-05-13 21:37:34,476 INFO CSMF2.step_1_1_1.run :: epoch=3 step=300/429 train_nll=-1656.962
2026-05-13 21:37:42,771 INFO CSMF2.step_1_1_1.run :: [h] epoch=3 step=350 total=0.25115 batch=0.03541
2026-05-13 21:37:42,772 INFO CSMF2.step_1_1_1.run :: [lat] epoch=3 step=350 mean_l2=0.03343 std_l2=0.33558
2026-05-13 21:37:42,844 INFO CSMF2.step_1_1_1.run :: epoch=3 step=350/429 train_nll=-1662.525
2026-05-13 21:37:50,880 INFO CSMF2.step_1_1_1.run :: [h] epoch=3 step=400 total=0.24501 batch=0.04944
2026-05-13 21:37:50,880 INFO CSMF2.step_1_1_1.run :: [lat] epoch=3 step=400 mean_l2=0.07233 std_l2=0.31264
2026-05-13 21:37:50,971 INFO CSMF2.step_1_1_1.run :: epoch=3 step=400/429 train_nll=-1667.129
2026-05-13 21:37:59,220 INFO CSMF2.step_1_1_1.run :: epoch=3  train_nll=-1669.977  val_nll=-1715.450  t=73.4s
2026-05-13 21:37:59,220 INFO CSMF2.step_1_1_1.run :: [h_std] total=0.25046 batch=0.02768 (no penalty)
2026-05-13 21:37:59,221 INFO CSMF2.step_1_1_1.run :: [lat_epoch] mean_l2=0.04026 std_l2=0.32695 lambda=1.000
2026-05-13 21:37:59,221 INFO CSMF2.step_1_1_1.run :: [grad] cond=18.8035 film_gain=0.0000
2026-05-13 21:38:10,777 INFO CSMF2.step_1_1_1.run :: [h] epoch=4 step=50 total=0.24882 batch=0.05363
2026-05-13 21:38:10,777 INFO CSMF2.step_1_1_1.run :: [lat] epoch=4 step=50 mean_l2=0.05997 std_l2=0.31776
2026-05-13 21:38:10,848 INFO CSMF2.step_1_1_1.run :: epoch=4 step=50/429 train_nll=-1715.832
2026-05-13 21:38:18,952 INFO CSMF2.step_1_1_1.run :: [h] epoch=4 step=100 total=0.24976 batch=0.06118
2026-05-13 21:38:18,952 INFO CSMF2.step_1_1_1.run :: [lat] epoch=4 step=100 mean_l2=0.04171 std_l2=0.30952
2026-05-13 21:38:19,043 INFO CSMF2.step_1_1_1.run :: epoch=4 step=100/429 train_nll=-1719.463
2026-05-13 21:38:27,111 INFO CSMF2.step_1_1_1.run :: [h] epoch=4 step=150 total=0.24318 batch=0.05862
2026-05-13 21:38:27,112 INFO CSMF2.step_1_1_1.run :: [lat] epoch=4 step=150 mean_l2=0.03212 std_l2=0.28340
2026-05-13 21:38:27,184 INFO CSMF2.step_1_1_1.run :: epoch=4 step=150/429 train_nll=-1726.375
2026-05-13 21:38:35,199 INFO CSMF2.step_1_1_1.run :: [h] epoch=4 step=200 total=0.23812 batch=0.06468
2026-05-13 21:38:35,200 INFO CSMF2.step_1_1_1.run :: [lat] epoch=4 step=200 mean_l2=0.04412 std_l2=0.31934
2026-05-13 21:38:35,272 INFO CSMF2.step_1_1_1.run :: epoch=4 step=200/429 train_nll=-1730.304
2026-05-13 21:38:43,386 INFO CSMF2.step_1_1_1.run :: [h] epoch=4 step=250 total=0.24226 batch=0.05903
2026-05-13 21:38:43,386 INFO CSMF2.step_1_1_1.run :: [lat] epoch=4 step=250 mean_l2=0.05792 std_l2=0.31461
2026-05-13 21:38:43,478 INFO CSMF2.step_1_1_1.run :: epoch=4 step=250/429 train_nll=-1734.994
2026-05-13 21:38:51,503 INFO CSMF2.step_1_1_1.run :: [h] epoch=4 step=300 total=0.24136 batch=0.06484
2026-05-13 21:38:51,503 INFO CSMF2.step_1_1_1.run :: [lat] epoch=4 step=300 mean_l2=0.04323 std_l2=0.28881
2026-05-13 21:38:51,575 INFO CSMF2.step_1_1_1.run :: epoch=4 step=300/429 train_nll=-1739.142
2026-05-13 21:38:59,791 INFO CSMF2.step_1_1_1.run :: [h] epoch=4 step=350 total=0.23083 batch=0.06999
2026-05-13 21:38:59,791 INFO CSMF2.step_1_1_1.run :: [lat] epoch=4 step=350 mean_l2=0.03980 std_l2=0.31033
2026-05-13 21:38:59,863 INFO CSMF2.step_1_1_1.run :: epoch=4 step=350/429 train_nll=-1743.684
2026-05-13 21:39:07,931 INFO CSMF2.step_1_1_1.run :: [h] epoch=4 step=400 total=0.23964 batch=0.07353
2026-05-13 21:39:07,931 INFO CSMF2.step_1_1_1.run :: [lat] epoch=4 step=400 mean_l2=0.03907 std_l2=0.30993
2026-05-13 21:39:08,003 INFO CSMF2.step_1_1_1.run :: epoch=4 step=400/429 train_nll=-1747.885
2026-05-13 21:39:16,211 INFO CSMF2.step_1_1_1.run :: epoch=4  train_nll=-1750.755  val_nll=-1796.747  t=73.1s
2026-05-13 21:39:16,212 INFO CSMF2.step_1_1_1.run :: [h_std] total=0.24074 batch=0.06219 (no penalty)
2026-05-13 21:39:16,212 INFO CSMF2.step_1_1_1.run :: [lat_epoch] mean_l2=0.04814 std_l2=0.30471 lambda=1.000
2026-05-13 21:39:16,212 INFO CSMF2.step_1_1_1.run :: [grad] cond=40.7838 film_gain=0.0000
2026-05-13 21:39:27,716 INFO CSMF2.step_1_1_1.run :: [h] epoch=5 step=50 total=0.23206 batch=0.06607
2026-05-13 21:39:27,716 INFO CSMF2.step_1_1_1.run :: [lat] epoch=5 step=50 mean_l2=0.06958 std_l2=0.30705
2026-05-13 21:39:27,787 INFO CSMF2.step_1_1_1.run :: epoch=5 step=50/429 train_nll=-1792.596
2026-05-13 21:39:35,948 INFO CSMF2.step_1_1_1.run :: [h] epoch=5 step=100 total=0.24057 batch=0.07908
2026-05-13 21:39:35,948 INFO CSMF2.step_1_1_1.run :: [lat] epoch=5 step=100 mean_l2=0.06236 std_l2=0.31072
2026-05-13 21:39:36,020 INFO CSMF2.step_1_1_1.run :: epoch=5 step=100/429 train_nll=-1795.883
2026-05-13 21:39:44,063 INFO CSMF2.step_1_1_1.run :: [h] epoch=5 step=150 total=0.23227 batch=0.06919
2026-05-13 21:39:44,063 INFO CSMF2.step_1_1_1.run :: [lat] epoch=5 step=150 mean_l2=0.04437 std_l2=0.28054
2026-05-13 21:39:44,136 INFO CSMF2.step_1_1_1.run :: epoch=5 step=150/429 train_nll=-1800.684
2026-05-13 21:39:52,243 INFO CSMF2.step_1_1_1.run :: [h] epoch=5 step=200 total=0.23286 batch=0.07637
2026-05-13 21:39:52,244 INFO CSMF2.step_1_1_1.run :: [lat] epoch=5 step=200 mean_l2=0.05654 std_l2=0.30129
2026-05-13 21:39:52,334 INFO CSMF2.step_1_1_1.run :: epoch=5 step=200/429 train_nll=-1802.985
2026-05-13 21:40:00,410 INFO CSMF2.step_1_1_1.run :: [h] epoch=5 step=250 total=0.22858 batch=0.06559
2026-05-13 21:40:00,411 INFO CSMF2.step_1_1_1.run :: [lat] epoch=5 step=250 mean_l2=0.07199 std_l2=0.31664
2026-05-13 21:40:00,483 INFO CSMF2.step_1_1_1.run :: epoch=5 step=250/429 train_nll=-1806.467
2026-05-13 21:40:08,630 INFO CSMF2.step_1_1_1.run :: [h] epoch=5 step=300 total=0.22430 batch=0.07219
2026-05-13 21:40:08,630 INFO CSMF2.step_1_1_1.run :: [lat] epoch=5 step=300 mean_l2=0.05800 std_l2=0.30411
2026-05-13 21:40:08,703 INFO CSMF2.step_1_1_1.run :: epoch=5 step=300/429 train_nll=-1809.655
2026-05-13 21:40:16,789 INFO CSMF2.step_1_1_1.run :: [h] epoch=5 step=350 total=0.22521 batch=0.07237
2026-05-13 21:40:16,790 INFO CSMF2.step_1_1_1.run :: [lat] epoch=5 step=350 mean_l2=0.04624 std_l2=0.31322
2026-05-13 21:40:16,862 INFO CSMF2.step_1_1_1.run :: epoch=5 step=350/429 train_nll=-1814.273
2026-05-13 21:40:24,941 INFO CSMF2.step_1_1_1.run :: [h] epoch=5 step=400 total=0.22967 batch=0.07909
2026-05-13 21:40:24,941 INFO CSMF2.step_1_1_1.run :: [lat] epoch=5 step=400 mean_l2=0.04876 std_l2=0.30773
2026-05-13 21:40:25,031 INFO CSMF2.step_1_1_1.run :: epoch=5 step=400/429 train_nll=-1818.022
2026-05-13 21:40:33,252 INFO CSMF2.step_1_1_1.run :: epoch=5  train_nll=-1820.310  val_nll=-1850.769  t=73.2s
2026-05-13 21:40:33,252 INFO CSMF2.step_1_1_1.run :: [h_std] total=0.22876 batch=0.07130 (no penalty)
2026-05-13 21:40:33,252 INFO CSMF2.step_1_1_1.run :: [lat_epoch] mean_l2=0.05265 std_l2=0.29732 lambda=1.000
2026-05-13 21:40:33,252 INFO CSMF2.step_1_1_1.run :: [grad] cond=36.1363 film_gain=0.0000
2026-05-13 21:40:44,826 INFO CSMF2.step_1_1_1.run :: [h] epoch=6 step=50 total=0.22381 batch=0.07154
2026-05-13 21:40:44,827 INFO CSMF2.step_1_1_1.run :: [lat] epoch=6 step=50 mean_l2=0.05504 std_l2=0.30311
2026-05-13 21:40:44,901 INFO CSMF2.step_1_1_1.run :: epoch=6 step=50/429 train_nll=-1854.161
2026-05-13 21:40:53,034 INFO CSMF2.step_1_1_1.run :: [h] epoch=6 step=100 total=0.22487 batch=0.07966
2026-05-13 21:40:53,035 INFO CSMF2.step_1_1_1.run :: [lat] epoch=6 step=100 mean_l2=0.05150 std_l2=0.33385
2026-05-13 21:40:53,107 INFO CSMF2.step_1_1_1.run :: epoch=6 step=100/429 train_nll=-1857.200
2026-05-13 21:41:01,136 INFO CSMF2.step_1_1_1.run :: [h] epoch=6 step=150 total=0.21884 batch=0.07374
2026-05-13 21:41:01,136 INFO CSMF2.step_1_1_1.run :: [lat] epoch=6 step=150 mean_l2=0.06066 std_l2=0.29690
2026-05-13 21:41:01,217 INFO CSMF2.step_1_1_1.run :: epoch=6 step=150/429 train_nll=-1862.411
2026-05-13 21:41:09,230 INFO CSMF2.step_1_1_1.run :: [h] epoch=6 step=200 total=0.22172 batch=0.08129
2026-05-13 21:41:09,230 INFO CSMF2.step_1_1_1.run :: [lat] epoch=6 step=200 mean_l2=0.05213 std_l2=0.29709
2026-05-13 21:41:09,304 INFO CSMF2.step_1_1_1.run :: epoch=6 step=200/429 train_nll=-1865.811
2026-05-13 21:41:17,552 INFO CSMF2.step_1_1_1.run :: [h] epoch=6 step=250 total=0.22101 batch=0.07270
2026-05-13 21:41:17,553 INFO CSMF2.step_1_1_1.run :: [lat] epoch=6 step=250 mean_l2=0.05615 std_l2=0.35195
2026-05-13 21:41:17,626 INFO CSMF2.step_1_1_1.run :: epoch=6 step=250/429 train_nll=-1869.084
2026-05-13 21:41:25,769 INFO CSMF2.step_1_1_1.run :: [h] epoch=6 step=300 total=0.21912 batch=0.08098
2026-05-13 21:41:25,770 INFO CSMF2.step_1_1_1.run :: [lat] epoch=6 step=300 mean_l2=0.05863 std_l2=0.33917
2026-05-13 21:41:25,860 INFO CSMF2.step_1_1_1.run :: epoch=6 step=300/429 train_nll=-1871.268
2026-05-13 21:41:33,926 INFO CSMF2.step_1_1_1.run :: [h] epoch=6 step=350 total=0.21381 batch=0.08439
2026-05-13 21:41:33,927 INFO CSMF2.step_1_1_1.run :: [lat] epoch=6 step=350 mean_l2=0.05076 std_l2=0.32197
2026-05-13 21:41:34,000 INFO CSMF2.step_1_1_1.run :: epoch=6 step=350/429 train_nll=-1874.557
2026-05-13 21:41:42,126 INFO CSMF2.step_1_1_1.run :: [h] epoch=6 step=400 total=0.21695 batch=0.08973
2026-05-13 21:41:42,127 INFO CSMF2.step_1_1_1.run :: [lat] epoch=6 step=400 mean_l2=0.05881 std_l2=0.31340
2026-05-13 21:41:42,217 INFO CSMF2.step_1_1_1.run :: epoch=6 step=400/429 train_nll=-1876.917
2026-05-13 21:41:50,357 INFO CSMF2.step_1_1_1.run :: epoch=6  train_nll=-1878.686  val_nll=-1903.453  t=73.3s
2026-05-13 21:41:50,357 INFO CSMF2.step_1_1_1.run :: [h_std] total=0.21732 batch=0.07807 (no penalty)
2026-05-13 21:41:50,357 INFO CSMF2.step_1_1_1.run :: [lat_epoch] mean_l2=0.05814 std_l2=0.30258 lambda=1.000
2026-05-13 21:41:50,357 INFO CSMF2.step_1_1_1.run :: [grad] cond=150.3061 film_gain=0.0000
2026-05-13 21:42:02,003 INFO CSMF2.step_1_1_1.run :: [h] epoch=7 step=50 total=0.21346 batch=0.08350
2026-05-13 21:42:02,004 INFO CSMF2.step_1_1_1.run :: [lat] epoch=7 step=50 mean_l2=0.06399 std_l2=0.31423
2026-05-13 21:42:02,076 INFO CSMF2.step_1_1_1.run :: epoch=7 step=50/429 train_nll=-1905.539
2026-05-13 21:42:10,092 INFO CSMF2.step_1_1_1.run :: [h] epoch=7 step=100 total=0.21635 batch=0.09409
2026-05-13 21:42:10,093 INFO CSMF2.step_1_1_1.run :: [lat] epoch=7 step=100 mean_l2=0.05475 std_l2=0.38281
2026-05-13 21:42:10,183 INFO CSMF2.step_1_1_1.run :: epoch=7 step=100/429 train_nll=-1907.806
2026-05-13 21:42:18,245 INFO CSMF2.step_1_1_1.run :: [h] epoch=7 step=150 total=0.20855 batch=0.08737
2026-05-13 21:42:18,245 INFO CSMF2.step_1_1_1.run :: [lat] epoch=7 step=150 mean_l2=0.05673 std_l2=0.33638
2026-05-13 21:42:18,317 INFO CSMF2.step_1_1_1.run :: epoch=7 step=150/429 train_nll=-1914.333
2026-05-13 21:42:26,384 INFO CSMF2.step_1_1_1.run :: [h] epoch=7 step=200 total=0.21144 batch=0.09560
2026-05-13 21:42:26,384 INFO CSMF2.step_1_1_1.run :: [lat] epoch=7 step=200 mean_l2=0.05834 std_l2=0.29814
2026-05-13 21:42:26,475 INFO CSMF2.step_1_1_1.run :: epoch=7 step=200/429 train_nll=-1917.029
2026-05-13 21:42:34,631 INFO CSMF2.step_1_1_1.run :: [h] epoch=7 step=250 total=0.21114 batch=0.08551
2026-05-13 21:42:34,631 INFO CSMF2.step_1_1_1.run :: [lat] epoch=7 step=250 mean_l2=0.05370 std_l2=0.40867
2026-05-13 21:42:34,703 INFO CSMF2.step_1_1_1.run :: epoch=7 step=250/429 train_nll=-1920.694
2026-05-13 21:42:42,742 INFO CSMF2.step_1_1_1.run :: [h] epoch=7 step=300 total=0.20054 batch=0.08658
2026-05-13 21:42:42,742 INFO CSMF2.step_1_1_1.run :: [lat] epoch=7 step=300 mean_l2=0.07004 std_l2=0.43168
2026-05-13 21:42:42,814 INFO CSMF2.step_1_1_1.run :: epoch=7 step=300/429 train_nll=-1923.237
2026-05-13 21:42:51,040 INFO CSMF2.step_1_1_1.run :: [h] epoch=7 step=350 total=0.20078 batch=0.09085
2026-05-13 21:42:51,041 INFO CSMF2.step_1_1_1.run :: [lat] epoch=7 step=350 mean_l2=0.06613 std_l2=0.32801
2026-05-13 21:42:51,130 INFO CSMF2.step_1_1_1.run :: epoch=7 step=350/429 train_nll=-1926.175
2026-05-13 21:42:59,238 INFO CSMF2.step_1_1_1.run :: [h] epoch=7 step=400 total=0.20520 batch=0.09819
2026-05-13 21:42:59,239 INFO CSMF2.step_1_1_1.run :: [lat] epoch=7 step=400 mean_l2=0.06542 std_l2=0.35201
2026-05-13 21:42:59,311 INFO CSMF2.step_1_1_1.run :: epoch=7 step=400/429 train_nll=-1928.318
2026-05-13 21:43:07,265 INFO CSMF2.step_1_1_1.run :: epoch=7  train_nll=-1930.211  val_nll=-1945.028  t=73.2s
2026-05-13 21:43:07,266 INFO CSMF2.step_1_1_1.run :: [h_std] total=0.20648 batch=0.08856 (no penalty)
2026-05-13 21:43:07,266 INFO CSMF2.step_1_1_1.run :: [lat_epoch] mean_l2=0.06087 std_l2=0.32297 lambda=1.000
2026-05-13 21:43:07,266 INFO CSMF2.step_1_1_1.run :: [grad] cond=51.2391 film_gain=0.0000
2026-05-13 21:43:18,975 INFO CSMF2.step_1_1_1.run :: [h] epoch=8 step=50 total=0.19547 batch=0.08354
2026-05-13 21:43:18,975 INFO CSMF2.step_1_1_1.run :: [lat] epoch=8 step=50 mean_l2=0.05962 std_l2=0.31384
2026-05-13 21:43:19,066 INFO CSMF2.step_1_1_1.run :: epoch=8 step=50/429 train_nll=-1947.184
2026-05-13 21:43:27,146 INFO CSMF2.step_1_1_1.run :: [h] epoch=8 step=100 total=0.20307 batch=0.09544
2026-05-13 21:43:27,146 INFO CSMF2.step_1_1_1.run :: [lat] epoch=8 step=100 mean_l2=0.06153 std_l2=0.47155
2026-05-13 21:43:27,214 INFO CSMF2.step_1_1_1.run :: epoch=8 step=100/429 train_nll=-1951.147
2026-05-13 21:43:35,314 INFO CSMF2.step_1_1_1.run :: [h] epoch=8 step=150 total=0.19123 batch=0.09138
2026-05-13 21:43:35,315 INFO CSMF2.step_1_1_1.run :: [lat] epoch=8 step=150 mean_l2=0.06111 std_l2=0.37875
2026-05-13 21:43:35,387 INFO CSMF2.step_1_1_1.run :: epoch=8 step=150/429 train_nll=-1956.335
2026-05-13 21:43:43,439 INFO CSMF2.step_1_1_1.run :: [h] epoch=8 step=200 total=0.19933 batch=0.10328
2026-05-13 21:43:43,440 INFO CSMF2.step_1_1_1.run :: [lat] epoch=8 step=200 mean_l2=0.05693 std_l2=0.29981
2026-05-13 21:43:43,511 INFO CSMF2.step_1_1_1.run :: epoch=8 step=200/429 train_nll=-1958.806
2026-05-13 21:43:51,764 INFO CSMF2.step_1_1_1.run :: [h] epoch=8 step=250 total=0.19672 batch=0.09165
2026-05-13 21:43:51,765 INFO CSMF2.step_1_1_1.run :: [lat] epoch=8 step=250 mean_l2=0.08404 std_l2=0.49431
2026-05-13 21:43:51,837 INFO CSMF2.step_1_1_1.run :: epoch=8 step=250/429 train_nll=-1961.934
2026-05-13 21:43:59,962 INFO CSMF2.step_1_1_1.run :: [h] epoch=8 step=300 total=0.18783 batch=0.09463
2026-05-13 21:43:59,962 INFO CSMF2.step_1_1_1.run :: [lat] epoch=8 step=300 mean_l2=0.07550 std_l2=0.49067
2026-05-13 21:44:00,035 INFO CSMF2.step_1_1_1.run :: epoch=8 step=300/429 train_nll=-1963.721
2026-05-13 21:44:08,093 INFO CSMF2.step_1_1_1.run :: [h] epoch=8 step=350 total=0.19249 batch=0.09894
2026-05-13 21:44:08,094 INFO CSMF2.step_1_1_1.run :: [lat] epoch=8 step=350 mean_l2=0.07542 std_l2=0.38220
2026-05-13 21:44:08,166 INFO CSMF2.step_1_1_1.run :: epoch=8 step=350/429 train_nll=-1967.687
2026-05-13 21:44:16,207 INFO CSMF2.step_1_1_1.run :: [h] epoch=8 step=400 total=0.19664 batch=0.10505
2026-05-13 21:44:16,207 INFO CSMF2.step_1_1_1.run :: [lat] epoch=8 step=400 mean_l2=0.09076 std_l2=0.42971
2026-05-13 21:44:16,279 INFO CSMF2.step_1_1_1.run :: epoch=8 step=400/429 train_nll=-1969.552
2026-05-13 21:44:24,470 INFO CSMF2.step_1_1_1.run :: epoch=8  train_nll=-1971.220  val_nll=-1979.989  t=73.5s
2026-05-13 21:44:24,470 INFO CSMF2.step_1_1_1.run :: [h_std] total=0.19374 batch=0.09486 (no penalty)
2026-05-13 21:44:24,470 INFO CSMF2.step_1_1_1.run :: [lat_epoch] mean_l2=0.06777 std_l2=0.35548 lambda=1.000
2026-05-13 21:44:24,470 INFO CSMF2.step_1_1_1.run :: [grad] cond=199.1465 film_gain=0.0000
2026-05-13 21:44:36,085 INFO CSMF2.step_1_1_1.run :: [h] epoch=9 step=50 total=0.19219 batch=0.09638
2026-05-13 21:44:36,085 INFO CSMF2.step_1_1_1.run :: [lat] epoch=9 step=50 mean_l2=0.09471 std_l2=0.33354
2026-05-13 21:44:36,157 INFO CSMF2.step_1_1_1.run :: epoch=9 step=50/429 train_nll=-1989.509
2026-05-13 21:44:44,198 INFO CSMF2.step_1_1_1.run :: [h] epoch=9 step=100 total=0.19307 batch=0.10355
2026-05-13 21:44:44,199 INFO CSMF2.step_1_1_1.run :: [lat] epoch=9 step=100 mean_l2=0.06776 std_l2=0.53378
2026-05-13 21:44:44,271 INFO CSMF2.step_1_1_1.run :: epoch=9 step=100/429 train_nll=-1992.642
2026-05-13 21:44:52,344 INFO CSMF2.step_1_1_1.run :: [h] epoch=9 step=150 total=0.18569 batch=0.09671
2026-05-13 21:44:52,344 INFO CSMF2.step_1_1_1.run :: [lat] epoch=9 step=150 mean_l2=0.06818 std_l2=0.42137
2026-05-13 21:44:52,416 INFO CSMF2.step_1_1_1.run :: epoch=9 step=150/429 train_nll=-1998.831
2026-05-13 21:45:00,704 INFO CSMF2.step_1_1_1.run :: [h] epoch=9 step=200 total=0.19036 batch=0.10482
2026-05-13 21:45:00,704 INFO CSMF2.step_1_1_1.run :: [lat] epoch=9 step=200 mean_l2=0.06003 std_l2=0.30274
2026-05-13 21:45:00,776 INFO CSMF2.step_1_1_1.run :: epoch=9 step=200/429 train_nll=-2001.054
2026-05-13 21:45:08,901 INFO CSMF2.step_1_1_1.run :: [h] epoch=9 step=250 total=0.18313 batch=0.09279
2026-05-13 21:45:08,902 INFO CSMF2.step_1_1_1.run :: [lat] epoch=9 step=250 mean_l2=0.08523 std_l2=0.62856
2026-05-13 21:45:08,974 INFO CSMF2.step_1_1_1.run :: epoch=9 step=250/429 train_nll=-2003.372
2026-05-13 21:45:17,107 INFO CSMF2.step_1_1_1.run :: [h] epoch=9 step=300 total=0.18230 batch=0.09838
2026-05-13 21:45:17,108 INFO CSMF2.step_1_1_1.run :: [lat] epoch=9 step=300 mean_l2=0.07209 std_l2=0.56989
2026-05-13 21:45:17,176 INFO CSMF2.step_1_1_1.run :: epoch=9 step=300/429 train_nll=-2004.477
2026-05-13 21:45:25,271 INFO CSMF2.step_1_1_1.run :: [h] epoch=9 step=350 total=0.18281 batch=0.09979
2026-05-13 21:45:25,272 INFO CSMF2.step_1_1_1.run :: [lat] epoch=9 step=350 mean_l2=0.06144 std_l2=0.46086
2026-05-13 21:45:25,344 INFO CSMF2.step_1_1_1.run :: epoch=9 step=350/429 train_nll=-2007.580
2026-05-13 21:45:33,485 INFO CSMF2.step_1_1_1.run :: [h] epoch=9 step=400 total=0.18474 batch=0.10420
2026-05-13 21:45:33,486 INFO CSMF2.step_1_1_1.run :: [lat] epoch=9 step=400 mean_l2=0.07783 std_l2=0.55984
2026-05-13 21:45:33,559 INFO CSMF2.step_1_1_1.run :: epoch=9 step=400/429 train_nll=-2009.146
2026-05-13 21:45:41,815 INFO CSMF2.step_1_1_1.run :: epoch=9  train_nll=-2010.841  val_nll=-2030.139  t=73.6s
2026-05-13 21:45:41,815 INFO CSMF2.step_1_1_1.run :: [h_std] total=0.18501 batch=0.09959 (no penalty)
2026-05-13 21:45:41,815 INFO CSMF2.step_1_1_1.run :: [lat_epoch] mean_l2=0.07002 std_l2=0.40134 lambda=1.000
2026-05-13 21:45:41,815 INFO CSMF2.step_1_1_1.run :: [grad] cond=219.5254 film_gain=0.0000
2026-05-13 21:45:53,577 INFO CSMF2.step_1_1_1.run :: [h] epoch=10 step=50 total=0.18294 batch=0.09754
2026-05-13 21:45:53,578 INFO CSMF2.step_1_1_1.run :: [lat] epoch=10 step=50 mean_l2=0.05755 std_l2=0.33055
2026-05-13 21:45:53,650 INFO CSMF2.step_1_1_1.run :: epoch=10 step=50/429 train_nll=-2030.736
2026-05-13 21:46:01,756 INFO CSMF2.step_1_1_1.run :: [h] epoch=10 step=100 total=0.18219 batch=0.10261
2026-05-13 21:46:01,756 INFO CSMF2.step_1_1_1.run :: [lat] epoch=10 step=100 mean_l2=0.07167 std_l2=0.60481
2026-05-13 21:46:01,847 INFO CSMF2.step_1_1_1.run :: epoch=10 step=100/429 train_nll=-2032.717
2026-05-13 21:46:09,913 INFO CSMF2.step_1_1_1.run :: [h] epoch=10 step=150 total=0.17461 batch=0.09770
2026-05-13 21:46:09,913 INFO CSMF2.step_1_1_1.run :: [lat] epoch=10 step=150 mean_l2=0.06600 std_l2=0.44881
2026-05-13 21:46:09,985 INFO CSMF2.step_1_1_1.run :: epoch=10 step=150/429 train_nll=-2037.124
2026-05-13 21:46:17,963 INFO CSMF2.step_1_1_1.run :: [h] epoch=10 step=200 total=0.18153 batch=0.10794
2026-05-13 21:46:17,963 INFO CSMF2.step_1_1_1.run :: [lat] epoch=10 step=200 mean_l2=0.07584 std_l2=0.30232
2026-05-13 21:46:18,035 INFO CSMF2.step_1_1_1.run :: epoch=10 step=200/429 train_nll=-2037.678
2026-05-13 21:46:26,234 INFO CSMF2.step_1_1_1.run :: [h] epoch=10 step=250 total=0.17767 batch=0.09627
2026-05-13 21:46:26,235 INFO CSMF2.step_1_1_1.run :: [lat] epoch=10 step=250 mean_l2=0.10387 std_l2=0.73915
2026-05-13 21:46:26,307 INFO CSMF2.step_1_1_1.run :: epoch=10 step=250/429 train_nll=-2038.464
2026-05-13 21:46:34,484 INFO CSMF2.step_1_1_1.run :: [h] epoch=10 step=300 total=0.17430 batch=0.10070
2026-05-13 21:46:34,484 INFO CSMF2.step_1_1_1.run :: [lat] epoch=10 step=300 mean_l2=0.06778 std_l2=0.66189
2026-05-13 21:46:34,556 INFO CSMF2.step_1_1_1.run :: epoch=10 step=300/429 train_nll=-2039.858
2026-05-13 21:46:42,737 INFO CSMF2.step_1_1_1.run :: [h] epoch=10 step=350 total=0.17442 batch=0.10033
2026-05-13 21:46:42,737 INFO CSMF2.step_1_1_1.run :: [lat] epoch=10 step=350 mean_l2=0.08857 std_l2=0.55274
2026-05-13 21:46:42,809 INFO CSMF2.step_1_1_1.run :: epoch=10 step=350/429 train_nll=-2042.257
2026-05-13 21:46:50,893 INFO CSMF2.step_1_1_1.run :: [h] epoch=10 step=400 total=0.17787 batch=0.10635
2026-05-13 21:46:50,893 INFO CSMF2.step_1_1_1.run :: [lat] epoch=10 step=400 mean_l2=0.09975 std_l2=0.80718
2026-05-13 21:46:50,965 INFO CSMF2.step_1_1_1.run :: epoch=10 step=400/429 train_nll=-2043.581
2026-05-13 21:46:59,266 INFO CSMF2.step_1_1_1.run :: epoch=10  train_nll=-2044.931  val_nll=-2058.665  t=73.7s
2026-05-13 21:46:59,266 INFO CSMF2.step_1_1_1.run :: [h_std] total=0.17672 batch=0.10076 (no penalty)
2026-05-13 21:46:59,266 INFO CSMF2.step_1_1_1.run :: [lat_epoch] mean_l2=0.07409 std_l2=0.45807 lambda=1.000
2026-05-13 21:46:59,266 INFO CSMF2.step_1_1_1.run :: [grad] cond=127.8814 film_gain=0.0000
2026-05-13 21:47:10,892 INFO CSMF2.step_1_1_1.run :: [h] epoch=11 step=50 total=0.17532 batch=0.10046
2026-05-13 21:47:10,892 INFO CSMF2.step_1_1_1.run :: [lat] epoch=11 step=50 mean_l2=0.06484 std_l2=0.33223
2026-05-13 21:47:10,964 INFO CSMF2.step_1_1_1.run :: epoch=11 step=50/429 train_nll=-2062.322
2026-05-13 21:47:19,072 INFO CSMF2.step_1_1_1.run :: [h] epoch=11 step=100 total=0.17650 batch=0.10317
2026-05-13 21:47:19,072 INFO CSMF2.step_1_1_1.run :: [lat] epoch=11 step=100 mean_l2=0.08570 std_l2=0.66928
2026-05-13 21:47:19,144 INFO CSMF2.step_1_1_1.run :: epoch=11 step=100/429 train_nll=-2065.452
2026-05-13 21:47:27,439 INFO CSMF2.step_1_1_1.run :: [h] epoch=11 step=150 total=0.17029 batch=0.10195
2026-05-13 21:47:27,439 INFO CSMF2.step_1_1_1.run :: [lat] epoch=11 step=150 mean_l2=0.06427 std_l2=0.45728
2026-05-13 21:47:27,530 INFO CSMF2.step_1_1_1.run :: epoch=11 step=150/429 train_nll=-2069.048
2026-05-13 21:47:35,619 INFO CSMF2.step_1_1_1.run :: [h] epoch=11 step=200 total=0.17444 batch=0.10831
2026-05-13 21:47:35,619 INFO CSMF2.step_1_1_1.run :: [lat] epoch=11 step=200 mean_l2=0.07108 std_l2=0.29978
2026-05-13 21:47:35,691 INFO CSMF2.step_1_1_1.run :: epoch=11 step=200/429 train_nll=-2069.195
2026-05-13 21:47:43,969 INFO CSMF2.step_1_1_1.run :: [h] epoch=11 step=250 total=0.17004 batch=0.09855
2026-05-13 21:47:43,970 INFO CSMF2.step_1_1_1.run :: [lat] epoch=11 step=250 mean_l2=0.08113 std_l2=0.82352
2026-05-13 21:47:44,042 INFO CSMF2.step_1_1_1.run :: epoch=11 step=250/429 train_nll=-2070.658
2026-05-13 21:47:52,255 INFO CSMF2.step_1_1_1.run :: [h] epoch=11 step=300 total=0.16976 batch=0.10501
2026-05-13 21:47:52,256 INFO CSMF2.step_1_1_1.run :: [lat] epoch=11 step=300 mean_l2=0.08452 std_l2=0.69348
2026-05-13 21:47:52,328 INFO CSMF2.step_1_1_1.run :: epoch=11 step=300/429 train_nll=-2071.858
2026-05-13 21:48:00,450 INFO CSMF2.step_1_1_1.run :: [h] epoch=11 step=350 total=0.16869 batch=0.10170
2026-05-13 21:48:00,451 INFO CSMF2.step_1_1_1.run :: [lat] epoch=11 step=350 mean_l2=0.07180 std_l2=0.76702
2026-05-13 21:48:00,523 INFO CSMF2.step_1_1_1.run :: epoch=11 step=350/429 train_nll=-2074.459
2026-05-13 21:48:08,619 INFO CSMF2.step_1_1_1.run :: [h] epoch=11 step=400 total=0.17219 batch=0.10699
2026-05-13 21:48:08,620 INFO CSMF2.step_1_1_1.run :: [lat] epoch=11 step=400 mean_l2=0.08618 std_l2=1.11093
2026-05-13 21:48:08,692 INFO CSMF2.step_1_1_1.run :: epoch=11 step=400/429 train_nll=-2075.402
2026-05-13 21:48:16,707 INFO CSMF2.step_1_1_1.run :: epoch=11  train_nll=-2076.506  val_nll=-2088.521  t=73.6s
2026-05-13 21:48:16,707 INFO CSMF2.step_1_1_1.run :: [h_std] total=0.17113 batch=0.10301 (no penalty)
2026-05-13 21:48:16,707 INFO CSMF2.step_1_1_1.run :: [lat_epoch] mean_l2=0.07606 std_l2=0.51996 lambda=1.000
2026-05-13 21:48:16,707 INFO CSMF2.step_1_1_1.run :: [grad] cond=290.3385 film_gain=0.0000
2026-05-13 21:48:28,432 INFO CSMF2.step_1_1_1.run :: [h] epoch=12 step=50 total=0.16870 batch=0.10129
2026-05-13 21:48:28,432 INFO CSMF2.step_1_1_1.run :: [lat] epoch=12 step=50 mean_l2=0.07270 std_l2=0.31189
2026-05-13 21:48:28,505 INFO CSMF2.step_1_1_1.run :: epoch=12 step=50/429 train_nll=-2089.565
2026-05-13 21:48:36,532 INFO CSMF2.step_1_1_1.run :: [h] epoch=12 step=100 total=0.16939 batch=0.10614
2026-05-13 21:48:36,532 INFO CSMF2.step_1_1_1.run :: [lat] epoch=12 step=100 mean_l2=0.08959 std_l2=0.62434
2026-05-13 21:48:36,605 INFO CSMF2.step_1_1_1.run :: epoch=12 step=100/429 train_nll=-2091.649
2026-05-13 21:48:44,794 INFO CSMF2.step_1_1_1.run :: [h] epoch=12 step=150 total=0.16587 batch=0.10475
2026-05-13 21:48:44,795 INFO CSMF2.step_1_1_1.run :: [lat] epoch=12 step=150 mean_l2=0.08344 std_l2=0.46688
2026-05-13 21:48:44,885 INFO CSMF2.step_1_1_1.run :: epoch=12 step=150/429 train_nll=-2095.409
2026-05-13 21:48:53,046 INFO CSMF2.step_1_1_1.run :: [h] epoch=12 step=200 total=0.16960 batch=0.10899
2026-05-13 21:48:53,047 INFO CSMF2.step_1_1_1.run :: [lat] epoch=12 step=200 mean_l2=0.08067 std_l2=0.31071
2026-05-13 21:48:53,119 INFO CSMF2.step_1_1_1.run :: epoch=12 step=200/429 train_nll=-2096.668
2026-05-13 21:49:01,265 INFO CSMF2.step_1_1_1.run :: [h] epoch=12 step=250 total=0.16635 batch=0.10133
2026-05-13 21:49:01,265 INFO CSMF2.step_1_1_1.run :: [lat] epoch=12 step=250 mean_l2=0.08675 std_l2=0.83376
2026-05-13 21:49:01,337 INFO CSMF2.step_1_1_1.run :: epoch=12 step=250/429 train_nll=-2097.903
2026-05-13 21:49:09,323 INFO CSMF2.step_1_1_1.run :: [h] epoch=12 step=300 total=0.16390 batch=0.10432
2026-05-13 21:49:09,324 INFO CSMF2.step_1_1_1.run :: [lat] epoch=12 step=300 mean_l2=0.06811 std_l2=0.74884
2026-05-13 21:49:09,396 INFO CSMF2.step_1_1_1.run :: epoch=12 step=300/429 train_nll=-2099.226
2026-05-13 21:49:17,516 INFO CSMF2.step_1_1_1.run :: [h] epoch=12 step=350 total=0.16481 batch=0.10510
2026-05-13 21:49:17,516 INFO CSMF2.step_1_1_1.run :: [lat] epoch=12 step=350 mean_l2=0.06536 std_l2=0.88776
2026-05-13 21:49:17,589 INFO CSMF2.step_1_1_1.run :: epoch=12 step=350/429 train_nll=-2102.115
2026-05-13 21:49:25,644 INFO CSMF2.step_1_1_1.run :: [h] epoch=12 step=400 total=0.16863 batch=0.10591
2026-05-13 21:49:25,645 INFO CSMF2.step_1_1_1.run :: [lat] epoch=12 step=400 mean_l2=0.08287 std_l2=1.47333
2026-05-13 21:49:25,736 INFO CSMF2.step_1_1_1.run :: epoch=12 step=400/429 train_nll=-2102.871
2026-05-13 21:49:33,850 INFO CSMF2.step_1_1_1.run :: epoch=12  train_nll=-2103.855  val_nll=-2105.682  t=73.4s
2026-05-13 21:49:33,850 INFO CSMF2.step_1_1_1.run :: [h_std] total=0.16602 batch=0.10452 (no penalty)
2026-05-13 21:49:33,850 INFO CSMF2.step_1_1_1.run :: [lat_epoch] mean_l2=0.07823 std_l2=0.57408 lambda=1.000
2026-05-13 21:49:33,850 INFO CSMF2.step_1_1_1.run :: [grad] cond=187.1969 film_gain=0.0000
2026-05-13 21:49:45,573 INFO CSMF2.step_1_1_1.run :: [h] epoch=13 step=50 total=0.16391 batch=0.10351
2026-05-13 21:49:45,574 INFO CSMF2.step_1_1_1.run :: [lat] epoch=13 step=50 mean_l2=0.07477 std_l2=0.29771
2026-05-13 21:49:45,646 INFO CSMF2.step_1_1_1.run :: epoch=13 step=50/429 train_nll=-2117.811
2026-05-13 21:49:53,738 INFO CSMF2.step_1_1_1.run :: [h] epoch=13 step=100 total=0.16461 batch=0.10604
2026-05-13 21:49:53,739 INFO CSMF2.step_1_1_1.run :: [lat] epoch=13 step=100 mean_l2=0.06496 std_l2=0.50078
2026-05-13 21:49:53,830 INFO CSMF2.step_1_1_1.run :: epoch=13 step=100/429 train_nll=-2120.959
2026-05-13 21:50:01,935 INFO CSMF2.step_1_1_1.run :: [h] epoch=13 step=150 total=0.16429 batch=0.10728
2026-05-13 21:50:01,936 INFO CSMF2.step_1_1_1.run :: [lat] epoch=13 step=150 mean_l2=0.09646 std_l2=0.48166
2026-05-13 21:50:02,027 INFO CSMF2.step_1_1_1.run :: epoch=13 step=150/429 train_nll=-2124.504
2026-05-13 21:50:10,113 INFO CSMF2.step_1_1_1.run :: [h] epoch=13 step=200 total=0.16433 batch=0.10916
2026-05-13 21:50:10,113 INFO CSMF2.step_1_1_1.run :: [lat] epoch=13 step=200 mean_l2=0.07064 std_l2=0.28054
2026-05-13 21:50:10,204 INFO CSMF2.step_1_1_1.run :: epoch=13 step=200/429 train_nll=-2124.348
2026-05-13 21:50:18,332 INFO CSMF2.step_1_1_1.run :: [h] epoch=13 step=250 total=0.16074 batch=0.10103
2026-05-13 21:50:18,332 INFO CSMF2.step_1_1_1.run :: [lat] epoch=13 step=250 mean_l2=0.08975 std_l2=0.85012
2026-05-13 21:50:18,405 INFO CSMF2.step_1_1_1.run :: epoch=13 step=250/429 train_nll=-2124.751
2026-05-13 21:50:26,559 INFO CSMF2.step_1_1_1.run :: [h] epoch=13 step=300 total=0.15987 batch=0.10722
2026-05-13 21:50:26,559 INFO CSMF2.step_1_1_1.run :: [lat] epoch=13 step=300 mean_l2=0.08471 std_l2=0.77084
2026-05-13 21:50:26,632 INFO CSMF2.step_1_1_1.run :: epoch=13 step=300/429 train_nll=-2125.172
2026-05-13 21:50:34,710 INFO CSMF2.step_1_1_1.run :: [h] epoch=13 step=350 total=0.16109 batch=0.10678
2026-05-13 21:50:34,711 INFO CSMF2.step_1_1_1.run :: [lat] epoch=13 step=350 mean_l2=0.05865 std_l2=1.06001
2026-05-13 21:50:34,803 INFO CSMF2.step_1_1_1.run :: epoch=13 step=350/429 train_nll=-2127.684
2026-05-13 21:50:42,902 INFO CSMF2.step_1_1_1.run :: [h] epoch=13 step=400 total=0.16051 batch=0.10434
2026-05-13 21:50:42,902 INFO CSMF2.step_1_1_1.run :: [lat] epoch=13 step=400 mean_l2=0.07278 std_l2=1.75974
2026-05-13 21:50:42,974 INFO CSMF2.step_1_1_1.run :: epoch=13 step=400/429 train_nll=-2127.637
2026-05-13 21:50:51,030 INFO CSMF2.step_1_1_1.run :: epoch=13  train_nll=-2128.518  val_nll=-2131.123  t=73.4s
2026-05-13 21:50:51,030 INFO CSMF2.step_1_1_1.run :: [h_std] total=0.16103 batch=0.10486 (no penalty)
2026-05-13 21:50:51,030 INFO CSMF2.step_1_1_1.run :: [lat_epoch] mean_l2=0.08093 std_l2=0.62856 lambda=1.000
2026-05-13 21:50:51,030 INFO CSMF2.step_1_1_1.run :: [grad] cond=262.7962 film_gain=0.0000
2026-05-13 21:51:02,763 INFO CSMF2.step_1_1_1.run :: [h] epoch=14 step=50 total=0.15941 batch=0.10331
2026-05-13 21:51:02,764 INFO CSMF2.step_1_1_1.run :: [lat] epoch=14 step=50 mean_l2=0.07421 std_l2=0.28070
2026-05-13 21:51:02,856 INFO CSMF2.step_1_1_1.run :: epoch=14 step=50/429 train_nll=-2141.584
2026-05-13 21:51:10,987 INFO CSMF2.step_1_1_1.run :: [h] epoch=14 step=100 total=0.15961 batch=0.10608
2026-05-13 21:51:10,988 INFO CSMF2.step_1_1_1.run :: [lat] epoch=14 step=100 mean_l2=0.08283 std_l2=0.44369
2026-05-13 21:51:11,061 INFO CSMF2.step_1_1_1.run :: epoch=14 step=100/429 train_nll=-2140.953
2026-05-13 21:51:19,239 INFO CSMF2.step_1_1_1.run :: [h] epoch=14 step=150 total=0.16005 batch=0.10817
2026-05-13 21:51:19,239 INFO CSMF2.step_1_1_1.run :: [lat] epoch=14 step=150 mean_l2=0.07594 std_l2=0.47717
2026-05-13 21:51:19,311 INFO CSMF2.step_1_1_1.run :: epoch=14 step=150/429 train_nll=-2145.032
2026-05-13 21:51:27,409 INFO CSMF2.step_1_1_1.run :: [h] epoch=14 step=200 total=0.16006 batch=0.10886
2026-05-13 21:51:27,409 INFO CSMF2.step_1_1_1.run :: [lat] epoch=14 step=200 mean_l2=0.07737 std_l2=0.28736
2026-05-13 21:51:27,502 INFO CSMF2.step_1_1_1.run :: epoch=14 step=200/429 train_nll=-2145.331
2026-05-13 21:51:35,615 INFO CSMF2.step_1_1_1.run :: [h] epoch=14 step=250 total=0.15904 batch=0.10475
2026-05-13 21:51:35,615 INFO CSMF2.step_1_1_1.run :: [lat] epoch=14 step=250 mean_l2=0.07977 std_l2=0.76045
2026-05-13 21:51:35,708 INFO CSMF2.step_1_1_1.run :: epoch=14 step=250/429 train_nll=-2146.287
2026-05-13 21:51:43,937 INFO CSMF2.step_1_1_1.run :: [h] epoch=14 step=300 total=0.15450 batch=0.10609
2026-05-13 21:51:43,938 INFO CSMF2.step_1_1_1.run :: [lat] epoch=14 step=300 mean_l2=0.07956 std_l2=0.69901
2026-05-13 21:51:44,010 INFO CSMF2.step_1_1_1.run :: epoch=14 step=300/429 train_nll=-2147.289
2026-05-13 21:51:52,198 INFO CSMF2.step_1_1_1.run :: [h] epoch=14 step=350 total=0.15687 batch=0.10699
2026-05-13 21:51:52,199 INFO CSMF2.step_1_1_1.run :: [lat] epoch=14 step=350 mean_l2=0.07092 std_l2=1.08628
2026-05-13 21:51:52,271 INFO CSMF2.step_1_1_1.run :: epoch=14 step=350/429 train_nll=-2150.297
2026-05-13 21:52:00,423 INFO CSMF2.step_1_1_1.run :: [h] epoch=14 step=400 total=0.15640 batch=0.10631
2026-05-13 21:52:00,423 INFO CSMF2.step_1_1_1.run :: [lat] epoch=14 step=400 mean_l2=0.07984 std_l2=2.10168
2026-05-13 21:52:00,497 INFO CSMF2.step_1_1_1.run :: epoch=14 step=400/429 train_nll=-2150.493
2026-05-13 21:52:08,583 INFO CSMF2.step_1_1_1.run :: epoch=14  train_nll=-2151.295  val_nll=-2160.505  t=73.8s
2026-05-13 21:52:08,583 INFO CSMF2.step_1_1_1.run :: [h_std] total=0.15693 batch=0.10565 (no penalty)
2026-05-13 21:52:08,583 INFO CSMF2.step_1_1_1.run :: [lat_epoch] mean_l2=0.08108 std_l2=0.67927 lambda=1.000
2026-05-13 21:52:08,583 INFO CSMF2.step_1_1_1.run :: [grad] cond=122.2430 film_gain=0.0000
2026-05-13 21:52:20,108 INFO CSMF2.step_1_1_1.run :: [h] epoch=15 step=50 total=0.15689 batch=0.10572
2026-05-13 21:52:20,108 INFO CSMF2.step_1_1_1.run :: [lat] epoch=15 step=50 mean_l2=0.07340 std_l2=0.28251
2026-05-13 21:52:20,180 INFO CSMF2.step_1_1_1.run :: epoch=15 step=50/429 train_nll=-2160.798
2026-05-13 21:52:28,184 INFO CSMF2.step_1_1_1.run :: [h] epoch=15 step=100 total=0.15627 batch=0.10735
2026-05-13 21:52:28,184 INFO CSMF2.step_1_1_1.run :: [lat] epoch=15 step=100 mean_l2=0.08535 std_l2=0.47947
2026-05-13 21:52:28,257 INFO CSMF2.step_1_1_1.run :: epoch=15 step=100/429 train_nll=-2161.914
2026-05-13 21:52:36,559 INFO CSMF2.step_1_1_1.run :: [h] epoch=15 step=150 total=0.15624 batch=0.10986
2026-05-13 21:52:36,559 INFO CSMF2.step_1_1_1.run :: [lat] epoch=15 step=150 mean_l2=0.08772 std_l2=0.47480
2026-05-13 21:52:36,631 INFO CSMF2.step_1_1_1.run :: epoch=15 step=150/429 train_nll=-2165.967
2026-05-13 21:52:44,762 INFO CSMF2.step_1_1_1.run :: [h] epoch=15 step=200 total=0.15678 batch=0.11037
2026-05-13 21:52:44,763 INFO CSMF2.step_1_1_1.run :: [lat] epoch=15 step=200 mean_l2=0.07489 std_l2=0.28772
2026-05-13 21:52:44,835 INFO CSMF2.step_1_1_1.run :: epoch=15 step=200/429 train_nll=-2165.126
2026-05-13 21:52:52,999 INFO CSMF2.step_1_1_1.run :: [h] epoch=15 step=250 total=0.15340 batch=0.10697
2026-05-13 21:52:52,999 INFO CSMF2.step_1_1_1.run :: [lat] epoch=15 step=250 mean_l2=0.08480 std_l2=0.71373
2026-05-13 21:52:53,072 INFO CSMF2.step_1_1_1.run :: epoch=15 step=250/429 train_nll=-2166.009
2026-05-13 21:53:01,294 INFO CSMF2.step_1_1_1.run :: [h] epoch=15 step=300 total=0.15447 batch=0.11077
2026-05-13 21:53:01,294 INFO CSMF2.step_1_1_1.run :: [lat] epoch=15 step=300 mean_l2=0.07594 std_l2=0.74424
2026-05-13 21:53:01,386 INFO CSMF2.step_1_1_1.run :: epoch=15 step=300/429 train_nll=-2166.514
2026-05-13 21:53:09,557 INFO CSMF2.step_1_1_1.run :: [h] epoch=15 step=350 total=0.15304 batch=0.10846
2026-05-13 21:53:09,558 INFO CSMF2.step_1_1_1.run :: [lat] epoch=15 step=350 mean_l2=0.07096 std_l2=1.08644
2026-05-13 21:53:09,630 INFO CSMF2.step_1_1_1.run :: epoch=15 step=350/429 train_nll=-2169.414
2026-05-13 21:53:17,827 INFO CSMF2.step_1_1_1.run :: [h] epoch=15 step=400 total=0.15410 batch=0.10741
2026-05-13 21:53:17,827 INFO CSMF2.step_1_1_1.run :: [lat] epoch=15 step=400 mean_l2=0.08240 std_l2=2.29511
2026-05-13 21:53:17,900 INFO CSMF2.step_1_1_1.run :: epoch=15 step=400/429 train_nll=-2169.914
2026-05-13 21:53:25,951 INFO CSMF2.step_1_1_1.run :: epoch=15  train_nll=-2170.475  val_nll=-2163.408  t=73.8s
2026-05-13 21:53:25,951 INFO CSMF2.step_1_1_1.run :: [h_std] total=0.15311 batch=0.10663 (no penalty)
2026-05-13 21:53:25,951 INFO CSMF2.step_1_1_1.run :: [lat_epoch] mean_l2=0.08322 std_l2=0.72773 lambda=1.000
2026-05-13 21:53:25,951 INFO CSMF2.step_1_1_1.run :: [grad] cond=156.9240 film_gain=0.0000
2026-05-13 21:53:37,394 INFO CSMF2.step_1_1_1.run :: [h] epoch=16 step=50 total=0.15091 batch=0.10462
2026-05-13 21:53:37,394 INFO CSMF2.step_1_1_1.run :: [lat] epoch=16 step=50 mean_l2=0.08168 std_l2=0.26711
2026-05-13 21:53:37,462 INFO CSMF2.step_1_1_1.run :: epoch=16 step=50/429 train_nll=-2180.547
2026-05-13 21:53:45,606 INFO CSMF2.step_1_1_1.run :: [h] epoch=16 step=100 total=0.15107 batch=0.10637
2026-05-13 21:53:45,606 INFO CSMF2.step_1_1_1.run :: [lat] epoch=16 step=100 mean_l2=0.06897 std_l2=0.48505
2026-05-13 21:53:45,678 INFO CSMF2.step_1_1_1.run :: epoch=16 step=100/429 train_nll=-2182.572
2026-05-13 21:53:53,901 INFO CSMF2.step_1_1_1.run :: [h] epoch=16 step=150 total=0.15291 batch=0.10857
2026-05-13 21:53:53,902 INFO CSMF2.step_1_1_1.run :: [lat] epoch=16 step=150 mean_l2=0.07452 std_l2=0.43135
2026-05-13 21:53:53,993 INFO CSMF2.step_1_1_1.run :: epoch=16 step=150/429 train_nll=-2185.698
2026-05-13 21:54:02,046 INFO CSMF2.step_1_1_1.run :: [h] epoch=16 step=200 total=0.15100 batch=0.10851
2026-05-13 21:54:02,046 INFO CSMF2.step_1_1_1.run :: [lat] epoch=16 step=200 mean_l2=0.07657 std_l2=0.29525
2026-05-13 21:54:02,118 INFO CSMF2.step_1_1_1.run :: epoch=16 step=200/429 train_nll=-2184.555
2026-05-13 21:54:10,211 INFO CSMF2.step_1_1_1.run :: [h] epoch=16 step=250 total=0.14863 batch=0.10283
2026-05-13 21:54:10,212 INFO CSMF2.step_1_1_1.run :: [lat] epoch=16 step=250 mean_l2=0.08204 std_l2=0.71284
2026-05-13 21:54:10,303 INFO CSMF2.step_1_1_1.run :: epoch=16 step=250/429 train_nll=-2184.817
2026-05-13 21:54:18,368 INFO CSMF2.step_1_1_1.run :: [h] epoch=16 step=300 total=0.14720 batch=0.10553
2026-05-13 21:54:18,369 INFO CSMF2.step_1_1_1.run :: [lat] epoch=16 step=300 mean_l2=0.07677 std_l2=0.82952
2026-05-13 21:54:18,442 INFO CSMF2.step_1_1_1.run :: epoch=16 step=300/429 train_nll=-2184.378
2026-05-13 21:54:26,478 INFO CSMF2.step_1_1_1.run :: [h] epoch=16 step=350 total=0.14802 batch=0.10482
2026-05-13 21:54:26,478 INFO CSMF2.step_1_1_1.run :: [lat] epoch=16 step=350 mean_l2=0.08269 std_l2=1.24255
2026-05-13 21:54:26,551 INFO CSMF2.step_1_1_1.run :: epoch=16 step=350/429 train_nll=-2186.883
2026-05-13 21:54:34,811 INFO CSMF2.step_1_1_1.run :: [h] epoch=16 step=400 total=0.14923 batch=0.10544
2026-05-13 21:54:34,811 INFO CSMF2.step_1_1_1.run :: [lat] epoch=16 step=400 mean_l2=0.08152 std_l2=2.64903
2026-05-13 21:54:34,884 INFO CSMF2.step_1_1_1.run :: epoch=16 step=400/429 train_nll=-2186.953
2026-05-13 21:54:42,951 INFO CSMF2.step_1_1_1.run :: epoch=16  train_nll=-2187.568  val_nll=-2185.518  t=73.5s
2026-05-13 21:54:42,951 INFO CSMF2.step_1_1_1.run :: [h_std] total=0.14867 batch=0.10524 (no penalty)
2026-05-13 21:54:42,951 INFO CSMF2.step_1_1_1.run :: [lat_epoch] mean_l2=0.08335 std_l2=0.77891 lambda=1.000
2026-05-13 21:54:42,952 INFO CSMF2.step_1_1_1.run :: [grad] cond=232.4931 film_gain=0.0000
2026-05-13 21:54:54,500 INFO CSMF2.step_1_1_1.run :: [h] epoch=17 step=50 total=0.14779 batch=0.10408
2026-05-13 21:54:54,501 INFO CSMF2.step_1_1_1.run :: [lat] epoch=17 step=50 mean_l2=0.07510 std_l2=0.24954
2026-05-13 21:54:54,592 INFO CSMF2.step_1_1_1.run :: epoch=17 step=50/429 train_nll=-2195.566
2026-05-13 21:55:02,805 INFO CSMF2.step_1_1_1.run :: [h] epoch=17 step=100 total=0.14615 batch=0.10412
2026-05-13 21:55:02,806 INFO CSMF2.step_1_1_1.run :: [lat] epoch=17 step=100 mean_l2=0.07010 std_l2=0.46239
2026-05-13 21:55:02,878 INFO CSMF2.step_1_1_1.run :: epoch=17 step=100/429 train_nll=-2197.653
2026-05-13 21:55:10,963 INFO CSMF2.step_1_1_1.run :: [h] epoch=17 step=150 total=0.14985 batch=0.10651
2026-05-13 21:55:10,964 INFO CSMF2.step_1_1_1.run :: [lat] epoch=17 step=150 mean_l2=0.07759 std_l2=0.44421
2026-05-13 21:55:11,036 INFO CSMF2.step_1_1_1.run :: epoch=17 step=150/429 train_nll=-2200.686
2026-05-13 21:55:19,249 INFO CSMF2.step_1_1_1.run :: [h] epoch=17 step=200 total=0.14697 batch=0.10507
2026-05-13 21:55:19,249 INFO CSMF2.step_1_1_1.run :: [lat] epoch=17 step=200 mean_l2=0.10619 std_l2=0.26577
2026-05-13 21:55:19,322 INFO CSMF2.step_1_1_1.run :: epoch=17 step=200/429 train_nll=-2199.976
2026-05-13 21:55:27,487 INFO CSMF2.step_1_1_1.run :: [h] epoch=17 step=250 total=0.14324 batch=0.09971
2026-05-13 21:55:27,488 INFO CSMF2.step_1_1_1.run :: [lat] epoch=17 step=250 mean_l2=0.07846 std_l2=0.64225
2026-05-13 21:55:27,561 INFO CSMF2.step_1_1_1.run :: epoch=17 step=250/429 train_nll=-2199.819
2026-05-13 21:55:35,696 INFO CSMF2.step_1_1_1.run :: [h] epoch=17 step=300 total=0.14457 batch=0.10490
2026-05-13 21:55:35,697 INFO CSMF2.step_1_1_1.run :: [lat] epoch=17 step=300 mean_l2=0.07526 std_l2=0.74656
2026-05-13 21:55:35,765 INFO CSMF2.step_1_1_1.run :: epoch=17 step=300/429 train_nll=-2200.619
2026-05-13 21:55:44,029 INFO CSMF2.step_1_1_1.run :: [h] epoch=17 step=350 total=0.14312 batch=0.10213
2026-05-13 21:55:44,029 INFO CSMF2.step_1_1_1.run :: [lat] epoch=17 step=350 mean_l2=0.09150 std_l2=1.09843
2026-05-13 21:55:44,101 INFO CSMF2.step_1_1_1.run :: epoch=17 step=350/429 train_nll=-2203.284
2026-05-13 21:55:52,365 INFO CSMF2.step_1_1_1.run :: [h] epoch=17 step=400 total=0.14456 batch=0.10198
2026-05-13 21:55:52,366 INFO CSMF2.step_1_1_1.run :: [lat] epoch=17 step=400 mean_l2=0.08758 std_l2=2.68785
2026-05-13 21:55:52,439 INFO CSMF2.step_1_1_1.run :: epoch=17 step=400/429 train_nll=-2203.367
2026-05-13 21:56:00,533 INFO CSMF2.step_1_1_1.run :: epoch=17  train_nll=-2203.999  val_nll=-2199.145  t=73.9s
2026-05-13 21:56:00,533 INFO CSMF2.step_1_1_1.run :: [h_std] total=0.14440 batch=0.10260 (no penalty)
2026-05-13 21:56:00,534 INFO CSMF2.step_1_1_1.run :: [lat_epoch] mean_l2=0.08331 std_l2=0.80162 lambda=1.000
2026-05-13 21:56:00,534 INFO CSMF2.step_1_1_1.run :: [grad] cond=389.9020 film_gain=0.0000
2026-05-13 21:56:12,182 INFO CSMF2.step_1_1_1.run :: [h] epoch=18 step=50 total=0.14403 batch=0.10164
2026-05-13 21:56:12,183 INFO CSMF2.step_1_1_1.run :: [lat] epoch=18 step=50 mean_l2=0.07061 std_l2=0.25858
2026-05-13 21:56:12,255 INFO CSMF2.step_1_1_1.run :: epoch=18 step=50/429 train_nll=-2208.979
2026-05-13 21:56:20,344 INFO CSMF2.step_1_1_1.run :: [h] epoch=18 step=100 total=0.14247 batch=0.10200
2026-05-13 21:56:20,344 INFO CSMF2.step_1_1_1.run :: [lat] epoch=18 step=100 mean_l2=0.08524 std_l2=0.48697
2026-05-13 21:56:20,417 INFO CSMF2.step_1_1_1.run :: epoch=18 step=100/429 train_nll=-2210.223
2026-05-13 21:56:28,693 INFO CSMF2.step_1_1_1.run :: [h] epoch=18 step=150 total=0.14454 batch=0.10420
2026-05-13 21:56:28,693 INFO CSMF2.step_1_1_1.run :: [lat] epoch=18 step=150 mean_l2=0.08544 std_l2=0.44599
2026-05-13 21:56:28,766 INFO CSMF2.step_1_1_1.run :: epoch=18 step=150/429 train_nll=-2213.849
2026-05-13 21:56:36,865 INFO CSMF2.step_1_1_1.run :: [h] epoch=18 step=200 total=0.14270 batch=0.10332
2026-05-13 21:56:36,865 INFO CSMF2.step_1_1_1.run :: [lat] epoch=18 step=200 mean_l2=0.08445 std_l2=0.28195
2026-05-13 21:56:36,937 INFO CSMF2.step_1_1_1.run :: epoch=18 step=200/429 train_nll=-2212.296
2026-05-13 21:56:45,055 INFO CSMF2.step_1_1_1.run :: [h] epoch=18 step=250 total=0.13967 batch=0.09853
2026-05-13 21:56:45,055 INFO CSMF2.step_1_1_1.run :: [lat] epoch=18 step=250 mean_l2=0.09518 std_l2=0.59093
2026-05-13 21:56:45,147 INFO CSMF2.step_1_1_1.run :: epoch=18 step=250/429 train_nll=-2213.091
2026-05-13 21:56:53,436 INFO CSMF2.step_1_1_1.run :: [h] epoch=18 step=300 total=0.14412 batch=0.10649
2026-05-13 21:56:53,436 INFO CSMF2.step_1_1_1.run :: [lat] epoch=18 step=300 mean_l2=0.09907 std_l2=0.70795
2026-05-13 21:56:53,509 INFO CSMF2.step_1_1_1.run :: epoch=18 step=300/429 train_nll=-2213.499
2026-05-13 21:57:01,694 INFO CSMF2.step_1_1_1.run :: [h] epoch=18 step=350 total=0.13951 batch=0.10072
2026-05-13 21:57:01,694 INFO CSMF2.step_1_1_1.run :: [lat] epoch=18 step=350 mean_l2=0.07897 std_l2=1.05732
2026-05-13 21:57:01,786 INFO CSMF2.step_1_1_1.run :: epoch=18 step=350/429 train_nll=-2215.956
2026-05-13 21:57:09,897 INFO CSMF2.step_1_1_1.run :: [h] epoch=18 step=400 total=0.14001 batch=0.10137
2026-05-13 21:57:09,897 INFO CSMF2.step_1_1_1.run :: [lat] epoch=18 step=400 mean_l2=0.08798 std_l2=2.95772
2026-05-13 21:57:09,970 INFO CSMF2.step_1_1_1.run :: epoch=18 step=400/429 train_nll=-2216.136
2026-05-13 21:57:18,088 INFO CSMF2.step_1_1_1.run :: epoch=18  train_nll=-2216.918  val_nll=-2217.761  t=74.0s
2026-05-13 21:57:18,089 INFO CSMF2.step_1_1_1.run :: [h_std] total=0.14051 batch=0.10083 (no penalty)
2026-05-13 21:57:18,089 INFO CSMF2.step_1_1_1.run :: [lat_epoch] mean_l2=0.08431 std_l2=0.83047 lambda=1.000
2026-05-13 21:57:18,089 INFO CSMF2.step_1_1_1.run :: [grad] cond=279.8670 film_gain=0.0000
2026-05-13 21:57:29,759 INFO CSMF2.step_1_1_1.run :: [h] epoch=19 step=50 total=0.14012 batch=0.09936
2026-05-13 21:57:29,760 INFO CSMF2.step_1_1_1.run :: [lat] epoch=19 step=50 mean_l2=0.08561 std_l2=0.23632
2026-05-13 21:57:29,832 INFO CSMF2.step_1_1_1.run :: epoch=19 step=50/429 train_nll=-2222.652
2026-05-13 21:57:37,864 INFO CSMF2.step_1_1_1.run :: [h] epoch=19 step=100 total=0.13960 batch=0.10097
2026-05-13 21:57:37,865 INFO CSMF2.step_1_1_1.run :: [lat] epoch=19 step=100 mean_l2=0.09538 std_l2=0.49429
2026-05-13 21:57:37,956 INFO CSMF2.step_1_1_1.run :: epoch=19 step=100/429 train_nll=-2223.163
2026-05-13 21:57:46,060 INFO CSMF2.step_1_1_1.run :: [h] epoch=19 step=150 total=0.14068 batch=0.10159
2026-05-13 21:57:46,060 INFO CSMF2.step_1_1_1.run :: [lat] epoch=19 step=150 mean_l2=0.07470 std_l2=0.44458
2026-05-13 21:57:46,133 INFO CSMF2.step_1_1_1.run :: epoch=19 step=150/429 train_nll=-2226.357
2026-05-13 21:57:54,264 INFO CSMF2.step_1_1_1.run :: [h] epoch=19 step=200 total=0.13919 batch=0.10155
2026-05-13 21:57:54,264 INFO CSMF2.step_1_1_1.run :: [lat] epoch=19 step=200 mean_l2=0.07876 std_l2=0.24566
2026-05-13 21:57:54,336 INFO CSMF2.step_1_1_1.run :: epoch=19 step=200/429 train_nll=-2226.099
2026-05-13 21:58:02,328 INFO CSMF2.step_1_1_1.run :: [h] epoch=19 step=250 total=0.13599 batch=0.09667
2026-05-13 21:58:02,328 INFO CSMF2.step_1_1_1.run :: [lat] epoch=19 step=250 mean_l2=0.09029 std_l2=0.54867
2026-05-13 21:58:02,400 INFO CSMF2.step_1_1_1.run :: epoch=19 step=250/429 train_nll=-2226.205
2026-05-13 21:58:10,703 INFO CSMF2.step_1_1_1.run :: [h] epoch=19 step=300 total=0.13682 batch=0.10273
2026-05-13 21:58:10,704 INFO CSMF2.step_1_1_1.run :: [lat] epoch=19 step=300 mean_l2=0.07629 std_l2=0.73409
2026-05-13 21:58:10,795 INFO CSMF2.step_1_1_1.run :: epoch=19 step=300/429 train_nll=-2226.484
2026-05-13 21:58:18,930 INFO CSMF2.step_1_1_1.run :: [h] epoch=19 step=350 total=0.13674 batch=0.09970
2026-05-13 21:58:18,931 INFO CSMF2.step_1_1_1.run :: [lat] epoch=19 step=350 mean_l2=0.06376 std_l2=1.03225
2026-05-13 21:58:19,022 INFO CSMF2.step_1_1_1.run :: epoch=19 step=350/429 train_nll=-2229.132
2026-05-13 21:58:27,063 INFO CSMF2.step_1_1_1.run :: [h] epoch=19 step=400 total=0.13513 batch=0.09759
2026-05-13 21:58:27,064 INFO CSMF2.step_1_1_1.run :: [lat] epoch=19 step=400 mean_l2=0.07684 std_l2=3.08488
2026-05-13 21:58:27,136 INFO CSMF2.step_1_1_1.run :: epoch=19 step=400/429 train_nll=-2228.847
2026-05-13 21:58:35,382 INFO CSMF2.step_1_1_1.run :: epoch=19  train_nll=-2229.599  val_nll=-2228.212  t=73.7s
2026-05-13 21:58:35,383 INFO CSMF2.step_1_1_1.run :: [h_std] total=0.13687 batch=0.09891 (no penalty)
2026-05-13 21:58:35,383 INFO CSMF2.step_1_1_1.run :: [lat_epoch] mean_l2=0.08441 std_l2=0.85990 lambda=1.000
2026-05-13 21:58:35,383 INFO CSMF2.step_1_1_1.run :: [grad] cond=310.2783 film_gain=0.0000
2026-05-13 21:58:46,941 INFO CSMF2.step_1_1_1.run :: [h] epoch=20 step=50 total=0.13646 batch=0.09690
2026-05-13 21:58:46,941 INFO CSMF2.step_1_1_1.run :: [lat] epoch=20 step=50 mean_l2=0.08611 std_l2=0.23151
2026-05-13 21:58:47,014 INFO CSMF2.step_1_1_1.run :: epoch=20 step=50/429 train_nll=-2236.932
2026-05-13 21:58:55,151 INFO CSMF2.step_1_1_1.run :: [h] epoch=20 step=100 total=0.13545 batch=0.09793
2026-05-13 21:58:55,152 INFO CSMF2.step_1_1_1.run :: [lat] epoch=20 step=100 mean_l2=0.10102 std_l2=0.45746
2026-05-13 21:58:55,243 INFO CSMF2.step_1_1_1.run :: epoch=20 step=100/429 train_nll=-2238.802
2026-05-13 21:59:03,480 INFO CSMF2.step_1_1_1.run :: [h] epoch=20 step=150 total=0.13814 batch=0.09981
2026-05-13 21:59:03,480 INFO CSMF2.step_1_1_1.run :: [lat] epoch=20 step=150 mean_l2=0.09504 std_l2=0.43595
2026-05-13 21:59:03,552 INFO CSMF2.step_1_1_1.run :: epoch=20 step=150/429 train_nll=-2240.873
2026-05-13 21:59:11,665 INFO CSMF2.step_1_1_1.run :: [h] epoch=20 step=200 total=0.13384 batch=0.09806
2026-05-13 21:59:11,666 INFO CSMF2.step_1_1_1.run :: [lat] epoch=20 step=200 mean_l2=0.10460 std_l2=0.23088
2026-05-13 21:59:11,757 INFO CSMF2.step_1_1_1.run :: epoch=20 step=200/429 train_nll=-2238.828
2026-05-13 21:59:19,901 INFO CSMF2.step_1_1_1.run :: [h] epoch=20 step=250 total=0.12975 batch=0.09224
2026-05-13 21:59:19,901 INFO CSMF2.step_1_1_1.run :: [lat] epoch=20 step=250 mean_l2=0.08444 std_l2=0.76831
2026-05-13 21:59:19,993 INFO CSMF2.step_1_1_1.run :: epoch=20 step=250/429 train_nll=-2237.309
2026-05-13 21:59:28,157 INFO CSMF2.step_1_1_1.run :: [h] epoch=20 step=300 total=0.13133 batch=0.09750
2026-05-13 21:59:28,158 INFO CSMF2.step_1_1_1.run :: [lat] epoch=20 step=300 mean_l2=0.07092 std_l2=0.75169
2026-05-13 21:59:28,250 INFO CSMF2.step_1_1_1.run :: epoch=20 step=300/429 train_nll=-2237.528
2026-05-13 21:59:36,451 INFO CSMF2.step_1_1_1.run :: [h] epoch=20 step=350 total=0.13075 batch=0.09530
2026-05-13 21:59:36,452 INFO CSMF2.step_1_1_1.run :: [lat] epoch=20 step=350 mean_l2=0.08525 std_l2=1.18299
2026-05-13 21:59:36,544 INFO CSMF2.step_1_1_1.run :: epoch=20 step=350/429 train_nll=-2240.313
2026-05-13 21:59:44,695 INFO CSMF2.step_1_1_1.run :: [h] epoch=20 step=400 total=0.13186 batch=0.09505
2026-05-13 21:59:44,695 INFO CSMF2.step_1_1_1.run :: [lat] epoch=20 step=400 mean_l2=0.08345 std_l2=3.25349
2026-05-13 21:59:44,768 INFO CSMF2.step_1_1_1.run :: epoch=20 step=400/429 train_nll=-2239.999
2026-05-13 21:59:53,023 INFO CSMF2.step_1_1_1.run :: epoch=20  train_nll=-2240.637  val_nll=-2240.045  t=74.0s
2026-05-13 21:59:53,023 INFO CSMF2.step_1_1_1.run :: [h_std] total=0.13243 batch=0.09549 (no penalty)
2026-05-13 21:59:53,023 INFO CSMF2.step_1_1_1.run :: [lat_epoch] mean_l2=0.08450 std_l2=0.88946 lambda=1.000
2026-05-13 21:59:53,023 INFO CSMF2.step_1_1_1.run :: [grad] cond=247.8447 film_gain=0.0000
2026-05-13 22:00:04,637 INFO CSMF2.step_1_1_1.run :: [h] epoch=21 step=50 total=0.13212 batch=0.09499
2026-05-13 22:00:04,637 INFO CSMF2.step_1_1_1.run :: [lat] epoch=21 step=50 mean_l2=0.06993 std_l2=0.23856
2026-05-13 22:00:04,729 INFO CSMF2.step_1_1_1.run :: epoch=21 step=50/429 train_nll=-2247.364
2026-05-13 22:00:12,859 INFO CSMF2.step_1_1_1.run :: [h] epoch=21 step=100 total=0.13048 batch=0.09532
2026-05-13 22:00:12,859 INFO CSMF2.step_1_1_1.run :: [lat] epoch=21 step=100 mean_l2=0.07654 std_l2=0.46320
2026-05-13 22:00:12,950 INFO CSMF2.step_1_1_1.run :: epoch=21 step=100/429 train_nll=-2247.206
2026-05-13 22:00:20,991 INFO CSMF2.step_1_1_1.run :: [h] epoch=21 step=150 total=0.13328 batch=0.09711
2026-05-13 22:00:20,992 INFO CSMF2.step_1_1_1.run :: [lat] epoch=21 step=150 mean_l2=0.07233 std_l2=0.43184
2026-05-13 22:00:21,064 INFO CSMF2.step_1_1_1.run :: epoch=21 step=150/429 train_nll=-2251.875
2026-05-13 22:00:29,235 INFO CSMF2.step_1_1_1.run :: [h] epoch=21 step=200 total=0.13127 batch=0.09625
2026-05-13 22:00:29,235 INFO CSMF2.step_1_1_1.run :: [lat] epoch=21 step=200 mean_l2=0.07986 std_l2=0.31052
2026-05-13 22:00:29,307 INFO CSMF2.step_1_1_1.run :: epoch=21 step=200/429 train_nll=-2251.361
2026-05-13 22:00:37,417 INFO CSMF2.step_1_1_1.run :: [h] epoch=21 step=250 total=0.12724 batch=0.09122
2026-05-13 22:00:37,418 INFO CSMF2.step_1_1_1.run :: [lat] epoch=21 step=250 mean_l2=0.09363 std_l2=0.70604
2026-05-13 22:00:37,491 INFO CSMF2.step_1_1_1.run :: epoch=21 step=250/429 train_nll=-2250.737
2026-05-13 22:00:45,678 INFO CSMF2.step_1_1_1.run :: [h] epoch=21 step=300 total=0.12996 batch=0.09671
2026-05-13 22:00:45,678 INFO CSMF2.step_1_1_1.run :: [lat] epoch=21 step=300 mean_l2=0.08114 std_l2=0.70010
2026-05-13 22:00:45,751 INFO CSMF2.step_1_1_1.run :: epoch=21 step=300/429 train_nll=-2250.091
2026-05-13 22:00:53,780 INFO CSMF2.step_1_1_1.run :: [h] epoch=21 step=350 total=0.12771 batch=0.09310
2026-05-13 22:00:53,781 INFO CSMF2.step_1_1_1.run :: [lat] epoch=21 step=350 mean_l2=0.07002 std_l2=0.98905
2026-05-13 22:00:53,853 INFO CSMF2.step_1_1_1.run :: epoch=21 step=350/429 train_nll=-2252.366
2026-05-13 22:01:01,971 INFO CSMF2.step_1_1_1.run :: [h] epoch=21 step=400 total=0.12834 batch=0.09297
2026-05-13 22:01:01,972 INFO CSMF2.step_1_1_1.run :: [lat] epoch=21 step=400 mean_l2=0.09008 std_l2=3.51602
2026-05-13 22:01:02,045 INFO CSMF2.step_1_1_1.run :: epoch=21 step=400/429 train_nll=-2252.092
2026-05-13 22:01:10,278 INFO CSMF2.step_1_1_1.run :: epoch=21  train_nll=-2252.703  val_nll=-2250.137  t=73.5s
2026-05-13 22:01:10,279 INFO CSMF2.step_1_1_1.run :: [h_std] total=0.12873 batch=0.09336 (no penalty)
2026-05-13 22:01:10,279 INFO CSMF2.step_1_1_1.run :: [lat_epoch] mean_l2=0.08481 std_l2=0.90873 lambda=1.000
2026-05-13 22:01:10,279 INFO CSMF2.step_1_1_1.run :: [grad] cond=496.8437 film_gain=0.0000
2026-05-13 22:01:21,878 INFO CSMF2.step_1_1_1.run :: [h] epoch=22 step=50 total=0.12829 batch=0.09199
2026-05-13 22:01:21,878 INFO CSMF2.step_1_1_1.run :: [lat] epoch=22 step=50 mean_l2=0.08253 std_l2=0.23270
2026-05-13 22:01:21,951 INFO CSMF2.step_1_1_1.run :: epoch=22 step=50/429 train_nll=-2258.409
2026-05-13 22:01:30,188 INFO CSMF2.step_1_1_1.run :: [h] epoch=22 step=100 total=0.12649 batch=0.09258
2026-05-13 22:01:30,189 INFO CSMF2.step_1_1_1.run :: [lat] epoch=22 step=100 mean_l2=0.06953 std_l2=0.39844
2026-05-13 22:01:30,261 INFO CSMF2.step_1_1_1.run :: epoch=22 step=100/429 train_nll=-2260.692
2026-05-13 22:01:38,348 INFO CSMF2.step_1_1_1.run :: [h] epoch=22 step=150 total=0.12965 batch=0.09450
2026-05-13 22:01:38,348 INFO CSMF2.step_1_1_1.run :: [lat] epoch=22 step=150 mean_l2=0.09422 std_l2=0.42473
2026-05-13 22:01:38,421 INFO CSMF2.step_1_1_1.run :: epoch=22 step=150/429 train_nll=-2265.252
2026-05-13 22:01:46,471 INFO CSMF2.step_1_1_1.run :: [h] epoch=22 step=200 total=0.12780 batch=0.09439
2026-05-13 22:01:46,472 INFO CSMF2.step_1_1_1.run :: [lat] epoch=22 step=200 mean_l2=0.07451 std_l2=0.22128
2026-05-13 22:01:46,540 INFO CSMF2.step_1_1_1.run :: epoch=22 step=200/429 train_nll=-2264.365
2026-05-13 22:01:54,762 INFO CSMF2.step_1_1_1.run :: [h] epoch=22 step=250 total=0.12350 batch=0.08909
2026-05-13 22:01:54,763 INFO CSMF2.step_1_1_1.run :: [lat] epoch=22 step=250 mean_l2=0.08726 std_l2=0.52541
2026-05-13 22:01:54,854 INFO CSMF2.step_1_1_1.run :: epoch=22 step=250/429 train_nll=-2262.670
2026-05-13 22:02:03,089 INFO CSMF2.step_1_1_1.run :: [h] epoch=22 step=300 total=0.12524 batch=0.09385
2026-05-13 22:02:03,089 INFO CSMF2.step_1_1_1.run :: [lat] epoch=22 step=300 mean_l2=0.09297 std_l2=0.69646
2026-05-13 22:02:03,161 INFO CSMF2.step_1_1_1.run :: epoch=22 step=300/429 train_nll=-2261.952
2026-05-13 22:02:11,379 INFO CSMF2.step_1_1_1.run :: [h] epoch=22 step=350 total=0.12562 batch=0.09185
2026-05-13 22:02:11,379 INFO CSMF2.step_1_1_1.run :: [lat] epoch=22 step=350 mean_l2=0.07201 std_l2=1.44025
2026-05-13 22:02:11,471 INFO CSMF2.step_1_1_1.run :: epoch=22 step=350/429 train_nll=-2264.161
2026-05-13 22:02:19,693 INFO CSMF2.step_1_1_1.run :: [h] epoch=22 step=400 total=0.12541 batch=0.09185
2026-05-13 22:02:19,693 INFO CSMF2.step_1_1_1.run :: [lat] epoch=22 step=400 mean_l2=0.06979 std_l2=3.62794
2026-05-13 22:02:19,765 INFO CSMF2.step_1_1_1.run :: epoch=22 step=400/429 train_nll=-2263.733
2026-05-13 22:02:27,844 INFO CSMF2.step_1_1_1.run :: epoch=22  train_nll=-2264.323  val_nll=-2259.353  t=73.9s
2026-05-13 22:02:27,844 INFO CSMF2.step_1_1_1.run :: [h_std] total=0.12535 batch=0.09147 (no penalty)
2026-05-13 22:02:27,844 INFO CSMF2.step_1_1_1.run :: [lat_epoch] mean_l2=0.08476 std_l2=0.91653 lambda=1.000
2026-05-13 22:02:27,844 INFO CSMF2.step_1_1_1.run :: [grad] cond=579.2339 film_gain=0.0000
2026-05-13 22:02:39,387 INFO CSMF2.step_1_1_1.run :: [h] epoch=23 step=50 total=0.12502 batch=0.09073
2026-05-13 22:02:39,388 INFO CSMF2.step_1_1_1.run :: [lat] epoch=23 step=50 mean_l2=0.07474 std_l2=0.21182
2026-05-13 22:02:39,480 INFO CSMF2.step_1_1_1.run :: epoch=23 step=50/429 train_nll=-2269.242
2026-05-13 22:02:47,699 INFO CSMF2.step_1_1_1.run :: [h] epoch=23 step=100 total=0.12348 batch=0.09068
2026-05-13 22:02:47,699 INFO CSMF2.step_1_1_1.run :: [lat] epoch=23 step=100 mean_l2=0.06708 std_l2=0.41768
2026-05-13 22:02:47,772 INFO CSMF2.step_1_1_1.run :: epoch=23 step=100/429 train_nll=-2269.236
2026-05-13 22:02:55,901 INFO CSMF2.step_1_1_1.run :: [h] epoch=23 step=150 total=0.12670 batch=0.09258
2026-05-13 22:02:55,901 INFO CSMF2.step_1_1_1.run :: [lat] epoch=23 step=150 mean_l2=0.07994 std_l2=0.48140
2026-05-13 22:02:55,969 INFO CSMF2.step_1_1_1.run :: epoch=23 step=150/429 train_nll=-2272.602
2026-05-13 22:03:03,997 INFO CSMF2.step_1_1_1.run :: [h] epoch=23 step=200 total=0.12347 batch=0.09141
2026-05-13 22:03:03,997 INFO CSMF2.step_1_1_1.run :: [lat] epoch=23 step=200 mean_l2=0.08495 std_l2=0.27819
2026-05-13 22:03:04,069 INFO CSMF2.step_1_1_1.run :: epoch=23 step=200/429 train_nll=-2272.173
2026-05-13 22:03:12,324 INFO CSMF2.step_1_1_1.run :: [h] epoch=23 step=250 total=0.12034 batch=0.08666
2026-05-13 22:03:12,325 INFO CSMF2.step_1_1_1.run :: [lat] epoch=23 step=250 mean_l2=0.07794 std_l2=0.55381
2026-05-13 22:03:12,398 INFO CSMF2.step_1_1_1.run :: epoch=23 step=250/429 train_nll=-2272.668
2026-05-13 22:03:20,467 INFO CSMF2.step_1_1_1.run :: [h] epoch=23 step=300 total=0.12353 batch=0.09321
2026-05-13 22:03:20,468 INFO CSMF2.step_1_1_1.run :: [lat] epoch=23 step=300 mean_l2=0.08124 std_l2=0.65056
2026-05-13 22:03:20,540 INFO CSMF2.step_1_1_1.run :: epoch=23 step=300/429 train_nll=-2272.076
2026-05-13 22:03:28,579 INFO CSMF2.step_1_1_1.run :: [h] epoch=23 step=350 total=0.12184 batch=0.08975
2026-05-13 22:03:28,580 INFO CSMF2.step_1_1_1.run :: [lat] epoch=23 step=350 mean_l2=0.09641 std_l2=1.04004
2026-05-13 22:03:28,672 INFO CSMF2.step_1_1_1.run :: epoch=23 step=350/429 train_nll=-2274.503
2026-05-13 22:03:36,703 INFO CSMF2.step_1_1_1.run :: [h] epoch=23 step=400 total=0.12302 batch=0.09049
2026-05-13 22:03:36,703 INFO CSMF2.step_1_1_1.run :: [lat] epoch=23 step=400 mean_l2=0.07203 std_l2=3.64925
2026-05-13 22:03:36,795 INFO CSMF2.step_1_1_1.run :: epoch=23 step=400/429 train_nll=-2274.425
2026-05-13 22:03:44,868 INFO CSMF2.step_1_1_1.run :: epoch=23  train_nll=-2274.970  val_nll=-2262.257  t=73.4s
2026-05-13 22:03:44,868 INFO CSMF2.step_1_1_1.run :: [h_std] total=0.12247 batch=0.08964 (no penalty)
2026-05-13 22:03:44,868 INFO CSMF2.step_1_1_1.run :: [lat_epoch] mean_l2=0.08394 std_l2=0.93922 lambda=1.000
2026-05-13 22:03:44,868 INFO CSMF2.step_1_1_1.run :: [grad] cond=306.7755 film_gain=0.0000
2026-05-13 22:03:56,437 INFO CSMF2.step_1_1_1.run :: [h] epoch=24 step=50 total=0.12189 batch=0.08854
2026-05-13 22:03:56,437 INFO CSMF2.step_1_1_1.run :: [lat] epoch=24 step=50 mean_l2=0.08094 std_l2=0.22937
2026-05-13 22:03:56,528 INFO CSMF2.step_1_1_1.run :: epoch=24 step=50/429 train_nll=-2280.529
2026-05-13 22:04:04,846 INFO CSMF2.step_1_1_1.run :: [h] epoch=24 step=100 total=0.12085 batch=0.08912
2026-05-13 22:04:04,846 INFO CSMF2.step_1_1_1.run :: [lat] epoch=24 step=100 mean_l2=0.07003 std_l2=0.35874
2026-05-13 22:04:04,938 INFO CSMF2.step_1_1_1.run :: epoch=24 step=100/429 train_nll=-2279.576
2026-05-13 22:04:13,097 INFO CSMF2.step_1_1_1.run :: [h] epoch=24 step=150 total=0.12268 batch=0.09022
2026-05-13 22:04:13,098 INFO CSMF2.step_1_1_1.run :: [lat] epoch=24 step=150 mean_l2=0.08987 std_l2=0.41539
2026-05-13 22:04:13,171 INFO CSMF2.step_1_1_1.run :: epoch=24 step=150/429 train_nll=-2283.594
2026-05-13 22:04:21,414 INFO CSMF2.step_1_1_1.run :: [h] epoch=24 step=200 total=0.12172 batch=0.08981
2026-05-13 22:04:21,414 INFO CSMF2.step_1_1_1.run :: [lat] epoch=24 step=200 mean_l2=0.09407 std_l2=0.28394
2026-05-13 22:04:21,486 INFO CSMF2.step_1_1_1.run :: epoch=24 step=200/429 train_nll=-2282.430
2026-05-13 22:04:29,714 INFO CSMF2.step_1_1_1.run :: [h] epoch=24 step=250 total=0.11710 batch=0.08466
2026-05-13 22:04:29,715 INFO CSMF2.step_1_1_1.run :: [lat] epoch=24 step=250 mean_l2=0.06822 std_l2=0.51269
2026-05-13 22:04:29,787 INFO CSMF2.step_1_1_1.run :: epoch=24 step=250/429 train_nll=-2282.394
2026-05-13 22:04:37,858 INFO CSMF2.step_1_1_1.run :: [h] epoch=24 step=300 total=0.11939 batch=0.08949
2026-05-13 22:04:37,859 INFO CSMF2.step_1_1_1.run :: [lat] epoch=24 step=300 mean_l2=0.07905 std_l2=0.58680
2026-05-13 22:04:37,931 INFO CSMF2.step_1_1_1.run :: epoch=24 step=300/429 train_nll=-2282.105
2026-05-13 22:04:45,941 INFO CSMF2.step_1_1_1.run :: [h] epoch=24 step=350 total=0.11872 batch=0.08730
2026-05-13 22:04:45,941 INFO CSMF2.step_1_1_1.run :: [lat] epoch=24 step=350 mean_l2=0.07974 std_l2=0.96261
2026-05-13 22:04:46,013 INFO CSMF2.step_1_1_1.run :: epoch=24 step=350/429 train_nll=-2284.792
2026-05-13 22:04:54,139 INFO CSMF2.step_1_1_1.run :: [h] epoch=24 step=400 total=0.11975 batch=0.08809
2026-05-13 22:04:54,139 INFO CSMF2.step_1_1_1.run :: [lat] epoch=24 step=400 mean_l2=0.10684 std_l2=3.46411
2026-05-13 22:04:54,230 INFO CSMF2.step_1_1_1.run :: epoch=24 step=400/429 train_nll=-2283.913
2026-05-13 22:05:02,270 INFO CSMF2.step_1_1_1.run :: epoch=24  train_nll=-2284.152  val_nll=-2266.653  t=73.7s
2026-05-13 22:05:02,271 INFO CSMF2.step_1_1_1.run :: [h_std] total=0.11931 batch=0.08743 (no penalty)
2026-05-13 22:05:02,271 INFO CSMF2.step_1_1_1.run :: [lat_epoch] mean_l2=0.08379 std_l2=0.95247 lambda=1.000
2026-05-13 22:05:02,271 INFO CSMF2.step_1_1_1.run :: [grad] cond=391.0815 film_gain=0.0000
2026-05-13 22:05:13,842 INFO CSMF2.step_1_1_1.run :: [h] epoch=25 step=50 total=0.11828 batch=0.08523
2026-05-13 22:05:13,842 INFO CSMF2.step_1_1_1.run :: [lat] epoch=25 step=50 mean_l2=0.06687 std_l2=0.21630
2026-05-13 22:05:13,917 INFO CSMF2.step_1_1_1.run :: epoch=25 step=50/429 train_nll=-2284.877
2026-05-13 22:05:22,001 INFO CSMF2.step_1_1_1.run :: [h] epoch=25 step=100 total=0.11773 batch=0.08726
2026-05-13 22:05:22,001 INFO CSMF2.step_1_1_1.run :: [lat] epoch=25 step=100 mean_l2=0.07822 std_l2=0.34027
2026-05-13 22:05:22,096 INFO CSMF2.step_1_1_1.run :: epoch=25 step=100/429 train_nll=-2286.973
2026-05-13 22:05:30,457 INFO CSMF2.step_1_1_1.run :: [h] epoch=25 step=150 total=0.12046 batch=0.08850
2026-05-13 22:05:30,458 INFO CSMF2.step_1_1_1.run :: [lat] epoch=25 step=150 mean_l2=0.07451 std_l2=0.49339
2026-05-13 22:05:30,534 INFO CSMF2.step_1_1_1.run :: epoch=25 step=150/429 train_nll=-2291.553
2026-05-13 22:05:38,854 INFO CSMF2.step_1_1_1.run :: [h] epoch=25 step=200 total=0.11806 batch=0.08669
2026-05-13 22:05:38,854 INFO CSMF2.step_1_1_1.run :: [lat] epoch=25 step=200 mean_l2=0.07508 std_l2=0.33151
2026-05-13 22:05:38,925 INFO CSMF2.step_1_1_1.run :: epoch=25 step=200/429 train_nll=-2290.762
2026-05-13 22:05:47,065 INFO CSMF2.step_1_1_1.run :: [h] epoch=25 step=250 total=0.11361 batch=0.08238
2026-05-13 22:05:47,065 INFO CSMF2.step_1_1_1.run :: [lat] epoch=25 step=250 mean_l2=0.09861 std_l2=0.65222
2026-05-13 22:05:47,141 INFO CSMF2.step_1_1_1.run :: epoch=25 step=250/429 train_nll=-2289.480
2026-05-13 22:05:55,398 INFO CSMF2.step_1_1_1.run :: [h] epoch=25 step=300 total=0.11703 batch=0.08781
2026-05-13 22:05:55,399 INFO CSMF2.step_1_1_1.run :: [lat] epoch=25 step=300 mean_l2=0.08359 std_l2=0.59496
2026-05-13 22:05:55,492 INFO CSMF2.step_1_1_1.run :: epoch=25 step=300/429 train_nll=-2289.051
2026-05-13 22:06:03,710 INFO CSMF2.step_1_1_1.run :: [h] epoch=25 step=350 total=0.11630 batch=0.08542
2026-05-13 22:06:03,711 INFO CSMF2.step_1_1_1.run :: [lat] epoch=25 step=350 mean_l2=0.08343 std_l2=1.13450
2026-05-13 22:06:03,807 INFO CSMF2.step_1_1_1.run :: epoch=25 step=350/429 train_nll=-2291.657
2026-05-13 22:06:12,045 INFO CSMF2.step_1_1_1.run :: [h] epoch=25 step=400 total=0.11620 batch=0.08540
2026-05-13 22:06:12,046 INFO CSMF2.step_1_1_1.run :: [lat] epoch=25 step=400 mean_l2=0.07633 std_l2=3.95084
2026-05-13 22:06:12,140 INFO CSMF2.step_1_1_1.run :: epoch=25 step=400/429 train_nll=-2291.469
2026-05-13 22:06:20,421 INFO CSMF2.step_1_1_1.run :: epoch=25  train_nll=-2292.200  val_nll=-2282.520  t=74.6s
2026-05-13 22:06:20,421 INFO CSMF2.step_1_1_1.run :: [h_std] total=0.11634 batch=0.08504 (no penalty)
2026-05-13 22:06:20,421 INFO CSMF2.step_1_1_1.run :: [lat_epoch] mean_l2=0.08339 std_l2=0.96537 lambda=1.000
2026-05-13 22:06:20,421 INFO CSMF2.step_1_1_1.run :: [grad] cond=289.8073 film_gain=0.0000
2026-05-13 22:06:31,893 INFO CSMF2.step_1_1_1.run :: [h] epoch=26 step=50 total=0.11539 batch=0.08320
2026-05-13 22:06:31,893 INFO CSMF2.step_1_1_1.run :: [lat] epoch=26 step=50 mean_l2=0.07635 std_l2=0.21639
2026-05-13 22:06:31,965 INFO CSMF2.step_1_1_1.run :: epoch=26 step=50/429 train_nll=-2296.038
2026-05-13 22:06:40,130 INFO CSMF2.step_1_1_1.run :: [h] epoch=26 step=100 total=0.11435 batch=0.08399
2026-05-13 22:06:40,131 INFO CSMF2.step_1_1_1.run :: [lat] epoch=26 step=100 mean_l2=0.08152 std_l2=0.39987
2026-05-13 22:06:40,203 INFO CSMF2.step_1_1_1.run :: epoch=26 step=100/429 train_nll=-2296.680
2026-05-13 22:06:48,363 INFO CSMF2.step_1_1_1.run :: [h] epoch=26 step=150 total=0.11794 batch=0.08580
2026-05-13 22:06:48,363 INFO CSMF2.step_1_1_1.run :: [lat] epoch=26 step=150 mean_l2=0.08614 std_l2=0.47137
2026-05-13 22:06:48,436 INFO CSMF2.step_1_1_1.run :: epoch=26 step=150/429 train_nll=-2300.452
2026-05-13 22:06:56,551 INFO CSMF2.step_1_1_1.run :: [h] epoch=26 step=200 total=0.11713 batch=0.08686
2026-05-13 22:06:56,551 INFO CSMF2.step_1_1_1.run :: [lat] epoch=26 step=200 mean_l2=0.08771 std_l2=0.29391
2026-05-13 22:06:56,623 INFO CSMF2.step_1_1_1.run :: epoch=26 step=200/429 train_nll=-2300.102
2026-05-13 22:07:04,689 INFO CSMF2.step_1_1_1.run :: [h] epoch=26 step=250 total=0.11145 batch=0.07998
2026-05-13 22:07:04,689 INFO CSMF2.step_1_1_1.run :: [lat] epoch=26 step=250 mean_l2=0.08950 std_l2=0.51219
2026-05-13 22:07:04,761 INFO CSMF2.step_1_1_1.run :: epoch=26 step=250/429 train_nll=-2298.964
2026-05-13 22:07:13,007 INFO CSMF2.step_1_1_1.run :: [h] epoch=26 step=300 total=0.11568 batch=0.08690
2026-05-13 22:07:13,007 INFO CSMF2.step_1_1_1.run :: [lat] epoch=26 step=300 mean_l2=0.07727 std_l2=0.71353
2026-05-13 22:07:13,079 INFO CSMF2.step_1_1_1.run :: epoch=26 step=300/429 train_nll=-2298.054
2026-05-13 22:07:21,172 INFO CSMF2.step_1_1_1.run :: [h] epoch=26 step=350 total=0.11365 batch=0.08355
2026-05-13 22:07:21,173 INFO CSMF2.step_1_1_1.run :: [lat] epoch=26 step=350 mean_l2=0.07284 std_l2=1.00835
2026-05-13 22:07:21,242 INFO CSMF2.step_1_1_1.run :: epoch=26 step=350/429 train_nll=-2300.008
2026-05-13 22:07:29,370 INFO CSMF2.step_1_1_1.run :: [h] epoch=26 step=400 total=0.11455 batch=0.08329
2026-05-13 22:07:29,370 INFO CSMF2.step_1_1_1.run :: [lat] epoch=26 step=400 mean_l2=0.07289 std_l2=3.97176
2026-05-13 22:07:29,444 INFO CSMF2.step_1_1_1.run :: epoch=26 step=400/429 train_nll=-2299.243
2026-05-13 22:07:37,624 INFO CSMF2.step_1_1_1.run :: epoch=26  train_nll=-2299.802  val_nll=-2295.601  t=73.7s
2026-05-13 22:07:37,624 INFO CSMF2.step_1_1_1.run :: [h_std] total=0.11398 batch=0.08334 (no penalty)
2026-05-13 22:07:37,624 INFO CSMF2.step_1_1_1.run :: [lat_epoch] mean_l2=0.08514 std_l2=0.99384 lambda=1.000
2026-05-13 22:07:37,624 INFO CSMF2.step_1_1_1.run :: [grad] cond=374.3504 film_gain=0.0000
2026-05-13 22:07:49,402 INFO CSMF2.step_1_1_1.run :: [h] epoch=27 step=50 total=0.11343 batch=0.08213
2026-05-13 22:07:49,403 INFO CSMF2.step_1_1_1.run :: [lat] epoch=27 step=50 mean_l2=0.07572 std_l2=0.25475
2026-05-13 22:07:49,495 INFO CSMF2.step_1_1_1.run :: epoch=27 step=50/429 train_nll=-2306.914
2026-05-13 22:07:57,719 INFO CSMF2.step_1_1_1.run :: [h] epoch=27 step=100 total=0.11190 batch=0.08278
2026-05-13 22:07:57,719 INFO CSMF2.step_1_1_1.run :: [lat] epoch=27 step=100 mean_l2=0.07896 std_l2=0.40633
2026-05-13 22:07:57,795 INFO CSMF2.step_1_1_1.run :: epoch=27 step=100/429 train_nll=-2307.957
2026-05-13 22:08:05,977 INFO CSMF2.step_1_1_1.run :: [h] epoch=27 step=150 total=0.11584 batch=0.08445
2026-05-13 22:08:05,978 INFO CSMF2.step_1_1_1.run :: [lat] epoch=27 step=150 mean_l2=0.08309 std_l2=0.46306
2026-05-13 22:08:06,073 INFO CSMF2.step_1_1_1.run :: epoch=27 step=150/429 train_nll=-2310.697
2026-05-13 22:08:14,219 INFO CSMF2.step_1_1_1.run :: [h] epoch=27 step=200 total=0.11437 batch=0.08459
2026-05-13 22:08:14,219 INFO CSMF2.step_1_1_1.run :: [lat] epoch=27 step=200 mean_l2=0.09882 std_l2=0.38919
2026-05-13 22:08:14,294 INFO CSMF2.step_1_1_1.run :: epoch=27 step=200/429 train_nll=-2309.496
2026-05-13 22:08:22,512 INFO CSMF2.step_1_1_1.run :: [h] epoch=27 step=250 total=0.11073 batch=0.08031
2026-05-13 22:08:22,512 INFO CSMF2.step_1_1_1.run :: [lat] epoch=27 step=250 mean_l2=0.08861 std_l2=0.47560
2026-05-13 22:08:22,588 INFO CSMF2.step_1_1_1.run :: epoch=27 step=250/429 train_nll=-2307.720
2026-05-13 22:08:30,854 INFO CSMF2.step_1_1_1.run :: [h] epoch=27 step=300 total=0.11075 batch=0.08303
2026-05-13 22:08:30,854 INFO CSMF2.step_1_1_1.run :: [lat] epoch=27 step=300 mean_l2=0.07145 std_l2=0.60117
2026-05-13 22:08:30,929 INFO CSMF2.step_1_1_1.run :: epoch=27 step=300/429 train_nll=-2306.915
2026-05-13 22:08:39,226 INFO CSMF2.step_1_1_1.run :: [h] epoch=27 step=350 total=0.10980 batch=0.08056
2026-05-13 22:08:39,226 INFO CSMF2.step_1_1_1.run :: [lat] epoch=27 step=350 mean_l2=0.08468 std_l2=1.05107
2026-05-13 22:08:39,302 INFO CSMF2.step_1_1_1.run :: epoch=27 step=350/429 train_nll=-2308.808
2026-05-13 22:08:47,317 INFO CSMF2.step_1_1_1.run :: [h] epoch=27 step=400 total=0.11166 batch=0.08192
2026-05-13 22:08:47,317 INFO CSMF2.step_1_1_1.run :: [lat] epoch=27 step=400 mean_l2=0.08836 std_l2=3.68519
2026-05-13 22:08:47,410 INFO CSMF2.step_1_1_1.run :: epoch=27 step=400/429 train_nll=-2307.870
2026-05-13 22:08:55,571 INFO CSMF2.step_1_1_1.run :: epoch=27  train_nll=-2308.474  val_nll=-2301.140  t=74.4s
2026-05-13 22:08:55,571 INFO CSMF2.step_1_1_1.run :: [h_std] total=0.11127 batch=0.08145 (no penalty)
2026-05-13 22:08:55,572 INFO CSMF2.step_1_1_1.run :: [lat_epoch] mean_l2=0.08406 std_l2=0.99215 lambda=1.000
2026-05-13 22:08:55,572 INFO CSMF2.step_1_1_1.run :: [grad] cond=514.4485 film_gain=0.0000
2026-05-13 22:09:07,028 INFO CSMF2.step_1_1_1.run :: [h] epoch=28 step=50 total=0.11059 batch=0.08029
2026-05-13 22:09:07,028 INFO CSMF2.step_1_1_1.run :: [lat] epoch=28 step=50 mean_l2=0.07668 std_l2=0.20483
2026-05-13 22:09:07,120 INFO CSMF2.step_1_1_1.run :: epoch=28 step=50/429 train_nll=-2313.792
2026-05-13 22:09:15,309 INFO CSMF2.step_1_1_1.run :: [h] epoch=28 step=100 total=0.11023 batch=0.08027
2026-05-13 22:09:15,310 INFO CSMF2.step_1_1_1.run :: [lat] epoch=28 step=100 mean_l2=0.07658 std_l2=0.35364
2026-05-13 22:09:15,382 INFO CSMF2.step_1_1_1.run :: epoch=28 step=100/429 train_nll=-2314.375
2026-05-13 22:09:23,510 INFO CSMF2.step_1_1_1.run :: [h] epoch=28 step=150 total=0.11247 batch=0.08202
2026-05-13 22:09:23,511 INFO CSMF2.step_1_1_1.run :: [lat] epoch=28 step=150 mean_l2=0.09163 std_l2=0.47546
2026-05-13 22:09:23,602 INFO CSMF2.step_1_1_1.run :: epoch=28 step=150/429 train_nll=-2317.177
2026-05-13 22:09:31,715 INFO CSMF2.step_1_1_1.run :: [h] epoch=28 step=200 total=0.11214 batch=0.08303
2026-05-13 22:09:31,716 INFO CSMF2.step_1_1_1.run :: [lat] epoch=28 step=200 mean_l2=0.08346 std_l2=0.23144
2026-05-13 22:09:31,807 INFO CSMF2.step_1_1_1.run :: epoch=28 step=200/429 train_nll=-2316.116
2026-05-13 22:09:40,067 INFO CSMF2.step_1_1_1.run :: [h] epoch=28 step=250 total=0.10799 batch=0.07806
2026-05-13 22:09:40,067 INFO CSMF2.step_1_1_1.run :: [lat] epoch=28 step=250 mean_l2=0.08534 std_l2=0.47173
2026-05-13 22:09:40,140 INFO CSMF2.step_1_1_1.run :: epoch=28 step=250/429 train_nll=-2314.957
2026-05-13 22:09:48,222 INFO CSMF2.step_1_1_1.run :: [h] epoch=28 step=300 total=0.10941 batch=0.08169
2026-05-13 22:09:48,222 INFO CSMF2.step_1_1_1.run :: [lat] epoch=28 step=300 mean_l2=0.07911 std_l2=0.66011
2026-05-13 22:09:48,295 INFO CSMF2.step_1_1_1.run :: epoch=28 step=300/429 train_nll=-2314.690
2026-05-13 22:09:56,449 INFO CSMF2.step_1_1_1.run :: [h] epoch=28 step=350 total=0.10955 batch=0.08074
2026-05-13 22:09:56,450 INFO CSMF2.step_1_1_1.run :: [lat] epoch=28 step=350 mean_l2=0.08302 std_l2=0.74583
2026-05-13 22:09:56,522 INFO CSMF2.step_1_1_1.run :: epoch=28 step=350/429 train_nll=-2317.192
2026-05-13 22:10:04,738 INFO CSMF2.step_1_1_1.run :: [h] epoch=28 step=400 total=0.11048 batch=0.08119
2026-05-13 22:10:04,738 INFO CSMF2.step_1_1_1.run :: [lat] epoch=28 step=400 mean_l2=0.07748 std_l2=4.10331
2026-05-13 22:10:04,811 INFO CSMF2.step_1_1_1.run :: epoch=28 step=400/429 train_nll=-2316.897
2026-05-13 22:10:12,919 INFO CSMF2.step_1_1_1.run :: epoch=28  train_nll=-2317.004  val_nll=-2298.359  t=73.8s
2026-05-13 22:10:12,919 INFO CSMF2.step_1_1_1.run :: [h_std] total=0.10941 batch=0.07997 (no penalty)
2026-05-13 22:10:12,920 INFO CSMF2.step_1_1_1.run :: [lat_epoch] mean_l2=0.08317 std_l2=0.99725 lambda=1.000
2026-05-13 22:10:12,920 INFO CSMF2.step_1_1_1.run :: [grad] cond=309.8745 film_gain=0.0000
2026-05-13 22:10:24,385 INFO CSMF2.step_1_1_1.run :: [h] epoch=29 step=50 total=0.10963 batch=0.07878
2026-05-13 22:10:24,386 INFO CSMF2.step_1_1_1.run :: [lat] epoch=29 step=50 mean_l2=0.06817 std_l2=0.21950
2026-05-13 22:10:24,478 INFO CSMF2.step_1_1_1.run :: epoch=29 step=50/429 train_nll=-2318.227
2026-05-13 22:10:32,763 INFO CSMF2.step_1_1_1.run :: [h] epoch=29 step=100 total=0.10776 batch=0.07848
2026-05-13 22:10:32,763 INFO CSMF2.step_1_1_1.run :: [lat] epoch=29 step=100 mean_l2=0.07837 std_l2=0.37629
2026-05-13 22:10:32,835 INFO CSMF2.step_1_1_1.run :: epoch=29 step=100/429 train_nll=-2317.100
2026-05-13 22:10:40,954 INFO CSMF2.step_1_1_1.run :: [h] epoch=29 step=150 total=0.11124 batch=0.08131
2026-05-13 22:10:40,955 INFO CSMF2.step_1_1_1.run :: [lat] epoch=29 step=150 mean_l2=0.08325 std_l2=0.76603
2026-05-13 22:10:41,027 INFO CSMF2.step_1_1_1.run :: epoch=29 step=150/429 train_nll=-2321.516
2026-05-13 22:10:49,221 INFO CSMF2.step_1_1_1.run :: [h] epoch=29 step=200 total=0.10995 batch=0.08103
2026-05-13 22:10:49,221 INFO CSMF2.step_1_1_1.run :: [lat] epoch=29 step=200 mean_l2=0.08331 std_l2=0.26623
2026-05-13 22:10:49,293 INFO CSMF2.step_1_1_1.run :: epoch=29 step=200/429 train_nll=-2321.822
2026-05-13 22:10:57,319 INFO CSMF2.step_1_1_1.run :: [h] epoch=29 step=250 total=0.10614 batch=0.07592
2026-05-13 22:10:57,320 INFO CSMF2.step_1_1_1.run :: [lat] epoch=29 step=250 mean_l2=0.07856 std_l2=1.19017
2026-05-13 22:10:57,392 INFO CSMF2.step_1_1_1.run :: epoch=29 step=250/429 train_nll=-2321.113
2026-05-13 22:11:05,634 INFO CSMF2.step_1_1_1.run :: [h] epoch=29 step=300 total=0.10810 batch=0.08083
2026-05-13 22:11:05,634 INFO CSMF2.step_1_1_1.run :: [lat] epoch=29 step=300 mean_l2=0.07933 std_l2=0.46581
2026-05-13 22:11:05,725 INFO CSMF2.step_1_1_1.run :: epoch=29 step=300/429 train_nll=-2320.415
2026-05-13 22:11:13,785 INFO CSMF2.step_1_1_1.run :: [h] epoch=29 step=350 total=0.10797 batch=0.07862
2026-05-13 22:11:13,785 INFO CSMF2.step_1_1_1.run :: [lat] epoch=29 step=350 mean_l2=0.08202 std_l2=1.04713
2026-05-13 22:11:13,877 INFO CSMF2.step_1_1_1.run :: epoch=29 step=350/429 train_nll=-2323.518
2026-05-13 22:11:21,968 INFO CSMF2.step_1_1_1.run :: [h] epoch=29 step=400 total=0.10821 batch=0.07990
2026-05-13 22:11:21,968 INFO CSMF2.step_1_1_1.run :: [lat] epoch=29 step=400 mean_l2=0.08722 std_l2=3.85793
2026-05-13 22:11:22,041 INFO CSMF2.step_1_1_1.run :: epoch=29 step=400/429 train_nll=-2323.058
2026-05-13 22:11:30,400 INFO CSMF2.step_1_1_1.run :: epoch=29  train_nll=-2323.640  val_nll=-2316.782  t=73.9s
2026-05-13 22:11:30,400 INFO CSMF2.step_1_1_1.run :: [h_std] total=0.10772 batch=0.07832 (no penalty)
2026-05-13 22:11:30,400 INFO CSMF2.step_1_1_1.run :: [lat_epoch] mean_l2=0.08339 std_l2=1.00898 lambda=1.000
2026-05-13 22:11:30,400 INFO CSMF2.step_1_1_1.run :: [grad] cond=290.1904 film_gain=0.0000
2026-05-13 22:11:40,566 INFO CSMF2.step_1_1_1.run :: [run] FINAL test_nll (sealed 10k) = -2325.679
2026-05-13 22:11:41,238 INFO CSMF2.experiments.step_1_1_1.density_plots :: [plot_latent_density] saved -> CSMF2/experiments/step_1_1_1/results/nice_s2_n0.00_seed0_8bbedce8c467/plots/latent_density.png  (ks=0.0716, mean=0.019, std=1.012)
2026-05-13 22:11:41,405 INFO CSMF2.experiments.step_1_1_1.density_plots :: [plot_cycle_density] saved -> CSMF2/experiments/step_1_1_1/results/nice_s2_n0.00_seed0_8bbedce8c467/plots/cycle_density.png  (max|err|=5.245e-06 rms=5.744e-07)
2026-05-13 22:11:41,649 INFO CSMF2.experiments.step_1_1_1.density_plots :: [plot_reconstruction_panel] saved -> CSMF2/experiments/step_1_1_1/results/nice_s2_n0.00_seed0_8bbedce8c467/plots/reconstruction_panel.png  rms(enc-prior)=1.333
==============================================================
[1mSTEP-1_1_1 RUN SUMMARY[0m
==============================================================
expert: nice   scale: 2   noise: 0.0   seed: 0   epochs: 30
train NLL:    -1108.00  ->    -2323.64  (Δ = -1215.64)
test  NLL:    -1346.90  ->    -2316.78

[1mHARD GATES (halt on fail)[0m
  [32m 30/30  ✓[0m  invertibility FP64 <1e-5
  [31m  0/30  ✗[0m  latent KS vs N(0,1) <0.05
  [32m 30/30  ✓[0m  cycle_max < 1e-12
  [32m 30/30  ✓[0m  h std > 1e-3
  [32m 30/30  ✓[0m  FiLM γ,β std > 1e-3 aggregate
  [32m 30/30  ✓[0m  (y,seed) max|Δh| < 1e-6
  [32m 30/30  ✓[0m  no NaN/Inf this epoch
  [32m  1/1   ✓[0m  numeric log-det (FP64, once)

[1mINFORMATIONAL (logged, non-blocking)[0m
  [33m 29/30  ✗[0m  null-control gap ≥ 0.10
  [32m 30/30  ✓[0m  h_st Δlogp slope > 1e-3
  [32m 30/30  ✓[0m  grad norm > 1e-6
  [32m 30/30  ✓[0m  fwd residual reported
--------------------------------------------------------------
[1mHARD TOTAL: 181/211[0m  (85.8%)
[1mEXIT_CRITERIA_MET:[0m [31mNO[0m
[1mREMEDY HINTS:[0m
  - hard gate failed: latent_ks (latent KS vs N(0,1) <0.05) -- check epochs [0, 1, 2, 3, 4, 5, 6, 7, 8, 9, 10, 11, 12, 13, 14, 15, 16, 17, 18, 19, 20, 21, 22, 23, 24, 25, 26, 27, 28, 29]
==============================================================
2026-05-13 22:11:41,809 INFO CSMF2.step_1_1_1.run :: STEP-1_1 run DONE  exit_ok=False  out=CSMF2/experiments/step_1_1_1/results/nice_s2_n0.00_seed0_8bbedce8c467
