2026-05-14 07:04:05,696 INFO CSMF2.step_1_1_1.run :: STEP-1_1 run | tag=realnvp_s2_n0.10_seed0_7331cc1a4000 | cfg=StepCfg(data_root='./mnist_data', scale=2, blur_sigma=1.0, noise_sigma=0.1, batch_size=128, expert='realnvp', dim=784, cond_width=128, h_dim=256, flow_hidden=256, use_film=True, cache_h=True, use_v2_conditioner=True, film_depth=2, film_hidden=128, film_use_gelu=True, realnvp_n_couplings=6, realnvp_s_max=2.0, glow_n_steps=8, glow_coupling_hidden=256, glow_s_max=2.0, glow_squeeze=True, glow_n_levels=1, glow_image_c=1, glow_image_h=28, glow_image_w=28, glow_film_gain_init=0.3, lr=0.001, epochs=30, weight_decay=0.0, grad_clip=5.0, shuffle_loss_lambda=0.0, shuffle_loss_margin=0.5, h_std_penalty_mu=0.0, h_std_target=0.05, cond_y_residual_alpha_init=0.0, latent_moment_lambda=0.0, latent_ks_target=0.1, fwd_rel_target=0.5, resume_from=None, seed=0, out_root='./CSMF2/experiments/step_1_1_1/results', log_every=50, sanity_every_epoch=True)
2026-05-14 07:04:05,769 INFO CSMF2.step_1_1_1.run :: [run] data sizes: train=55000  val=5000 (per-epoch)  test=10000 (final-only)
2026-05-14 07:04:05,829 INFO CSMF2.step_1_1_1.run :: [y_sanity] y.std(dim=0).mean() = 0.1512  shape=(128, 1, 14, 14)
2026-05-14 07:04:13,939 INFO CSMF2.step_1_1_1.run :: [h] epoch=0 step=50 total=0.08795 batch=0.00109
2026-05-14 07:04:13,940 INFO CSMF2.step_1_1_1.run :: [lat] epoch=0 step=50 mean_l2=0.29036 std_l2=0.40263
2026-05-14 07:04:14,013 INFO CSMF2.step_1_1_1.run :: epoch=0 step=50/429 train_nll=-849.429
2026-05-14 07:04:22,225 INFO CSMF2.step_1_1_1.run :: [h] epoch=0 step=100 total=0.08639 batch=0.00054
2026-05-14 07:04:22,226 INFO CSMF2.step_1_1_1.run :: [lat] epoch=0 step=100 mean_l2=0.27186 std_l2=0.33173
2026-05-14 07:04:22,298 INFO CSMF2.step_1_1_1.run :: epoch=0 step=100/429 train_nll=-1189.472
2026-05-14 07:04:30,721 INFO CSMF2.step_1_1_1.run :: [h] epoch=0 step=150 total=0.15828 batch=0.00161
2026-05-14 07:04:30,721 INFO CSMF2.step_1_1_1.run :: [lat] epoch=0 step=150 mean_l2=0.30649 std_l2=0.42528
2026-05-14 07:04:30,793 INFO CSMF2.step_1_1_1.run :: epoch=0 step=150/429 train_nll=-1385.086
2026-05-14 07:04:39,182 INFO CSMF2.step_1_1_1.run :: [h] epoch=0 step=200 total=0.17065 batch=0.00194
2026-05-14 07:04:39,182 INFO CSMF2.step_1_1_1.run :: [lat] epoch=0 step=200 mean_l2=0.25572 std_l2=0.46991
2026-05-14 07:04:39,253 INFO CSMF2.step_1_1_1.run :: epoch=0 step=200/429 train_nll=-1510.735
2026-05-14 07:04:47,666 INFO CSMF2.step_1_1_1.run :: [h] epoch=0 step=250 total=0.18831 batch=0.00186
2026-05-14 07:04:47,667 INFO CSMF2.step_1_1_1.run :: [lat] epoch=0 step=250 mean_l2=0.21085 std_l2=0.34572
2026-05-14 07:04:47,741 INFO CSMF2.step_1_1_1.run :: epoch=0 step=250/429 train_nll=-1605.633
2026-05-14 07:04:56,102 INFO CSMF2.step_1_1_1.run :: [h] epoch=0 step=300 total=0.21039 batch=0.00187
2026-05-14 07:04:56,103 INFO CSMF2.step_1_1_1.run :: [lat] epoch=0 step=300 mean_l2=0.31592 std_l2=0.38991
2026-05-14 07:04:56,188 INFO CSMF2.step_1_1_1.run :: epoch=0 step=300/429 train_nll=-1681.457
2026-05-14 07:05:04,678 INFO CSMF2.step_1_1_1.run :: [h] epoch=0 step=350 total=0.21672 batch=0.00188
2026-05-14 07:05:04,678 INFO CSMF2.step_1_1_1.run :: [lat] epoch=0 step=350 mean_l2=0.33697 std_l2=0.48880
2026-05-14 07:05:04,749 INFO CSMF2.step_1_1_1.run :: epoch=0 step=350/429 train_nll=-1743.709
2026-05-14 07:05:13,035 INFO CSMF2.step_1_1_1.run :: [h] epoch=0 step=400 total=0.22156 batch=0.00192
2026-05-14 07:05:13,035 INFO CSMF2.step_1_1_1.run :: [lat] epoch=0 step=400 mean_l2=0.31674 std_l2=1.24329
2026-05-14 07:05:13,110 INFO CSMF2.step_1_1_1.run :: epoch=0 step=400/429 train_nll=-1793.876
2026-05-14 07:05:21,662 INFO CSMF2.step_1_1_1.run :: epoch=0  train_nll=-1820.578  val_nll=-2212.563  t=75.8s
2026-05-14 07:05:21,662 INFO CSMF2.step_1_1_1.run :: [h_std] total=0.18240 batch=0.00305 (no penalty)
2026-05-14 07:05:21,662 INFO CSMF2.step_1_1_1.run :: [lat_epoch] mean_l2=0.34533 std_l2=0.66178 (no penalty)
2026-05-14 07:05:21,662 INFO CSMF2.step_1_1_1.run :: [grad] cond=15.0827 film_gain=0.0000
2026-05-14 07:05:33,557 INFO CSMF2.step_1_1_1.run :: [h] epoch=1 step=50 total=0.21331 batch=0.00170
2026-05-14 07:05:33,558 INFO CSMF2.step_1_1_1.run :: [lat] epoch=1 step=50 mean_l2=0.43596 std_l2=0.35059
2026-05-14 07:05:33,642 INFO CSMF2.step_1_1_1.run :: epoch=1 step=50/429 train_nll=-2236.474
2026-05-14 07:05:42,035 INFO CSMF2.step_1_1_1.run :: [h] epoch=1 step=100 total=0.23093 batch=0.00189
2026-05-14 07:05:42,036 INFO CSMF2.step_1_1_1.run :: [lat] epoch=1 step=100 mean_l2=0.28150 std_l2=0.67268
2026-05-14 07:05:42,108 INFO CSMF2.step_1_1_1.run :: epoch=1 step=100/429 train_nll=-2258.955
2026-05-14 07:05:50,375 INFO CSMF2.step_1_1_1.run :: [h] epoch=1 step=150 total=0.23143 batch=0.00171
2026-05-14 07:05:50,375 INFO CSMF2.step_1_1_1.run :: [lat] epoch=1 step=150 mean_l2=0.25009 std_l2=0.69057
2026-05-14 07:05:50,450 INFO CSMF2.step_1_1_1.run :: epoch=1 step=150/429 train_nll=-2259.492
2026-05-14 07:05:58,874 INFO CSMF2.step_1_1_1.run :: [h] epoch=1 step=200 total=0.22681 batch=0.00191
2026-05-14 07:05:58,874 INFO CSMF2.step_1_1_1.run :: [lat] epoch=1 step=200 mean_l2=0.22362 std_l2=0.42842
2026-05-14 07:05:58,951 INFO CSMF2.step_1_1_1.run :: epoch=1 step=200/429 train_nll=-2269.869
2026-05-14 07:06:07,553 INFO CSMF2.step_1_1_1.run :: [h] epoch=1 step=250 total=0.22499 batch=0.00170
2026-05-14 07:06:07,553 INFO CSMF2.step_1_1_1.run :: [lat] epoch=1 step=250 mean_l2=0.26461 std_l2=0.73616
2026-05-14 07:06:07,633 INFO CSMF2.step_1_1_1.run :: epoch=1 step=250/429 train_nll=-2271.857
2026-05-14 07:06:16,457 INFO CSMF2.step_1_1_1.run :: [h] epoch=1 step=300 total=0.21695 batch=0.00201
2026-05-14 07:06:16,458 INFO CSMF2.step_1_1_1.run :: [lat] epoch=1 step=300 mean_l2=0.35187 std_l2=0.68757
2026-05-14 07:06:16,538 INFO CSMF2.step_1_1_1.run :: epoch=1 step=300/429 train_nll=-2283.058
2026-05-14 07:06:25,331 INFO CSMF2.step_1_1_1.run :: [h] epoch=1 step=350 total=0.22446 batch=0.00189
2026-05-14 07:06:25,332 INFO CSMF2.step_1_1_1.run :: [lat] epoch=1 step=350 mean_l2=0.40850 std_l2=0.42118
2026-05-14 07:06:25,413 INFO CSMF2.step_1_1_1.run :: epoch=1 step=350/429 train_nll=-2299.187
2026-05-14 07:06:34,270 INFO CSMF2.step_1_1_1.run :: [h] epoch=1 step=400 total=0.21709 batch=0.00228
2026-05-14 07:06:34,271 INFO CSMF2.step_1_1_1.run :: [lat] epoch=1 step=400 mean_l2=0.31757 std_l2=0.37387
2026-05-14 07:06:34,352 INFO CSMF2.step_1_1_1.run :: epoch=1 step=400/429 train_nll=-2306.089
2026-05-14 07:06:43,106 INFO CSMF2.step_1_1_1.run :: epoch=1  train_nll=-2309.187  val_nll=-2273.824  t=77.5s
2026-05-14 07:06:43,107 INFO CSMF2.step_1_1_1.run :: [h_std] total=0.22174 batch=0.00189 (no penalty)
2026-05-14 07:06:43,107 INFO CSMF2.step_1_1_1.run :: [lat_epoch] mean_l2=0.33306 std_l2=0.75489 (no penalty)
2026-05-14 07:06:43,107 INFO CSMF2.step_1_1_1.run :: [grad] cond=24.9183 film_gain=0.0000
2026-05-14 07:06:55,289 INFO CSMF2.step_1_1_1.run :: [h] epoch=2 step=50 total=0.24242 batch=0.00173
2026-05-14 07:06:55,289 INFO CSMF2.step_1_1_1.run :: [lat] epoch=2 step=50 mean_l2=0.37089 std_l2=0.37366
2026-05-14 07:06:55,368 INFO CSMF2.step_1_1_1.run :: epoch=2 step=50/429 train_nll=-2420.893
2026-05-14 07:07:04,165 INFO CSMF2.step_1_1_1.run :: [h] epoch=2 step=100 total=0.21971 batch=0.00206
2026-05-14 07:07:04,165 INFO CSMF2.step_1_1_1.run :: [lat] epoch=2 step=100 mean_l2=0.25431 std_l2=0.39949
2026-05-14 07:07:04,260 INFO CSMF2.step_1_1_1.run :: epoch=2 step=100/429 train_nll=-2405.533
2026-05-14 07:07:12,929 INFO CSMF2.step_1_1_1.run :: [h] epoch=2 step=150 total=0.24675 batch=0.00204
2026-05-14 07:07:12,930 INFO CSMF2.step_1_1_1.run :: [lat] epoch=2 step=150 mean_l2=0.59731 std_l2=0.47839
2026-05-14 07:07:13,009 INFO CSMF2.step_1_1_1.run :: epoch=2 step=150/429 train_nll=-2381.581
2026-05-14 07:07:21,763 INFO CSMF2.step_1_1_1.run :: [h] epoch=2 step=200 total=0.22146 batch=0.00183
2026-05-14 07:07:21,764 INFO CSMF2.step_1_1_1.run :: [lat] epoch=2 step=200 mean_l2=0.24351 std_l2=0.79197
2026-05-14 07:07:21,859 INFO CSMF2.step_1_1_1.run :: epoch=2 step=200/429 train_nll=-2387.390
2026-05-14 07:07:30,880 INFO CSMF2.step_1_1_1.run :: [h] epoch=2 step=250 total=0.21851 batch=0.00152
2026-05-14 07:07:30,880 INFO CSMF2.step_1_1_1.run :: [lat] epoch=2 step=250 mean_l2=0.17783 std_l2=0.85730
2026-05-14 07:07:30,960 INFO CSMF2.step_1_1_1.run :: epoch=2 step=250/429 train_nll=-2392.677
2026-05-14 07:07:39,732 INFO CSMF2.step_1_1_1.run :: [h] epoch=2 step=300 total=0.22490 batch=0.00168
2026-05-14 07:07:39,732 INFO CSMF2.step_1_1_1.run :: [lat] epoch=2 step=300 mean_l2=0.19105 std_l2=0.59700
2026-05-14 07:07:39,812 INFO CSMF2.step_1_1_1.run :: epoch=2 step=300/429 train_nll=-2407.590
2026-05-14 07:07:48,462 INFO CSMF2.step_1_1_1.run :: [h] epoch=2 step=350 total=0.21675 batch=0.00164
2026-05-14 07:07:48,462 INFO CSMF2.step_1_1_1.run :: [lat] epoch=2 step=350 mean_l2=0.27781 std_l2=0.38930
2026-05-14 07:07:48,558 INFO CSMF2.step_1_1_1.run :: epoch=2 step=350/429 train_nll=-2419.345
2026-05-14 07:07:57,331 INFO CSMF2.step_1_1_1.run :: [h] epoch=2 step=400 total=0.23475 batch=0.00181
2026-05-14 07:07:57,332 INFO CSMF2.step_1_1_1.run :: [lat] epoch=2 step=400 mean_l2=0.28124 std_l2=0.43649
2026-05-14 07:07:57,412 INFO CSMF2.step_1_1_1.run :: epoch=2 step=400/429 train_nll=-2429.949
2026-05-14 07:08:06,102 INFO CSMF2.step_1_1_1.run :: epoch=2  train_nll=-2437.549  val_nll=-2460.494  t=79.3s
2026-05-14 07:08:06,102 INFO CSMF2.step_1_1_1.run :: [h_std] total=0.22259 batch=0.00185 (no penalty)
2026-05-14 07:08:06,102 INFO CSMF2.step_1_1_1.run :: [lat_epoch] mean_l2=0.32709 std_l2=0.74694 (no penalty)
2026-05-14 07:08:06,103 INFO CSMF2.step_1_1_1.run :: [grad] cond=26.0962 film_gain=0.0000
2026-05-14 07:08:18,412 INFO CSMF2.step_1_1_1.run :: [h] epoch=3 step=50 total=0.21647 batch=0.00155
2026-05-14 07:08:18,412 INFO CSMF2.step_1_1_1.run :: [lat] epoch=3 step=50 mean_l2=0.30041 std_l2=0.73194
2026-05-14 07:08:18,493 INFO CSMF2.step_1_1_1.run :: epoch=3 step=50/429 train_nll=-2474.207
2026-05-14 07:08:27,372 INFO CSMF2.step_1_1_1.run :: [h] epoch=3 step=100 total=0.21521 batch=0.00182
2026-05-14 07:08:27,372 INFO CSMF2.step_1_1_1.run :: [lat] epoch=3 step=100 mean_l2=0.19301 std_l2=0.37719
2026-05-14 07:08:27,454 INFO CSMF2.step_1_1_1.run :: epoch=3 step=100/429 train_nll=-2488.410
2026-05-14 07:08:36,341 INFO CSMF2.step_1_1_1.run :: [h] epoch=3 step=150 total=0.21336 batch=0.00159
2026-05-14 07:08:36,342 INFO CSMF2.step_1_1_1.run :: [lat] epoch=3 step=150 mean_l2=0.27229 std_l2=1.48396
2026-05-14 07:08:36,424 INFO CSMF2.step_1_1_1.run :: epoch=3 step=150/429 train_nll=-2499.684
2026-05-14 07:08:45,205 INFO CSMF2.step_1_1_1.run :: [h] epoch=3 step=200 total=0.20711 batch=0.00169
2026-05-14 07:08:45,205 INFO CSMF2.step_1_1_1.run :: [lat] epoch=3 step=200 mean_l2=0.33037 std_l2=0.88639
2026-05-14 07:08:45,287 INFO CSMF2.step_1_1_1.run :: epoch=3 step=200/429 train_nll=-2503.739
2026-05-14 07:08:54,157 INFO CSMF2.step_1_1_1.run :: [h] epoch=3 step=250 total=0.22225 batch=0.00208
2026-05-14 07:08:54,157 INFO CSMF2.step_1_1_1.run :: [lat] epoch=3 step=250 mean_l2=0.45568 std_l2=0.63055
2026-05-14 07:08:54,240 INFO CSMF2.step_1_1_1.run :: epoch=3 step=250/429 train_nll=-2498.569
2026-05-14 07:09:03,000 INFO CSMF2.step_1_1_1.run :: [h] epoch=3 step=300 total=0.20682 batch=0.00170
2026-05-14 07:09:03,000 INFO CSMF2.step_1_1_1.run :: [lat] epoch=3 step=300 mean_l2=0.41822 std_l2=0.59287
2026-05-14 07:09:03,081 INFO CSMF2.step_1_1_1.run :: epoch=3 step=300/429 train_nll=-2498.083
2026-05-14 07:09:11,830 INFO CSMF2.step_1_1_1.run :: [h] epoch=3 step=350 total=0.21713 batch=0.00309
2026-05-14 07:09:11,831 INFO CSMF2.step_1_1_1.run :: [lat] epoch=3 step=350 mean_l2=0.32953 std_l2=0.37035
2026-05-14 07:09:11,912 INFO CSMF2.step_1_1_1.run :: epoch=3 step=350/429 train_nll=-2504.552
2026-05-14 07:09:20,894 INFO CSMF2.step_1_1_1.run :: [h] epoch=3 step=400 total=0.19857 batch=0.00130
2026-05-14 07:09:20,894 INFO CSMF2.step_1_1_1.run :: [lat] epoch=3 step=400 mean_l2=0.28042 std_l2=0.79188
2026-05-14 07:09:20,977 INFO CSMF2.step_1_1_1.run :: epoch=3 step=400/429 train_nll=-2511.373
2026-05-14 07:09:29,953 INFO CSMF2.step_1_1_1.run :: epoch=3  train_nll=-2515.824  val_nll=-2578.575  t=80.1s
2026-05-14 07:09:29,954 INFO CSMF2.step_1_1_1.run :: [h_std] total=0.20880 batch=0.00194 (no penalty)
2026-05-14 07:09:29,954 INFO CSMF2.step_1_1_1.run :: [lat_epoch] mean_l2=0.32238 std_l2=0.75416 (no penalty)
2026-05-14 07:09:29,954 INFO CSMF2.step_1_1_1.run :: [grad] cond=3.4187 film_gain=0.0000
2026-05-14 07:09:42,297 INFO CSMF2.step_1_1_1.run :: [h] epoch=4 step=50 total=0.19860 batch=0.00114
2026-05-14 07:09:42,298 INFO CSMF2.step_1_1_1.run :: [lat] epoch=4 step=50 mean_l2=0.42048 std_l2=0.39854
2026-05-14 07:09:42,378 INFO CSMF2.step_1_1_1.run :: epoch=4 step=50/429 train_nll=-2538.524
2026-05-14 07:09:51,113 INFO CSMF2.step_1_1_1.run :: [h] epoch=4 step=100 total=0.18611 batch=0.00133
2026-05-14 07:09:51,113 INFO CSMF2.step_1_1_1.run :: [lat] epoch=4 step=100 mean_l2=0.34586 std_l2=0.38908
2026-05-14 07:09:51,195 INFO CSMF2.step_1_1_1.run :: epoch=4 step=100/429 train_nll=-2553.346
2026-05-14 07:09:59,890 INFO CSMF2.step_1_1_1.run :: [h] epoch=4 step=150 total=0.18772 batch=0.00123
2026-05-14 07:09:59,890 INFO CSMF2.step_1_1_1.run :: [lat] epoch=4 step=150 mean_l2=0.17975 std_l2=1.03339
2026-05-14 07:09:59,971 INFO CSMF2.step_1_1_1.run :: epoch=4 step=150/429 train_nll=-2566.881
2026-05-14 07:10:08,598 INFO CSMF2.step_1_1_1.run :: [h] epoch=4 step=200 total=0.18858 batch=0.00130
2026-05-14 07:10:08,598 INFO CSMF2.step_1_1_1.run :: [lat] epoch=4 step=200 mean_l2=0.54978 std_l2=0.78430
2026-05-14 07:10:08,679 INFO CSMF2.step_1_1_1.run :: epoch=4 step=200/429 train_nll=-2570.249
2026-05-14 07:10:17,532 INFO CSMF2.step_1_1_1.run :: [h] epoch=4 step=250 total=0.19206 batch=0.00101
2026-05-14 07:10:17,532 INFO CSMF2.step_1_1_1.run :: [lat] epoch=4 step=250 mean_l2=0.20857 std_l2=4.12220
2026-05-14 07:10:17,630 INFO CSMF2.step_1_1_1.run :: epoch=4 step=250/429 train_nll=-2569.643
2026-05-14 07:10:26,423 INFO CSMF2.step_1_1_1.run :: [h] epoch=4 step=300 total=0.17427 batch=0.00113
2026-05-14 07:10:26,423 INFO CSMF2.step_1_1_1.run :: [lat] epoch=4 step=300 mean_l2=0.18454 std_l2=0.65883
2026-05-14 07:10:26,505 INFO CSMF2.step_1_1_1.run :: epoch=4 step=300/429 train_nll=-2572.826
2026-05-14 07:10:35,352 INFO CSMF2.step_1_1_1.run :: [h] epoch=4 step=350 total=0.17589 batch=0.00111
2026-05-14 07:10:35,353 INFO CSMF2.step_1_1_1.run :: [lat] epoch=4 step=350 mean_l2=0.41271 std_l2=0.39810
2026-05-14 07:10:35,434 INFO CSMF2.step_1_1_1.run :: epoch=4 step=350/429 train_nll=-2578.469
2026-05-14 07:10:44,232 INFO CSMF2.step_1_1_1.run :: [h] epoch=4 step=400 total=0.17859 batch=0.00125
2026-05-14 07:10:44,232 INFO CSMF2.step_1_1_1.run :: [lat] epoch=4 step=400 mean_l2=0.25337 std_l2=0.35730
2026-05-14 07:10:44,314 INFO CSMF2.step_1_1_1.run :: epoch=4 step=400/429 train_nll=-2580.933
2026-05-14 07:10:53,261 INFO CSMF2.step_1_1_1.run :: epoch=4  train_nll=-2584.280  val_nll=-2658.560  t=79.5s
2026-05-14 07:10:53,261 INFO CSMF2.step_1_1_1.run :: [h_std] total=0.18347 batch=0.00119 (no penalty)
2026-05-14 07:10:53,261 INFO CSMF2.step_1_1_1.run :: [lat_epoch] mean_l2=0.29660 std_l2=0.70779 (no penalty)
2026-05-14 07:10:53,261 INFO CSMF2.step_1_1_1.run :: [grad] cond=1.7612 film_gain=0.0000
2026-05-14 07:11:05,630 INFO CSMF2.step_1_1_1.run :: [h] epoch=5 step=50 total=0.16136 batch=0.00108
2026-05-14 07:11:05,631 INFO CSMF2.step_1_1_1.run :: [lat] epoch=5 step=50 mean_l2=0.24454 std_l2=0.31483
2026-05-14 07:11:05,711 INFO CSMF2.step_1_1_1.run :: epoch=5 step=50/429 train_nll=-2623.312
2026-05-14 07:11:14,675 INFO CSMF2.step_1_1_1.run :: [h] epoch=5 step=100 total=0.17222 batch=0.00129
2026-05-14 07:11:14,676 INFO CSMF2.step_1_1_1.run :: [lat] epoch=5 step=100 mean_l2=0.17106 std_l2=0.27027
2026-05-14 07:11:14,757 INFO CSMF2.step_1_1_1.run :: epoch=5 step=100/429 train_nll=-2637.580
2026-05-14 07:11:23,775 INFO CSMF2.step_1_1_1.run :: [h] epoch=5 step=150 total=0.16969 batch=0.00113
2026-05-14 07:11:23,776 INFO CSMF2.step_1_1_1.run :: [lat] epoch=5 step=150 mean_l2=0.63717 std_l2=0.64046
2026-05-14 07:11:23,875 INFO CSMF2.step_1_1_1.run :: epoch=5 step=150/429 train_nll=-2628.536
2026-05-14 07:11:32,673 INFO CSMF2.step_1_1_1.run :: [h] epoch=5 step=200 total=0.17120 batch=0.00123
2026-05-14 07:11:32,673 INFO CSMF2.step_1_1_1.run :: [lat] epoch=5 step=200 mean_l2=0.20695 std_l2=0.43498
2026-05-14 07:11:32,755 INFO CSMF2.step_1_1_1.run :: epoch=5 step=200/429 train_nll=-2621.960
2026-05-14 07:11:41,586 INFO CSMF2.step_1_1_1.run :: [h] epoch=5 step=250 total=0.15574 batch=0.00102
2026-05-14 07:11:41,586 INFO CSMF2.step_1_1_1.run :: [lat] epoch=5 step=250 mean_l2=0.37594 std_l2=0.67698
2026-05-14 07:11:41,668 INFO CSMF2.step_1_1_1.run :: epoch=5 step=250/429 train_nll=-2625.366
2026-05-14 07:11:50,458 INFO CSMF2.step_1_1_1.run :: [h] epoch=5 step=300 total=0.15049 batch=0.00109
2026-05-14 07:11:50,459 INFO CSMF2.step_1_1_1.run :: [lat] epoch=5 step=300 mean_l2=0.19329 std_l2=1.02601
2026-05-14 07:11:50,540 INFO CSMF2.step_1_1_1.run :: epoch=5 step=300/429 train_nll=-2628.336
2026-05-14 07:11:59,382 INFO CSMF2.step_1_1_1.run :: [h] epoch=5 step=350 total=0.15164 batch=0.00109
2026-05-14 07:11:59,383 INFO CSMF2.step_1_1_1.run :: [lat] epoch=5 step=350 mean_l2=0.19758 std_l2=0.32037
2026-05-14 07:11:59,465 INFO CSMF2.step_1_1_1.run :: epoch=5 step=350/429 train_nll=-2630.263
2026-05-14 07:12:08,369 INFO CSMF2.step_1_1_1.run :: [h] epoch=5 step=400 total=0.16590 batch=0.00124
2026-05-14 07:12:08,369 INFO CSMF2.step_1_1_1.run :: [lat] epoch=5 step=400 mean_l2=0.39276 std_l2=0.41794
2026-05-14 07:12:08,451 INFO CSMF2.step_1_1_1.run :: epoch=5 step=400/429 train_nll=-2634.633
2026-05-14 07:12:17,358 INFO CSMF2.step_1_1_1.run :: epoch=5  train_nll=-2639.216  val_nll=-2683.136  t=80.4s
2026-05-14 07:12:17,358 INFO CSMF2.step_1_1_1.run :: [h_std] total=0.16211 batch=0.00115 (no penalty)
2026-05-14 07:12:17,358 INFO CSMF2.step_1_1_1.run :: [lat_epoch] mean_l2=0.27224 std_l2=0.76808 (no penalty)
2026-05-14 07:12:17,358 INFO CSMF2.step_1_1_1.run :: [grad] cond=3.2392 film_gain=0.0000
2026-05-14 07:12:29,844 INFO CSMF2.step_1_1_1.run :: [h] epoch=6 step=50 total=0.14732 batch=0.00110
2026-05-14 07:12:29,844 INFO CSMF2.step_1_1_1.run :: [lat] epoch=6 step=50 mean_l2=0.33104 std_l2=0.32538
2026-05-14 07:12:29,944 INFO CSMF2.step_1_1_1.run :: epoch=6 step=50/429 train_nll=-2690.075
2026-05-14 07:12:38,793 INFO CSMF2.step_1_1_1.run :: [h] epoch=6 step=100 total=0.16491 batch=0.00124
2026-05-14 07:12:38,794 INFO CSMF2.step_1_1_1.run :: [lat] epoch=6 step=100 mean_l2=0.18594 std_l2=0.48810
2026-05-14 07:12:38,894 INFO CSMF2.step_1_1_1.run :: epoch=6 step=100/429 train_nll=-2678.611
2026-05-14 07:12:47,584 INFO CSMF2.step_1_1_1.run :: [h] epoch=6 step=150 total=0.13786 batch=0.00100
2026-05-14 07:12:47,585 INFO CSMF2.step_1_1_1.run :: [lat] epoch=6 step=150 mean_l2=0.40861 std_l2=0.31752
2026-05-14 07:12:47,667 INFO CSMF2.step_1_1_1.run :: epoch=6 step=150/429 train_nll=-2664.978
2026-05-14 07:12:56,573 INFO CSMF2.step_1_1_1.run :: [h] epoch=6 step=200 total=0.14915 batch=0.00104
2026-05-14 07:12:56,573 INFO CSMF2.step_1_1_1.run :: [lat] epoch=6 step=200 mean_l2=0.22914 std_l2=0.41830
2026-05-14 07:12:56,655 INFO CSMF2.step_1_1_1.run :: epoch=6 step=200/429 train_nll=-2662.920
2026-05-14 07:13:05,595 INFO CSMF2.step_1_1_1.run :: [h] epoch=6 step=250 total=0.13750 batch=0.00069
2026-05-14 07:13:05,595 INFO CSMF2.step_1_1_1.run :: [lat] epoch=6 step=250 mean_l2=0.16525 std_l2=0.33523
2026-05-14 07:13:05,678 INFO CSMF2.step_1_1_1.run :: epoch=6 step=250/429 train_nll=-2663.877
2026-05-14 07:13:14,581 INFO CSMF2.step_1_1_1.run :: [h] epoch=6 step=300 total=0.12128 batch=0.00035
2026-05-14 07:13:14,582 INFO CSMF2.step_1_1_1.run :: [lat] epoch=6 step=300 mean_l2=0.16905 std_l2=0.31461
2026-05-14 07:13:14,683 INFO CSMF2.step_1_1_1.run :: epoch=6 step=300/429 train_nll=-2661.871
2026-05-14 07:13:23,598 INFO CSMF2.step_1_1_1.run :: [h] epoch=6 step=350 total=0.14829 batch=0.00028
2026-05-14 07:13:23,599 INFO CSMF2.step_1_1_1.run :: [lat] epoch=6 step=350 mean_l2=0.30332 std_l2=0.39182
2026-05-14 07:13:23,681 INFO CSMF2.step_1_1_1.run :: epoch=6 step=350/429 train_nll=-2666.267
2026-05-14 07:13:32,696 INFO CSMF2.step_1_1_1.run :: [h] epoch=6 step=400 total=0.13918 batch=0.00032
2026-05-14 07:13:32,696 INFO CSMF2.step_1_1_1.run :: [lat] epoch=6 step=400 mean_l2=0.13652 std_l2=0.34951
2026-05-14 07:13:32,774 INFO CSMF2.step_1_1_1.run :: epoch=6 step=400/429 train_nll=-2666.575
2026-05-14 07:13:41,646 INFO CSMF2.step_1_1_1.run :: epoch=6  train_nll=-2667.590  val_nll=-2724.601  t=80.5s
2026-05-14 07:13:41,646 INFO CSMF2.step_1_1_1.run :: [h_std] total=0.14801 batch=0.00082 (no penalty)
2026-05-14 07:13:41,646 INFO CSMF2.step_1_1_1.run :: [lat_epoch] mean_l2=0.27374 std_l2=0.74467 (no penalty)
2026-05-14 07:13:41,646 INFO CSMF2.step_1_1_1.run :: [grad] cond=3.1694 film_gain=0.0000
2026-05-14 07:13:53,995 INFO CSMF2.step_1_1_1.run :: [h] epoch=7 step=50 total=0.13843 batch=0.00028
2026-05-14 07:13:53,996 INFO CSMF2.step_1_1_1.run :: [lat] epoch=7 step=50 mean_l2=0.39634 std_l2=0.49316
2026-05-14 07:13:54,077 INFO CSMF2.step_1_1_1.run :: epoch=7 step=50/429 train_nll=-2719.209
2026-05-14 07:14:03,158 INFO CSMF2.step_1_1_1.run :: [h] epoch=7 step=100 total=0.13723 batch=0.00033
2026-05-14 07:14:03,158 INFO CSMF2.step_1_1_1.run :: [lat] epoch=7 step=100 mean_l2=0.15611 std_l2=0.24963
2026-05-14 07:14:03,260 INFO CSMF2.step_1_1_1.run :: epoch=7 step=100/429 train_nll=-2708.695
2026-05-14 07:14:12,134 INFO CSMF2.step_1_1_1.run :: [h] epoch=7 step=150 total=0.15174 batch=0.00035
2026-05-14 07:14:12,134 INFO CSMF2.step_1_1_1.run :: [lat] epoch=7 step=150 mean_l2=0.76609 std_l2=0.59723
2026-05-14 07:14:12,216 INFO CSMF2.step_1_1_1.run :: epoch=7 step=150/429 train_nll=-2703.564
2026-05-14 07:14:21,164 INFO CSMF2.step_1_1_1.run :: [h] epoch=7 step=200 total=0.13634 batch=0.00032
2026-05-14 07:14:21,165 INFO CSMF2.step_1_1_1.run :: [lat] epoch=7 step=200 mean_l2=0.39982 std_l2=0.61236
2026-05-14 07:14:21,266 INFO CSMF2.step_1_1_1.run :: epoch=7 step=200/429 train_nll=-2685.871
2026-05-14 07:14:30,125 INFO CSMF2.step_1_1_1.run :: [h] epoch=7 step=250 total=0.13742 batch=0.00028
2026-05-14 07:14:30,125 INFO CSMF2.step_1_1_1.run :: [lat] epoch=7 step=250 mean_l2=0.15350 std_l2=1.25630
2026-05-14 07:14:30,207 INFO CSMF2.step_1_1_1.run :: epoch=7 step=250/429 train_nll=-2686.510
2026-05-14 07:14:39,098 INFO CSMF2.step_1_1_1.run :: [h] epoch=7 step=300 total=0.13265 batch=0.00032
2026-05-14 07:14:39,099 INFO CSMF2.step_1_1_1.run :: [lat] epoch=7 step=300 mean_l2=0.13837 std_l2=0.25262
2026-05-14 07:14:39,180 INFO CSMF2.step_1_1_1.run :: epoch=7 step=300/429 train_nll=-2690.053
2026-05-14 07:14:48,156 INFO CSMF2.step_1_1_1.run :: [h] epoch=7 step=350 total=0.13548 batch=0.00033
2026-05-14 07:14:48,157 INFO CSMF2.step_1_1_1.run :: [lat] epoch=7 step=350 mean_l2=0.18698 std_l2=0.37255
2026-05-14 07:14:48,239 INFO CSMF2.step_1_1_1.run :: epoch=7 step=350/429 train_nll=-2694.026
2026-05-14 07:14:57,242 INFO CSMF2.step_1_1_1.run :: [h] epoch=7 step=400 total=0.12222 batch=0.00034
2026-05-14 07:14:57,242 INFO CSMF2.step_1_1_1.run :: [lat] epoch=7 step=400 mean_l2=0.30911 std_l2=0.57870
2026-05-14 07:14:57,344 INFO CSMF2.step_1_1_1.run :: epoch=7 step=400/429 train_nll=-2691.883
2026-05-14 07:15:06,248 INFO CSMF2.step_1_1_1.run :: epoch=7  train_nll=-2693.600  val_nll=-2729.718  t=80.8s
2026-05-14 07:15:06,248 INFO CSMF2.step_1_1_1.run :: [h_std] total=0.13427 batch=0.00032 (no penalty)
2026-05-14 07:15:06,248 INFO CSMF2.step_1_1_1.run :: [lat_epoch] mean_l2=0.25774 std_l2=0.80566 (no penalty)
2026-05-14 07:15:06,248 INFO CSMF2.step_1_1_1.run :: [grad] cond=10.9372 film_gain=0.0000
2026-05-14 07:15:18,557 INFO CSMF2.step_1_1_1.run :: [h] epoch=8 step=50 total=0.12600 batch=0.00031
2026-05-14 07:15:18,557 INFO CSMF2.step_1_1_1.run :: [lat] epoch=8 step=50 mean_l2=0.25073 std_l2=0.31619
2026-05-14 07:15:18,660 INFO CSMF2.step_1_1_1.run :: epoch=8 step=50/429 train_nll=-2760.802
2026-05-14 07:15:27,680 INFO CSMF2.step_1_1_1.run :: [h] epoch=8 step=100 total=0.12617 batch=0.00035
2026-05-14 07:15:27,680 INFO CSMF2.step_1_1_1.run :: [lat] epoch=8 step=100 mean_l2=0.20214 std_l2=0.23481
2026-05-14 07:15:27,763 INFO CSMF2.step_1_1_1.run :: epoch=8 step=100/429 train_nll=-2733.991
2026-05-14 07:15:36,545 INFO CSMF2.step_1_1_1.run :: [h] epoch=8 step=150 total=0.11855 batch=0.00034
2026-05-14 07:15:36,545 INFO CSMF2.step_1_1_1.run :: [lat] epoch=8 step=150 mean_l2=0.16714 std_l2=0.26404
2026-05-14 07:15:36,649 INFO CSMF2.step_1_1_1.run :: epoch=8 step=150/429 train_nll=-2722.014
2026-05-14 07:15:45,672 INFO CSMF2.step_1_1_1.run :: [h] epoch=8 step=200 total=0.12393 batch=0.00037
2026-05-14 07:15:45,672 INFO CSMF2.step_1_1_1.run :: [lat] epoch=8 step=200 mean_l2=0.19367 std_l2=0.43464
2026-05-14 07:15:45,755 INFO CSMF2.step_1_1_1.run :: epoch=8 step=200/429 train_nll=-2730.080
2026-05-14 07:15:54,491 INFO CSMF2.step_1_1_1.run :: [h] epoch=8 step=250 total=0.11726 batch=0.00033
2026-05-14 07:15:54,492 INFO CSMF2.step_1_1_1.run :: [lat] epoch=8 step=250 mean_l2=0.43148 std_l2=0.50281
2026-05-14 07:15:54,595 INFO CSMF2.step_1_1_1.run :: epoch=8 step=250/429 train_nll=-2736.514
2026-05-14 07:16:03,555 INFO CSMF2.step_1_1_1.run :: [h] epoch=8 step=300 total=0.11910 batch=0.00037
2026-05-14 07:16:03,555 INFO CSMF2.step_1_1_1.run :: [lat] epoch=8 step=300 mean_l2=0.43346 std_l2=0.94168
2026-05-14 07:16:03,639 INFO CSMF2.step_1_1_1.run :: epoch=8 step=300/429 train_nll=-2742.719
2026-05-14 07:16:12,456 INFO CSMF2.step_1_1_1.run :: [h] epoch=8 step=350 total=0.11774 batch=0.00037
2026-05-14 07:16:12,456 INFO CSMF2.step_1_1_1.run :: [lat] epoch=8 step=350 mean_l2=0.59724 std_l2=0.50104
2026-05-14 07:16:12,561 INFO CSMF2.step_1_1_1.run :: epoch=8 step=350/429 train_nll=-2740.800
2026-05-14 07:16:21,555 INFO CSMF2.step_1_1_1.run :: [h] epoch=8 step=400 total=0.10343 batch=0.00042
2026-05-14 07:16:21,555 INFO CSMF2.step_1_1_1.run :: [lat] epoch=8 step=400 mean_l2=0.21074 std_l2=0.39094
2026-05-14 07:16:21,639 INFO CSMF2.step_1_1_1.run :: epoch=8 step=400/429 train_nll=-2737.835
2026-05-14 07:16:30,552 INFO CSMF2.step_1_1_1.run :: epoch=8  train_nll=-2738.438  val_nll=-2712.916  t=80.5s
2026-05-14 07:16:30,552 INFO CSMF2.step_1_1_1.run :: [h_std] total=0.12053 batch=0.00035 (no penalty)
2026-05-14 07:16:30,552 INFO CSMF2.step_1_1_1.run :: [lat_epoch] mean_l2=0.23302 std_l2=0.85021 (no penalty)
2026-05-14 07:16:30,552 INFO CSMF2.step_1_1_1.run :: [grad] cond=21.2821 film_gain=0.0000
2026-05-14 07:16:43,123 INFO CSMF2.step_1_1_1.run :: [h] epoch=9 step=50 total=0.11086 batch=0.00034
2026-05-14 07:16:43,123 INFO CSMF2.step_1_1_1.run :: [lat] epoch=9 step=50 mean_l2=0.14911 std_l2=0.32182
2026-05-14 07:16:43,203 INFO CSMF2.step_1_1_1.run :: epoch=9 step=50/429 train_nll=-2794.528
2026-05-14 07:16:52,085 INFO CSMF2.step_1_1_1.run :: [h] epoch=9 step=100 total=0.11652 batch=0.00039
2026-05-14 07:16:52,085 INFO CSMF2.step_1_1_1.run :: [lat] epoch=9 step=100 mean_l2=0.13719 std_l2=0.32200
2026-05-14 07:16:52,168 INFO CSMF2.step_1_1_1.run :: epoch=9 step=100/429 train_nll=-2792.638
2026-05-14 07:17:01,162 INFO CSMF2.step_1_1_1.run :: [h] epoch=9 step=150 total=0.11607 batch=0.00037
2026-05-14 07:17:01,163 INFO CSMF2.step_1_1_1.run :: [lat] epoch=9 step=150 mean_l2=0.27086 std_l2=0.32394
2026-05-14 07:17:01,246 INFO CSMF2.step_1_1_1.run :: epoch=9 step=150/429 train_nll=-2792.797
2026-05-14 07:17:10,346 INFO CSMF2.step_1_1_1.run :: [h] epoch=9 step=200 total=0.11875 batch=0.00041
2026-05-14 07:17:10,347 INFO CSMF2.step_1_1_1.run :: [lat] epoch=9 step=200 mean_l2=0.19284 std_l2=0.52712
2026-05-14 07:17:10,452 INFO CSMF2.step_1_1_1.run :: epoch=9 step=200/429 train_nll=-2793.694
2026-05-14 07:17:19,566 INFO CSMF2.step_1_1_1.run :: [h] epoch=9 step=250 total=0.11713 batch=0.00037
2026-05-14 07:17:19,566 INFO CSMF2.step_1_1_1.run :: [lat] epoch=9 step=250 mean_l2=0.47048 std_l2=0.78870
2026-05-14 07:17:19,650 INFO CSMF2.step_1_1_1.run :: epoch=9 step=250/429 train_nll=-2779.789
2026-05-14 07:17:28,648 INFO CSMF2.step_1_1_1.run :: [h] epoch=9 step=300 total=0.11050 batch=0.00041
2026-05-14 07:17:28,648 INFO CSMF2.step_1_1_1.run :: [lat] epoch=9 step=300 mean_l2=0.24604 std_l2=0.45039
2026-05-14 07:17:28,733 INFO CSMF2.step_1_1_1.run :: epoch=9 step=300/429 train_nll=-2763.439
2026-05-14 07:17:37,710 INFO CSMF2.step_1_1_1.run :: [h] epoch=9 step=350 total=0.11416 batch=0.00041
2026-05-14 07:17:37,711 INFO CSMF2.step_1_1_1.run :: [lat] epoch=9 step=350 mean_l2=0.15446 std_l2=1.15794
2026-05-14 07:17:37,795 INFO CSMF2.step_1_1_1.run :: epoch=9 step=350/429 train_nll=-2766.628
2026-05-14 07:17:46,672 INFO CSMF2.step_1_1_1.run :: [h] epoch=9 step=400 total=0.11621 batch=0.00044
2026-05-14 07:17:46,673 INFO CSMF2.step_1_1_1.run :: [lat] epoch=9 step=400 mean_l2=0.24846 std_l2=0.54862
2026-05-14 07:17:46,778 INFO CSMF2.step_1_1_1.run :: epoch=9 step=400/429 train_nll=-2765.792
2026-05-14 07:17:55,825 INFO CSMF2.step_1_1_1.run :: epoch=9  train_nll=-2768.381  val_nll=-2772.349  t=81.4s
2026-05-14 07:17:55,826 INFO CSMF2.step_1_1_1.run :: [h_std] total=0.11427 batch=0.00039 (no penalty)
2026-05-14 07:17:55,826 INFO CSMF2.step_1_1_1.run :: [lat_epoch] mean_l2=0.22107 std_l2=0.75670 (no penalty)
2026-05-14 07:17:55,826 INFO CSMF2.step_1_1_1.run :: [grad] cond=23.7807 film_gain=0.0000
2026-05-14 07:18:08,508 INFO CSMF2.step_1_1_1.run :: [h] epoch=10 step=50 total=0.10981 batch=0.00041
2026-05-14 07:18:08,508 INFO CSMF2.step_1_1_1.run :: [lat] epoch=10 step=50 mean_l2=0.12888 std_l2=0.21516
2026-05-14 07:18:08,594 INFO CSMF2.step_1_1_1.run :: epoch=10 step=50/429 train_nll=-2815.535
2026-05-14 07:18:17,561 INFO CSMF2.step_1_1_1.run :: [h] epoch=10 step=100 total=0.10455 batch=0.00043
2026-05-14 07:18:17,561 INFO CSMF2.step_1_1_1.run :: [lat] epoch=10 step=100 mean_l2=0.13605 std_l2=0.24368
2026-05-14 07:18:17,647 INFO CSMF2.step_1_1_1.run :: epoch=10 step=100/429 train_nll=-2815.487
2026-05-14 07:18:26,685 INFO CSMF2.step_1_1_1.run :: [h] epoch=10 step=150 total=0.11332 batch=0.00042
2026-05-14 07:18:26,685 INFO CSMF2.step_1_1_1.run :: [lat] epoch=10 step=150 mean_l2=0.31171 std_l2=0.80984
2026-05-14 07:18:26,771 INFO CSMF2.step_1_1_1.run :: epoch=10 step=150/429 train_nll=-2815.531
2026-05-14 07:18:35,797 INFO CSMF2.step_1_1_1.run :: [h] epoch=10 step=200 total=0.10824 batch=0.00038
2026-05-14 07:18:35,798 INFO CSMF2.step_1_1_1.run :: [lat] epoch=10 step=200 mean_l2=0.26119 std_l2=0.54023
2026-05-14 07:18:35,881 INFO CSMF2.step_1_1_1.run :: epoch=10 step=200/429 train_nll=-2817.529
2026-05-14 07:18:44,736 INFO CSMF2.step_1_1_1.run :: [h] epoch=10 step=250 total=0.10580 batch=0.00036
2026-05-14 07:18:44,737 INFO CSMF2.step_1_1_1.run :: [lat] epoch=10 step=250 mean_l2=0.46964 std_l2=1.15472
2026-05-14 07:18:44,823 INFO CSMF2.step_1_1_1.run :: epoch=10 step=250/429 train_nll=-2814.584
2026-05-14 07:18:53,831 INFO CSMF2.step_1_1_1.run :: [h] epoch=10 step=300 total=0.10607 batch=0.00041
2026-05-14 07:18:53,832 INFO CSMF2.step_1_1_1.run :: [lat] epoch=10 step=300 mean_l2=0.17220 std_l2=0.22985
2026-05-14 07:18:53,916 INFO CSMF2.step_1_1_1.run :: epoch=10 step=300/429 train_nll=-2808.875
2026-05-14 07:19:02,795 INFO CSMF2.step_1_1_1.run :: [h] epoch=10 step=350 total=0.10217 batch=0.00038
2026-05-14 07:19:02,795 INFO CSMF2.step_1_1_1.run :: [lat] epoch=10 step=350 mean_l2=0.19249 std_l2=0.36771
2026-05-14 07:19:02,881 INFO CSMF2.step_1_1_1.run :: epoch=10 step=350/429 train_nll=-2810.156
2026-05-14 07:19:12,076 INFO CSMF2.step_1_1_1.run :: [h] epoch=10 step=400 total=0.10345 batch=0.00041
2026-05-14 07:19:12,076 INFO CSMF2.step_1_1_1.run :: [lat] epoch=10 step=400 mean_l2=0.19346 std_l2=13.93467
2026-05-14 07:19:12,162 INFO CSMF2.step_1_1_1.run :: epoch=10 step=400/429 train_nll=-2811.899
2026-05-14 07:19:21,256 INFO CSMF2.step_1_1_1.run :: epoch=10  train_nll=-2812.951  val_nll=-2758.515  t=81.6s
2026-05-14 07:19:21,256 INFO CSMF2.step_1_1_1.run :: [h_std] total=0.10702 batch=0.00040 (no penalty)
2026-05-14 07:19:21,256 INFO CSMF2.step_1_1_1.run :: [lat_epoch] mean_l2=0.21032 std_l2=0.66759 (no penalty)
2026-05-14 07:19:21,256 INFO CSMF2.step_1_1_1.run :: [grad] cond=8.9884 film_gain=0.0000
2026-05-14 07:19:33,793 INFO CSMF2.step_1_1_1.run :: [h] epoch=11 step=50 total=0.10189 batch=0.00040
2026-05-14 07:19:33,793 INFO CSMF2.step_1_1_1.run :: [lat] epoch=11 step=50 mean_l2=0.15093 std_l2=0.28797
2026-05-14 07:19:33,877 INFO CSMF2.step_1_1_1.run :: epoch=11 step=50/429 train_nll=-2849.531
2026-05-14 07:19:42,831 INFO CSMF2.step_1_1_1.run :: [h] epoch=11 step=100 total=0.10454 batch=0.00045
2026-05-14 07:19:42,832 INFO CSMF2.step_1_1_1.run :: [lat] epoch=11 step=100 mean_l2=0.25071 std_l2=0.67283
2026-05-14 07:19:42,916 INFO CSMF2.step_1_1_1.run :: epoch=11 step=100/429 train_nll=-2824.591
2026-05-14 07:19:52,062 INFO CSMF2.step_1_1_1.run :: [h] epoch=11 step=150 total=0.10079 batch=0.00041
2026-05-14 07:19:52,063 INFO CSMF2.step_1_1_1.run :: [lat] epoch=11 step=150 mean_l2=0.15205 std_l2=0.33521
2026-05-14 07:19:52,170 INFO CSMF2.step_1_1_1.run :: epoch=11 step=150/429 train_nll=-2826.047
2026-05-14 07:20:01,234 INFO CSMF2.step_1_1_1.run :: [h] epoch=11 step=200 total=0.09567 batch=0.00046
2026-05-14 07:20:01,234 INFO CSMF2.step_1_1_1.run :: [lat] epoch=11 step=200 mean_l2=0.17874 std_l2=0.66038
2026-05-14 07:20:01,318 INFO CSMF2.step_1_1_1.run :: epoch=11 step=200/429 train_nll=-2822.769
2026-05-14 07:20:10,193 INFO CSMF2.step_1_1_1.run :: [h] epoch=11 step=250 total=0.09548 batch=0.00034
2026-05-14 07:20:10,194 INFO CSMF2.step_1_1_1.run :: [lat] epoch=11 step=250 mean_l2=0.43019 std_l2=1.11134
2026-05-14 07:20:10,278 INFO CSMF2.step_1_1_1.run :: epoch=11 step=250/429 train_nll=-2822.567
2026-05-14 07:20:19,302 INFO CSMF2.step_1_1_1.run :: [h] epoch=11 step=300 total=0.10722 batch=0.00033
2026-05-14 07:20:19,302 INFO CSMF2.step_1_1_1.run :: [lat] epoch=11 step=300 mean_l2=0.25014 std_l2=0.26527
2026-05-14 07:20:19,386 INFO CSMF2.step_1_1_1.run :: epoch=11 step=300/429 train_nll=-2815.892
2026-05-14 07:20:28,465 INFO CSMF2.step_1_1_1.run :: [h] epoch=11 step=350 total=0.10168 batch=0.00025
2026-05-14 07:20:28,465 INFO CSMF2.step_1_1_1.run :: [lat] epoch=11 step=350 mean_l2=0.10572 std_l2=0.39012
2026-05-14 07:20:28,549 INFO CSMF2.step_1_1_1.run :: epoch=11 step=350/429 train_nll=-2817.077
2026-05-14 07:20:37,545 INFO CSMF2.step_1_1_1.run :: [h] epoch=11 step=400 total=0.09920 batch=0.00036
2026-05-14 07:20:37,546 INFO CSMF2.step_1_1_1.run :: [lat] epoch=11 step=400 mean_l2=0.26925 std_l2=0.31446
2026-05-14 07:20:37,653 INFO CSMF2.step_1_1_1.run :: epoch=11 step=400/429 train_nll=-2816.762
2026-05-14 07:20:46,727 INFO CSMF2.step_1_1_1.run :: epoch=11  train_nll=-2815.231  val_nll=-2744.672  t=81.5s
2026-05-14 07:20:46,727 INFO CSMF2.step_1_1_1.run :: [h_std] total=0.10336 batch=0.00038 (no penalty)
2026-05-14 07:20:46,727 INFO CSMF2.step_1_1_1.run :: [lat_epoch] mean_l2=0.20903 std_l2=0.73017 (no penalty)
2026-05-14 07:20:46,727 INFO CSMF2.step_1_1_1.run :: [grad] cond=11.4816 film_gain=0.0000
2026-05-14 07:20:59,478 INFO CSMF2.step_1_1_1.run :: [h] epoch=12 step=50 total=0.09573 batch=0.00036
2026-05-14 07:20:59,479 INFO CSMF2.step_1_1_1.run :: [lat] epoch=12 step=50 mean_l2=0.17233 std_l2=0.39720
2026-05-14 07:20:59,563 INFO CSMF2.step_1_1_1.run :: epoch=12 step=50/429 train_nll=-2856.998
2026-05-14 07:21:08,675 INFO CSMF2.step_1_1_1.run :: [h] epoch=12 step=100 total=0.10128 batch=0.00034
2026-05-14 07:21:08,676 INFO CSMF2.step_1_1_1.run :: [lat] epoch=12 step=100 mean_l2=0.12953 std_l2=0.24564
2026-05-14 07:21:08,756 INFO CSMF2.step_1_1_1.run :: epoch=12 step=100/429 train_nll=-2862.231
2026-05-14 07:21:17,750 INFO CSMF2.step_1_1_1.run :: [h] epoch=12 step=150 total=0.09808 batch=0.00032
2026-05-14 07:21:17,750 INFO CSMF2.step_1_1_1.run :: [lat] epoch=12 step=150 mean_l2=0.14691 std_l2=0.21451
2026-05-14 07:21:17,835 INFO CSMF2.step_1_1_1.run :: epoch=12 step=150/429 train_nll=-2865.990
2026-05-14 07:21:26,877 INFO CSMF2.step_1_1_1.run :: [h] epoch=12 step=200 total=0.09766 batch=0.00036
2026-05-14 07:21:26,877 INFO CSMF2.step_1_1_1.run :: [lat] epoch=12 step=200 mean_l2=0.13276 std_l2=0.71459
2026-05-14 07:21:26,985 INFO CSMF2.step_1_1_1.run :: epoch=12 step=200/429 train_nll=-2856.139
2026-05-14 07:21:35,872 INFO CSMF2.step_1_1_1.run :: [h] epoch=12 step=250 total=0.10079 batch=0.00036
2026-05-14 07:21:35,872 INFO CSMF2.step_1_1_1.run :: [lat] epoch=12 step=250 mean_l2=0.20218 std_l2=1.00213
2026-05-14 07:21:35,957 INFO CSMF2.step_1_1_1.run :: epoch=12 step=250/429 train_nll=-2854.836
2026-05-14 07:21:44,990 INFO CSMF2.step_1_1_1.run :: [h] epoch=12 step=300 total=0.09958 batch=0.00046
2026-05-14 07:21:44,991 INFO CSMF2.step_1_1_1.run :: [lat] epoch=12 step=300 mean_l2=0.10774 std_l2=0.18928
2026-05-14 07:21:45,075 INFO CSMF2.step_1_1_1.run :: epoch=12 step=300/429 train_nll=-2855.576
2026-05-14 07:21:54,177 INFO CSMF2.step_1_1_1.run :: [h] epoch=12 step=350 total=0.09791 batch=0.00041
2026-05-14 07:21:54,178 INFO CSMF2.step_1_1_1.run :: [lat] epoch=12 step=350 mean_l2=0.19134 std_l2=0.28460
2026-05-14 07:21:54,263 INFO CSMF2.step_1_1_1.run :: epoch=12 step=350/429 train_nll=-2857.984
2026-05-14 07:22:03,269 INFO CSMF2.step_1_1_1.run :: [h] epoch=12 step=400 total=0.09403 batch=0.00048
2026-05-14 07:22:03,269 INFO CSMF2.step_1_1_1.run :: [lat] epoch=12 step=400 mean_l2=0.19059 std_l2=0.46479
2026-05-14 07:22:03,378 INFO CSMF2.step_1_1_1.run :: epoch=12 step=400/429 train_nll=-2861.489
2026-05-14 07:22:12,096 INFO CSMF2.step_1_1_1.run :: epoch=12  train_nll=-2861.115  val_nll=-2736.759  t=81.5s
2026-05-14 07:22:12,096 INFO CSMF2.step_1_1_1.run :: [h_std] total=0.09868 batch=0.00037 (no penalty)
2026-05-14 07:22:12,096 INFO CSMF2.step_1_1_1.run :: [lat_epoch] mean_l2=0.18327 std_l2=0.59801 (no penalty)
2026-05-14 07:22:12,096 INFO CSMF2.step_1_1_1.run :: [grad] cond=34.8861 film_gain=0.0000
2026-05-14 07:22:24,737 INFO CSMF2.step_1_1_1.run :: [h] epoch=13 step=50 total=0.09360 batch=0.00000
2026-05-14 07:22:24,738 INFO CSMF2.step_1_1_1.run :: [lat] epoch=13 step=50 mean_l2=0.29580 std_l2=0.29984
2026-05-14 07:22:24,822 INFO CSMF2.step_1_1_1.run :: epoch=13 step=50/429 train_nll=-2828.394
2026-05-14 07:22:33,813 INFO CSMF2.step_1_1_1.run :: [h] epoch=13 step=100 total=0.09242 batch=0.00000
2026-05-14 07:22:33,814 INFO CSMF2.step_1_1_1.run :: [lat] epoch=13 step=100 mean_l2=0.14331 std_l2=0.36655
2026-05-14 07:22:33,922 INFO CSMF2.step_1_1_1.run :: epoch=13 step=100/429 train_nll=-2857.705
2026-05-14 07:22:42,824 INFO CSMF2.step_1_1_1.run :: [h] epoch=13 step=150 total=0.09354 batch=0.00000
2026-05-14 07:22:42,824 INFO CSMF2.step_1_1_1.run :: [lat] epoch=13 step=150 mean_l2=0.14244 std_l2=0.29414
2026-05-14 07:22:42,909 INFO CSMF2.step_1_1_1.run :: epoch=13 step=150/429 train_nll=-2868.484
2026-05-14 07:22:52,203 INFO CSMF2.step_1_1_1.run :: [h] epoch=13 step=200 total=0.08944 batch=0.00000
2026-05-14 07:22:52,204 INFO CSMF2.step_1_1_1.run :: [lat] epoch=13 step=200 mean_l2=0.23846 std_l2=0.72371
2026-05-14 07:22:52,313 INFO CSMF2.step_1_1_1.run :: epoch=13 step=200/429 train_nll=-2873.248
2026-05-14 07:23:01,478 INFO CSMF2.step_1_1_1.run :: [h] epoch=13 step=250 total=0.10202 batch=0.00000
2026-05-14 07:23:01,478 INFO CSMF2.step_1_1_1.run :: [lat] epoch=13 step=250 mean_l2=0.28362 std_l2=1.08237
2026-05-14 07:23:01,587 INFO CSMF2.step_1_1_1.run :: epoch=13 step=250/429 train_nll=-2864.288
2026-05-14 07:23:10,670 INFO CSMF2.step_1_1_1.run :: [h] epoch=13 step=300 total=0.09120 batch=0.00000
2026-05-14 07:23:10,670 INFO CSMF2.step_1_1_1.run :: [lat] epoch=13 step=300 mean_l2=0.18044 std_l2=0.36839
2026-05-14 07:23:10,755 INFO CSMF2.step_1_1_1.run :: epoch=13 step=300/429 train_nll=-2866.308
2026-05-14 07:23:19,783 INFO CSMF2.step_1_1_1.run :: [h] epoch=13 step=350 total=0.09506 batch=0.00000
2026-05-14 07:23:19,783 INFO CSMF2.step_1_1_1.run :: [lat] epoch=13 step=350 mean_l2=0.17632 std_l2=0.71581
2026-05-14 07:23:19,868 INFO CSMF2.step_1_1_1.run :: epoch=13 step=350/429 train_nll=-2866.542
2026-05-14 07:23:28,987 INFO CSMF2.step_1_1_1.run :: [h] epoch=13 step=400 total=0.09167 batch=0.00000
2026-05-14 07:23:28,987 INFO CSMF2.step_1_1_1.run :: [lat] epoch=13 step=400 mean_l2=0.18023 std_l2=0.41639
2026-05-14 07:23:29,073 INFO CSMF2.step_1_1_1.run :: epoch=13 step=400/429 train_nll=-2869.322
2026-05-14 07:23:38,192 INFO CSMF2.step_1_1_1.run :: epoch=13  train_nll=-2871.949  val_nll=-2838.030  t=82.2s
2026-05-14 07:23:38,192 INFO CSMF2.step_1_1_1.run :: [h_std] total=0.09331 batch=0.00005 (no penalty)
2026-05-14 07:23:38,192 INFO CSMF2.step_1_1_1.run :: [lat_epoch] mean_l2=0.18913 std_l2=0.56009 (no penalty)
2026-05-14 07:23:38,192 INFO CSMF2.step_1_1_1.run :: [grad] cond=11.1683 film_gain=0.0000
2026-05-14 07:23:50,945 INFO CSMF2.step_1_1_1.run :: [h] epoch=14 step=50 total=0.09131 batch=0.00000
2026-05-14 07:23:50,945 INFO CSMF2.step_1_1_1.run :: [lat] epoch=14 step=50 mean_l2=0.15699 std_l2=0.49716
2026-05-14 07:23:51,030 INFO CSMF2.step_1_1_1.run :: epoch=14 step=50/429 train_nll=-2883.222
2026-05-14 07:24:00,050 INFO CSMF2.step_1_1_1.run :: [h] epoch=14 step=100 total=0.09071 batch=0.00000
2026-05-14 07:24:00,050 INFO CSMF2.step_1_1_1.run :: [lat] epoch=14 step=100 mean_l2=0.16024 std_l2=0.30190
2026-05-14 07:24:00,159 INFO CSMF2.step_1_1_1.run :: epoch=14 step=100/429 train_nll=-2886.486
2026-05-14 07:24:09,224 INFO CSMF2.step_1_1_1.run :: [h] epoch=14 step=150 total=0.09009 batch=0.00000
2026-05-14 07:24:09,224 INFO CSMF2.step_1_1_1.run :: [lat] epoch=14 step=150 mean_l2=0.24591 std_l2=0.19247
2026-05-14 07:24:09,310 INFO CSMF2.step_1_1_1.run :: epoch=14 step=150/429 train_nll=-2887.749
2026-05-14 07:24:18,328 INFO CSMF2.step_1_1_1.run :: [h] epoch=14 step=200 total=0.08999 batch=0.00000
2026-05-14 07:24:18,328 INFO CSMF2.step_1_1_1.run :: [lat] epoch=14 step=200 mean_l2=0.28436 std_l2=0.73696
2026-05-14 07:24:18,414 INFO CSMF2.step_1_1_1.run :: epoch=14 step=200/429 train_nll=-2878.675
2026-05-14 07:24:27,585 INFO CSMF2.step_1_1_1.run :: [h] epoch=14 step=250 total=0.08955 batch=0.00000
2026-05-14 07:24:27,585 INFO CSMF2.step_1_1_1.run :: [lat] epoch=14 step=250 mean_l2=0.16405 std_l2=0.78845
2026-05-14 07:24:27,672 INFO CSMF2.step_1_1_1.run :: epoch=14 step=250/429 train_nll=-2878.078
2026-05-14 07:24:36,952 INFO CSMF2.step_1_1_1.run :: [h] epoch=14 step=300 total=0.08862 batch=0.00000
2026-05-14 07:24:36,952 INFO CSMF2.step_1_1_1.run :: [lat] epoch=14 step=300 mean_l2=0.17837 std_l2=0.17170
2026-05-14 07:24:37,039 INFO CSMF2.step_1_1_1.run :: epoch=14 step=300/429 train_nll=-2881.682
2026-05-14 07:24:46,362 INFO CSMF2.step_1_1_1.run :: [h] epoch=14 step=350 total=0.08584 batch=0.00000
2026-05-14 07:24:46,362 INFO CSMF2.step_1_1_1.run :: [lat] epoch=14 step=350 mean_l2=0.24538 std_l2=2.53566
2026-05-14 07:24:46,449 INFO CSMF2.step_1_1_1.run :: epoch=14 step=350/429 train_nll=-2884.082
2026-05-14 07:24:55,619 INFO CSMF2.step_1_1_1.run :: [h] epoch=14 step=400 total=0.08538 batch=0.00000
2026-05-14 07:24:55,620 INFO CSMF2.step_1_1_1.run :: [lat] epoch=14 step=400 mean_l2=0.21375 std_l2=0.34176
2026-05-14 07:24:55,706 INFO CSMF2.step_1_1_1.run :: epoch=14 step=400/429 train_nll=-2879.259
2026-05-14 07:25:04,730 INFO CSMF2.step_1_1_1.run :: epoch=14  train_nll=-2877.915  val_nll=-2845.947  t=82.8s
2026-05-14 07:25:04,730 INFO CSMF2.step_1_1_1.run :: [h_std] total=0.08910 batch=0.00000 (no penalty)
2026-05-14 07:25:04,730 INFO CSMF2.step_1_1_1.run :: [lat_epoch] mean_l2=0.19551 std_l2=0.70928 (no penalty)
2026-05-14 07:25:04,730 INFO CSMF2.step_1_1_1.run :: [grad] cond=12.5505 film_gain=0.0000
2026-05-14 07:25:17,383 INFO CSMF2.step_1_1_1.run :: [h] epoch=15 step=50 total=0.07921 batch=0.00000
2026-05-14 07:25:17,383 INFO CSMF2.step_1_1_1.run :: [lat] epoch=15 step=50 mean_l2=0.25269 std_l2=3.05921
2026-05-14 07:25:17,495 INFO CSMF2.step_1_1_1.run :: epoch=15 step=50/429 train_nll=-2899.129
2026-05-14 07:25:26,833 INFO CSMF2.step_1_1_1.run :: [h] epoch=15 step=100 total=0.08201 batch=0.00000
2026-05-14 07:25:26,834 INFO CSMF2.step_1_1_1.run :: [lat] epoch=15 step=100 mean_l2=0.15417 std_l2=0.19687
2026-05-14 07:25:26,920 INFO CSMF2.step_1_1_1.run :: epoch=15 step=100/429 train_nll=-2876.887
2026-05-14 07:25:36,233 INFO CSMF2.step_1_1_1.run :: [h] epoch=15 step=150 total=0.08476 batch=0.00000
2026-05-14 07:25:36,233 INFO CSMF2.step_1_1_1.run :: [lat] epoch=15 step=150 mean_l2=0.21272 std_l2=0.42740
2026-05-14 07:25:36,319 INFO CSMF2.step_1_1_1.run :: epoch=15 step=150/429 train_nll=-2882.377
2026-05-14 07:25:45,392 INFO CSMF2.step_1_1_1.run :: [h] epoch=15 step=200 total=0.08286 batch=0.00000
2026-05-14 07:25:45,393 INFO CSMF2.step_1_1_1.run :: [lat] epoch=15 step=200 mean_l2=0.15864 std_l2=0.83806
2026-05-14 07:25:45,480 INFO CSMF2.step_1_1_1.run :: epoch=15 step=200/429 train_nll=-2883.834
2026-05-14 07:25:54,700 INFO CSMF2.step_1_1_1.run :: [h] epoch=15 step=250 total=0.08505 batch=0.00000
2026-05-14 07:25:54,700 INFO CSMF2.step_1_1_1.run :: [lat] epoch=15 step=250 mean_l2=0.10898 std_l2=1.90507
2026-05-14 07:25:54,812 INFO CSMF2.step_1_1_1.run :: epoch=15 step=250/429 train_nll=-2886.625
2026-05-14 07:26:04,007 INFO CSMF2.step_1_1_1.run :: [h] epoch=15 step=300 total=0.08302 batch=0.00000
2026-05-14 07:26:04,007 INFO CSMF2.step_1_1_1.run :: [lat] epoch=15 step=300 mean_l2=0.23050 std_l2=0.42227
2026-05-14 07:26:04,094 INFO CSMF2.step_1_1_1.run :: epoch=15 step=300/429 train_nll=-2891.989
2026-05-14 07:26:13,216 INFO CSMF2.step_1_1_1.run :: [h] epoch=15 step=350 total=0.08150 batch=0.00000
2026-05-14 07:26:13,216 INFO CSMF2.step_1_1_1.run :: [lat] epoch=15 step=350 mean_l2=0.14710 std_l2=0.44964
2026-05-14 07:26:13,299 INFO CSMF2.step_1_1_1.run :: epoch=15 step=350/429 train_nll=-2889.376
2026-05-14 07:26:22,335 INFO CSMF2.step_1_1_1.run :: [h] epoch=15 step=400 total=0.08373 batch=0.00000
2026-05-14 07:26:22,336 INFO CSMF2.step_1_1_1.run :: [lat] epoch=15 step=400 mean_l2=0.33151 std_l2=1.24464
2026-05-14 07:26:22,422 INFO CSMF2.step_1_1_1.run :: epoch=15 step=400/429 train_nll=-2885.965
2026-05-14 07:26:31,485 INFO CSMF2.step_1_1_1.run :: epoch=15  train_nll=-2881.767  val_nll=-2798.246  t=82.9s
2026-05-14 07:26:31,485 INFO CSMF2.step_1_1_1.run :: [h_std] total=0.08351 batch=0.00000 (no penalty)
2026-05-14 07:26:31,485 INFO CSMF2.step_1_1_1.run :: [lat_epoch] mean_l2=0.19318 std_l2=0.77971 (no penalty)
2026-05-14 07:26:31,485 INFO CSMF2.step_1_1_1.run :: [grad] cond=41.4328 film_gain=0.0000
2026-05-14 07:26:44,115 INFO CSMF2.step_1_1_1.run :: [h] epoch=16 step=50 total=0.08040 batch=0.00000
2026-05-14 07:26:44,116 INFO CSMF2.step_1_1_1.run :: [lat] epoch=16 step=50 mean_l2=0.12579 std_l2=0.16047
2026-05-14 07:26:44,202 INFO CSMF2.step_1_1_1.run :: epoch=16 step=50/429 train_nll=-2888.050
2026-05-14 07:26:53,324 INFO CSMF2.step_1_1_1.run :: [h] epoch=16 step=100 total=0.08065 batch=0.00000
2026-05-14 07:26:53,324 INFO CSMF2.step_1_1_1.run :: [lat] epoch=16 step=100 mean_l2=0.12298 std_l2=0.23248
2026-05-14 07:26:53,411 INFO CSMF2.step_1_1_1.run :: epoch=16 step=100/429 train_nll=-2909.631
2026-05-14 07:27:02,673 INFO CSMF2.step_1_1_1.run :: [h] epoch=16 step=150 total=0.07976 batch=0.00000
2026-05-14 07:27:02,674 INFO CSMF2.step_1_1_1.run :: [lat] epoch=16 step=150 mean_l2=0.34708 std_l2=1.02743
2026-05-14 07:27:02,760 INFO CSMF2.step_1_1_1.run :: epoch=16 step=150/429 train_nll=-2920.031
2026-05-14 07:27:11,826 INFO CSMF2.step_1_1_1.run :: [h] epoch=16 step=200 total=0.07892 batch=0.00000
2026-05-14 07:27:11,827 INFO CSMF2.step_1_1_1.run :: [lat] epoch=16 step=200 mean_l2=0.13662 std_l2=0.83005
2026-05-14 07:27:11,913 INFO CSMF2.step_1_1_1.run :: epoch=16 step=200/429 train_nll=-2916.074
2026-05-14 07:27:21,089 INFO CSMF2.step_1_1_1.run :: [h] epoch=16 step=250 total=0.07833 batch=0.00000
2026-05-14 07:27:21,089 INFO CSMF2.step_1_1_1.run :: [lat] epoch=16 step=250 mean_l2=0.21808 std_l2=1.30828
2026-05-14 07:27:21,176 INFO CSMF2.step_1_1_1.run :: epoch=16 step=250/429 train_nll=-2915.249
2026-05-14 07:27:30,207 INFO CSMF2.step_1_1_1.run :: [h] epoch=16 step=300 total=0.07694 batch=0.00000
2026-05-14 07:27:30,207 INFO CSMF2.step_1_1_1.run :: [lat] epoch=16 step=300 mean_l2=0.23314 std_l2=0.23238
2026-05-14 07:27:30,319 INFO CSMF2.step_1_1_1.run :: epoch=16 step=300/429 train_nll=-2918.695
2026-05-14 07:27:39,474 INFO CSMF2.step_1_1_1.run :: [h] epoch=16 step=350 total=0.07734 batch=0.00000
2026-05-14 07:27:39,475 INFO CSMF2.step_1_1_1.run :: [lat] epoch=16 step=350 mean_l2=0.12069 std_l2=0.73495
2026-05-14 07:27:39,587 INFO CSMF2.step_1_1_1.run :: epoch=16 step=350/429 train_nll=-2916.484
2026-05-14 07:27:48,666 INFO CSMF2.step_1_1_1.run :: [h] epoch=16 step=400 total=0.07731 batch=0.00000
2026-05-14 07:27:48,666 INFO CSMF2.step_1_1_1.run :: [lat] epoch=16 step=400 mean_l2=0.16393 std_l2=0.30003
2026-05-14 07:27:48,753 INFO CSMF2.step_1_1_1.run :: epoch=16 step=400/429 train_nll=-2912.433
2026-05-14 07:27:57,879 INFO CSMF2.step_1_1_1.run :: epoch=16  train_nll=-2911.872  val_nll=-2827.368  t=82.6s
2026-05-14 07:27:57,879 INFO CSMF2.step_1_1_1.run :: [h_std] total=0.07906 batch=0.00000 (no penalty)
2026-05-14 07:27:57,879 INFO CSMF2.step_1_1_1.run :: [lat_epoch] mean_l2=0.17377 std_l2=0.70939 (no penalty)
2026-05-14 07:27:57,879 INFO CSMF2.step_1_1_1.run :: [grad] cond=37.7873 film_gain=0.0000
2026-05-14 07:28:10,685 INFO CSMF2.step_1_1_1.run :: [h] epoch=17 step=50 total=0.07571 batch=0.00000
2026-05-14 07:28:10,686 INFO CSMF2.step_1_1_1.run :: [lat] epoch=17 step=50 mean_l2=0.11965 std_l2=0.18778
2026-05-14 07:28:10,773 INFO CSMF2.step_1_1_1.run :: epoch=17 step=50/429 train_nll=-2936.531
2026-05-14 07:28:19,739 INFO CSMF2.step_1_1_1.run :: [h] epoch=17 step=100 total=0.07581 batch=0.00000
2026-05-14 07:28:19,739 INFO CSMF2.step_1_1_1.run :: [lat] epoch=17 step=100 mean_l2=0.14582 std_l2=0.18730
2026-05-14 07:28:19,851 INFO CSMF2.step_1_1_1.run :: epoch=17 step=100/429 train_nll=-2916.924
2026-05-14 07:28:29,157 INFO CSMF2.step_1_1_1.run :: [h] epoch=17 step=150 total=0.07514 batch=0.00000
2026-05-14 07:28:29,157 INFO CSMF2.step_1_1_1.run :: [lat] epoch=17 step=150 mean_l2=0.13074 std_l2=0.23279
2026-05-14 07:28:29,244 INFO CSMF2.step_1_1_1.run :: epoch=17 step=150/429 train_nll=-2928.135
2026-05-14 07:28:38,657 INFO CSMF2.step_1_1_1.run :: [h] epoch=17 step=200 total=0.07561 batch=0.00000
2026-05-14 07:28:38,657 INFO CSMF2.step_1_1_1.run :: [lat] epoch=17 step=200 mean_l2=0.16662 std_l2=0.94234
2026-05-14 07:28:38,747 INFO CSMF2.step_1_1_1.run :: epoch=17 step=200/429 train_nll=-2930.667
2026-05-14 07:28:47,941 INFO CSMF2.step_1_1_1.run :: [h] epoch=17 step=250 total=0.07280 batch=0.00000
2026-05-14 07:28:47,941 INFO CSMF2.step_1_1_1.run :: [lat] epoch=17 step=250 mean_l2=0.15016 std_l2=1.36905
2026-05-14 07:28:48,028 INFO CSMF2.step_1_1_1.run :: epoch=17 step=250/429 train_nll=-2928.485
2026-05-14 07:28:57,142 INFO CSMF2.step_1_1_1.run :: [h] epoch=17 step=300 total=0.07299 batch=0.00000
2026-05-14 07:28:57,142 INFO CSMF2.step_1_1_1.run :: [lat] epoch=17 step=300 mean_l2=0.15179 std_l2=0.23338
2026-05-14 07:28:57,257 INFO CSMF2.step_1_1_1.run :: epoch=17 step=300/429 train_nll=-2935.289
2026-05-14 07:29:06,479 INFO CSMF2.step_1_1_1.run :: [h] epoch=17 step=350 total=0.07242 batch=0.00000
2026-05-14 07:29:06,480 INFO CSMF2.step_1_1_1.run :: [lat] epoch=17 step=350 mean_l2=0.08869 std_l2=0.26853
2026-05-14 07:29:06,594 INFO CSMF2.step_1_1_1.run :: epoch=17 step=350/429 train_nll=-2937.961
2026-05-14 07:29:15,690 INFO CSMF2.step_1_1_1.run :: [h] epoch=17 step=400 total=0.07368 batch=0.00000
2026-05-14 07:29:15,691 INFO CSMF2.step_1_1_1.run :: [lat] epoch=17 step=400 mean_l2=0.21388 std_l2=0.26564
2026-05-14 07:29:15,804 INFO CSMF2.step_1_1_1.run :: epoch=17 step=400/429 train_nll=-2938.232
2026-05-14 07:29:24,860 INFO CSMF2.step_1_1_1.run :: epoch=17  train_nll=-2938.869  val_nll=-2902.506  t=83.2s
2026-05-14 07:29:24,860 INFO CSMF2.step_1_1_1.run :: [h_std] total=0.07443 batch=0.00000 (no penalty)
2026-05-14 07:29:24,860 INFO CSMF2.step_1_1_1.run :: [lat_epoch] mean_l2=0.15653 std_l2=0.66448 (no penalty)
2026-05-14 07:29:24,860 INFO CSMF2.step_1_1_1.run :: [grad] cond=142.6784 film_gain=0.0000
2026-05-14 07:29:37,685 INFO CSMF2.step_1_1_1.run :: [h] epoch=18 step=50 total=0.06771 batch=0.00000
2026-05-14 07:29:37,686 INFO CSMF2.step_1_1_1.run :: [lat] epoch=18 step=50 mean_l2=0.11574 std_l2=0.39744
2026-05-14 07:29:37,773 INFO CSMF2.step_1_1_1.run :: epoch=18 step=50/429 train_nll=-2953.651
2026-05-14 07:29:46,941 INFO CSMF2.step_1_1_1.run :: [h] epoch=18 step=100 total=0.06979 batch=0.00000
2026-05-14 07:29:46,942 INFO CSMF2.step_1_1_1.run :: [lat] epoch=18 step=100 mean_l2=0.17000 std_l2=1.05879
2026-05-14 07:29:47,028 INFO CSMF2.step_1_1_1.run :: epoch=18 step=100/429 train_nll=-2921.885
2026-05-14 07:29:56,238 INFO CSMF2.step_1_1_1.run :: [h] epoch=18 step=150 total=0.07115 batch=0.00000
2026-05-14 07:29:56,239 INFO CSMF2.step_1_1_1.run :: [lat] epoch=18 step=150 mean_l2=0.27052 std_l2=0.20463
2026-05-14 07:29:56,326 INFO CSMF2.step_1_1_1.run :: epoch=18 step=150/429 train_nll=-2915.591
2026-05-14 07:30:05,385 INFO CSMF2.step_1_1_1.run :: [h] epoch=18 step=200 total=0.07184 batch=0.00000
2026-05-14 07:30:05,386 INFO CSMF2.step_1_1_1.run :: [lat] epoch=18 step=200 mean_l2=0.12808 std_l2=0.95718
2026-05-14 07:30:05,469 INFO CSMF2.step_1_1_1.run :: epoch=18 step=200/429 train_nll=-2912.412
2026-05-14 07:30:14,627 INFO CSMF2.step_1_1_1.run :: [h] epoch=18 step=250 total=0.06944 batch=0.00000
2026-05-14 07:30:14,627 INFO CSMF2.step_1_1_1.run :: [lat] epoch=18 step=250 mean_l2=0.18736 std_l2=2.82145
2026-05-14 07:30:14,740 INFO CSMF2.step_1_1_1.run :: epoch=18 step=250/429 train_nll=-2917.290
2026-05-14 07:30:23,699 INFO CSMF2.step_1_1_1.run :: [h] epoch=18 step=300 total=0.06874 batch=0.00000
2026-05-14 07:30:23,699 INFO CSMF2.step_1_1_1.run :: [lat] epoch=18 step=300 mean_l2=0.15431 std_l2=0.40641
2026-05-14 07:30:23,786 INFO CSMF2.step_1_1_1.run :: epoch=18 step=300/429 train_nll=-2925.321
2026-05-14 07:30:32,942 INFO CSMF2.step_1_1_1.run :: [h] epoch=18 step=350 total=0.06794 batch=0.00000
2026-05-14 07:30:32,942 INFO CSMF2.step_1_1_1.run :: [lat] epoch=18 step=350 mean_l2=0.14660 std_l2=0.55566
2026-05-14 07:30:33,029 INFO CSMF2.step_1_1_1.run :: epoch=18 step=350/429 train_nll=-2927.335
2026-05-14 07:30:42,234 INFO CSMF2.step_1_1_1.run :: [h] epoch=18 step=400 total=0.06764 batch=0.00000
2026-05-14 07:30:42,234 INFO CSMF2.step_1_1_1.run :: [lat] epoch=18 step=400 mean_l2=0.15514 std_l2=0.62608
2026-05-14 07:30:42,321 INFO CSMF2.step_1_1_1.run :: epoch=18 step=400/429 train_nll=-2930.151
2026-05-14 07:30:51,393 INFO CSMF2.step_1_1_1.run :: epoch=18  train_nll=-2929.509  val_nll=-2862.594  t=82.6s
2026-05-14 07:30:51,393 INFO CSMF2.step_1_1_1.run :: [h_std] total=0.06969 batch=0.00000 (no penalty)
2026-05-14 07:30:51,393 INFO CSMF2.step_1_1_1.run :: [lat_epoch] mean_l2=0.17492 std_l2=1.05000 (no penalty)
2026-05-14 07:30:51,393 INFO CSMF2.step_1_1_1.run :: [grad] cond=13.7629 film_gain=0.0000
2026-05-14 07:31:04,200 INFO CSMF2.step_1_1_1.run :: [h] epoch=19 step=50 total=0.06673 batch=0.00000
2026-05-14 07:31:04,201 INFO CSMF2.step_1_1_1.run :: [lat] epoch=19 step=50 mean_l2=0.17820 std_l2=0.18140
2026-05-14 07:31:04,316 INFO CSMF2.step_1_1_1.run :: epoch=19 step=50/429 train_nll=-2947.824
2026-05-14 07:31:13,520 INFO CSMF2.step_1_1_1.run :: [h] epoch=19 step=100 total=0.06743 batch=0.00000
2026-05-14 07:31:13,521 INFO CSMF2.step_1_1_1.run :: [lat] epoch=19 step=100 mean_l2=0.13574 std_l2=0.20388
2026-05-14 07:31:13,609 INFO CSMF2.step_1_1_1.run :: epoch=19 step=100/429 train_nll=-2946.330
2026-05-14 07:31:22,912 INFO CSMF2.step_1_1_1.run :: [h] epoch=19 step=150 total=0.06675 batch=0.00000
2026-05-14 07:31:22,913 INFO CSMF2.step_1_1_1.run :: [lat] epoch=19 step=150 mean_l2=0.11966 std_l2=1.23207
2026-05-14 07:31:23,006 INFO CSMF2.step_1_1_1.run :: epoch=19 step=150/429 train_nll=-2947.821
2026-05-14 07:31:32,248 INFO CSMF2.step_1_1_1.run :: [h] epoch=19 step=200 total=0.06647 batch=0.00000
2026-05-14 07:31:32,249 INFO CSMF2.step_1_1_1.run :: [lat] epoch=19 step=200 mean_l2=0.13231 std_l2=1.25675
2026-05-14 07:31:32,337 INFO CSMF2.step_1_1_1.run :: epoch=19 step=200/429 train_nll=-2946.728
2026-05-14 07:31:41,417 INFO CSMF2.step_1_1_1.run :: [h] epoch=19 step=250 total=0.06540 batch=0.00000
2026-05-14 07:31:41,417 INFO CSMF2.step_1_1_1.run :: [lat] epoch=19 step=250 mean_l2=0.17150 std_l2=1.56892
2026-05-14 07:31:41,506 INFO CSMF2.step_1_1_1.run :: epoch=19 step=250/429 train_nll=-2947.662
2026-05-14 07:31:50,792 INFO CSMF2.step_1_1_1.run :: [h] epoch=19 step=300 total=0.06550 batch=0.00000
2026-05-14 07:31:50,792 INFO CSMF2.step_1_1_1.run :: [lat] epoch=19 step=300 mean_l2=0.14195 std_l2=0.11123
2026-05-14 07:31:50,907 INFO CSMF2.step_1_1_1.run :: epoch=19 step=300/429 train_nll=-2950.541
2026-05-14 07:32:00,146 INFO CSMF2.step_1_1_1.run :: [h] epoch=19 step=350 total=0.06526 batch=0.00000
2026-05-14 07:32:00,146 INFO CSMF2.step_1_1_1.run :: [lat] epoch=19 step=350 mean_l2=0.21335 std_l2=1.46979
2026-05-14 07:32:00,234 INFO CSMF2.step_1_1_1.run :: epoch=19 step=350/429 train_nll=-2951.072
2026-05-14 07:32:09,361 INFO CSMF2.step_1_1_1.run :: [h] epoch=19 step=400 total=0.06426 batch=0.00000
2026-05-14 07:32:09,361 INFO CSMF2.step_1_1_1.run :: [lat] epoch=19 step=400 mean_l2=0.16704 std_l2=0.18810
2026-05-14 07:32:09,477 INFO CSMF2.step_1_1_1.run :: epoch=19 step=400/429 train_nll=-2955.891
2026-05-14 07:32:18,577 INFO CSMF2.step_1_1_1.run :: epoch=19  train_nll=-2958.944  val_nll=-2912.513  t=83.3s
2026-05-14 07:32:18,577 INFO CSMF2.step_1_1_1.run :: [h_std] total=0.06589 batch=0.00000 (no penalty)
2026-05-14 07:32:18,577 INFO CSMF2.step_1_1_1.run :: [lat_epoch] mean_l2=0.15580 std_l2=0.66682 (no penalty)
2026-05-14 07:32:18,578 INFO CSMF2.step_1_1_1.run :: [grad] cond=3.3240 film_gain=0.0000
2026-05-14 07:32:31,342 INFO CSMF2.step_1_1_1.run :: [h] epoch=20 step=50 total=0.06401 batch=0.00000
2026-05-14 07:32:31,342 INFO CSMF2.step_1_1_1.run :: [lat] epoch=20 step=50 mean_l2=0.11441 std_l2=0.13380
2026-05-14 07:32:31,430 INFO CSMF2.step_1_1_1.run :: epoch=20 step=50/429 train_nll=-2969.606
2026-05-14 07:32:40,734 INFO CSMF2.step_1_1_1.run :: [h] epoch=20 step=100 total=0.06380 batch=0.00000
2026-05-14 07:32:40,735 INFO CSMF2.step_1_1_1.run :: [lat] epoch=20 step=100 mean_l2=0.27626 std_l2=0.91885
2026-05-14 07:32:40,823 INFO CSMF2.step_1_1_1.run :: epoch=20 step=100/429 train_nll=-2955.529
2026-05-14 07:32:49,949 INFO CSMF2.step_1_1_1.run :: [h] epoch=20 step=150 total=0.06455 batch=0.00000
2026-05-14 07:32:49,949 INFO CSMF2.step_1_1_1.run :: [lat] epoch=20 step=150 mean_l2=0.11602 std_l2=0.79694
2026-05-14 07:32:50,037 INFO CSMF2.step_1_1_1.run :: epoch=20 step=150/429 train_nll=-2957.607
2026-05-14 07:32:59,444 INFO CSMF2.step_1_1_1.run :: [h] epoch=20 step=200 total=0.06214 batch=0.00000
2026-05-14 07:32:59,445 INFO CSMF2.step_1_1_1.run :: [lat] epoch=20 step=200 mean_l2=0.14065 std_l2=0.99458
2026-05-14 07:32:59,559 INFO CSMF2.step_1_1_1.run :: epoch=20 step=200/429 train_nll=-2959.096
2026-05-14 07:33:08,675 INFO CSMF2.step_1_1_1.run :: [h] epoch=20 step=250 total=0.06258 batch=0.00000
2026-05-14 07:33:08,676 INFO CSMF2.step_1_1_1.run :: [lat] epoch=20 step=250 mean_l2=0.12358 std_l2=0.37055
2026-05-14 07:33:08,763 INFO CSMF2.step_1_1_1.run :: epoch=20 step=250/429 train_nll=-2959.283
2026-05-14 07:33:17,927 INFO CSMF2.step_1_1_1.run :: [h] epoch=20 step=300 total=0.06236 batch=0.00000
2026-05-14 07:33:17,927 INFO CSMF2.step_1_1_1.run :: [lat] epoch=20 step=300 mean_l2=0.14587 std_l2=0.08428
2026-05-14 07:33:18,015 INFO CSMF2.step_1_1_1.run :: epoch=20 step=300/429 train_nll=-2960.644
2026-05-14 07:33:27,157 INFO CSMF2.step_1_1_1.run :: [h] epoch=20 step=350 total=0.06170 batch=0.00000
2026-05-14 07:33:27,157 INFO CSMF2.step_1_1_1.run :: [lat] epoch=20 step=350 mean_l2=0.15922 std_l2=0.24241
2026-05-14 07:33:27,245 INFO CSMF2.step_1_1_1.run :: epoch=20 step=350/429 train_nll=-2964.427
2026-05-14 07:33:36,495 INFO CSMF2.step_1_1_1.run :: [h] epoch=20 step=400 total=0.06166 batch=0.00000
2026-05-14 07:33:36,495 INFO CSMF2.step_1_1_1.run :: [lat] epoch=20 step=400 mean_l2=0.11853 std_l2=0.66474
2026-05-14 07:33:36,610 INFO CSMF2.step_1_1_1.run :: epoch=20 step=400/429 train_nll=-2965.236
2026-05-14 07:33:45,623 INFO CSMF2.step_1_1_1.run :: epoch=20  train_nll=-2967.176  val_nll=-2897.169  t=83.3s
2026-05-14 07:33:45,623 INFO CSMF2.step_1_1_1.run :: [h_std] total=0.06302 batch=0.00000 (no penalty)
2026-05-14 07:33:45,623 INFO CSMF2.step_1_1_1.run :: [lat_epoch] mean_l2=0.14839 std_l2=0.76384 (no penalty)
2026-05-14 07:33:45,623 INFO CSMF2.step_1_1_1.run :: [grad] cond=9.8095 film_gain=0.0000
2026-05-14 07:33:58,721 INFO CSMF2.step_1_1_1.run :: [h] epoch=21 step=50 total=0.06118 batch=0.00000
2026-05-14 07:33:58,722 INFO CSMF2.step_1_1_1.run :: [lat] epoch=21 step=50 mean_l2=0.12444 std_l2=0.31363
2026-05-14 07:33:58,809 INFO CSMF2.step_1_1_1.run :: epoch=21 step=50/429 train_nll=-2991.263
2026-05-14 07:34:07,990 INFO CSMF2.step_1_1_1.run :: [h] epoch=21 step=100 total=0.06236 batch=0.00000
2026-05-14 07:34:07,991 INFO CSMF2.step_1_1_1.run :: [lat] epoch=21 step=100 mean_l2=0.18256 std_l2=0.17790
2026-05-14 07:34:08,078 INFO CSMF2.step_1_1_1.run :: epoch=21 step=100/429 train_nll=-2984.119
2026-05-14 07:34:17,297 INFO CSMF2.step_1_1_1.run :: [h] epoch=21 step=150 total=0.06061 batch=0.00000
2026-05-14 07:34:17,297 INFO CSMF2.step_1_1_1.run :: [lat] epoch=21 step=150 mean_l2=0.12177 std_l2=0.36258
2026-05-14 07:34:17,412 INFO CSMF2.step_1_1_1.run :: epoch=21 step=150/429 train_nll=-2985.515
2026-05-14 07:34:26,607 INFO CSMF2.step_1_1_1.run :: [h] epoch=21 step=200 total=0.05983 batch=0.00000
2026-05-14 07:34:26,607 INFO CSMF2.step_1_1_1.run :: [lat] epoch=21 step=200 mean_l2=0.14292 std_l2=0.71070
2026-05-14 07:34:26,695 INFO CSMF2.step_1_1_1.run :: epoch=21 step=200/429 train_nll=-2983.111
2026-05-14 07:34:36,012 INFO CSMF2.step_1_1_1.run :: [h] epoch=21 step=250 total=0.05983 batch=0.00000
2026-05-14 07:34:36,012 INFO CSMF2.step_1_1_1.run :: [lat] epoch=21 step=250 mean_l2=0.15080 std_l2=0.68592
2026-05-14 07:34:36,100 INFO CSMF2.step_1_1_1.run :: epoch=21 step=250/429 train_nll=-2984.918
2026-05-14 07:34:45,334 INFO CSMF2.step_1_1_1.run :: [h] epoch=21 step=300 total=0.06070 batch=0.00000
2026-05-14 07:34:45,334 INFO CSMF2.step_1_1_1.run :: [lat] epoch=21 step=300 mean_l2=0.08358 std_l2=0.32492
2026-05-14 07:34:45,450 INFO CSMF2.step_1_1_1.run :: epoch=21 step=300/429 train_nll=-2985.481
2026-05-14 07:34:54,722 INFO CSMF2.step_1_1_1.run :: [h] epoch=21 step=350 total=0.05911 batch=0.00000
2026-05-14 07:34:54,723 INFO CSMF2.step_1_1_1.run :: [lat] epoch=21 step=350 mean_l2=0.12508 std_l2=0.48450
2026-05-14 07:34:54,811 INFO CSMF2.step_1_1_1.run :: epoch=21 step=350/429 train_nll=-2988.119
2026-05-14 07:35:04,085 INFO CSMF2.step_1_1_1.run :: [h] epoch=21 step=400 total=0.05920 batch=0.00000
2026-05-14 07:35:04,086 INFO CSMF2.step_1_1_1.run :: [lat] epoch=21 step=400 mean_l2=0.14321 std_l2=0.07546
2026-05-14 07:35:04,202 INFO CSMF2.step_1_1_1.run :: epoch=21 step=400/429 train_nll=-2991.257
2026-05-14 07:35:13,427 INFO CSMF2.step_1_1_1.run :: epoch=21  train_nll=-2990.188  val_nll=-2926.814  t=83.9s
2026-05-14 07:35:13,427 INFO CSMF2.step_1_1_1.run :: [h_std] total=0.06010 batch=0.00000 (no penalty)
2026-05-14 07:35:13,427 INFO CSMF2.step_1_1_1.run :: [lat_epoch] mean_l2=0.13741 std_l2=0.72779 (no penalty)
2026-05-14 07:35:13,427 INFO CSMF2.step_1_1_1.run :: [grad] cond=15.8616 film_gain=0.0000
2026-05-14 07:35:26,098 INFO CSMF2.step_1_1_1.run :: [h] epoch=22 step=50 total=0.05929 batch=0.00000
2026-05-14 07:35:26,099 INFO CSMF2.step_1_1_1.run :: [lat] epoch=22 step=50 mean_l2=0.18544 std_l2=0.70543
2026-05-14 07:35:26,187 INFO CSMF2.step_1_1_1.run :: epoch=22 step=50/429 train_nll=-2982.132
2026-05-14 07:35:35,307 INFO CSMF2.step_1_1_1.run :: [h] epoch=22 step=100 total=0.05624 batch=0.00000
2026-05-14 07:35:35,307 INFO CSMF2.step_1_1_1.run :: [lat] epoch=22 step=100 mean_l2=0.16575 std_l2=1.59832
2026-05-14 07:35:35,395 INFO CSMF2.step_1_1_1.run :: epoch=22 step=100/429 train_nll=-2962.478
2026-05-14 07:35:44,486 INFO CSMF2.step_1_1_1.run :: [h] epoch=22 step=150 total=0.05306 batch=0.00000
2026-05-14 07:35:44,486 INFO CSMF2.step_1_1_1.run :: [lat] epoch=22 step=150 mean_l2=0.15806 std_l2=0.48419
2026-05-14 07:35:44,570 INFO CSMF2.step_1_1_1.run :: epoch=22 step=150/429 train_nll=-2965.290
2026-05-14 07:35:53,806 INFO CSMF2.step_1_1_1.run :: [h] epoch=22 step=200 total=0.05434 batch=0.00000
2026-05-14 07:35:53,806 INFO CSMF2.step_1_1_1.run :: [lat] epoch=22 step=200 mean_l2=0.14992 std_l2=1.38044
2026-05-14 07:35:53,922 INFO CSMF2.step_1_1_1.run :: epoch=22 step=200/429 train_nll=-2971.269
2026-05-14 07:36:03,092 INFO CSMF2.step_1_1_1.run :: [h] epoch=22 step=250 total=0.05477 batch=0.00000
2026-05-14 07:36:03,093 INFO CSMF2.step_1_1_1.run :: [lat] epoch=22 step=250 mean_l2=0.14048 std_l2=0.78741
2026-05-14 07:36:03,180 INFO CSMF2.step_1_1_1.run :: epoch=22 step=250/429 train_nll=-2976.134
2026-05-14 07:36:12,403 INFO CSMF2.step_1_1_1.run :: [h] epoch=22 step=300 total=0.05368 batch=0.00000
2026-05-14 07:36:12,404 INFO CSMF2.step_1_1_1.run :: [lat] epoch=22 step=300 mean_l2=0.11132 std_l2=1.00537
2026-05-14 07:36:12,520 INFO CSMF2.step_1_1_1.run :: epoch=22 step=300/429 train_nll=-2976.124
2026-05-14 07:36:21,755 INFO CSMF2.step_1_1_1.run :: [h] epoch=22 step=350 total=0.05379 batch=0.00000
2026-05-14 07:36:21,755 INFO CSMF2.step_1_1_1.run :: [lat] epoch=22 step=350 mean_l2=0.11588 std_l2=0.10935
2026-05-14 07:36:21,844 INFO CSMF2.step_1_1_1.run :: epoch=22 step=350/429 train_nll=-2981.515
2026-05-14 07:36:31,110 INFO CSMF2.step_1_1_1.run :: [h] epoch=22 step=400 total=0.05331 batch=0.00000
2026-05-14 07:36:31,111 INFO CSMF2.step_1_1_1.run :: [lat] epoch=22 step=400 mean_l2=0.10494 std_l2=0.80767
2026-05-14 07:36:31,226 INFO CSMF2.step_1_1_1.run :: epoch=22 step=400/429 train_nll=-2985.611
2026-05-14 07:36:40,356 INFO CSMF2.step_1_1_1.run :: epoch=22  train_nll=-2987.798  val_nll=-2884.419  t=83.1s
2026-05-14 07:36:40,356 INFO CSMF2.step_1_1_1.run :: [h_std] total=0.05561 batch=0.00000 (no penalty)
2026-05-14 07:36:40,356 INFO CSMF2.step_1_1_1.run :: [lat_epoch] mean_l2=0.14152 std_l2=0.74061 (no penalty)
2026-05-14 07:36:40,356 INFO CSMF2.step_1_1_1.run :: [grad] cond=6.9993 film_gain=0.0000
2026-05-14 07:36:53,369 INFO CSMF2.step_1_1_1.run :: [h] epoch=23 step=50 total=0.05361 batch=0.00000
2026-05-14 07:36:53,369 INFO CSMF2.step_1_1_1.run :: [lat] epoch=23 step=50 mean_l2=0.12473 std_l2=0.17390
2026-05-14 07:36:53,458 INFO CSMF2.step_1_1_1.run :: epoch=23 step=50/429 train_nll=-2967.664
2026-05-14 07:37:02,614 INFO CSMF2.step_1_1_1.run :: [h] epoch=23 step=100 total=0.05182 batch=0.00000
2026-05-14 07:37:02,615 INFO CSMF2.step_1_1_1.run :: [lat] epoch=23 step=100 mean_l2=0.11500 std_l2=0.26043
2026-05-14 07:37:02,731 INFO CSMF2.step_1_1_1.run :: epoch=23 step=100/429 train_nll=-2974.613
2026-05-14 07:37:12,106 INFO CSMF2.step_1_1_1.run :: [h] epoch=23 step=150 total=0.05308 batch=0.00000
2026-05-14 07:37:12,106 INFO CSMF2.step_1_1_1.run :: [lat] epoch=23 step=150 mean_l2=0.09822 std_l2=0.34528
2026-05-14 07:37:12,222 INFO CSMF2.step_1_1_1.run :: epoch=23 step=150/429 train_nll=-2985.278
2026-05-14 07:37:21,544 INFO CSMF2.step_1_1_1.run :: [h] epoch=23 step=200 total=0.05231 batch=0.00000
2026-05-14 07:37:21,544 INFO CSMF2.step_1_1_1.run :: [lat] epoch=23 step=200 mean_l2=0.09799 std_l2=0.79735
2026-05-14 07:37:21,633 INFO CSMF2.step_1_1_1.run :: epoch=23 step=200/429 train_nll=-2989.080
2026-05-14 07:37:30,672 INFO CSMF2.step_1_1_1.run :: [h] epoch=23 step=250 total=0.05194 batch=0.00000
2026-05-14 07:37:30,673 INFO CSMF2.step_1_1_1.run :: [lat] epoch=23 step=250 mean_l2=0.11531 std_l2=0.44110
2026-05-14 07:37:30,761 INFO CSMF2.step_1_1_1.run :: epoch=23 step=250/429 train_nll=-2993.950
2026-05-14 07:37:40,048 INFO CSMF2.step_1_1_1.run :: [h] epoch=23 step=300 total=0.05202 batch=0.00000
2026-05-14 07:37:40,048 INFO CSMF2.step_1_1_1.run :: [lat] epoch=23 step=300 mean_l2=0.14222 std_l2=0.17298
2026-05-14 07:37:40,137 INFO CSMF2.step_1_1_1.run :: epoch=23 step=300/429 train_nll=-2999.825
2026-05-14 07:37:49,283 INFO CSMF2.step_1_1_1.run :: [h] epoch=23 step=350 total=0.05192 batch=0.00000
2026-05-14 07:37:49,283 INFO CSMF2.step_1_1_1.run :: [lat] epoch=23 step=350 mean_l2=0.18200 std_l2=0.13402
2026-05-14 07:37:49,371 INFO CSMF2.step_1_1_1.run :: epoch=23 step=350/429 train_nll=-3003.950
2026-05-14 07:37:58,592 INFO CSMF2.step_1_1_1.run :: [h] epoch=23 step=400 total=0.05159 batch=0.00000
2026-05-14 07:37:58,592 INFO CSMF2.step_1_1_1.run :: [lat] epoch=23 step=400 mean_l2=0.13921 std_l2=0.59956
2026-05-14 07:37:58,680 INFO CSMF2.step_1_1_1.run :: epoch=23 step=400/429 train_nll=-3002.612
2026-05-14 07:38:07,836 INFO CSMF2.step_1_1_1.run :: epoch=23  train_nll=-3003.302  val_nll=-2932.872  t=83.6s
2026-05-14 07:38:07,836 INFO CSMF2.step_1_1_1.run :: [h_std] total=0.05244 batch=0.00000 (no penalty)
2026-05-14 07:38:07,836 INFO CSMF2.step_1_1_1.run :: [lat_epoch] mean_l2=0.13282 std_l2=0.89923 (no penalty)
2026-05-14 07:38:07,836 INFO CSMF2.step_1_1_1.run :: [grad] cond=1.6921 film_gain=0.0000
2026-05-14 07:38:20,700 INFO CSMF2.step_1_1_1.run :: [h] epoch=24 step=50 total=0.05125 batch=0.00000
2026-05-14 07:38:20,701 INFO CSMF2.step_1_1_1.run :: [lat] epoch=24 step=50 mean_l2=0.09963 std_l2=0.29979
2026-05-14 07:38:20,816 INFO CSMF2.step_1_1_1.run :: epoch=24 step=50/429 train_nll=-3021.791
2026-05-14 07:38:30,013 INFO CSMF2.step_1_1_1.run :: [h] epoch=24 step=100 total=0.05098 batch=0.00000
2026-05-14 07:38:30,014 INFO CSMF2.step_1_1_1.run :: [lat] epoch=24 step=100 mean_l2=0.15179 std_l2=0.16886
2026-05-14 07:38:30,130 INFO CSMF2.step_1_1_1.run :: epoch=24 step=100/429 train_nll=-3018.562
2026-05-14 07:38:39,191 INFO CSMF2.step_1_1_1.run :: [h] epoch=24 step=150 total=0.05080 batch=0.00000
2026-05-14 07:38:39,191 INFO CSMF2.step_1_1_1.run :: [lat] epoch=24 step=150 mean_l2=0.17996 std_l2=3.48368
2026-05-14 07:38:39,280 INFO CSMF2.step_1_1_1.run :: epoch=24 step=150/429 train_nll=-3026.884
2026-05-14 07:38:48,476 INFO CSMF2.step_1_1_1.run :: [h] epoch=24 step=200 total=0.05069 batch=0.00000
2026-05-14 07:38:48,476 INFO CSMF2.step_1_1_1.run :: [lat] epoch=24 step=200 mean_l2=0.10309 std_l2=1.04246
2026-05-14 07:38:48,553 INFO CSMF2.step_1_1_1.run :: epoch=24 step=200/429 train_nll=-3027.849
2026-05-14 07:38:57,633 INFO CSMF2.step_1_1_1.run :: [h] epoch=24 step=250 total=0.05071 batch=0.00000
2026-05-14 07:38:57,634 INFO CSMF2.step_1_1_1.run :: [lat] epoch=24 step=250 mean_l2=0.11270 std_l2=0.25475
2026-05-14 07:38:57,750 INFO CSMF2.step_1_1_1.run :: epoch=24 step=250/429 train_nll=-3028.030
2026-05-14 07:39:06,819 INFO CSMF2.step_1_1_1.run :: [h] epoch=24 step=300 total=0.05058 batch=0.00000
2026-05-14 07:39:06,820 INFO CSMF2.step_1_1_1.run :: [lat] epoch=24 step=300 mean_l2=0.09274 std_l2=1.79024
2026-05-14 07:39:06,908 INFO CSMF2.step_1_1_1.run :: epoch=24 step=300/429 train_nll=-3029.103
2026-05-14 07:39:16,154 INFO CSMF2.step_1_1_1.run :: [h] epoch=24 step=350 total=0.05068 batch=0.00000
2026-05-14 07:39:16,155 INFO CSMF2.step_1_1_1.run :: [lat] epoch=24 step=350 mean_l2=0.13150 std_l2=0.22553
2026-05-14 07:39:16,243 INFO CSMF2.step_1_1_1.run :: epoch=24 step=350/429 train_nll=-3021.951
2026-05-14 07:39:25,375 INFO CSMF2.step_1_1_1.run :: [h] epoch=24 step=400 total=0.05041 batch=0.00000
2026-05-14 07:39:25,375 INFO CSMF2.step_1_1_1.run :: [lat] epoch=24 step=400 mean_l2=0.14259 std_l2=0.12972
2026-05-14 07:39:25,464 INFO CSMF2.step_1_1_1.run :: epoch=24 step=400/429 train_nll=-3021.810
2026-05-14 07:39:34,533 INFO CSMF2.step_1_1_1.run :: epoch=24  train_nll=-3022.813  val_nll=-2961.194  t=82.8s
2026-05-14 07:39:34,534 INFO CSMF2.step_1_1_1.run :: [h_std] total=0.05077 batch=0.00000 (no penalty)
2026-05-14 07:39:34,534 INFO CSMF2.step_1_1_1.run :: [lat_epoch] mean_l2=0.12649 std_l2=0.59966 (no penalty)
2026-05-14 07:39:34,534 INFO CSMF2.step_1_1_1.run :: [grad] cond=4.8311 film_gain=0.0000
2026-05-14 07:39:47,264 INFO CSMF2.step_1_1_1.run :: [h] epoch=25 step=50 total=0.05053 batch=0.00000
2026-05-14 07:39:47,264 INFO CSMF2.step_1_1_1.run :: [lat] epoch=25 step=50 mean_l2=0.14723 std_l2=0.29236
2026-05-14 07:39:47,352 INFO CSMF2.step_1_1_1.run :: epoch=25 step=50/429 train_nll=-3002.144
2026-05-14 07:39:56,532 INFO CSMF2.step_1_1_1.run :: [h] epoch=25 step=100 total=0.05002 batch=0.00000
2026-05-14 07:39:56,533 INFO CSMF2.step_1_1_1.run :: [lat] epoch=25 step=100 mean_l2=0.13997 std_l2=0.22746
2026-05-14 07:39:56,621 INFO CSMF2.step_1_1_1.run :: epoch=25 step=100/429 train_nll=-3013.516
2026-05-14 07:40:06,002 INFO CSMF2.step_1_1_1.run :: [h] epoch=25 step=150 total=0.05037 batch=0.00000
2026-05-14 07:40:06,002 INFO CSMF2.step_1_1_1.run :: [lat] epoch=25 step=150 mean_l2=0.10533 std_l2=0.19705
2026-05-14 07:40:06,121 INFO CSMF2.step_1_1_1.run :: epoch=25 step=150/429 train_nll=-3026.963
2026-05-14 07:40:15,323 INFO CSMF2.step_1_1_1.run :: [h] epoch=25 step=200 total=0.04947 batch=0.00000
2026-05-14 07:40:15,323 INFO CSMF2.step_1_1_1.run :: [lat] epoch=25 step=200 mean_l2=0.09877 std_l2=0.93346
2026-05-14 07:40:15,413 INFO CSMF2.step_1_1_1.run :: epoch=25 step=200/429 train_nll=-3029.164
2026-05-14 07:40:24,867 INFO CSMF2.step_1_1_1.run :: [h] epoch=25 step=250 total=0.04932 batch=0.00000
2026-05-14 07:40:24,867 INFO CSMF2.step_1_1_1.run :: [lat] epoch=25 step=250 mean_l2=0.13000 std_l2=0.63817
2026-05-14 07:40:24,957 INFO CSMF2.step_1_1_1.run :: epoch=25 step=250/429 train_nll=-3033.128
2026-05-14 07:40:34,304 INFO CSMF2.step_1_1_1.run :: [h] epoch=25 step=300 total=0.04969 batch=0.00000
2026-05-14 07:40:34,305 INFO CSMF2.step_1_1_1.run :: [lat] epoch=25 step=300 mean_l2=0.10359 std_l2=0.09229
2026-05-14 07:40:34,396 INFO CSMF2.step_1_1_1.run :: epoch=25 step=300/429 train_nll=-3035.323
2026-05-14 07:40:43,572 INFO CSMF2.step_1_1_1.run :: [h] epoch=25 step=350 total=0.05065 batch=0.00000
2026-05-14 07:40:43,572 INFO CSMF2.step_1_1_1.run :: [lat] epoch=25 step=350 mean_l2=0.12419 std_l2=0.25409
2026-05-14 07:40:43,661 INFO CSMF2.step_1_1_1.run :: epoch=25 step=350/429 train_nll=-3035.041
2026-05-14 07:40:52,870 INFO CSMF2.step_1_1_1.run :: [h] epoch=25 step=400 total=0.04798 batch=0.00000
2026-05-14 07:40:52,871 INFO CSMF2.step_1_1_1.run :: [lat] epoch=25 step=400 mean_l2=0.14774 std_l2=0.49339
2026-05-14 07:40:52,960 INFO CSMF2.step_1_1_1.run :: epoch=25 step=400/429 train_nll=-3033.037
2026-05-14 07:41:01,941 INFO CSMF2.step_1_1_1.run :: epoch=25  train_nll=-3033.035  val_nll=-2920.533  t=83.6s
2026-05-14 07:41:01,941 INFO CSMF2.step_1_1_1.run :: [h_std] total=0.04974 batch=0.00000 (no penalty)
2026-05-14 07:41:01,941 INFO CSMF2.step_1_1_1.run :: [lat_epoch] mean_l2=0.12156 std_l2=0.54315 (no penalty)
2026-05-14 07:41:01,941 INFO CSMF2.step_1_1_1.run :: [grad] cond=13.0360 film_gain=0.0000
2026-05-14 07:41:14,871 INFO CSMF2.step_1_1_1.run :: [h] epoch=26 step=50 total=0.04854 batch=0.00000
2026-05-14 07:41:14,871 INFO CSMF2.step_1_1_1.run :: [lat] epoch=26 step=50 mean_l2=0.11630 std_l2=0.08621
2026-05-14 07:41:14,961 INFO CSMF2.step_1_1_1.run :: epoch=26 step=50/429 train_nll=-2989.225
2026-05-14 07:41:24,191 INFO CSMF2.step_1_1_1.run :: [h] epoch=26 step=100 total=0.04828 batch=0.00000
2026-05-14 07:41:24,192 INFO CSMF2.step_1_1_1.run :: [lat] epoch=26 step=100 mean_l2=0.14663 std_l2=0.54004
2026-05-14 07:41:24,281 INFO CSMF2.step_1_1_1.run :: epoch=26 step=100/429 train_nll=-3011.708
2026-05-14 07:41:33,620 INFO CSMF2.step_1_1_1.run :: [h] epoch=26 step=150 total=0.04827 batch=0.00000
2026-05-14 07:41:33,621 INFO CSMF2.step_1_1_1.run :: [lat] epoch=26 step=150 mean_l2=0.10866 std_l2=0.07271
2026-05-14 07:41:33,738 INFO CSMF2.step_1_1_1.run :: epoch=26 step=150/429 train_nll=-3027.763
2026-05-14 07:41:42,987 INFO CSMF2.step_1_1_1.run :: [h] epoch=26 step=200 total=0.04802 batch=0.00000
2026-05-14 07:41:42,987 INFO CSMF2.step_1_1_1.run :: [lat] epoch=26 step=200 mean_l2=0.11049 std_l2=0.57535
2026-05-14 07:41:43,106 INFO CSMF2.step_1_1_1.run :: epoch=26 step=200/429 train_nll=-3033.957
2026-05-14 07:41:52,434 INFO CSMF2.step_1_1_1.run :: [h] epoch=26 step=250 total=0.04784 batch=0.00000
2026-05-14 07:41:52,435 INFO CSMF2.step_1_1_1.run :: [lat] epoch=26 step=250 mean_l2=0.16665 std_l2=0.43793
2026-05-14 07:41:52,526 INFO CSMF2.step_1_1_1.run :: epoch=26 step=250/429 train_nll=-3032.332
2026-05-14 07:42:01,754 INFO CSMF2.step_1_1_1.run :: [h] epoch=26 step=300 total=0.04829 batch=0.00000
2026-05-14 07:42:01,755 INFO CSMF2.step_1_1_1.run :: [lat] epoch=26 step=300 mean_l2=0.11134 std_l2=0.08051
2026-05-14 07:42:01,845 INFO CSMF2.step_1_1_1.run :: epoch=26 step=300/429 train_nll=-3035.039
2026-05-14 07:42:11,294 INFO CSMF2.step_1_1_1.run :: [h] epoch=26 step=350 total=0.04810 batch=0.00000
2026-05-14 07:42:11,294 INFO CSMF2.step_1_1_1.run :: [lat] epoch=26 step=350 mean_l2=0.21196 std_l2=0.17942
2026-05-14 07:42:11,414 INFO CSMF2.step_1_1_1.run :: epoch=26 step=350/429 train_nll=-3035.922
2026-05-14 07:42:20,771 INFO CSMF2.step_1_1_1.run :: [h] epoch=26 step=400 total=0.04770 batch=0.00000
2026-05-14 07:42:20,771 INFO CSMF2.step_1_1_1.run :: [lat] epoch=26 step=400 mean_l2=0.11589 std_l2=0.18254
2026-05-14 07:42:20,859 INFO CSMF2.step_1_1_1.run :: epoch=26 step=400/429 train_nll=-3035.841
2026-05-14 07:42:29,803 INFO CSMF2.step_1_1_1.run :: epoch=26  train_nll=-3036.185  val_nll=-2960.915  t=84.0s
2026-05-14 07:42:29,804 INFO CSMF2.step_1_1_1.run :: [h_std] total=0.04811 batch=0.00000 (no penalty)
2026-05-14 07:42:29,804 INFO CSMF2.step_1_1_1.run :: [lat_epoch] mean_l2=0.12332 std_l2=0.62442 (no penalty)
2026-05-14 07:42:29,804 INFO CSMF2.step_1_1_1.run :: [grad] cond=3.2300 film_gain=0.0000
2026-05-14 07:42:42,670 INFO CSMF2.step_1_1_1.run :: [h] epoch=27 step=50 total=0.04713 batch=0.00000
2026-05-14 07:42:42,671 INFO CSMF2.step_1_1_1.run :: [lat] epoch=27 step=50 mean_l2=0.12784 std_l2=1.07696
2026-05-14 07:42:42,760 INFO CSMF2.step_1_1_1.run :: epoch=27 step=50/429 train_nll=-3009.070
2026-05-14 07:42:52,009 INFO CSMF2.step_1_1_1.run :: [h] epoch=27 step=100 total=0.04701 batch=0.00000
2026-05-14 07:42:52,009 INFO CSMF2.step_1_1_1.run :: [lat] epoch=27 step=100 mean_l2=0.07868 std_l2=0.09552
2026-05-14 07:42:52,098 INFO CSMF2.step_1_1_1.run :: epoch=27 step=100/429 train_nll=-3001.108
2026-05-14 07:43:01,310 INFO CSMF2.step_1_1_1.run :: [h] epoch=27 step=150 total=0.04685 batch=0.00000
2026-05-14 07:43:01,311 INFO CSMF2.step_1_1_1.run :: [lat] epoch=27 step=150 mean_l2=0.16851 std_l2=0.13014
2026-05-14 07:43:01,429 INFO CSMF2.step_1_1_1.run :: epoch=27 step=150/429 train_nll=-3011.245
2026-05-14 07:43:10,604 INFO CSMF2.step_1_1_1.run :: [h] epoch=27 step=200 total=0.04604 batch=0.00000
2026-05-14 07:43:10,604 INFO CSMF2.step_1_1_1.run :: [lat] epoch=27 step=200 mean_l2=0.10458 std_l2=0.27742
2026-05-14 07:43:10,694 INFO CSMF2.step_1_1_1.run :: epoch=27 step=200/429 train_nll=-3015.092
2026-05-14 07:43:20,251 INFO CSMF2.step_1_1_1.run :: [h] epoch=27 step=250 total=0.04570 batch=0.00000
2026-05-14 07:43:20,252 INFO CSMF2.step_1_1_1.run :: [lat] epoch=27 step=250 mean_l2=0.10605 std_l2=0.95761
2026-05-14 07:43:20,341 INFO CSMF2.step_1_1_1.run :: epoch=27 step=250/429 train_nll=-3020.841
2026-05-14 07:43:29,736 INFO CSMF2.step_1_1_1.run :: [h] epoch=27 step=300 total=0.04595 batch=0.00000
2026-05-14 07:43:29,736 INFO CSMF2.step_1_1_1.run :: [lat] epoch=27 step=300 mean_l2=0.12701 std_l2=0.17621
2026-05-14 07:43:29,826 INFO CSMF2.step_1_1_1.run :: epoch=27 step=300/429 train_nll=-3022.014
2026-05-14 07:43:39,103 INFO CSMF2.step_1_1_1.run :: [h] epoch=27 step=350 total=0.04548 batch=0.00000
2026-05-14 07:43:39,103 INFO CSMF2.step_1_1_1.run :: [lat] epoch=27 step=350 mean_l2=0.10064 std_l2=0.06740
2026-05-14 07:43:39,222 INFO CSMF2.step_1_1_1.run :: epoch=27 step=350/429 train_nll=-3027.091
2026-05-14 07:43:48,569 INFO CSMF2.step_1_1_1.run :: [h] epoch=27 step=400 total=0.04533 batch=0.00000
2026-05-14 07:43:48,570 INFO CSMF2.step_1_1_1.run :: [lat] epoch=27 step=400 mean_l2=0.08208 std_l2=0.07104
2026-05-14 07:43:48,688 INFO CSMF2.step_1_1_1.run :: epoch=27 step=400/429 train_nll=-3028.064
2026-05-14 07:43:57,653 INFO CSMF2.step_1_1_1.run :: epoch=27  train_nll=-3029.668  val_nll=-2932.832  t=84.1s
2026-05-14 07:43:57,653 INFO CSMF2.step_1_1_1.run :: [h_std] total=0.04631 batch=0.00000 (no penalty)
2026-05-14 07:43:57,653 INFO CSMF2.step_1_1_1.run :: [lat_epoch] mean_l2=0.12611 std_l2=0.68522 (no penalty)
2026-05-14 07:43:57,653 INFO CSMF2.step_1_1_1.run :: [grad] cond=3.4545 film_gain=0.0000
2026-05-14 07:44:10,590 INFO CSMF2.step_1_1_1.run :: [h] epoch=28 step=50 total=0.04476 batch=0.00000
2026-05-14 07:44:10,590 INFO CSMF2.step_1_1_1.run :: [lat] epoch=28 step=50 mean_l2=0.16565 std_l2=0.74743
2026-05-14 07:44:10,679 INFO CSMF2.step_1_1_1.run :: epoch=28 step=50/429 train_nll=-3049.070
2026-05-14 07:44:19,962 INFO CSMF2.step_1_1_1.run :: [h] epoch=28 step=100 total=0.04454 batch=0.00000
2026-05-14 07:44:19,962 INFO CSMF2.step_1_1_1.run :: [lat] epoch=28 step=100 mean_l2=0.09017 std_l2=0.19642
2026-05-14 07:44:20,051 INFO CSMF2.step_1_1_1.run :: epoch=28 step=100/429 train_nll=-3058.020
2026-05-14 07:44:29,295 INFO CSMF2.step_1_1_1.run :: [h] epoch=28 step=150 total=0.04448 batch=0.00000
2026-05-14 07:44:29,295 INFO CSMF2.step_1_1_1.run :: [lat] epoch=28 step=150 mean_l2=0.09300 std_l2=0.15554
2026-05-14 07:44:29,386 INFO CSMF2.step_1_1_1.run :: epoch=28 step=150/429 train_nll=-3064.069
2026-05-14 07:44:38,633 INFO CSMF2.step_1_1_1.run :: [h] epoch=28 step=200 total=0.04418 batch=0.00000
2026-05-14 07:44:38,634 INFO CSMF2.step_1_1_1.run :: [lat] epoch=28 step=200 mean_l2=0.11440 std_l2=0.60492
2026-05-14 07:44:38,724 INFO CSMF2.step_1_1_1.run :: epoch=28 step=200/429 train_nll=-3056.854
2026-05-14 07:44:48,145 INFO CSMF2.step_1_1_1.run :: [h] epoch=28 step=250 total=0.04412 batch=0.00000
2026-05-14 07:44:48,146 INFO CSMF2.step_1_1_1.run :: [lat] epoch=28 step=250 mean_l2=0.10923 std_l2=0.25285
2026-05-14 07:44:48,236 INFO CSMF2.step_1_1_1.run :: epoch=28 step=250/429 train_nll=-3054.405
2026-05-14 07:44:57,515 INFO CSMF2.step_1_1_1.run :: [h] epoch=28 step=300 total=0.04398 batch=0.00000
2026-05-14 07:44:57,516 INFO CSMF2.step_1_1_1.run :: [lat] epoch=28 step=300 mean_l2=0.12539 std_l2=6.33474
2026-05-14 07:44:57,633 INFO CSMF2.step_1_1_1.run :: epoch=28 step=300/429 train_nll=-3056.521
2026-05-14 07:45:06,781 INFO CSMF2.step_1_1_1.run :: [h] epoch=28 step=350 total=0.04437 batch=0.00000
2026-05-14 07:45:06,781 INFO CSMF2.step_1_1_1.run :: [lat] epoch=28 step=350 mean_l2=0.13136 std_l2=0.07679
2026-05-14 07:45:06,872 INFO CSMF2.step_1_1_1.run :: epoch=28 step=350/429 train_nll=-3055.359
2026-05-14 07:45:16,203 INFO CSMF2.step_1_1_1.run :: [h] epoch=28 step=400 total=0.04422 batch=0.00000
2026-05-14 07:45:16,203 INFO CSMF2.step_1_1_1.run :: [lat] epoch=28 step=400 mean_l2=0.11299 std_l2=0.15643
2026-05-14 07:45:16,293 INFO CSMF2.step_1_1_1.run :: epoch=28 step=400/429 train_nll=-3054.103
2026-05-14 07:45:25,377 INFO CSMF2.step_1_1_1.run :: epoch=28  train_nll=-3053.269  val_nll=-2899.771  t=83.9s
2026-05-14 07:45:25,377 INFO CSMF2.step_1_1_1.run :: [h_std] total=0.04438 batch=0.00000 (no penalty)
2026-05-14 07:45:25,377 INFO CSMF2.step_1_1_1.run :: [lat_epoch] mean_l2=0.11128 std_l2=0.54023 (no penalty)
2026-05-14 07:45:25,377 INFO CSMF2.step_1_1_1.run :: [grad] cond=8.2785 film_gain=0.0000
2026-05-14 07:45:38,411 INFO CSMF2.step_1_1_1.run :: [h] epoch=29 step=50 total=0.04382 batch=0.00000
2026-05-14 07:45:38,411 INFO CSMF2.step_1_1_1.run :: [lat] epoch=29 step=50 mean_l2=0.10103 std_l2=0.13792
2026-05-14 07:45:38,503 INFO CSMF2.step_1_1_1.run :: epoch=29 step=50/429 train_nll=-3054.352
2026-05-14 07:45:47,923 INFO CSMF2.step_1_1_1.run :: [h] epoch=29 step=100 total=0.04386 batch=0.00000
2026-05-14 07:45:47,923 INFO CSMF2.step_1_1_1.run :: [lat] epoch=29 step=100 mean_l2=0.10147 std_l2=0.08972
2026-05-14 07:45:48,014 INFO CSMF2.step_1_1_1.run :: epoch=29 step=100/429 train_nll=-3056.978
2026-05-14 07:45:57,508 INFO CSMF2.step_1_1_1.run :: [h] epoch=29 step=150 total=0.04319 batch=0.00000
2026-05-14 07:45:57,509 INFO CSMF2.step_1_1_1.run :: [lat] epoch=29 step=150 mean_l2=0.11790 std_l2=0.15671
2026-05-14 07:45:57,600 INFO CSMF2.step_1_1_1.run :: epoch=29 step=150/429 train_nll=-3058.595
2026-05-14 07:46:07,020 INFO CSMF2.step_1_1_1.run :: [h] epoch=29 step=200 total=0.04441 batch=0.00000
2026-05-14 07:46:07,021 INFO CSMF2.step_1_1_1.run :: [lat] epoch=29 step=200 mean_l2=0.16463 std_l2=1.02081
2026-05-14 07:46:07,109 INFO CSMF2.step_1_1_1.run :: epoch=29 step=200/429 train_nll=-3052.182
2026-05-14 07:46:16,418 INFO CSMF2.step_1_1_1.run :: [h] epoch=29 step=250 total=0.04408 batch=0.00000
2026-05-14 07:46:16,418 INFO CSMF2.step_1_1_1.run :: [lat] epoch=29 step=250 mean_l2=0.10639 std_l2=0.23207
2026-05-14 07:46:16,510 INFO CSMF2.step_1_1_1.run :: epoch=29 step=250/429 train_nll=-3053.395
2026-05-14 07:46:26,003 INFO CSMF2.step_1_1_1.run :: [h] epoch=29 step=300 total=0.04169 batch=0.00000
2026-05-14 07:46:26,004 INFO CSMF2.step_1_1_1.run :: [lat] epoch=29 step=300 mean_l2=0.09320 std_l2=0.11624
2026-05-14 07:46:26,095 INFO CSMF2.step_1_1_1.run :: epoch=29 step=300/429 train_nll=-3053.596
2026-05-14 07:46:35,479 INFO CSMF2.step_1_1_1.run :: [h] epoch=29 step=350 total=0.04098 batch=0.00000
2026-05-14 07:46:35,479 INFO CSMF2.step_1_1_1.run :: [lat] epoch=29 step=350 mean_l2=0.09608 std_l2=0.11001
2026-05-14 07:46:35,568 INFO CSMF2.step_1_1_1.run :: epoch=29 step=350/429 train_nll=-3051.392
2026-05-14 07:46:44,883 INFO CSMF2.step_1_1_1.run :: [h] epoch=29 step=400 total=0.04286 batch=0.00000
2026-05-14 07:46:44,883 INFO CSMF2.step_1_1_1.run :: [lat] epoch=29 step=400 mean_l2=0.07231 std_l2=0.23353
2026-05-14 07:46:44,974 INFO CSMF2.step_1_1_1.run :: epoch=29 step=400/429 train_nll=-3053.330
2026-05-14 07:46:53,871 INFO CSMF2.step_1_1_1.run :: epoch=29  train_nll=-3052.894  val_nll=-2957.274  t=84.6s
2026-05-14 07:46:53,871 INFO CSMF2.step_1_1_1.run :: [h_std] total=0.04344 batch=0.00000 (no penalty)
2026-05-14 07:46:53,871 INFO CSMF2.step_1_1_1.run :: [lat_epoch] mean_l2=0.11650 std_l2=1.14896 (no penalty)
2026-05-14 07:46:53,871 INFO CSMF2.step_1_1_1.run :: [grad] cond=4.2688 film_gain=0.0000
2026-05-14 07:46:57,608 WARNING CSMF2.step_1_1_1.run :: [exit_gate] fwd_rel=0.791 > target 0.500 (informational; no resume baseline available)
2026-05-14 07:47:04,374 INFO CSMF2.step_1_1_1.run :: [run] FINAL test_nll (sealed 10k) = -2961.015
2026-05-14 07:47:04,983 INFO CSMF2.experiments.step_1_1_1.density_plots :: [plot_latent_density] saved -> CSMF2/experiments/step_1_1_1/results/realnvp_s2_n0.10_seed0_7331cc1a4000/plots/latent_density.png  (ks=0.0291, mean=0.049, std=1.102)
2026-05-14 07:47:05,164 INFO CSMF2.experiments.step_1_1_1.density_plots :: [plot_cycle_density] saved -> CSMF2/experiments/step_1_1_1/results/realnvp_s2_n0.10_seed0_7331cc1a4000/plots/cycle_density.png  (max|err|=5.722e-06 rms=3.511e-07)
2026-05-14 07:47:05,504 INFO CSMF2.experiments.step_1_1_1.density_plots :: [plot_reconstruction_panel] saved -> CSMF2/experiments/step_1_1_1/results/realnvp_s2_n0.10_seed0_7331cc1a4000/plots/reconstruction_panel.png  rms(enc-prior)=1.900
==============================================================
[1mSTEP-1_1_1 RUN SUMMARY[0m
==============================================================
expert: realnvp   scale: 2   noise: 0.1   seed: 0   epochs: 30
train NLL:    -1820.58  ->    -3052.89  (Δ = -1232.32)
test  NLL:    -2212.56  ->    -2957.27

[1mHARD GATES (halt on fail)[0m
  [32m 30/30  ✓[0m  invertibility FP64 <1e-5
  [33m 18/30  ✗[0m  latent KS vs N(0,1) <0.05
  [32m 30/30  ✓[0m  cycle_max < 1e-12
  [32m 30/30  ✓[0m  h std > 1e-3
  [32m 30/30  ✓[0m  FiLM γ,β std > 1e-3 aggregate
  [32m 30/30  ✓[0m  (y,seed) max|Δh| < 1e-6
  [32m 30/30  ✓[0m  no NaN/Inf this epoch
  [32m  1/1   ✓[0m  numeric log-det (FP64, once)

[1mINFORMATIONAL (logged, non-blocking)[0m
  [32m 30/30  ✓[0m  null-control gap ≥ 0.10
  [33m  8/30  ✗[0m  h_st Δlogp slope > 1e-3
  [32m 30/30  ✓[0m  grad norm > 1e-6
  [32m 30/30  ✓[0m  fwd residual reported
--------------------------------------------------------------
[1mHARD TOTAL: 199/211[0m  (94.3%)
[1mEXIT_CRITERIA_MET:[0m [31mNO[0m
[1mREMEDY HINTS:[0m
  - hard gate failed: latent_ks (latent KS vs N(0,1) <0.05) -- check epochs [0, 1, 4, 5, 10, 11, 12, 14, 16, 21, 25, 28]
[33mSTEP-1_1_1 SOFT WARNINGS (non-blocking):[0m
  ! fwd_rel=0.791 > target 0.500 (informational; no resume baseline available)
==============================================================
2026-05-14 07:47:05,574 INFO CSMF2.step_1_1_1.run :: STEP-1_1 run DONE  exit_ok=False  out=CSMF2/experiments/step_1_1_1/results/realnvp_s2_n0.10_seed0_7331cc1a4000
