2026-05-15 12:59:17,195 INFO CSMF2.step_1_1_1.run :: STEP-1_1 run | tag=nsf_s2_n0.10_seed0_6fb3543bf3f8 | cfg=StepCfg(data_root='./mnist_data', scale=2, blur_sigma=1.0, noise_sigma=0.1, batch_size=128, expert='nsf', dim=784, cond_width=128, h_dim=256, flow_hidden=256, use_film=True, cache_h=True, use_v2_conditioner=False, film_depth=2, film_hidden=128, film_use_gelu=True, realnvp_n_couplings=6, realnvp_s_max=2.0, glow_n_steps=8, glow_coupling_hidden=256, glow_s_max=2.0, glow_squeeze=True, glow_n_levels=1, glow_image_c=1, glow_image_h=28, glow_image_w=28, glow_film_gain_init=0.3, lr=0.001, epochs=30, weight_decay=0.0, grad_clip=5.0, shuffle_loss_lambda=0.0, shuffle_loss_margin=0.5, h_std_penalty_mu=0.0, h_std_target=0.05, cond_y_residual_alpha_init=0.0, latent_moment_lambda=0.1, latent_ks_target=0.1, fwd_rel_target=0.5, resume_from=None, seed=0, out_root='./CSMF2/experiments/step_1_1_1/results', log_every=50, sanity_every_epoch=True)
2026-05-15 12:59:17,271 INFO CSMF2.step_1_1_1.run :: [run] data sizes: train=55000  val=5000 (per-epoch)  test=10000 (final-only)
2026-05-15 12:59:17,330 INFO CSMF2.step_1_1_1.run :: [y_sanity] y.std(dim=0).mean() = 0.1512  shape=(128, 1, 14, 14)
2026-05-15 12:59:28,368 INFO CSMF2.step_1_1_1.run :: [h] epoch=0 step=50 total=0.01299 batch=0.00004
2026-05-15 12:59:28,368 INFO CSMF2.step_1_1_1.run :: [lat] epoch=0 step=50 mean_l2=0.26261 std_l2=0.11413
2026-05-15 12:59:28,508 INFO CSMF2.step_1_1_1.run :: epoch=0 step=50/429 train_nll=-2061.531
2026-05-15 12:59:39,613 INFO CSMF2.step_1_1_1.run :: [h] epoch=0 step=100 total=0.01490 batch=0.00004
2026-05-15 12:59:39,614 INFO CSMF2.step_1_1_1.run :: [lat] epoch=0 step=100 mean_l2=0.14649 std_l2=0.06351
2026-05-15 12:59:39,748 INFO CSMF2.step_1_1_1.run :: epoch=0 step=100/429 train_nll=-2619.259
2026-05-15 12:59:50,828 INFO CSMF2.step_1_1_1.run :: [h] epoch=0 step=150 total=0.01588 batch=0.00002
2026-05-15 12:59:50,829 INFO CSMF2.step_1_1_1.run :: [lat] epoch=0 step=150 mean_l2=0.08956 std_l2=0.08680
2026-05-15 12:59:50,963 INFO CSMF2.step_1_1_1.run :: epoch=0 step=150/429 train_nll=-2834.564
2026-05-15 13:00:02,065 INFO CSMF2.step_1_1_1.run :: [h] epoch=0 step=200 total=0.01725 batch=0.00000
2026-05-15 13:00:02,065 INFO CSMF2.step_1_1_1.run :: [lat] epoch=0 step=200 mean_l2=0.06177 std_l2=0.05345
2026-05-15 13:00:02,203 INFO CSMF2.step_1_1_1.run :: epoch=0 step=200/429 train_nll=-2933.801
2026-05-15 13:00:13,357 INFO CSMF2.step_1_1_1.run :: [h] epoch=0 step=250 total=0.01958 batch=0.00000
2026-05-15 13:00:13,358 INFO CSMF2.step_1_1_1.run :: [lat] epoch=0 step=250 mean_l2=0.04915 std_l2=0.03816
2026-05-15 13:00:13,495 INFO CSMF2.step_1_1_1.run :: epoch=0 step=250/429 train_nll=-3014.616
2026-05-15 13:00:24,533 INFO CSMF2.step_1_1_1.run :: [h] epoch=0 step=300 total=0.02106 batch=0.00000
2026-05-15 13:00:24,534 INFO CSMF2.step_1_1_1.run :: [lat] epoch=0 step=300 mean_l2=0.03325 std_l2=0.03131
2026-05-15 13:00:24,668 INFO CSMF2.step_1_1_1.run :: epoch=0 step=300/429 train_nll=-3072.850
2026-05-15 13:00:35,775 INFO CSMF2.step_1_1_1.run :: [h] epoch=0 step=350 total=0.02648 batch=0.00000
2026-05-15 13:00:35,775 INFO CSMF2.step_1_1_1.run :: [lat] epoch=0 step=350 mean_l2=0.02259 std_l2=0.03021
2026-05-15 13:00:35,909 INFO CSMF2.step_1_1_1.run :: epoch=0 step=350/429 train_nll=-3122.162
2026-05-15 13:00:47,008 INFO CSMF2.step_1_1_1.run :: [h] epoch=0 step=400 total=0.02928 batch=0.00000
2026-05-15 13:00:47,008 INFO CSMF2.step_1_1_1.run :: [lat] epoch=0 step=400 mean_l2=0.05865 std_l2=0.03065
2026-05-15 13:00:47,143 INFO CSMF2.step_1_1_1.run :: epoch=0 step=400/429 train_nll=-3160.666
2026-05-15 13:00:57,015 INFO CSMF2.step_1_1_1.run :: epoch=0  train_nll=-3177.994  val_nll=-3450.908  t=99.6s
2026-05-15 13:00:57,015 INFO CSMF2.step_1_1_1.run :: [h_std] total=0.01943 batch=0.00006 (no penalty)
2026-05-15 13:00:57,015 INFO CSMF2.step_1_1_1.run :: [lat_epoch] mean_l2=0.17902 std_l2=0.12471 lambda=0.100
2026-05-15 13:00:57,015 INFO CSMF2.step_1_1_1.run :: [grad] cond=19.0467 film_gain=0.0000
2026-05-15 13:01:11,202 INFO CSMF2.step_1_1_1.run :: [h] epoch=1 step=50 total=0.02978 batch=0.00000
2026-05-15 13:01:11,202 INFO CSMF2.step_1_1_1.run :: [lat] epoch=1 step=50 mean_l2=0.06617 std_l2=0.03230
2026-05-15 13:01:11,335 INFO CSMF2.step_1_1_1.run :: epoch=1 step=50/429 train_nll=-3415.646
2026-05-15 13:01:22,403 INFO CSMF2.step_1_1_1.run :: [h] epoch=1 step=100 total=0.03394 batch=0.00000
2026-05-15 13:01:22,404 INFO CSMF2.step_1_1_1.run :: [lat] epoch=1 step=100 mean_l2=0.09801 std_l2=0.06002
2026-05-15 13:01:22,537 INFO CSMF2.step_1_1_1.run :: epoch=1 step=100/429 train_nll=-3413.968
2026-05-15 13:01:33,732 INFO CSMF2.step_1_1_1.run :: [h] epoch=1 step=150 total=0.03389 batch=0.00000
2026-05-15 13:01:33,733 INFO CSMF2.step_1_1_1.run :: [lat] epoch=1 step=150 mean_l2=0.03036 std_l2=0.03368
2026-05-15 13:01:33,870 INFO CSMF2.step_1_1_1.run :: epoch=1 step=150/429 train_nll=-3418.343
2026-05-15 13:01:45,152 INFO CSMF2.step_1_1_1.run :: [h] epoch=1 step=200 total=0.03741 batch=0.00000
2026-05-15 13:01:45,153 INFO CSMF2.step_1_1_1.run :: [lat] epoch=1 step=200 mean_l2=0.02474 std_l2=0.02602
2026-05-15 13:01:45,295 INFO CSMF2.step_1_1_1.run :: epoch=1 step=200/429 train_nll=-3431.207
2026-05-15 13:01:57,026 INFO CSMF2.step_1_1_1.run :: [h] epoch=1 step=250 total=0.03775 batch=0.00000
2026-05-15 13:01:57,027 INFO CSMF2.step_1_1_1.run :: [lat] epoch=1 step=250 mean_l2=0.03700 std_l2=0.03106
2026-05-15 13:01:57,183 INFO CSMF2.step_1_1_1.run :: epoch=1 step=250/429 train_nll=-3436.130
2026-05-15 13:02:09,432 INFO CSMF2.step_1_1_1.run :: [h] epoch=1 step=300 total=0.03929 batch=0.00000
2026-05-15 13:02:09,433 INFO CSMF2.step_1_1_1.run :: [lat] epoch=1 step=300 mean_l2=0.06129 std_l2=0.02681
2026-05-15 13:02:09,596 INFO CSMF2.step_1_1_1.run :: epoch=1 step=300/429 train_nll=-3441.769
2026-05-15 13:02:22,171 INFO CSMF2.step_1_1_1.run :: [h] epoch=1 step=350 total=0.03986 batch=0.00000
2026-05-15 13:02:22,172 INFO CSMF2.step_1_1_1.run :: [lat] epoch=1 step=350 mean_l2=0.06634 std_l2=0.03690
2026-05-15 13:02:22,342 INFO CSMF2.step_1_1_1.run :: epoch=1 step=350/429 train_nll=-3445.843
2026-05-15 13:02:35,007 INFO CSMF2.step_1_1_1.run :: [h] epoch=1 step=400 total=0.04005 batch=0.00000
2026-05-15 13:02:35,007 INFO CSMF2.step_1_1_1.run :: [lat] epoch=1 step=400 mean_l2=0.03346 std_l2=0.03602
2026-05-15 13:02:35,171 INFO CSMF2.step_1_1_1.run :: epoch=1 step=400/429 train_nll=-3449.247
2026-05-15 13:02:45,802 INFO CSMF2.step_1_1_1.run :: epoch=1  train_nll=-3450.035  val_nll=-3471.849  t=105.6s
2026-05-15 13:02:45,803 INFO CSMF2.step_1_1_1.run :: [h_std] total=0.03633 batch=0.00000 (no penalty)
2026-05-15 13:02:45,803 INFO CSMF2.step_1_1_1.run :: [lat_epoch] mean_l2=0.04428 std_l2=0.03258 lambda=0.100
2026-05-15 13:02:45,803 INFO CSMF2.step_1_1_1.run :: [grad] cond=104.0615 film_gain=0.0000
2026-05-15 13:03:00,266 INFO CSMF2.step_1_1_1.run :: [h] epoch=2 step=50 total=0.04232 batch=0.00000
2026-05-15 13:03:00,267 INFO CSMF2.step_1_1_1.run :: [lat] epoch=2 step=50 mean_l2=0.05567 std_l2=0.03379
2026-05-15 13:03:00,417 INFO CSMF2.step_1_1_1.run :: epoch=2 step=50/429 train_nll=-3489.521
2026-05-15 13:03:11,919 INFO CSMF2.step_1_1_1.run :: [h] epoch=2 step=100 total=0.04120 batch=0.00000
2026-05-15 13:03:11,919 INFO CSMF2.step_1_1_1.run :: [lat] epoch=2 step=100 mean_l2=0.01956 std_l2=0.03040
2026-05-15 13:03:12,071 INFO CSMF2.step_1_1_1.run :: epoch=2 step=100/429 train_nll=-3481.801
2026-05-15 13:03:23,585 INFO CSMF2.step_1_1_1.run :: [h] epoch=2 step=150 total=0.04233 batch=0.00000
2026-05-15 13:03:23,585 INFO CSMF2.step_1_1_1.run :: [lat] epoch=2 step=150 mean_l2=0.02372 std_l2=0.02834
2026-05-15 13:03:23,735 INFO CSMF2.step_1_1_1.run :: epoch=2 step=150/429 train_nll=-3482.523
2026-05-15 13:03:35,234 INFO CSMF2.step_1_1_1.run :: [h] epoch=2 step=200 total=0.04261 batch=0.00000
2026-05-15 13:03:35,234 INFO CSMF2.step_1_1_1.run :: [lat] epoch=2 step=200 mean_l2=0.02022 std_l2=0.02937
2026-05-15 13:03:35,384 INFO CSMF2.step_1_1_1.run :: epoch=2 step=200/429 train_nll=-3488.696
2026-05-15 13:03:46,874 INFO CSMF2.step_1_1_1.run :: [h] epoch=2 step=250 total=0.04345 batch=0.00000
2026-05-15 13:03:46,874 INFO CSMF2.step_1_1_1.run :: [lat] epoch=2 step=250 mean_l2=0.03504 std_l2=0.02635
2026-05-15 13:03:47,023 INFO CSMF2.step_1_1_1.run :: epoch=2 step=250/429 train_nll=-3495.406
2026-05-15 13:03:58,562 INFO CSMF2.step_1_1_1.run :: [h] epoch=2 step=300 total=0.04267 batch=0.00000
2026-05-15 13:03:58,562 INFO CSMF2.step_1_1_1.run :: [lat] epoch=2 step=300 mean_l2=0.02560 std_l2=0.02963
2026-05-15 13:03:58,713 INFO CSMF2.step_1_1_1.run :: epoch=2 step=300/429 train_nll=-3495.827
2026-05-15 13:04:10,334 INFO CSMF2.step_1_1_1.run :: [h] epoch=2 step=350 total=0.04320 batch=0.00000
2026-05-15 13:04:10,335 INFO CSMF2.step_1_1_1.run :: [lat] epoch=2 step=350 mean_l2=0.02654 std_l2=0.02851
2026-05-15 13:04:10,486 INFO CSMF2.step_1_1_1.run :: epoch=2 step=350/429 train_nll=-3499.352
2026-05-15 13:04:22,140 INFO CSMF2.step_1_1_1.run :: [h] epoch=2 step=400 total=0.04335 batch=0.00000
2026-05-15 13:04:22,141 INFO CSMF2.step_1_1_1.run :: [lat] epoch=2 step=400 mean_l2=0.01712 std_l2=0.02334
2026-05-15 13:04:22,295 INFO CSMF2.step_1_1_1.run :: epoch=2 step=400/429 train_nll=-3501.825
2026-05-15 13:04:32,284 INFO CSMF2.step_1_1_1.run :: epoch=2  train_nll=-3503.340  val_nll=-3519.182  t=103.4s
2026-05-15 13:04:32,284 INFO CSMF2.step_1_1_1.run :: [h_std] total=0.04252 batch=0.00000 (no penalty)
2026-05-15 13:04:32,284 INFO CSMF2.step_1_1_1.run :: [lat_epoch] mean_l2=0.02994 std_l2=0.02717 lambda=0.100
2026-05-15 13:04:32,284 INFO CSMF2.step_1_1_1.run :: [grad] cond=171.6849 film_gain=0.0000
2026-05-15 13:04:47,101 INFO CSMF2.step_1_1_1.run :: [h] epoch=3 step=50 total=0.04367 batch=0.00000
2026-05-15 13:04:47,101 INFO CSMF2.step_1_1_1.run :: [lat] epoch=3 step=50 mean_l2=0.03843 std_l2=0.02577
2026-05-15 13:04:47,254 INFO CSMF2.step_1_1_1.run :: epoch=3 step=50/429 train_nll=-3526.216
2026-05-15 13:04:58,912 INFO CSMF2.step_1_1_1.run :: [h] epoch=3 step=100 total=0.04376 batch=0.00000
2026-05-15 13:04:58,913 INFO CSMF2.step_1_1_1.run :: [lat] epoch=3 step=100 mean_l2=0.01916 std_l2=0.02239
2026-05-15 13:04:59,066 INFO CSMF2.step_1_1_1.run :: epoch=3 step=100/429 train_nll=-3527.719
2026-05-15 13:05:10,729 INFO CSMF2.step_1_1_1.run :: [h] epoch=3 step=150 total=0.04392 batch=0.00000
2026-05-15 13:05:10,730 INFO CSMF2.step_1_1_1.run :: [lat] epoch=3 step=150 mean_l2=0.01959 std_l2=0.02435
2026-05-15 13:05:10,883 INFO CSMF2.step_1_1_1.run :: epoch=3 step=150/429 train_nll=-3528.525
2026-05-15 13:05:22,562 INFO CSMF2.step_1_1_1.run :: [h] epoch=3 step=200 total=0.04425 batch=0.00000
2026-05-15 13:05:22,562 INFO CSMF2.step_1_1_1.run :: [lat] epoch=3 step=200 mean_l2=0.03270 std_l2=0.02508
2026-05-15 13:05:22,715 INFO CSMF2.step_1_1_1.run :: epoch=3 step=200/429 train_nll=-3531.843
2026-05-15 13:05:34,424 INFO CSMF2.step_1_1_1.run :: [h] epoch=3 step=250 total=0.04360 batch=0.00000
2026-05-15 13:05:34,425 INFO CSMF2.step_1_1_1.run :: [lat] epoch=3 step=250 mean_l2=0.02273 std_l2=0.02174
2026-05-15 13:05:34,577 INFO CSMF2.step_1_1_1.run :: epoch=3 step=250/429 train_nll=-3529.173
2026-05-15 13:05:46,296 INFO CSMF2.step_1_1_1.run :: [h] epoch=3 step=300 total=0.04344 batch=0.00000
2026-05-15 13:05:46,297 INFO CSMF2.step_1_1_1.run :: [lat] epoch=3 step=300 mean_l2=0.02716 std_l2=0.02967
2026-05-15 13:05:46,450 INFO CSMF2.step_1_1_1.run :: epoch=3 step=300/429 train_nll=-3526.922
2026-05-15 13:05:58,202 INFO CSMF2.step_1_1_1.run :: [h] epoch=3 step=350 total=0.04390 batch=0.00000
2026-05-15 13:05:58,202 INFO CSMF2.step_1_1_1.run :: [lat] epoch=3 step=350 mean_l2=0.02227 std_l2=0.02521
2026-05-15 13:05:58,356 INFO CSMF2.step_1_1_1.run :: epoch=3 step=350/429 train_nll=-3527.569
2026-05-15 13:06:10,102 INFO CSMF2.step_1_1_1.run :: [h] epoch=3 step=400 total=0.04364 batch=0.00000
2026-05-15 13:06:10,102 INFO CSMF2.step_1_1_1.run :: [lat] epoch=3 step=400 mean_l2=0.02336 std_l2=0.02134
2026-05-15 13:06:10,260 INFO CSMF2.step_1_1_1.run :: epoch=3 step=400/429 train_nll=-3530.199
2026-05-15 13:06:20,345 INFO CSMF2.step_1_1_1.run :: epoch=3  train_nll=-3531.656  val_nll=-3556.135  t=104.9s
2026-05-15 13:06:20,346 INFO CSMF2.step_1_1_1.run :: [h_std] total=0.04376 batch=0.00000 (no penalty)
2026-05-15 13:06:20,346 INFO CSMF2.step_1_1_1.run :: [lat_epoch] mean_l2=0.02591 std_l2=0.02520 lambda=0.100
2026-05-15 13:06:20,346 INFO CSMF2.step_1_1_1.run :: [grad] cond=42.3748 film_gain=0.0000
2026-05-15 13:06:39,482 INFO CSMF2.step_1_1_1.run :: [h] epoch=4 step=50 total=0.04366 batch=0.00000
2026-05-15 13:06:39,483 INFO CSMF2.step_1_1_1.run :: [lat] epoch=4 step=50 mean_l2=0.06023 std_l2=0.04208
2026-05-15 13:06:39,679 INFO CSMF2.step_1_1_1.run :: epoch=4 step=50/429 train_nll=-3528.420
2026-05-15 13:06:52,050 INFO CSMF2.step_1_1_1.run :: [h] epoch=4 step=100 total=0.04320 batch=0.00000
2026-05-15 13:06:52,051 INFO CSMF2.step_1_1_1.run :: [lat] epoch=4 step=100 mean_l2=0.03743 std_l2=0.02596
2026-05-15 13:06:52,208 INFO CSMF2.step_1_1_1.run :: epoch=4 step=100/429 train_nll=-3522.247
2026-05-15 13:07:04,086 INFO CSMF2.step_1_1_1.run :: [h] epoch=4 step=150 total=0.04272 batch=0.00000
2026-05-15 13:07:04,086 INFO CSMF2.step_1_1_1.run :: [lat] epoch=4 step=150 mean_l2=0.02499 std_l2=0.02677
2026-05-15 13:07:04,246 INFO CSMF2.step_1_1_1.run :: epoch=4 step=150/429 train_nll=-3520.962
2026-05-15 13:07:16,160 INFO CSMF2.step_1_1_1.run :: [h] epoch=4 step=200 total=0.04314 batch=0.00000
2026-05-15 13:07:16,161 INFO CSMF2.step_1_1_1.run :: [lat] epoch=4 step=200 mean_l2=0.01725 std_l2=0.02092
2026-05-15 13:07:16,318 INFO CSMF2.step_1_1_1.run :: epoch=4 step=200/429 train_nll=-3524.834
2026-05-15 13:07:28,277 INFO CSMF2.step_1_1_1.run :: [h] epoch=4 step=250 total=0.04336 batch=0.00000
2026-05-15 13:07:28,278 INFO CSMF2.step_1_1_1.run :: [lat] epoch=4 step=250 mean_l2=0.01674 std_l2=0.02296
2026-05-15 13:07:28,438 INFO CSMF2.step_1_1_1.run :: epoch=4 step=250/429 train_nll=-3531.457
2026-05-15 13:07:40,357 INFO CSMF2.step_1_1_1.run :: [h] epoch=4 step=300 total=0.04303 batch=0.00000
2026-05-15 13:07:40,358 INFO CSMF2.step_1_1_1.run :: [lat] epoch=4 step=300 mean_l2=0.05902 std_l2=0.02917
2026-05-15 13:07:40,518 INFO CSMF2.step_1_1_1.run :: epoch=4 step=300/429 train_nll=-3533.215
2026-05-15 13:07:52,457 INFO CSMF2.step_1_1_1.run :: [h] epoch=4 step=350 total=0.04337 batch=0.00000
2026-05-15 13:07:52,457 INFO CSMF2.step_1_1_1.run :: [lat] epoch=4 step=350 mean_l2=0.01981 std_l2=0.02455
2026-05-15 13:07:52,614 INFO CSMF2.step_1_1_1.run :: epoch=4 step=350/429 train_nll=-3534.671
2026-05-15 13:08:04,518 INFO CSMF2.step_1_1_1.run :: [h] epoch=4 step=400 total=0.04362 batch=0.00000
2026-05-15 13:08:04,519 INFO CSMF2.step_1_1_1.run :: [lat] epoch=4 step=400 mean_l2=0.03133 std_l2=0.02956
2026-05-15 13:08:04,676 INFO CSMF2.step_1_1_1.run :: epoch=4 step=400/429 train_nll=-3538.085
2026-05-15 13:08:14,890 INFO CSMF2.step_1_1_1.run :: epoch=4  train_nll=-3537.921  val_nll=-3547.798  t=111.3s
2026-05-15 13:08:14,891 INFO CSMF2.step_1_1_1.run :: [h_std] total=0.04328 batch=0.00000 (no penalty)
2026-05-15 13:08:14,891 INFO CSMF2.step_1_1_1.run :: [lat_epoch] mean_l2=0.02962 std_l2=0.02653 lambda=0.100
2026-05-15 13:08:14,891 INFO CSMF2.step_1_1_1.run :: [grad] cond=84.9510 film_gain=0.0000
2026-05-15 13:08:32,231 INFO CSMF2.step_1_1_1.run :: [h] epoch=5 step=50 total=0.04327 batch=0.00000
2026-05-15 13:08:32,232 INFO CSMF2.step_1_1_1.run :: [lat] epoch=5 step=50 mean_l2=0.01468 std_l2=0.02269
2026-05-15 13:08:32,427 INFO CSMF2.step_1_1_1.run :: epoch=5 step=50/429 train_nll=-3563.631
2026-05-15 13:08:48,343 INFO CSMF2.step_1_1_1.run :: [h] epoch=5 step=100 total=0.04301 batch=0.00000
2026-05-15 13:08:48,343 INFO CSMF2.step_1_1_1.run :: [lat] epoch=5 step=100 mean_l2=0.02736 std_l2=0.02148
2026-05-15 13:08:48,542 INFO CSMF2.step_1_1_1.run :: epoch=5 step=100/429 train_nll=-3553.577
2026-05-15 13:09:04,476 INFO CSMF2.step_1_1_1.run :: [h] epoch=5 step=150 total=0.04217 batch=0.00000
2026-05-15 13:09:04,477 INFO CSMF2.step_1_1_1.run :: [lat] epoch=5 step=150 mean_l2=0.02397 std_l2=0.02692
2026-05-15 13:09:04,671 INFO CSMF2.step_1_1_1.run :: epoch=5 step=150/429 train_nll=-3541.346
2026-05-15 13:09:20,550 INFO CSMF2.step_1_1_1.run :: [h] epoch=5 step=200 total=0.04242 batch=0.00000
2026-05-15 13:09:20,551 INFO CSMF2.step_1_1_1.run :: [lat] epoch=5 step=200 mean_l2=0.01679 std_l2=0.02045
2026-05-15 13:09:20,745 INFO CSMF2.step_1_1_1.run :: epoch=5 step=200/429 train_nll=-3543.573
2026-05-15 13:09:35,743 INFO CSMF2.step_1_1_1.run :: [h] epoch=5 step=250 total=0.04234 batch=0.00000
2026-05-15 13:09:35,744 INFO CSMF2.step_1_1_1.run :: [lat] epoch=5 step=250 mean_l2=0.01882 std_l2=0.02385
2026-05-15 13:09:35,895 INFO CSMF2.step_1_1_1.run :: epoch=5 step=250/429 train_nll=-3544.908
2026-05-15 13:09:47,366 INFO CSMF2.step_1_1_1.run :: [h] epoch=5 step=300 total=0.04272 batch=0.00000
2026-05-15 13:09:47,367 INFO CSMF2.step_1_1_1.run :: [lat] epoch=5 step=300 mean_l2=0.02108 std_l2=0.02008
2026-05-15 13:09:47,518 INFO CSMF2.step_1_1_1.run :: epoch=5 step=300/429 train_nll=-3548.300
2026-05-15 13:09:59,003 INFO CSMF2.step_1_1_1.run :: [h] epoch=5 step=350 total=0.04151 batch=0.00000
2026-05-15 13:09:59,004 INFO CSMF2.step_1_1_1.run :: [lat] epoch=5 step=350 mean_l2=0.02220 std_l2=0.02542
2026-05-15 13:09:59,153 INFO CSMF2.step_1_1_1.run :: epoch=5 step=350/429 train_nll=-3547.927
2026-05-15 13:10:10,663 INFO CSMF2.step_1_1_1.run :: [h] epoch=5 step=400 total=0.04226 batch=0.00000
2026-05-15 13:10:10,663 INFO CSMF2.step_1_1_1.run :: [lat] epoch=5 step=400 mean_l2=0.02251 std_l2=0.02531
2026-05-15 13:10:10,813 INFO CSMF2.step_1_1_1.run :: epoch=5 step=400/429 train_nll=-3549.520
2026-05-15 13:10:20,744 INFO CSMF2.step_1_1_1.run :: epoch=5  train_nll=-3549.593  val_nll=-3565.558  t=122.7s
2026-05-15 13:10:20,744 INFO CSMF2.step_1_1_1.run :: [h_std] total=0.04245 batch=0.00000 (no penalty)
2026-05-15 13:10:20,744 INFO CSMF2.step_1_1_1.run :: [lat_epoch] mean_l2=0.02807 std_l2=0.02587 lambda=0.100
2026-05-15 13:10:20,744 INFO CSMF2.step_1_1_1.run :: [grad] cond=44.1063 film_gain=0.0000
2026-05-15 13:10:39,683 INFO CSMF2.step_1_1_1.run :: [h] epoch=6 step=50 total=0.04178 batch=0.00000
2026-05-15 13:10:39,684 INFO CSMF2.step_1_1_1.run :: [lat] epoch=6 step=50 mean_l2=0.03834 std_l2=0.02362
2026-05-15 13:10:39,879 INFO CSMF2.step_1_1_1.run :: epoch=6 step=50/429 train_nll=-3546.651
2026-05-15 13:10:55,743 INFO CSMF2.step_1_1_1.run :: [h] epoch=6 step=100 total=0.04204 batch=0.00000
2026-05-15 13:10:55,744 INFO CSMF2.step_1_1_1.run :: [lat] epoch=6 step=100 mean_l2=0.01629 std_l2=0.02396
2026-05-15 13:10:55,939 INFO CSMF2.step_1_1_1.run :: epoch=6 step=100/429 train_nll=-3556.738
2026-05-15 13:11:11,832 INFO CSMF2.step_1_1_1.run :: [h] epoch=6 step=150 total=0.04159 batch=0.00000
2026-05-15 13:11:11,833 INFO CSMF2.step_1_1_1.run :: [lat] epoch=6 step=150 mean_l2=0.02667 std_l2=0.02821
2026-05-15 13:11:12,029 INFO CSMF2.step_1_1_1.run :: epoch=6 step=150/429 train_nll=-3561.585
2026-05-15 13:11:27,942 INFO CSMF2.step_1_1_1.run :: [h] epoch=6 step=200 total=0.04187 batch=0.00000
2026-05-15 13:11:27,943 INFO CSMF2.step_1_1_1.run :: [lat] epoch=6 step=200 mean_l2=0.02225 std_l2=0.02436
2026-05-15 13:11:28,140 INFO CSMF2.step_1_1_1.run :: epoch=6 step=200/429 train_nll=-3560.617
2026-05-15 13:11:44,056 INFO CSMF2.step_1_1_1.run :: [h] epoch=6 step=250 total=0.04214 batch=0.00000
2026-05-15 13:11:44,057 INFO CSMF2.step_1_1_1.run :: [lat] epoch=6 step=250 mean_l2=0.01445 std_l2=0.02047
2026-05-15 13:11:44,254 INFO CSMF2.step_1_1_1.run :: epoch=6 step=250/429 train_nll=-3564.276
2026-05-15 13:12:00,189 INFO CSMF2.step_1_1_1.run :: [h] epoch=6 step=300 total=0.04220 batch=0.00000
2026-05-15 13:12:00,190 INFO CSMF2.step_1_1_1.run :: [lat] epoch=6 step=300 mean_l2=0.02133 std_l2=0.02275
2026-05-15 13:12:00,387 INFO CSMF2.step_1_1_1.run :: epoch=6 step=300/429 train_nll=-3566.792
2026-05-15 13:12:16,339 INFO CSMF2.step_1_1_1.run :: [h] epoch=6 step=350 total=0.04204 batch=0.00000
2026-05-15 13:12:16,340 INFO CSMF2.step_1_1_1.run :: [lat] epoch=6 step=350 mean_l2=0.03676 std_l2=0.03143
2026-05-15 13:12:16,538 INFO CSMF2.step_1_1_1.run :: epoch=6 step=350/429 train_nll=-3566.426
2026-05-15 13:12:32,551 INFO CSMF2.step_1_1_1.run :: [h] epoch=6 step=400 total=0.04198 batch=0.00000
2026-05-15 13:12:32,552 INFO CSMF2.step_1_1_1.run :: [lat] epoch=6 step=400 mean_l2=0.01391 std_l2=0.01965
2026-05-15 13:12:32,751 INFO CSMF2.step_1_1_1.run :: epoch=6 step=400/429 train_nll=-3567.965
2026-05-15 13:12:47,017 INFO CSMF2.step_1_1_1.run :: epoch=6  train_nll=-3569.390  val_nll=-3577.797  t=143.1s
2026-05-15 13:12:47,017 INFO CSMF2.step_1_1_1.run :: [h_std] total=0.04203 batch=0.00000 (no penalty)
2026-05-15 13:12:47,018 INFO CSMF2.step_1_1_1.run :: [lat_epoch] mean_l2=0.02187 std_l2=0.02407 lambda=0.100
2026-05-15 13:12:47,018 INFO CSMF2.step_1_1_1.run :: [grad] cond=240.7445 film_gain=0.0000
2026-05-15 13:13:01,919 INFO CSMF2.step_1_1_1.run :: [h] epoch=7 step=50 total=0.04190 batch=0.00000
2026-05-15 13:13:01,920 INFO CSMF2.step_1_1_1.run :: [lat] epoch=7 step=50 mean_l2=0.03554 std_l2=0.02580
2026-05-15 13:13:02,080 INFO CSMF2.step_1_1_1.run :: epoch=7 step=50/429 train_nll=-3572.811
2026-05-15 13:13:14,068 INFO CSMF2.step_1_1_1.run :: [h] epoch=7 step=100 total=0.04197 batch=0.00000
2026-05-15 13:13:14,068 INFO CSMF2.step_1_1_1.run :: [lat] epoch=7 step=100 mean_l2=0.01635 std_l2=0.02519
2026-05-15 13:13:14,229 INFO CSMF2.step_1_1_1.run :: epoch=7 step=100/429 train_nll=-3569.869
2026-05-15 13:13:26,196 INFO CSMF2.step_1_1_1.run :: [h] epoch=7 step=150 total=0.04207 batch=0.00000
2026-05-15 13:13:26,197 INFO CSMF2.step_1_1_1.run :: [lat] epoch=7 step=150 mean_l2=0.01554 std_l2=0.01907
2026-05-15 13:13:26,357 INFO CSMF2.step_1_1_1.run :: epoch=7 step=150/429 train_nll=-3575.954
2026-05-15 13:13:38,363 INFO CSMF2.step_1_1_1.run :: [h] epoch=7 step=200 total=0.04150 batch=0.00000
2026-05-15 13:13:38,363 INFO CSMF2.step_1_1_1.run :: [lat] epoch=7 step=200 mean_l2=0.01970 std_l2=0.02522
2026-05-15 13:13:38,525 INFO CSMF2.step_1_1_1.run :: epoch=7 step=200/429 train_nll=-3575.878
2026-05-15 13:13:50,581 INFO CSMF2.step_1_1_1.run :: [h] epoch=7 step=250 total=0.04128 batch=0.00000
2026-05-15 13:13:50,581 INFO CSMF2.step_1_1_1.run :: [lat] epoch=7 step=250 mean_l2=0.02762 std_l2=0.02739
2026-05-15 13:13:50,744 INFO CSMF2.step_1_1_1.run :: epoch=7 step=250/429 train_nll=-3576.320
2026-05-15 13:14:02,834 INFO CSMF2.step_1_1_1.run :: [h] epoch=7 step=300 total=0.04186 batch=0.00000
2026-05-15 13:14:02,835 INFO CSMF2.step_1_1_1.run :: [lat] epoch=7 step=300 mean_l2=0.06203 std_l2=0.02860
2026-05-15 13:14:02,999 INFO CSMF2.step_1_1_1.run :: epoch=7 step=300/429 train_nll=-3574.729
2026-05-15 13:14:15,190 INFO CSMF2.step_1_1_1.run :: [h] epoch=7 step=350 total=0.04161 batch=0.00000
2026-05-15 13:14:15,191 INFO CSMF2.step_1_1_1.run :: [lat] epoch=7 step=350 mean_l2=0.01501 std_l2=0.02099
2026-05-15 13:14:15,355 INFO CSMF2.step_1_1_1.run :: epoch=7 step=350/429 train_nll=-3574.376
2026-05-15 13:14:27,505 INFO CSMF2.step_1_1_1.run :: [h] epoch=7 step=400 total=0.04176 batch=0.00000
2026-05-15 13:14:27,505 INFO CSMF2.step_1_1_1.run :: [lat] epoch=7 step=400 mean_l2=0.01364 std_l2=0.02029
2026-05-15 13:14:27,669 INFO CSMF2.step_1_1_1.run :: epoch=7 step=400/429 train_nll=-3577.273
2026-05-15 13:14:37,987 INFO CSMF2.step_1_1_1.run :: epoch=7  train_nll=-3578.086  val_nll=-3560.749  t=108.0s
2026-05-15 13:14:37,987 INFO CSMF2.step_1_1_1.run :: [h_std] total=0.04169 batch=0.00000 (no penalty)
2026-05-15 13:14:37,987 INFO CSMF2.step_1_1_1.run :: [lat_epoch] mean_l2=0.02265 std_l2=0.02407 lambda=0.100
2026-05-15 13:14:37,988 INFO CSMF2.step_1_1_1.run :: [grad] cond=304.7140 film_gain=0.0000
2026-05-15 13:14:53,003 INFO CSMF2.step_1_1_1.run :: [h] epoch=8 step=50 total=0.04101 batch=0.00000
2026-05-15 13:14:53,004 INFO CSMF2.step_1_1_1.run :: [lat] epoch=8 step=50 mean_l2=0.03746 std_l2=0.02798
2026-05-15 13:14:53,170 INFO CSMF2.step_1_1_1.run :: epoch=8 step=50/429 train_nll=-3563.818
2026-05-15 13:15:05,370 INFO CSMF2.step_1_1_1.run :: [h] epoch=8 step=100 total=0.04140 batch=0.00000
2026-05-15 13:15:05,371 INFO CSMF2.step_1_1_1.run :: [lat] epoch=8 step=100 mean_l2=0.01500 std_l2=0.02067
2026-05-15 13:15:05,537 INFO CSMF2.step_1_1_1.run :: epoch=8 step=100/429 train_nll=-3570.795
2026-05-15 13:15:17,726 INFO CSMF2.step_1_1_1.run :: [h] epoch=8 step=150 total=0.04160 batch=0.00000
2026-05-15 13:15:17,727 INFO CSMF2.step_1_1_1.run :: [lat] epoch=8 step=150 mean_l2=0.03066 std_l2=0.02663
2026-05-15 13:15:17,892 INFO CSMF2.step_1_1_1.run :: epoch=8 step=150/429 train_nll=-3576.996
2026-05-15 13:15:30,057 INFO CSMF2.step_1_1_1.run :: [h] epoch=8 step=200 total=0.04122 batch=0.00000
2026-05-15 13:15:30,058 INFO CSMF2.step_1_1_1.run :: [lat] epoch=8 step=200 mean_l2=0.01547 std_l2=0.02086
2026-05-15 13:15:30,223 INFO CSMF2.step_1_1_1.run :: epoch=8 step=200/429 train_nll=-3576.420
2026-05-15 13:15:42,391 INFO CSMF2.step_1_1_1.run :: [h] epoch=8 step=250 total=0.04159 batch=0.00000
2026-05-15 13:15:42,391 INFO CSMF2.step_1_1_1.run :: [lat] epoch=8 step=250 mean_l2=0.01422 std_l2=0.02065
2026-05-15 13:15:42,557 INFO CSMF2.step_1_1_1.run :: epoch=8 step=250/429 train_nll=-3581.226
2026-05-15 13:15:54,730 INFO CSMF2.step_1_1_1.run :: [h] epoch=8 step=300 total=0.04035 batch=0.00000
2026-05-15 13:15:54,731 INFO CSMF2.step_1_1_1.run :: [lat] epoch=8 step=300 mean_l2=0.03150 std_l2=0.02295
2026-05-15 13:15:54,895 INFO CSMF2.step_1_1_1.run :: epoch=8 step=300/429 train_nll=-3581.318
2026-05-15 13:16:06,962 INFO CSMF2.step_1_1_1.run :: [h] epoch=8 step=350 total=0.04064 batch=0.00000
2026-05-15 13:16:06,962 INFO CSMF2.step_1_1_1.run :: [lat] epoch=8 step=350 mean_l2=0.03044 std_l2=0.02523
2026-05-15 13:16:07,124 INFO CSMF2.step_1_1_1.run :: epoch=8 step=350/429 train_nll=-3579.647
2026-05-15 13:16:19,160 INFO CSMF2.step_1_1_1.run :: [h] epoch=8 step=400 total=0.04073 batch=0.00000
2026-05-15 13:16:19,161 INFO CSMF2.step_1_1_1.run :: [lat] epoch=8 step=400 mean_l2=0.01691 std_l2=0.02265
2026-05-15 13:16:19,323 INFO CSMF2.step_1_1_1.run :: epoch=8 step=400/429 train_nll=-3578.889
2026-05-15 13:16:29,548 INFO CSMF2.step_1_1_1.run :: epoch=8  train_nll=-3579.957  val_nll=-3600.200  t=108.6s
2026-05-15 13:16:29,548 INFO CSMF2.step_1_1_1.run :: [h_std] total=0.04116 batch=0.00000 (no penalty)
2026-05-15 13:16:29,548 INFO CSMF2.step_1_1_1.run :: [lat_epoch] mean_l2=0.02385 std_l2=0.02473 lambda=0.100
2026-05-15 13:16:29,548 INFO CSMF2.step_1_1_1.run :: [grad] cond=22.0574 film_gain=0.0000
2026-05-15 13:16:44,890 INFO CSMF2.step_1_1_1.run :: [h] epoch=9 step=50 total=0.04079 batch=0.00000
2026-05-15 13:16:44,890 INFO CSMF2.step_1_1_1.run :: [lat] epoch=9 step=50 mean_l2=0.01352 std_l2=0.02148
2026-05-15 13:16:45,058 INFO CSMF2.step_1_1_1.run :: epoch=9 step=50/429 train_nll=-3603.104
2026-05-15 13:16:57,317 INFO CSMF2.step_1_1_1.run :: [h] epoch=9 step=100 total=0.04069 batch=0.00000
2026-05-15 13:16:57,318 INFO CSMF2.step_1_1_1.run :: [lat] epoch=9 step=100 mean_l2=0.02300 std_l2=0.01977
2026-05-15 13:16:57,486 INFO CSMF2.step_1_1_1.run :: epoch=9 step=100/429 train_nll=-3596.248
2026-05-15 13:17:09,757 INFO CSMF2.step_1_1_1.run :: [h] epoch=9 step=150 total=0.04039 batch=0.00000
2026-05-15 13:17:09,758 INFO CSMF2.step_1_1_1.run :: [lat] epoch=9 step=150 mean_l2=0.03500 std_l2=0.02910
2026-05-15 13:17:09,925 INFO CSMF2.step_1_1_1.run :: epoch=9 step=150/429 train_nll=-3586.308
2026-05-15 13:17:22,196 INFO CSMF2.step_1_1_1.run :: [h] epoch=9 step=200 total=0.03986 batch=0.00000
2026-05-15 13:17:22,196 INFO CSMF2.step_1_1_1.run :: [lat] epoch=9 step=200 mean_l2=0.01686 std_l2=0.01840
2026-05-15 13:17:22,363 INFO CSMF2.step_1_1_1.run :: epoch=9 step=200/429 train_nll=-3584.000
2026-05-15 13:17:34,664 INFO CSMF2.step_1_1_1.run :: [h] epoch=9 step=250 total=0.04021 batch=0.00000
2026-05-15 13:17:34,664 INFO CSMF2.step_1_1_1.run :: [lat] epoch=9 step=250 mean_l2=0.01195 std_l2=0.02104
2026-05-15 13:17:34,832 INFO CSMF2.step_1_1_1.run :: epoch=9 step=250/429 train_nll=-3588.338
2026-05-15 13:17:47,127 INFO CSMF2.step_1_1_1.run :: [h] epoch=9 step=300 total=0.04045 batch=0.00000
2026-05-15 13:17:47,128 INFO CSMF2.step_1_1_1.run :: [lat] epoch=9 step=300 mean_l2=0.01454 std_l2=0.02110
2026-05-15 13:17:47,296 INFO CSMF2.step_1_1_1.run :: epoch=9 step=300/429 train_nll=-3591.791
2026-05-15 13:17:59,621 INFO CSMF2.step_1_1_1.run :: [h] epoch=9 step=350 total=0.04014 batch=0.00000
2026-05-15 13:17:59,621 INFO CSMF2.step_1_1_1.run :: [lat] epoch=9 step=350 mean_l2=0.02129 std_l2=0.02270
2026-05-15 13:17:59,789 INFO CSMF2.step_1_1_1.run :: epoch=9 step=350/429 train_nll=-3591.925
2026-05-15 13:18:12,135 INFO CSMF2.step_1_1_1.run :: [h] epoch=9 step=400 total=0.04036 batch=0.00000
2026-05-15 13:18:12,136 INFO CSMF2.step_1_1_1.run :: [lat] epoch=9 step=400 mean_l2=0.01346 std_l2=0.02150
2026-05-15 13:18:12,304 INFO CSMF2.step_1_1_1.run :: epoch=9 step=400/429 train_nll=-3593.155
2026-05-15 13:18:22,727 INFO CSMF2.step_1_1_1.run :: epoch=9  train_nll=-3594.125  val_nll=-3611.209  t=110.0s
2026-05-15 13:18:22,727 INFO CSMF2.step_1_1_1.run :: [h_std] total=0.04036 batch=0.00000 (no penalty)
2026-05-15 13:18:22,727 INFO CSMF2.step_1_1_1.run :: [lat_epoch] mean_l2=0.01950 std_l2=0.02308 lambda=0.100
2026-05-15 13:18:22,727 INFO CSMF2.step_1_1_1.run :: [grad] cond=191.5258 film_gain=0.0000
2026-05-15 13:18:37,861 INFO CSMF2.step_1_1_1.run :: [h] epoch=10 step=50 total=0.04029 batch=0.00000
2026-05-15 13:18:37,861 INFO CSMF2.step_1_1_1.run :: [lat] epoch=10 step=50 mean_l2=0.01468 std_l2=0.02026
2026-05-15 13:18:38,030 INFO CSMF2.step_1_1_1.run :: epoch=10 step=50/429 train_nll=-3611.876
2026-05-15 13:18:50,393 INFO CSMF2.step_1_1_1.run :: [h] epoch=10 step=100 total=0.04036 batch=0.00000
2026-05-15 13:18:50,393 INFO CSMF2.step_1_1_1.run :: [lat] epoch=10 step=100 mean_l2=0.03896 std_l2=0.02436
2026-05-15 13:18:50,563 INFO CSMF2.step_1_1_1.run :: epoch=10 step=100/429 train_nll=-3607.662
2026-05-15 13:19:02,958 INFO CSMF2.step_1_1_1.run :: [h] epoch=10 step=150 total=0.04048 batch=0.00000
2026-05-15 13:19:02,958 INFO CSMF2.step_1_1_1.run :: [lat] epoch=10 step=150 mean_l2=0.01756 std_l2=0.02000
2026-05-15 13:19:03,129 INFO CSMF2.step_1_1_1.run :: epoch=10 step=150/429 train_nll=-3606.039
2026-05-15 13:19:15,559 INFO CSMF2.step_1_1_1.run :: [h] epoch=10 step=200 total=0.04046 batch=0.00000
2026-05-15 13:19:15,559 INFO CSMF2.step_1_1_1.run :: [lat] epoch=10 step=200 mean_l2=0.01755 std_l2=0.02203
2026-05-15 13:19:15,729 INFO CSMF2.step_1_1_1.run :: epoch=10 step=200/429 train_nll=-3606.112
2026-05-15 13:19:28,170 INFO CSMF2.step_1_1_1.run :: [h] epoch=10 step=250 total=0.04043 batch=0.00000
2026-05-15 13:19:28,170 INFO CSMF2.step_1_1_1.run :: [lat] epoch=10 step=250 mean_l2=0.02057 std_l2=0.02002
2026-05-15 13:19:28,341 INFO CSMF2.step_1_1_1.run :: epoch=10 step=250/429 train_nll=-3606.595
2026-05-15 13:19:40,861 INFO CSMF2.step_1_1_1.run :: [h] epoch=10 step=300 total=0.04038 batch=0.00000
2026-05-15 13:19:40,861 INFO CSMF2.step_1_1_1.run :: [lat] epoch=10 step=300 mean_l2=0.01748 std_l2=0.02261
2026-05-15 13:19:41,033 INFO CSMF2.step_1_1_1.run :: epoch=10 step=300/429 train_nll=-3606.297
2026-05-15 13:19:53,452 INFO CSMF2.step_1_1_1.run :: [h] epoch=10 step=350 total=0.03995 batch=0.00000
2026-05-15 13:19:53,453 INFO CSMF2.step_1_1_1.run :: [lat] epoch=10 step=350 mean_l2=0.02092 std_l2=0.02687
2026-05-15 13:19:53,623 INFO CSMF2.step_1_1_1.run :: epoch=10 step=350/429 train_nll=-3603.247
2026-05-15 13:20:06,052 INFO CSMF2.step_1_1_1.run :: [h] epoch=10 step=400 total=0.03972 batch=0.00000
2026-05-15 13:20:06,053 INFO CSMF2.step_1_1_1.run :: [lat] epoch=10 step=400 mean_l2=0.01542 std_l2=0.02008
2026-05-15 13:20:06,224 INFO CSMF2.step_1_1_1.run :: epoch=10 step=400/429 train_nll=-3600.422
2026-05-15 13:20:16,697 INFO CSMF2.step_1_1_1.run :: epoch=10  train_nll=-3600.904  val_nll=-3611.504  t=111.1s
2026-05-15 13:20:16,698 INFO CSMF2.step_1_1_1.run :: [h_std] total=0.04030 batch=0.00000 (no penalty)
2026-05-15 13:20:16,698 INFO CSMF2.step_1_1_1.run :: [lat_epoch] mean_l2=0.01964 std_l2=0.02293 lambda=0.100
2026-05-15 13:20:16,698 INFO CSMF2.step_1_1_1.run :: [grad] cond=14.8856 film_gain=0.0000
2026-05-15 13:20:31,989 INFO CSMF2.step_1_1_1.run :: [h] epoch=11 step=50 total=0.03994 batch=0.00000
2026-05-15 13:20:31,990 INFO CSMF2.step_1_1_1.run :: [lat] epoch=11 step=50 mean_l2=0.01514 std_l2=0.02111
2026-05-15 13:20:32,162 INFO CSMF2.step_1_1_1.run :: epoch=11 step=50/429 train_nll=-3615.043
2026-05-15 13:20:44,668 INFO CSMF2.step_1_1_1.run :: [h] epoch=11 step=100 total=0.04015 batch=0.00000
2026-05-15 13:20:44,669 INFO CSMF2.step_1_1_1.run :: [lat] epoch=11 step=100 mean_l2=0.01641 std_l2=0.02232
2026-05-15 13:20:44,841 INFO CSMF2.step_1_1_1.run :: epoch=11 step=100/429 train_nll=-3614.741
2026-05-15 13:20:57,392 INFO CSMF2.step_1_1_1.run :: [h] epoch=11 step=150 total=0.04018 batch=0.00000
2026-05-15 13:20:57,392 INFO CSMF2.step_1_1_1.run :: [lat] epoch=11 step=150 mean_l2=0.01482 std_l2=0.01990
2026-05-15 13:20:57,565 INFO CSMF2.step_1_1_1.run :: epoch=11 step=150/429 train_nll=-3614.773
2026-05-15 13:21:10,109 INFO CSMF2.step_1_1_1.run :: [h] epoch=11 step=200 total=0.04009 batch=0.00000
2026-05-15 13:21:10,109 INFO CSMF2.step_1_1_1.run :: [lat] epoch=11 step=200 mean_l2=0.01455 std_l2=0.02101
2026-05-15 13:21:10,282 INFO CSMF2.step_1_1_1.run :: epoch=11 step=200/429 train_nll=-3615.500
2026-05-15 13:21:22,829 INFO CSMF2.step_1_1_1.run :: [h] epoch=11 step=250 total=0.04018 batch=0.00000
2026-05-15 13:21:22,830 INFO CSMF2.step_1_1_1.run :: [lat] epoch=11 step=250 mean_l2=0.02947 std_l2=0.04230
2026-05-15 13:21:23,004 INFO CSMF2.step_1_1_1.run :: epoch=11 step=250/429 train_nll=-3613.667
2026-05-15 13:21:35,559 INFO CSMF2.step_1_1_1.run :: [h] epoch=11 step=300 total=0.03976 batch=0.00000
2026-05-15 13:21:35,560 INFO CSMF2.step_1_1_1.run :: [lat] epoch=11 step=300 mean_l2=0.01972 std_l2=0.02603
2026-05-15 13:21:35,733 INFO CSMF2.step_1_1_1.run :: epoch=11 step=300/429 train_nll=-3608.710
2026-05-15 13:21:48,232 INFO CSMF2.step_1_1_1.run :: [h] epoch=11 step=350 total=0.03986 batch=0.00000
2026-05-15 13:21:48,233 INFO CSMF2.step_1_1_1.run :: [lat] epoch=11 step=350 mean_l2=0.01379 std_l2=0.02265
2026-05-15 13:21:48,404 INFO CSMF2.step_1_1_1.run :: epoch=11 step=350/429 train_nll=-3609.228
2026-05-15 13:22:00,864 INFO CSMF2.step_1_1_1.run :: [h] epoch=11 step=400 total=0.03972 batch=0.00000
2026-05-15 13:22:00,864 INFO CSMF2.step_1_1_1.run :: [lat] epoch=11 step=400 mean_l2=0.02465 std_l2=0.02074
2026-05-15 13:22:01,036 INFO CSMF2.step_1_1_1.run :: epoch=11 step=400/429 train_nll=-3610.137
2026-05-15 13:22:11,534 INFO CSMF2.step_1_1_1.run :: epoch=11  train_nll=-3609.385  val_nll=-3607.404  t=112.0s
2026-05-15 13:22:11,534 INFO CSMF2.step_1_1_1.run :: [h_std] total=0.03995 batch=0.00000 (no penalty)
2026-05-15 13:22:11,534 INFO CSMF2.step_1_1_1.run :: [lat_epoch] mean_l2=0.01796 std_l2=0.02208 lambda=0.100
2026-05-15 13:22:11,534 INFO CSMF2.step_1_1_1.run :: [grad] cond=23.1204 film_gain=0.0000
2026-05-15 13:22:26,997 INFO CSMF2.step_1_1_1.run :: [h] epoch=12 step=50 total=0.03951 batch=0.00000
2026-05-15 13:22:26,998 INFO CSMF2.step_1_1_1.run :: [lat] epoch=12 step=50 mean_l2=0.01574 std_l2=0.02300
2026-05-15 13:22:27,170 INFO CSMF2.step_1_1_1.run :: epoch=12 step=50/429 train_nll=-3590.938
2026-05-15 13:22:39,708 INFO CSMF2.step_1_1_1.run :: [h] epoch=12 step=100 total=0.03954 batch=0.00000
2026-05-15 13:22:39,709 INFO CSMF2.step_1_1_1.run :: [lat] epoch=12 step=100 mean_l2=0.01647 std_l2=0.02260
2026-05-15 13:22:39,881 INFO CSMF2.step_1_1_1.run :: epoch=12 step=100/429 train_nll=-3602.558
2026-05-15 13:22:52,449 INFO CSMF2.step_1_1_1.run :: [h] epoch=12 step=150 total=0.03885 batch=0.00000
2026-05-15 13:22:52,450 INFO CSMF2.step_1_1_1.run :: [lat] epoch=12 step=150 mean_l2=0.03677 std_l2=0.02416
2026-05-15 13:22:52,624 INFO CSMF2.step_1_1_1.run :: epoch=12 step=150/429 train_nll=-3594.208
2026-05-15 13:23:05,216 INFO CSMF2.step_1_1_1.run :: [h] epoch=12 step=200 total=0.03876 batch=0.00000
2026-05-15 13:23:05,216 INFO CSMF2.step_1_1_1.run :: [lat] epoch=12 step=200 mean_l2=0.02146 std_l2=0.02620
2026-05-15 13:23:05,388 INFO CSMF2.step_1_1_1.run :: epoch=12 step=200/429 train_nll=-3586.629
2026-05-15 13:23:17,936 INFO CSMF2.step_1_1_1.run :: [h] epoch=12 step=250 total=0.03840 batch=0.00000
2026-05-15 13:23:17,937 INFO CSMF2.step_1_1_1.run :: [lat] epoch=12 step=250 mean_l2=0.03322 std_l2=0.02683
2026-05-15 13:23:18,109 INFO CSMF2.step_1_1_1.run :: epoch=12 step=250/429 train_nll=-3586.080
2026-05-15 13:23:30,638 INFO CSMF2.step_1_1_1.run :: [h] epoch=12 step=300 total=0.03872 batch=0.00000
2026-05-15 13:23:30,639 INFO CSMF2.step_1_1_1.run :: [lat] epoch=12 step=300 mean_l2=0.01572 std_l2=0.02297
2026-05-15 13:23:30,815 INFO CSMF2.step_1_1_1.run :: epoch=12 step=300/429 train_nll=-3587.123
2026-05-15 13:23:43,323 INFO CSMF2.step_1_1_1.run :: [h] epoch=12 step=350 total=0.03879 batch=0.00000
2026-05-15 13:23:43,324 INFO CSMF2.step_1_1_1.run :: [lat] epoch=12 step=350 mean_l2=0.01244 std_l2=0.01948
2026-05-15 13:23:43,495 INFO CSMF2.step_1_1_1.run :: epoch=12 step=350/429 train_nll=-3591.391
2026-05-15 13:23:55,995 INFO CSMF2.step_1_1_1.run :: [h] epoch=12 step=400 total=0.03868 batch=0.00000
2026-05-15 13:23:55,996 INFO CSMF2.step_1_1_1.run :: [lat] epoch=12 step=400 mean_l2=0.01434 std_l2=0.02108
2026-05-15 13:23:56,168 INFO CSMF2.step_1_1_1.run :: epoch=12 step=400/429 train_nll=-3595.606
2026-05-15 13:24:06,667 INFO CSMF2.step_1_1_1.run :: epoch=12  train_nll=-3597.486  val_nll=-3621.634  t=112.2s
2026-05-15 13:24:06,667 INFO CSMF2.step_1_1_1.run :: [h_std] total=0.03895 batch=0.00000 (no penalty)
2026-05-15 13:24:06,667 INFO CSMF2.step_1_1_1.run :: [lat_epoch] mean_l2=0.02335 std_l2=0.02426 lambda=0.100
2026-05-15 13:24:06,667 INFO CSMF2.step_1_1_1.run :: [grad] cond=12.4263 film_gain=0.0000
2026-05-15 13:24:22,118 INFO CSMF2.step_1_1_1.run :: [h] epoch=13 step=50 total=0.03886 batch=0.00000
2026-05-15 13:24:22,119 INFO CSMF2.step_1_1_1.run :: [lat] epoch=13 step=50 mean_l2=0.01627 std_l2=0.02262
2026-05-15 13:24:22,293 INFO CSMF2.step_1_1_1.run :: epoch=13 step=50/429 train_nll=-3617.803
2026-05-15 13:24:34,879 INFO CSMF2.step_1_1_1.run :: [h] epoch=13 step=100 total=0.03894 batch=0.00000
2026-05-15 13:24:34,880 INFO CSMF2.step_1_1_1.run :: [lat] epoch=13 step=100 mean_l2=0.01580 std_l2=0.02040
2026-05-15 13:24:35,054 INFO CSMF2.step_1_1_1.run :: epoch=13 step=100/429 train_nll=-3618.539
2026-05-15 13:24:47,662 INFO CSMF2.step_1_1_1.run :: [h] epoch=13 step=150 total=0.03887 batch=0.00000
2026-05-15 13:24:47,662 INFO CSMF2.step_1_1_1.run :: [lat] epoch=13 step=150 mean_l2=0.02020 std_l2=0.02407
2026-05-15 13:24:47,835 INFO CSMF2.step_1_1_1.run :: epoch=13 step=150/429 train_nll=-3617.431
2026-05-15 13:25:00,423 INFO CSMF2.step_1_1_1.run :: [h] epoch=13 step=200 total=0.03865 batch=0.00000
2026-05-15 13:25:00,423 INFO CSMF2.step_1_1_1.run :: [lat] epoch=13 step=200 mean_l2=0.01424 std_l2=0.01999
2026-05-15 13:25:00,593 INFO CSMF2.step_1_1_1.run :: epoch=13 step=200/429 train_nll=-3616.658
2026-05-15 13:25:13,226 INFO CSMF2.step_1_1_1.run :: [h] epoch=13 step=250 total=0.03862 batch=0.00000
2026-05-15 13:25:13,226 INFO CSMF2.step_1_1_1.run :: [lat] epoch=13 step=250 mean_l2=0.01507 std_l2=0.02054
2026-05-15 13:25:13,398 INFO CSMF2.step_1_1_1.run :: epoch=13 step=250/429 train_nll=-3618.497
2026-05-15 13:25:26,086 INFO CSMF2.step_1_1_1.run :: [h] epoch=13 step=300 total=0.03855 batch=0.00000
2026-05-15 13:25:26,086 INFO CSMF2.step_1_1_1.run :: [lat] epoch=13 step=300 mean_l2=0.01718 std_l2=0.02074
2026-05-15 13:25:26,259 INFO CSMF2.step_1_1_1.run :: epoch=13 step=300/429 train_nll=-3616.512
2026-05-15 13:25:38,993 INFO CSMF2.step_1_1_1.run :: [h] epoch=13 step=350 total=0.03860 batch=0.00000
2026-05-15 13:25:38,993 INFO CSMF2.step_1_1_1.run :: [lat] epoch=13 step=350 mean_l2=0.01480 std_l2=0.01883
2026-05-15 13:25:39,171 INFO CSMF2.step_1_1_1.run :: epoch=13 step=350/429 train_nll=-3617.606
2026-05-15 13:25:51,980 INFO CSMF2.step_1_1_1.run :: [h] epoch=13 step=400 total=0.03866 batch=0.00000
2026-05-15 13:25:51,981 INFO CSMF2.step_1_1_1.run :: [lat] epoch=13 step=400 mean_l2=0.02217 std_l2=0.02531
2026-05-15 13:25:52,162 INFO CSMF2.step_1_1_1.run :: epoch=13 step=400/429 train_nll=-3617.999
2026-05-15 13:26:03,072 INFO CSMF2.step_1_1_1.run :: epoch=13  train_nll=-3616.923  val_nll=-3616.391  t=113.5s
2026-05-15 13:26:03,072 INFO CSMF2.step_1_1_1.run :: [h_std] total=0.03870 batch=0.00000 (no penalty)
2026-05-15 13:26:03,072 INFO CSMF2.step_1_1_1.run :: [lat_epoch] mean_l2=0.01780 std_l2=0.02194 lambda=0.100
2026-05-15 13:26:03,072 INFO CSMF2.step_1_1_1.run :: [grad] cond=36.3011 film_gain=0.0000
2026-05-15 13:26:19,520 INFO CSMF2.step_1_1_1.run :: [h] epoch=14 step=50 total=0.03844 batch=0.00000
2026-05-15 13:26:19,520 INFO CSMF2.step_1_1_1.run :: [lat] epoch=14 step=50 mean_l2=0.01505 std_l2=0.01915
2026-05-15 13:26:19,708 INFO CSMF2.step_1_1_1.run :: epoch=14 step=50/429 train_nll=-3624.882
2026-05-15 13:26:33,325 INFO CSMF2.step_1_1_1.run :: [h] epoch=14 step=100 total=0.03844 batch=0.00000
2026-05-15 13:26:33,325 INFO CSMF2.step_1_1_1.run :: [lat] epoch=14 step=100 mean_l2=0.01422 std_l2=0.02176
2026-05-15 13:26:33,516 INFO CSMF2.step_1_1_1.run :: epoch=14 step=100/429 train_nll=-3623.874
2026-05-15 13:26:47,104 INFO CSMF2.step_1_1_1.run :: [h] epoch=14 step=150 total=0.03858 batch=0.00000
2026-05-15 13:26:47,104 INFO CSMF2.step_1_1_1.run :: [lat] epoch=14 step=150 mean_l2=0.01414 std_l2=0.01857
2026-05-15 13:26:47,293 INFO CSMF2.step_1_1_1.run :: epoch=14 step=150/429 train_nll=-3624.453
2026-05-15 13:27:00,831 INFO CSMF2.step_1_1_1.run :: [h] epoch=14 step=200 total=0.03843 batch=0.00000
2026-05-15 13:27:00,831 INFO CSMF2.step_1_1_1.run :: [lat] epoch=14 step=200 mean_l2=0.02713 std_l2=0.02824
2026-05-15 13:27:01,017 INFO CSMF2.step_1_1_1.run :: epoch=14 step=200/429 train_nll=-3625.163
2026-05-15 13:27:14,529 INFO CSMF2.step_1_1_1.run :: [h] epoch=14 step=250 total=0.03818 batch=0.00000
2026-05-15 13:27:14,530 INFO CSMF2.step_1_1_1.run :: [lat] epoch=14 step=250 mean_l2=0.05350 std_l2=0.04293
2026-05-15 13:27:14,718 INFO CSMF2.step_1_1_1.run :: epoch=14 step=250/429 train_nll=-3618.505
2026-05-15 13:27:28,302 INFO CSMF2.step_1_1_1.run :: [h] epoch=14 step=300 total=0.03776 batch=0.00000
2026-05-15 13:27:28,303 INFO CSMF2.step_1_1_1.run :: [lat] epoch=14 step=300 mean_l2=0.01255 std_l2=0.01821
2026-05-15 13:27:28,485 INFO CSMF2.step_1_1_1.run :: epoch=14 step=300/429 train_nll=-3616.261
2026-05-15 13:27:41,893 INFO CSMF2.step_1_1_1.run :: [h] epoch=14 step=350 total=0.03791 batch=0.00000
2026-05-15 13:27:41,893 INFO CSMF2.step_1_1_1.run :: [lat] epoch=14 step=350 mean_l2=0.01360 std_l2=0.02053
2026-05-15 13:27:42,077 INFO CSMF2.step_1_1_1.run :: epoch=14 step=350/429 train_nll=-3618.047
2026-05-15 13:27:55,494 INFO CSMF2.step_1_1_1.run :: [h] epoch=14 step=400 total=0.03786 batch=0.00000
2026-05-15 13:27:55,495 INFO CSMF2.step_1_1_1.run :: [lat] epoch=14 step=400 mean_l2=0.01380 std_l2=0.01993
2026-05-15 13:27:55,678 INFO CSMF2.step_1_1_1.run :: epoch=14 step=400/429 train_nll=-3620.107
2026-05-15 13:28:06,932 INFO CSMF2.step_1_1_1.run :: epoch=14  train_nll=-3620.815  val_nll=-3629.826  t=120.9s
2026-05-15 13:28:06,932 INFO CSMF2.step_1_1_1.run :: [h_std] total=0.03814 batch=0.00000 (no penalty)
2026-05-15 13:28:06,932 INFO CSMF2.step_1_1_1.run :: [lat_epoch] mean_l2=0.01689 std_l2=0.02181 lambda=0.100
2026-05-15 13:28:06,932 INFO CSMF2.step_1_1_1.run :: [grad] cond=79.8888 film_gain=0.0000
2026-05-15 13:28:23,223 INFO CSMF2.step_1_1_1.run :: [h] epoch=15 step=50 total=0.03793 batch=0.00000
2026-05-15 13:28:23,223 INFO CSMF2.step_1_1_1.run :: [lat] epoch=15 step=50 mean_l2=0.01427 std_l2=0.01824
2026-05-15 13:28:23,406 INFO CSMF2.step_1_1_1.run :: epoch=15 step=50/429 train_nll=-3632.132
2026-05-15 13:28:36,750 INFO CSMF2.step_1_1_1.run :: [h] epoch=15 step=100 total=0.03812 batch=0.00000
2026-05-15 13:28:36,751 INFO CSMF2.step_1_1_1.run :: [lat] epoch=15 step=100 mean_l2=0.01467 std_l2=0.01984
2026-05-15 13:28:36,934 INFO CSMF2.step_1_1_1.run :: epoch=15 step=100/429 train_nll=-3631.481
2026-05-15 13:28:50,288 INFO CSMF2.step_1_1_1.run :: [h] epoch=15 step=150 total=0.03790 batch=0.00000
2026-05-15 13:28:50,289 INFO CSMF2.step_1_1_1.run :: [lat] epoch=15 step=150 mean_l2=0.01878 std_l2=0.01970
2026-05-15 13:28:50,473 INFO CSMF2.step_1_1_1.run :: epoch=15 step=150/429 train_nll=-3626.872
2026-05-15 13:29:03,841 INFO CSMF2.step_1_1_1.run :: [h] epoch=15 step=200 total=0.03780 batch=0.00000
2026-05-15 13:29:03,841 INFO CSMF2.step_1_1_1.run :: [lat] epoch=15 step=200 mean_l2=0.01332 std_l2=0.02124
2026-05-15 13:29:04,025 INFO CSMF2.step_1_1_1.run :: epoch=15 step=200/429 train_nll=-3627.552
2026-05-15 13:29:17,381 INFO CSMF2.step_1_1_1.run :: [h] epoch=15 step=250 total=0.03781 batch=0.00000
2026-05-15 13:29:17,381 INFO CSMF2.step_1_1_1.run :: [lat] epoch=15 step=250 mean_l2=0.01506 std_l2=0.02025
2026-05-15 13:29:17,565 INFO CSMF2.step_1_1_1.run :: epoch=15 step=250/429 train_nll=-3628.525
2026-05-15 13:29:30,928 INFO CSMF2.step_1_1_1.run :: [h] epoch=15 step=300 total=0.03801 batch=0.00000
2026-05-15 13:29:30,928 INFO CSMF2.step_1_1_1.run :: [lat] epoch=15 step=300 mean_l2=0.01344 std_l2=0.01929
2026-05-15 13:29:31,113 INFO CSMF2.step_1_1_1.run :: epoch=15 step=300/429 train_nll=-3628.889
2026-05-15 13:29:44,494 INFO CSMF2.step_1_1_1.run :: [h] epoch=15 step=350 total=0.03760 batch=0.00000
2026-05-15 13:29:44,494 INFO CSMF2.step_1_1_1.run :: [lat] epoch=15 step=350 mean_l2=0.04026 std_l2=0.02535
2026-05-15 13:29:44,679 INFO CSMF2.step_1_1_1.run :: epoch=15 step=350/429 train_nll=-3629.184
2026-05-15 13:29:58,085 INFO CSMF2.step_1_1_1.run :: [h] epoch=15 step=400 total=0.03705 batch=0.00000
2026-05-15 13:29:58,086 INFO CSMF2.step_1_1_1.run :: [lat] epoch=15 step=400 mean_l2=0.03349 std_l2=0.02089
2026-05-15 13:29:58,272 INFO CSMF2.step_1_1_1.run :: epoch=15 step=400/429 train_nll=-3624.975
2026-05-15 13:30:09,582 INFO CSMF2.step_1_1_1.run :: epoch=15  train_nll=-3622.520  val_nll=-3584.256  t=119.6s
2026-05-15 13:30:09,582 INFO CSMF2.step_1_1_1.run :: [h_std] total=0.03777 batch=0.00000 (no penalty)
2026-05-15 13:30:09,582 INFO CSMF2.step_1_1_1.run :: [lat_epoch] mean_l2=0.01833 std_l2=0.02183 lambda=0.100
2026-05-15 13:30:09,582 INFO CSMF2.step_1_1_1.run :: [grad] cond=74.9918 film_gain=0.0000
2026-05-15 13:30:25,824 INFO CSMF2.step_1_1_1.run :: [h] epoch=16 step=50 total=0.03651 batch=0.00000
2026-05-15 13:30:25,824 INFO CSMF2.step_1_1_1.run :: [lat] epoch=16 step=50 mean_l2=0.03710 std_l2=0.02911
2026-05-15 13:30:26,010 INFO CSMF2.step_1_1_1.run :: epoch=16 step=50/429 train_nll=-3580.865
2026-05-15 13:30:39,438 INFO CSMF2.step_1_1_1.run :: [h] epoch=16 step=100 total=0.03688 batch=0.00000
2026-05-15 13:30:39,439 INFO CSMF2.step_1_1_1.run :: [lat] epoch=16 step=100 mean_l2=0.01292 std_l2=0.02229
2026-05-15 13:30:39,627 INFO CSMF2.step_1_1_1.run :: epoch=16 step=100/429 train_nll=-3596.515
2026-05-15 13:30:53,057 INFO CSMF2.step_1_1_1.run :: [h] epoch=16 step=150 total=0.03694 batch=0.00000
2026-05-15 13:30:53,057 INFO CSMF2.step_1_1_1.run :: [lat] epoch=16 step=150 mean_l2=0.01332 std_l2=0.01825
2026-05-15 13:30:53,244 INFO CSMF2.step_1_1_1.run :: epoch=16 step=150/429 train_nll=-3606.847
2026-05-15 13:31:06,670 INFO CSMF2.step_1_1_1.run :: [h] epoch=16 step=200 total=0.03703 batch=0.00000
2026-05-15 13:31:06,670 INFO CSMF2.step_1_1_1.run :: [lat] epoch=16 step=200 mean_l2=0.01410 std_l2=0.02066
2026-05-15 13:31:06,857 INFO CSMF2.step_1_1_1.run :: epoch=16 step=200/429 train_nll=-3613.348
2026-05-15 13:31:20,281 INFO CSMF2.step_1_1_1.run :: [h] epoch=16 step=250 total=0.03666 batch=0.00000
2026-05-15 13:31:20,281 INFO CSMF2.step_1_1_1.run :: [lat] epoch=16 step=250 mean_l2=0.04819 std_l2=0.02773
2026-05-15 13:31:20,467 INFO CSMF2.step_1_1_1.run :: epoch=16 step=250/429 train_nll=-3613.962
2026-05-15 13:31:33,885 INFO CSMF2.step_1_1_1.run :: [h] epoch=16 step=300 total=0.03649 batch=0.00000
2026-05-15 13:31:33,886 INFO CSMF2.step_1_1_1.run :: [lat] epoch=16 step=300 mean_l2=0.02082 std_l2=0.02375
2026-05-15 13:31:34,073 INFO CSMF2.step_1_1_1.run :: epoch=16 step=300/429 train_nll=-3608.024
2026-05-15 13:31:47,486 INFO CSMF2.step_1_1_1.run :: [h] epoch=16 step=350 total=0.03648 batch=0.00000
2026-05-15 13:31:47,487 INFO CSMF2.step_1_1_1.run :: [lat] epoch=16 step=350 mean_l2=0.01330 std_l2=0.02052
2026-05-15 13:31:47,672 INFO CSMF2.step_1_1_1.run :: epoch=16 step=350/429 train_nll=-3609.987
2026-05-15 13:32:01,058 INFO CSMF2.step_1_1_1.run :: [h] epoch=16 step=400 total=0.03671 batch=0.00000
2026-05-15 13:32:01,059 INFO CSMF2.step_1_1_1.run :: [lat] epoch=16 step=400 mean_l2=0.01325 std_l2=0.01871
2026-05-15 13:32:01,245 INFO CSMF2.step_1_1_1.run :: epoch=16 step=400/429 train_nll=-3613.253
2026-05-15 13:32:12,468 INFO CSMF2.step_1_1_1.run :: epoch=16  train_nll=-3614.281  val_nll=-3616.986  t=120.0s
2026-05-15 13:32:12,468 INFO CSMF2.step_1_1_1.run :: [h_std] total=0.03672 batch=0.00000 (no penalty)
2026-05-15 13:32:12,468 INFO CSMF2.step_1_1_1.run :: [lat_epoch] mean_l2=0.02119 std_l2=0.02318 lambda=0.100
2026-05-15 13:32:12,468 INFO CSMF2.step_1_1_1.run :: [grad] cond=29.3294 film_gain=0.0000
2026-05-15 13:32:28,724 INFO CSMF2.step_1_1_1.run :: [h] epoch=17 step=50 total=0.03647 batch=0.00000
2026-05-15 13:32:28,725 INFO CSMF2.step_1_1_1.run :: [lat] epoch=17 step=50 mean_l2=0.01434 std_l2=0.02263
2026-05-15 13:32:28,912 INFO CSMF2.step_1_1_1.run :: epoch=17 step=50/429 train_nll=-3604.089
2026-05-15 13:32:42,341 INFO CSMF2.step_1_1_1.run :: [h] epoch=17 step=100 total=0.03656 batch=0.00000
2026-05-15 13:32:42,341 INFO CSMF2.step_1_1_1.run :: [lat] epoch=17 step=100 mean_l2=0.01384 std_l2=0.01982
2026-05-15 13:32:42,527 INFO CSMF2.step_1_1_1.run :: epoch=17 step=100/429 train_nll=-3615.994
2026-05-15 13:32:55,971 INFO CSMF2.step_1_1_1.run :: [h] epoch=17 step=150 total=0.03669 batch=0.00000
2026-05-15 13:32:55,971 INFO CSMF2.step_1_1_1.run :: [lat] epoch=17 step=150 mean_l2=0.01335 std_l2=0.02009
2026-05-15 13:32:56,159 INFO CSMF2.step_1_1_1.run :: epoch=17 step=150/429 train_nll=-3621.694
2026-05-15 13:33:09,628 INFO CSMF2.step_1_1_1.run :: [h] epoch=17 step=200 total=0.03642 batch=0.00000
2026-05-15 13:33:09,628 INFO CSMF2.step_1_1_1.run :: [lat] epoch=17 step=200 mean_l2=0.02385 std_l2=0.02377
2026-05-15 13:33:09,817 INFO CSMF2.step_1_1_1.run :: epoch=17 step=200/429 train_nll=-3624.069
2026-05-15 13:33:23,325 INFO CSMF2.step_1_1_1.run :: [h] epoch=17 step=250 total=0.03593 batch=0.00000
2026-05-15 13:33:23,326 INFO CSMF2.step_1_1_1.run :: [lat] epoch=17 step=250 mean_l2=0.01682 std_l2=0.01866
2026-05-15 13:33:23,515 INFO CSMF2.step_1_1_1.run :: epoch=17 step=250/429 train_nll=-3620.416
2026-05-15 13:33:37,058 INFO CSMF2.step_1_1_1.run :: [h] epoch=17 step=300 total=0.03626 batch=0.00000
2026-05-15 13:33:37,058 INFO CSMF2.step_1_1_1.run :: [lat] epoch=17 step=300 mean_l2=0.01421 std_l2=0.01966
2026-05-15 13:33:37,248 INFO CSMF2.step_1_1_1.run :: epoch=17 step=300/429 train_nll=-3619.268
2026-05-15 13:33:50,817 INFO CSMF2.step_1_1_1.run :: [h] epoch=17 step=350 total=0.03621 batch=0.00000
2026-05-15 13:33:50,817 INFO CSMF2.step_1_1_1.run :: [lat] epoch=17 step=350 mean_l2=0.01356 std_l2=0.02315
2026-05-15 13:33:51,006 INFO CSMF2.step_1_1_1.run :: epoch=17 step=350/429 train_nll=-3621.560
2026-05-15 13:34:04,574 INFO CSMF2.step_1_1_1.run :: [h] epoch=17 step=400 total=0.03632 batch=0.00000
2026-05-15 13:34:04,575 INFO CSMF2.step_1_1_1.run :: [lat] epoch=17 step=400 mean_l2=0.02100 std_l2=0.01919
2026-05-15 13:34:04,763 INFO CSMF2.step_1_1_1.run :: epoch=17 step=400/429 train_nll=-3624.009
2026-05-15 13:34:16,084 INFO CSMF2.step_1_1_1.run :: epoch=17  train_nll=-3624.583  val_nll=-3631.748  t=120.7s
2026-05-15 13:34:16,085 INFO CSMF2.step_1_1_1.run :: [h_std] total=0.03637 batch=0.00000 (no penalty)
2026-05-15 13:34:16,085 INFO CSMF2.step_1_1_1.run :: [lat_epoch] mean_l2=0.01799 std_l2=0.02186 lambda=0.100
2026-05-15 13:34:16,085 INFO CSMF2.step_1_1_1.run :: [grad] cond=43.0368 film_gain=0.0000
2026-05-15 13:34:31,530 INFO CSMF2.step_1_1_1.run :: [h] epoch=18 step=50 total=0.03625 batch=0.00000
2026-05-15 13:34:31,530 INFO CSMF2.step_1_1_1.run :: [lat] epoch=18 step=50 mean_l2=0.01308 std_l2=0.02015
2026-05-15 13:34:31,703 INFO CSMF2.step_1_1_1.run :: epoch=18 step=50/429 train_nll=-3638.596
2026-05-15 13:34:44,311 INFO CSMF2.step_1_1_1.run :: [h] epoch=18 step=100 total=0.03604 batch=0.00000
2026-05-15 13:34:44,312 INFO CSMF2.step_1_1_1.run :: [lat] epoch=18 step=100 mean_l2=0.02093 std_l2=0.02617
2026-05-15 13:34:44,486 INFO CSMF2.step_1_1_1.run :: epoch=18 step=100/429 train_nll=-3632.455
2026-05-15 13:34:57,166 INFO CSMF2.step_1_1_1.run :: [h] epoch=18 step=150 total=0.03546 batch=0.00000
2026-05-15 13:34:57,167 INFO CSMF2.step_1_1_1.run :: [lat] epoch=18 step=150 mean_l2=0.03203 std_l2=0.02432
2026-05-15 13:34:57,341 INFO CSMF2.step_1_1_1.run :: epoch=18 step=150/429 train_nll=-3620.806
2026-05-15 13:35:12,398 INFO CSMF2.step_1_1_1.run :: [h] epoch=18 step=200 total=0.03572 batch=0.00000
2026-05-15 13:35:12,399 INFO CSMF2.step_1_1_1.run :: [lat] epoch=18 step=200 mean_l2=0.01432 std_l2=0.02010
2026-05-15 13:35:12,621 INFO CSMF2.step_1_1_1.run :: epoch=18 step=200/429 train_nll=-3618.049
2026-05-15 13:35:29,733 INFO CSMF2.step_1_1_1.run :: [h] epoch=18 step=250 total=0.03569 batch=0.00000
2026-05-15 13:35:29,734 INFO CSMF2.step_1_1_1.run :: [lat] epoch=18 step=250 mean_l2=0.01211 std_l2=0.02044
2026-05-15 13:35:29,955 INFO CSMF2.step_1_1_1.run :: epoch=18 step=250/429 train_nll=-3620.789
2026-05-15 13:35:47,062 INFO CSMF2.step_1_1_1.run :: [h] epoch=18 step=300 total=0.03585 batch=0.00000
2026-05-15 13:35:47,063 INFO CSMF2.step_1_1_1.run :: [lat] epoch=18 step=300 mean_l2=0.01263 std_l2=0.02028
2026-05-15 13:35:47,283 INFO CSMF2.step_1_1_1.run :: epoch=18 step=300/429 train_nll=-3623.379
2026-05-15 13:36:04,372 INFO CSMF2.step_1_1_1.run :: [h] epoch=18 step=350 total=0.03590 batch=0.00000
2026-05-15 13:36:04,373 INFO CSMF2.step_1_1_1.run :: [lat] epoch=18 step=350 mean_l2=0.01568 std_l2=0.01939
2026-05-15 13:36:04,594 INFO CSMF2.step_1_1_1.run :: epoch=18 step=350/429 train_nll=-3625.563
2026-05-15 13:36:21,700 INFO CSMF2.step_1_1_1.run :: [h] epoch=18 step=400 total=0.03585 batch=0.00000
2026-05-15 13:36:21,701 INFO CSMF2.step_1_1_1.run :: [lat] epoch=18 step=400 mean_l2=0.01291 std_l2=0.01850
2026-05-15 13:36:21,923 INFO CSMF2.step_1_1_1.run :: epoch=18 step=400/429 train_nll=-3627.884
2026-05-15 13:36:36,841 INFO CSMF2.step_1_1_1.run :: epoch=18  train_nll=-3628.912  val_nll=-3636.970  t=137.8s
2026-05-15 13:36:36,841 INFO CSMF2.step_1_1_1.run :: [h_std] total=0.03592 batch=0.00000 (no penalty)
2026-05-15 13:36:36,841 INFO CSMF2.step_1_1_1.run :: [lat_epoch] mean_l2=0.01734 std_l2=0.02145 lambda=0.100
2026-05-15 13:36:36,841 INFO CSMF2.step_1_1_1.run :: [grad] cond=90.4497 film_gain=0.0000
2026-05-15 13:36:52,943 INFO CSMF2.step_1_1_1.run :: [h] epoch=19 step=50 total=0.03620 batch=0.00000
2026-05-15 13:36:52,943 INFO CSMF2.step_1_1_1.run :: [lat] epoch=19 step=50 mean_l2=0.04401 std_l2=0.03123
2026-05-15 13:36:53,129 INFO CSMF2.step_1_1_1.run :: epoch=19 step=50/429 train_nll=-3633.946
2026-05-15 13:37:06,314 INFO CSMF2.step_1_1_1.run :: [h] epoch=19 step=100 total=0.03567 batch=0.00000
2026-05-15 13:37:06,314 INFO CSMF2.step_1_1_1.run :: [lat] epoch=19 step=100 mean_l2=0.01389 std_l2=0.01908
2026-05-15 13:37:06,498 INFO CSMF2.step_1_1_1.run :: epoch=19 step=100/429 train_nll=-3623.739
2026-05-15 13:37:19,680 INFO CSMF2.step_1_1_1.run :: [h] epoch=19 step=150 total=0.03564 batch=0.00000
2026-05-15 13:37:19,681 INFO CSMF2.step_1_1_1.run :: [lat] epoch=19 step=150 mean_l2=0.01209 std_l2=0.01959
2026-05-15 13:37:19,863 INFO CSMF2.step_1_1_1.run :: epoch=19 step=150/429 train_nll=-3628.317
2026-05-15 13:37:33,054 INFO CSMF2.step_1_1_1.run :: [h] epoch=19 step=200 total=0.03560 batch=0.00000
2026-05-15 13:37:33,054 INFO CSMF2.step_1_1_1.run :: [lat] epoch=19 step=200 mean_l2=0.01271 std_l2=0.01838
2026-05-15 13:37:33,241 INFO CSMF2.step_1_1_1.run :: epoch=19 step=200/429 train_nll=-3631.803
2026-05-15 13:37:46,438 INFO CSMF2.step_1_1_1.run :: [h] epoch=19 step=250 total=0.03499 batch=0.00000
2026-05-15 13:37:46,439 INFO CSMF2.step_1_1_1.run :: [lat] epoch=19 step=250 mean_l2=0.03755 std_l2=0.04121
2026-05-15 13:37:46,621 INFO CSMF2.step_1_1_1.run :: epoch=19 step=250/429 train_nll=-3626.096
2026-05-15 13:37:59,820 INFO CSMF2.step_1_1_1.run :: [h] epoch=19 step=300 total=0.03526 batch=0.00000
2026-05-15 13:37:59,821 INFO CSMF2.step_1_1_1.run :: [lat] epoch=19 step=300 mean_l2=0.01298 std_l2=0.02126
2026-05-15 13:38:00,008 INFO CSMF2.step_1_1_1.run :: epoch=19 step=300/429 train_nll=-3621.214
2026-05-15 13:38:13,175 INFO CSMF2.step_1_1_1.run :: [h] epoch=19 step=350 total=0.03535 batch=0.00000
2026-05-15 13:38:13,176 INFO CSMF2.step_1_1_1.run :: [lat] epoch=19 step=350 mean_l2=0.01321 std_l2=0.02016
2026-05-15 13:38:13,358 INFO CSMF2.step_1_1_1.run :: epoch=19 step=350/429 train_nll=-3623.123
2026-05-15 13:38:26,561 INFO CSMF2.step_1_1_1.run :: [h] epoch=19 step=400 total=0.03536 batch=0.00000
2026-05-15 13:38:26,561 INFO CSMF2.step_1_1_1.run :: [lat] epoch=19 step=400 mean_l2=0.01408 std_l2=0.02162
2026-05-15 13:38:26,748 INFO CSMF2.step_1_1_1.run :: epoch=19 step=400/429 train_nll=-3625.689
2026-05-15 13:38:37,688 INFO CSMF2.step_1_1_1.run :: epoch=19  train_nll=-3626.786  val_nll=-3638.714  t=117.8s
2026-05-15 13:38:37,689 INFO CSMF2.step_1_1_1.run :: [h_std] total=0.03552 batch=0.00000 (no penalty)
2026-05-15 13:38:37,689 INFO CSMF2.step_1_1_1.run :: [lat_epoch] mean_l2=0.01903 std_l2=0.02241 lambda=0.100
2026-05-15 13:38:37,689 INFO CSMF2.step_1_1_1.run :: [grad] cond=28.1121 film_gain=0.0000
2026-05-15 13:38:53,467 INFO CSMF2.step_1_1_1.run :: [h] epoch=20 step=50 total=0.03535 batch=0.00000
2026-05-15 13:38:53,468 INFO CSMF2.step_1_1_1.run :: [lat] epoch=20 step=50 mean_l2=0.01355 std_l2=0.01946
2026-05-15 13:38:53,645 INFO CSMF2.step_1_1_1.run :: epoch=20 step=50/429 train_nll=-3644.396
2026-05-15 13:39:06,546 INFO CSMF2.step_1_1_1.run :: [h] epoch=20 step=100 total=0.03554 batch=0.00000
2026-05-15 13:39:06,547 INFO CSMF2.step_1_1_1.run :: [lat] epoch=20 step=100 mean_l2=0.01428 std_l2=0.01917
2026-05-15 13:39:06,725 INFO CSMF2.step_1_1_1.run :: epoch=20 step=100/429 train_nll=-3642.831
2026-05-15 13:39:19,598 INFO CSMF2.step_1_1_1.run :: [h] epoch=20 step=150 total=0.03545 batch=0.00000
2026-05-15 13:39:19,598 INFO CSMF2.step_1_1_1.run :: [lat] epoch=20 step=150 mean_l2=0.01414 std_l2=0.01936
2026-05-15 13:39:19,775 INFO CSMF2.step_1_1_1.run :: epoch=20 step=150/429 train_nll=-3642.465
2026-05-15 13:39:32,687 INFO CSMF2.step_1_1_1.run :: [h] epoch=20 step=200 total=0.03553 batch=0.00000
2026-05-15 13:39:32,687 INFO CSMF2.step_1_1_1.run :: [lat] epoch=20 step=200 mean_l2=0.01238 std_l2=0.01971
2026-05-15 13:39:32,867 INFO CSMF2.step_1_1_1.run :: epoch=20 step=200/429 train_nll=-3642.791
2026-05-15 13:39:45,803 INFO CSMF2.step_1_1_1.run :: [h] epoch=20 step=250 total=0.03525 batch=0.00000
2026-05-15 13:39:45,804 INFO CSMF2.step_1_1_1.run :: [lat] epoch=20 step=250 mean_l2=0.01873 std_l2=0.02017
2026-05-15 13:39:45,981 INFO CSMF2.step_1_1_1.run :: epoch=20 step=250/429 train_nll=-3642.870
2026-05-15 13:39:58,918 INFO CSMF2.step_1_1_1.run :: [h] epoch=20 step=300 total=0.03488 batch=0.00000
2026-05-15 13:39:58,918 INFO CSMF2.step_1_1_1.run :: [lat] epoch=20 step=300 mean_l2=0.03499 std_l2=0.02968
2026-05-15 13:39:59,098 INFO CSMF2.step_1_1_1.run :: epoch=20 step=300/429 train_nll=-3639.819
2026-05-15 13:40:12,055 INFO CSMF2.step_1_1_1.run :: [h] epoch=20 step=350 total=0.03441 batch=0.00000
2026-05-15 13:40:12,056 INFO CSMF2.step_1_1_1.run :: [lat] epoch=20 step=350 mean_l2=0.01770 std_l2=0.02416
2026-05-15 13:40:12,238 INFO CSMF2.step_1_1_1.run :: epoch=20 step=350/429 train_nll=-3637.208
2026-05-15 13:40:25,232 INFO CSMF2.step_1_1_1.run :: [h] epoch=20 step=400 total=0.03475 batch=0.00000
2026-05-15 13:40:25,232 INFO CSMF2.step_1_1_1.run :: [lat] epoch=20 step=400 mean_l2=0.01565 std_l2=0.01962
2026-05-15 13:40:25,418 INFO CSMF2.step_1_1_1.run :: epoch=20 step=400/429 train_nll=-3637.146
2026-05-15 13:40:36,182 INFO CSMF2.step_1_1_1.run :: epoch=20  train_nll=-3633.691  val_nll=-3563.255  t=115.6s
2026-05-15 13:40:36,183 INFO CSMF2.step_1_1_1.run :: [h_std] total=0.03517 batch=0.00000 (no penalty)
2026-05-15 13:40:36,183 INFO CSMF2.step_1_1_1.run :: [lat_epoch] mean_l2=0.01821 std_l2=0.02140 lambda=0.100
2026-05-15 13:40:36,183 INFO CSMF2.step_1_1_1.run :: [grad] cond=98.7687 film_gain=0.0000
2026-05-15 13:40:51,745 INFO CSMF2.step_1_1_1.run :: [h] epoch=21 step=50 total=0.03435 batch=0.00000
2026-05-15 13:40:51,745 INFO CSMF2.step_1_1_1.run :: [lat] epoch=21 step=50 mean_l2=0.02723 std_l2=0.02885
2026-05-15 13:40:51,920 INFO CSMF2.step_1_1_1.run :: epoch=21 step=50/429 train_nll=-3574.896
2026-05-15 13:41:04,584 INFO CSMF2.step_1_1_1.run :: [h] epoch=21 step=100 total=0.03438 batch=0.00000
2026-05-15 13:41:04,584 INFO CSMF2.step_1_1_1.run :: [lat] epoch=21 step=100 mean_l2=0.01320 std_l2=0.01940
2026-05-15 13:41:04,760 INFO CSMF2.step_1_1_1.run :: epoch=21 step=100/429 train_nll=-3596.262
2026-05-15 13:41:17,530 INFO CSMF2.step_1_1_1.run :: [h] epoch=21 step=150 total=0.03462 batch=0.00000
2026-05-15 13:41:17,530 INFO CSMF2.step_1_1_1.run :: [lat] epoch=21 step=150 mean_l2=0.01324 std_l2=0.02044
2026-05-15 13:41:17,706 INFO CSMF2.step_1_1_1.run :: epoch=21 step=150/429 train_nll=-3609.529
2026-05-15 13:41:30,395 INFO CSMF2.step_1_1_1.run :: [h] epoch=21 step=200 total=0.03462 batch=0.00000
2026-05-15 13:41:30,395 INFO CSMF2.step_1_1_1.run :: [lat] epoch=21 step=200 mean_l2=0.01344 std_l2=0.01850
2026-05-15 13:41:30,570 INFO CSMF2.step_1_1_1.run :: epoch=21 step=200/429 train_nll=-3617.889
2026-05-15 13:41:43,252 INFO CSMF2.step_1_1_1.run :: [h] epoch=21 step=250 total=0.03466 batch=0.00000
2026-05-15 13:41:43,253 INFO CSMF2.step_1_1_1.run :: [lat] epoch=21 step=250 mean_l2=0.01293 std_l2=0.02227
2026-05-15 13:41:43,428 INFO CSMF2.step_1_1_1.run :: epoch=21 step=250/429 train_nll=-3623.262
2026-05-15 13:41:56,075 INFO CSMF2.step_1_1_1.run :: [h] epoch=21 step=300 total=0.03425 batch=0.00000
2026-05-15 13:41:56,075 INFO CSMF2.step_1_1_1.run :: [lat] epoch=21 step=300 mean_l2=0.03141 std_l2=0.02885
2026-05-15 13:41:56,250 INFO CSMF2.step_1_1_1.run :: epoch=21 step=300/429 train_nll=-3622.622
2026-05-15 13:42:08,896 INFO CSMF2.step_1_1_1.run :: [h] epoch=21 step=350 total=0.03410 batch=0.00000
2026-05-15 13:42:08,896 INFO CSMF2.step_1_1_1.run :: [lat] epoch=21 step=350 mean_l2=0.01321 std_l2=0.01985
2026-05-15 13:42:09,072 INFO CSMF2.step_1_1_1.run :: epoch=21 step=350/429 train_nll=-3619.736
2026-05-15 13:42:21,697 INFO CSMF2.step_1_1_1.run :: [h] epoch=21 step=400 total=0.03419 batch=0.00000
2026-05-15 13:42:21,698 INFO CSMF2.step_1_1_1.run :: [lat] epoch=21 step=400 mean_l2=0.01136 std_l2=0.02043
2026-05-15 13:42:21,877 INFO CSMF2.step_1_1_1.run :: epoch=21 step=400/429 train_nll=-3622.978
2026-05-15 13:42:32,439 INFO CSMF2.step_1_1_1.run :: epoch=21  train_nll=-3624.676  val_nll=-3642.873  t=113.3s
2026-05-15 13:42:32,439 INFO CSMF2.step_1_1_1.run :: [h_std] total=0.03438 batch=0.00000 (no penalty)
2026-05-15 13:42:32,439 INFO CSMF2.step_1_1_1.run :: [lat_epoch] mean_l2=0.02007 std_l2=0.02253 lambda=0.100
2026-05-15 13:42:32,439 INFO CSMF2.step_1_1_1.run :: [grad] cond=11.4043 film_gain=0.0000
2026-05-15 13:42:48,243 INFO CSMF2.step_1_1_1.run :: [h] epoch=22 step=50 total=0.03410 batch=0.00000
2026-05-15 13:42:48,243 INFO CSMF2.step_1_1_1.run :: [lat] epoch=22 step=50 mean_l2=0.01362 std_l2=0.01905
2026-05-15 13:42:48,425 INFO CSMF2.step_1_1_1.run :: epoch=22 step=50/429 train_nll=-3647.898
2026-05-15 13:43:01,392 INFO CSMF2.step_1_1_1.run :: [h] epoch=22 step=100 total=0.03419 batch=0.00000
2026-05-15 13:43:01,392 INFO CSMF2.step_1_1_1.run :: [lat] epoch=22 step=100 mean_l2=0.01385 std_l2=0.01836
2026-05-15 13:43:01,575 INFO CSMF2.step_1_1_1.run :: epoch=22 step=100/429 train_nll=-3647.090
2026-05-15 13:43:14,590 INFO CSMF2.step_1_1_1.run :: [h] epoch=22 step=150 total=0.03418 batch=0.00000
2026-05-15 13:43:14,591 INFO CSMF2.step_1_1_1.run :: [lat] epoch=22 step=150 mean_l2=0.02099 std_l2=0.02080
2026-05-15 13:43:14,776 INFO CSMF2.step_1_1_1.run :: epoch=22 step=150/429 train_nll=-3645.773
2026-05-15 13:43:27,864 INFO CSMF2.step_1_1_1.run :: [h] epoch=22 step=200 total=0.03423 batch=0.00000
2026-05-15 13:43:27,864 INFO CSMF2.step_1_1_1.run :: [lat] epoch=22 step=200 mean_l2=0.01211 std_l2=0.01791
2026-05-15 13:43:28,049 INFO CSMF2.step_1_1_1.run :: epoch=22 step=200/429 train_nll=-3644.577
2026-05-15 13:43:41,714 INFO CSMF2.step_1_1_1.run :: [h] epoch=22 step=250 total=0.03428 batch=0.00000
2026-05-15 13:43:41,714 INFO CSMF2.step_1_1_1.run :: [lat] epoch=22 step=250 mean_l2=0.01266 std_l2=0.01965
2026-05-15 13:43:41,909 INFO CSMF2.step_1_1_1.run :: epoch=22 step=250/429 train_nll=-3645.927
2026-05-15 13:43:55,754 INFO CSMF2.step_1_1_1.run :: [h] epoch=22 step=300 total=0.03426 batch=0.00000
2026-05-15 13:43:55,755 INFO CSMF2.step_1_1_1.run :: [lat] epoch=22 step=300 mean_l2=0.01395 std_l2=0.01852
2026-05-15 13:43:55,949 INFO CSMF2.step_1_1_1.run :: epoch=22 step=300/429 train_nll=-3646.769
2026-05-15 13:44:09,822 INFO CSMF2.step_1_1_1.run :: [h] epoch=22 step=350 total=0.03426 batch=0.00000
2026-05-15 13:44:09,823 INFO CSMF2.step_1_1_1.run :: [lat] epoch=22 step=350 mean_l2=0.01243 std_l2=0.01988
2026-05-15 13:44:10,017 INFO CSMF2.step_1_1_1.run :: epoch=22 step=350/429 train_nll=-3647.433
2026-05-15 13:44:23,894 INFO CSMF2.step_1_1_1.run :: [h] epoch=22 step=400 total=0.03423 batch=0.00000
2026-05-15 13:44:23,894 INFO CSMF2.step_1_1_1.run :: [lat] epoch=22 step=400 mean_l2=0.03039 std_l2=0.02219
2026-05-15 13:44:24,090 INFO CSMF2.step_1_1_1.run :: epoch=22 step=400/429 train_nll=-3645.879
2026-05-15 13:44:35,630 INFO CSMF2.step_1_1_1.run :: epoch=22  train_nll=-3645.173  val_nll=-3639.902  t=120.3s
2026-05-15 13:44:35,630 INFO CSMF2.step_1_1_1.run :: [h_std] total=0.03423 batch=0.00000 (no penalty)
2026-05-15 13:44:35,630 INFO CSMF2.step_1_1_1.run :: [lat_epoch] mean_l2=0.01468 std_l2=0.02005 lambda=0.100
2026-05-15 13:44:35,630 INFO CSMF2.step_1_1_1.run :: [grad] cond=28.3572 film_gain=0.0000
2026-05-15 13:44:52,499 INFO CSMF2.step_1_1_1.run :: [h] epoch=23 step=50 total=0.03405 batch=0.00000
2026-05-15 13:44:52,499 INFO CSMF2.step_1_1_1.run :: [lat] epoch=23 step=50 mean_l2=0.01249 std_l2=0.02019
2026-05-15 13:44:52,696 INFO CSMF2.step_1_1_1.run :: epoch=23 step=50/429 train_nll=-3648.836
2026-05-15 13:45:06,756 INFO CSMF2.step_1_1_1.run :: [h] epoch=23 step=100 total=0.03415 batch=0.00000
2026-05-15 13:45:06,757 INFO CSMF2.step_1_1_1.run :: [lat] epoch=23 step=100 mean_l2=0.01404 std_l2=0.02034
2026-05-15 13:45:06,959 INFO CSMF2.step_1_1_1.run :: epoch=23 step=100/429 train_nll=-3648.802
2026-05-15 13:45:21,019 INFO CSMF2.step_1_1_1.run :: [h] epoch=23 step=150 total=0.03354 batch=0.00000
2026-05-15 13:45:21,019 INFO CSMF2.step_1_1_1.run :: [lat] epoch=23 step=150 mean_l2=0.03004 std_l2=0.02161
2026-05-15 13:45:21,217 INFO CSMF2.step_1_1_1.run :: epoch=23 step=150/429 train_nll=-3637.014
2026-05-15 13:45:35,287 INFO CSMF2.step_1_1_1.run :: [h] epoch=23 step=200 total=0.03364 batch=0.00000
2026-05-15 13:45:35,287 INFO CSMF2.step_1_1_1.run :: [lat] epoch=23 step=200 mean_l2=0.01529 std_l2=0.01972
2026-05-15 13:45:35,482 INFO CSMF2.step_1_1_1.run :: epoch=23 step=200/429 train_nll=-3634.419
2026-05-15 13:45:49,512 INFO CSMF2.step_1_1_1.run :: [h] epoch=23 step=250 total=0.03365 batch=0.00000
2026-05-15 13:45:49,512 INFO CSMF2.step_1_1_1.run :: [lat] epoch=23 step=250 mean_l2=0.01248 std_l2=0.01983
2026-05-15 13:45:49,713 INFO CSMF2.step_1_1_1.run :: epoch=23 step=250/429 train_nll=-3637.187
2026-05-15 13:46:03,760 INFO CSMF2.step_1_1_1.run :: [h] epoch=23 step=300 total=0.03385 batch=0.00000
2026-05-15 13:46:03,760 INFO CSMF2.step_1_1_1.run :: [lat] epoch=23 step=300 mean_l2=0.01197 std_l2=0.01826
2026-05-15 13:46:03,959 INFO CSMF2.step_1_1_1.run :: epoch=23 step=300/429 train_nll=-3639.538
2026-05-15 13:46:18,000 INFO CSMF2.step_1_1_1.run :: [h] epoch=23 step=350 total=0.03386 batch=0.00000
2026-05-15 13:46:18,001 INFO CSMF2.step_1_1_1.run :: [lat] epoch=23 step=350 mean_l2=0.01295 std_l2=0.01932
2026-05-15 13:46:18,203 INFO CSMF2.step_1_1_1.run :: epoch=23 step=350/429 train_nll=-3641.366
2026-05-15 13:46:32,271 INFO CSMF2.step_1_1_1.run :: [h] epoch=23 step=400 total=0.03361 batch=0.00000
2026-05-15 13:46:32,272 INFO CSMF2.step_1_1_1.run :: [lat] epoch=23 step=400 mean_l2=0.01470 std_l2=0.03541
2026-05-15 13:46:32,467 INFO CSMF2.step_1_1_1.run :: epoch=23 step=400/429 train_nll=-3641.000
2026-05-15 13:46:44,287 INFO CSMF2.step_1_1_1.run :: epoch=23  train_nll=-3640.599  val_nll=-3637.731  t=125.7s
2026-05-15 13:46:44,287 INFO CSMF2.step_1_1_1.run :: [h_std] total=0.03380 batch=0.00000 (no penalty)
2026-05-15 13:46:44,287 INFO CSMF2.step_1_1_1.run :: [lat_epoch] mean_l2=0.01666 std_l2=0.02091 lambda=0.100
2026-05-15 13:46:44,287 INFO CSMF2.step_1_1_1.run :: [grad] cond=44.6167 film_gain=0.0000
2026-05-15 13:47:01,160 INFO CSMF2.step_1_1_1.run :: [h] epoch=24 step=50 total=0.03318 batch=0.00000
2026-05-15 13:47:01,161 INFO CSMF2.step_1_1_1.run :: [lat] epoch=24 step=50 mean_l2=0.02326 std_l2=0.02301
2026-05-15 13:47:01,355 INFO CSMF2.step_1_1_1.run :: epoch=24 step=50/429 train_nll=-3610.378
2026-05-15 13:47:15,310 INFO CSMF2.step_1_1_1.run :: [h] epoch=24 step=100 total=0.03329 batch=0.00000
2026-05-15 13:47:15,311 INFO CSMF2.step_1_1_1.run :: [lat] epoch=24 step=100 mean_l2=0.01433 std_l2=0.02036
2026-05-15 13:47:15,510 INFO CSMF2.step_1_1_1.run :: epoch=24 step=100/429 train_nll=-3615.841
2026-05-15 13:47:29,474 INFO CSMF2.step_1_1_1.run :: [h] epoch=24 step=150 total=0.03320 batch=0.00000
2026-05-15 13:47:29,474 INFO CSMF2.step_1_1_1.run :: [lat] epoch=24 step=150 mean_l2=0.01250 std_l2=0.01931
2026-05-15 13:47:29,668 INFO CSMF2.step_1_1_1.run :: epoch=24 step=150/429 train_nll=-3625.403
2026-05-15 13:47:43,609 INFO CSMF2.step_1_1_1.run :: [h] epoch=24 step=200 total=0.03326 batch=0.00000
2026-05-15 13:47:43,610 INFO CSMF2.step_1_1_1.run :: [lat] epoch=24 step=200 mean_l2=0.01185 std_l2=0.01901
2026-05-15 13:47:43,804 INFO CSMF2.step_1_1_1.run :: epoch=24 step=200/429 train_nll=-3631.677
2026-05-15 13:47:57,734 INFO CSMF2.step_1_1_1.run :: [h] epoch=24 step=250 total=0.03319 batch=0.00000
2026-05-15 13:47:57,734 INFO CSMF2.step_1_1_1.run :: [lat] epoch=24 step=250 mean_l2=0.01262 std_l2=0.02006
2026-05-15 13:47:57,933 INFO CSMF2.step_1_1_1.run :: epoch=24 step=250/429 train_nll=-3635.805
2026-05-15 13:48:11,938 INFO CSMF2.step_1_1_1.run :: [h] epoch=24 step=300 total=0.03324 batch=0.00000
2026-05-15 13:48:11,939 INFO CSMF2.step_1_1_1.run :: [lat] epoch=24 step=300 mean_l2=0.01401 std_l2=0.01861
2026-05-15 13:48:12,134 INFO CSMF2.step_1_1_1.run :: epoch=24 step=300/429 train_nll=-3638.429
2026-05-15 13:48:26,016 INFO CSMF2.step_1_1_1.run :: [h] epoch=24 step=350 total=0.03327 batch=0.00000
2026-05-15 13:48:26,017 INFO CSMF2.step_1_1_1.run :: [lat] epoch=24 step=350 mean_l2=0.01225 std_l2=0.02042
2026-05-15 13:48:26,213 INFO CSMF2.step_1_1_1.run :: epoch=24 step=350/429 train_nll=-3640.023
2026-05-15 13:48:40,125 INFO CSMF2.step_1_1_1.run :: [h] epoch=24 step=400 total=0.03320 batch=0.00000
2026-05-15 13:48:40,125 INFO CSMF2.step_1_1_1.run :: [lat] epoch=24 step=400 mean_l2=0.01381 std_l2=0.01684
2026-05-15 13:48:40,321 INFO CSMF2.step_1_1_1.run :: epoch=24 step=400/429 train_nll=-3642.009
2026-05-15 13:48:51,866 INFO CSMF2.step_1_1_1.run :: epoch=24  train_nll=-3642.807  val_nll=-3645.428  t=124.6s
2026-05-15 13:48:51,866 INFO CSMF2.step_1_1_1.run :: [h_std] total=0.03324 batch=0.00000 (no penalty)
2026-05-15 13:48:51,866 INFO CSMF2.step_1_1_1.run :: [lat_epoch] mean_l2=0.01618 std_l2=0.02089 lambda=0.100
2026-05-15 13:48:51,866 INFO CSMF2.step_1_1_1.run :: [grad] cond=64.3725 film_gain=0.0000
2026-05-15 13:49:12,684 INFO CSMF2.step_1_1_1.run :: [h] epoch=25 step=50 total=0.03329 batch=0.00000
2026-05-15 13:49:12,685 INFO CSMF2.step_1_1_1.run :: [lat] epoch=25 step=50 mean_l2=0.01404 std_l2=0.01680
2026-05-15 13:49:12,917 INFO CSMF2.step_1_1_1.run :: epoch=25 step=50/429 train_nll=-3653.109
2026-05-15 13:49:30,373 INFO CSMF2.step_1_1_1.run :: [h] epoch=25 step=100 total=0.03324 batch=0.00000
2026-05-15 13:49:30,374 INFO CSMF2.step_1_1_1.run :: [lat] epoch=25 step=100 mean_l2=0.04358 std_l2=0.02559
2026-05-15 13:49:30,600 INFO CSMF2.step_1_1_1.run :: epoch=25 step=100/429 train_nll=-3638.248
2026-05-15 13:49:48,113 INFO CSMF2.step_1_1_1.run :: [h] epoch=25 step=150 total=0.03290 batch=0.00000
2026-05-15 13:49:48,114 INFO CSMF2.step_1_1_1.run :: [lat] epoch=25 step=150 mean_l2=0.01660 std_l2=0.01994
2026-05-15 13:49:48,340 INFO CSMF2.step_1_1_1.run :: epoch=25 step=150/429 train_nll=-3629.733
2026-05-15 13:50:05,862 INFO CSMF2.step_1_1_1.run :: [h] epoch=25 step=200 total=0.03300 batch=0.00000
2026-05-15 13:50:05,863 INFO CSMF2.step_1_1_1.run :: [lat] epoch=25 step=200 mean_l2=0.01291 std_l2=0.01985
2026-05-15 13:50:06,095 INFO CSMF2.step_1_1_1.run :: epoch=25 step=200/429 train_nll=-3633.555
2026-05-15 13:50:23,668 INFO CSMF2.step_1_1_1.run :: [h] epoch=25 step=250 total=0.03302 batch=0.00000
2026-05-15 13:50:23,669 INFO CSMF2.step_1_1_1.run :: [lat] epoch=25 step=250 mean_l2=0.01303 std_l2=0.01673
2026-05-15 13:50:23,896 INFO CSMF2.step_1_1_1.run :: epoch=25 step=250/429 train_nll=-3637.334
2026-05-15 13:50:41,484 INFO CSMF2.step_1_1_1.run :: [h] epoch=25 step=300 total=0.03308 batch=0.00000
2026-05-15 13:50:41,485 INFO CSMF2.step_1_1_1.run :: [lat] epoch=25 step=300 mean_l2=0.01263 std_l2=0.02060
2026-05-15 13:50:41,716 INFO CSMF2.step_1_1_1.run :: epoch=25 step=300/429 train_nll=-3639.808
2026-05-15 13:50:59,296 INFO CSMF2.step_1_1_1.run :: [h] epoch=25 step=350 total=0.03305 batch=0.00000
2026-05-15 13:50:59,297 INFO CSMF2.step_1_1_1.run :: [lat] epoch=25 step=350 mean_l2=0.01200 std_l2=0.01966
2026-05-15 13:50:59,529 INFO CSMF2.step_1_1_1.run :: epoch=25 step=350/429 train_nll=-3641.301
2026-05-15 13:51:17,108 INFO CSMF2.step_1_1_1.run :: [h] epoch=25 step=400 total=0.03311 batch=0.00000
2026-05-15 13:51:17,109 INFO CSMF2.step_1_1_1.run :: [lat] epoch=25 step=400 mean_l2=0.01503 std_l2=0.02111
2026-05-15 13:51:17,339 INFO CSMF2.step_1_1_1.run :: epoch=25 step=400/429 train_nll=-3643.120
2026-05-15 13:51:32,528 INFO CSMF2.step_1_1_1.run :: epoch=25  train_nll=-3641.995  val_nll=-3621.073  t=157.4s
2026-05-15 13:51:32,528 INFO CSMF2.step_1_1_1.run :: [h_std] total=0.03301 batch=0.00000 (no penalty)
2026-05-15 13:51:32,528 INFO CSMF2.step_1_1_1.run :: [lat_epoch] mean_l2=0.01709 std_l2=0.02092 lambda=0.100
2026-05-15 13:51:32,528 INFO CSMF2.step_1_1_1.run :: [grad] cond=81.7623 film_gain=0.0000
2026-05-15 13:51:48,625 INFO CSMF2.step_1_1_1.run :: [h] epoch=26 step=50 total=0.03252 batch=0.00000
2026-05-15 13:51:48,626 INFO CSMF2.step_1_1_1.run :: [lat] epoch=26 step=50 mean_l2=0.01307 std_l2=0.01938
2026-05-15 13:51:48,807 INFO CSMF2.step_1_1_1.run :: epoch=26 step=50/429 train_nll=-3642.186
2026-05-15 13:52:01,961 INFO CSMF2.step_1_1_1.run :: [h] epoch=26 step=100 total=0.03281 batch=0.00000
2026-05-15 13:52:01,962 INFO CSMF2.step_1_1_1.run :: [lat] epoch=26 step=100 mean_l2=0.01385 std_l2=0.01926
2026-05-15 13:52:02,148 INFO CSMF2.step_1_1_1.run :: epoch=26 step=100/429 train_nll=-3646.636
2026-05-15 13:52:15,332 INFO CSMF2.step_1_1_1.run :: [h] epoch=26 step=150 total=0.03264 batch=0.00000
2026-05-15 13:52:15,333 INFO CSMF2.step_1_1_1.run :: [lat] epoch=26 step=150 mean_l2=0.01378 std_l2=0.01937
2026-05-15 13:52:15,519 INFO CSMF2.step_1_1_1.run :: epoch=26 step=150/429 train_nll=-3648.027
2026-05-15 13:52:28,707 INFO CSMF2.step_1_1_1.run :: [h] epoch=26 step=200 total=0.03275 batch=0.00000
2026-05-15 13:52:28,707 INFO CSMF2.step_1_1_1.run :: [lat] epoch=26 step=200 mean_l2=0.01455 std_l2=0.01885
2026-05-15 13:52:28,895 INFO CSMF2.step_1_1_1.run :: epoch=26 step=200/429 train_nll=-3649.423
2026-05-15 13:52:42,103 INFO CSMF2.step_1_1_1.run :: [h] epoch=26 step=250 total=0.03284 batch=0.00000
2026-05-15 13:52:42,104 INFO CSMF2.step_1_1_1.run :: [lat] epoch=26 step=250 mean_l2=0.03353 std_l2=0.02680
2026-05-15 13:52:42,291 INFO CSMF2.step_1_1_1.run :: epoch=26 step=250/429 train_nll=-3647.950
2026-05-15 13:52:55,459 INFO CSMF2.step_1_1_1.run :: [h] epoch=26 step=300 total=0.03195 batch=0.00000
2026-05-15 13:52:55,459 INFO CSMF2.step_1_1_1.run :: [lat] epoch=26 step=300 mean_l2=0.02331 std_l2=0.02309
2026-05-15 13:52:55,647 INFO CSMF2.step_1_1_1.run :: epoch=26 step=300/429 train_nll=-3642.846
2026-05-15 13:53:08,807 INFO CSMF2.step_1_1_1.run :: [h] epoch=26 step=350 total=0.03179 batch=0.00000
2026-05-15 13:53:08,808 INFO CSMF2.step_1_1_1.run :: [lat] epoch=26 step=350 mean_l2=0.02858 std_l2=0.02255
2026-05-15 13:53:08,994 INFO CSMF2.step_1_1_1.run :: epoch=26 step=350/429 train_nll=-3636.815
2026-05-15 13:53:22,168 INFO CSMF2.step_1_1_1.run :: [h] epoch=26 step=400 total=0.03160 batch=0.00000
2026-05-15 13:53:22,169 INFO CSMF2.step_1_1_1.run :: [lat] epoch=26 step=400 mean_l2=0.01023 std_l2=0.01941
2026-05-15 13:53:22,356 INFO CSMF2.step_1_1_1.run :: epoch=26 step=400/429 train_nll=-3636.749
2026-05-15 13:53:33,277 INFO CSMF2.step_1_1_1.run :: epoch=26  train_nll=-3637.665  val_nll=-3645.014  t=117.7s
2026-05-15 13:53:33,278 INFO CSMF2.step_1_1_1.run :: [h_std] total=0.03232 batch=0.00000 (no penalty)
2026-05-15 13:53:33,278 INFO CSMF2.step_1_1_1.run :: [lat_epoch] mean_l2=0.01853 std_l2=0.02152 lambda=0.100
2026-05-15 13:53:33,278 INFO CSMF2.step_1_1_1.run :: [grad] cond=12.9454 film_gain=0.0000
2026-05-15 13:53:49,501 INFO CSMF2.step_1_1_1.run :: [h] epoch=27 step=50 total=0.03171 batch=0.00000
2026-05-15 13:53:49,502 INFO CSMF2.step_1_1_1.run :: [lat] epoch=27 step=50 mean_l2=0.01284 std_l2=0.01917
2026-05-15 13:53:49,690 INFO CSMF2.step_1_1_1.run :: epoch=27 step=50/429 train_nll=-3653.256
2026-05-15 13:54:03,082 INFO CSMF2.step_1_1_1.run :: [h] epoch=27 step=100 total=0.03189 batch=0.00000
2026-05-15 13:54:03,083 INFO CSMF2.step_1_1_1.run :: [lat] epoch=27 step=100 mean_l2=0.01407 std_l2=0.01882
2026-05-15 13:54:03,274 INFO CSMF2.step_1_1_1.run :: epoch=27 step=100/429 train_nll=-3653.480
2026-05-15 13:54:16,638 INFO CSMF2.step_1_1_1.run :: [h] epoch=27 step=150 total=0.03189 batch=0.00000
2026-05-15 13:54:16,639 INFO CSMF2.step_1_1_1.run :: [lat] epoch=27 step=150 mean_l2=0.01370 std_l2=0.01957
2026-05-15 13:54:16,825 INFO CSMF2.step_1_1_1.run :: epoch=27 step=150/429 train_nll=-3653.124
2026-05-15 13:54:30,194 INFO CSMF2.step_1_1_1.run :: [h] epoch=27 step=200 total=0.03137 batch=0.00000
2026-05-15 13:54:30,194 INFO CSMF2.step_1_1_1.run :: [lat] epoch=27 step=200 mean_l2=0.03694 std_l2=0.02183
2026-05-15 13:54:30,385 INFO CSMF2.step_1_1_1.run :: epoch=27 step=200/429 train_nll=-3651.928
2026-05-15 13:54:43,808 INFO CSMF2.step_1_1_1.run :: [h] epoch=27 step=250 total=0.03186 batch=0.00000
2026-05-15 13:54:43,808 INFO CSMF2.step_1_1_1.run :: [lat] epoch=27 step=250 mean_l2=0.01378 std_l2=0.01852
2026-05-15 13:54:44,004 INFO CSMF2.step_1_1_1.run :: epoch=27 step=250/429 train_nll=-3650.139
2026-05-15 13:54:57,406 INFO CSMF2.step_1_1_1.run :: [h] epoch=27 step=300 total=0.03195 batch=0.00000
2026-05-15 13:54:57,407 INFO CSMF2.step_1_1_1.run :: [lat] epoch=27 step=300 mean_l2=0.01137 std_l2=0.01859
2026-05-15 13:54:57,598 INFO CSMF2.step_1_1_1.run :: epoch=27 step=300/429 train_nll=-3650.882
2026-05-15 13:55:11,036 INFO CSMF2.step_1_1_1.run :: [h] epoch=27 step=350 total=0.03210 batch=0.00000
2026-05-15 13:55:11,037 INFO CSMF2.step_1_1_1.run :: [lat] epoch=27 step=350 mean_l2=0.01580 std_l2=0.02013
2026-05-15 13:55:11,226 INFO CSMF2.step_1_1_1.run :: epoch=27 step=350/429 train_nll=-3651.680
2026-05-15 13:55:24,728 INFO CSMF2.step_1_1_1.run :: [h] epoch=27 step=400 total=0.03187 batch=0.00000
2026-05-15 13:55:24,729 INFO CSMF2.step_1_1_1.run :: [lat] epoch=27 step=400 mean_l2=0.01332 std_l2=0.01911
2026-05-15 13:55:24,911 INFO CSMF2.step_1_1_1.run :: epoch=27 step=400/429 train_nll=-3652.448
2026-05-15 13:55:35,975 INFO CSMF2.step_1_1_1.run :: epoch=27  train_nll=-3652.708  val_nll=-3650.908  t=119.8s
2026-05-15 13:55:35,975 INFO CSMF2.step_1_1_1.run :: [h_std] total=0.03187 batch=0.00000 (no penalty)
2026-05-15 13:55:35,975 INFO CSMF2.step_1_1_1.run :: [lat_epoch] mean_l2=0.01386 std_l2=0.01986 lambda=0.100
2026-05-15 13:55:35,975 INFO CSMF2.step_1_1_1.run :: [grad] cond=23.3611 film_gain=0.0000
2026-05-15 13:55:52,907 INFO CSMF2.step_1_1_1.run :: [h] epoch=28 step=50 total=0.03194 batch=0.00000
2026-05-15 13:55:52,908 INFO CSMF2.step_1_1_1.run :: [lat] epoch=28 step=50 mean_l2=0.01501 std_l2=0.02086
2026-05-15 13:55:53,107 INFO CSMF2.step_1_1_1.run :: epoch=28 step=50/429 train_nll=-3656.798
2026-05-15 13:56:07,155 INFO CSMF2.step_1_1_1.run :: [h] epoch=28 step=100 total=0.03197 batch=0.00000
2026-05-15 13:56:07,155 INFO CSMF2.step_1_1_1.run :: [lat] epoch=28 step=100 mean_l2=0.01674 std_l2=0.01991
2026-05-15 13:56:07,354 INFO CSMF2.step_1_1_1.run :: epoch=28 step=100/429 train_nll=-3655.486
2026-05-15 13:56:21,399 INFO CSMF2.step_1_1_1.run :: [h] epoch=28 step=150 total=0.03183 batch=0.00000
2026-05-15 13:56:21,400 INFO CSMF2.step_1_1_1.run :: [lat] epoch=28 step=150 mean_l2=0.02847 std_l2=0.02476
2026-05-15 13:56:21,600 INFO CSMF2.step_1_1_1.run :: epoch=28 step=150/429 train_nll=-3650.222
2026-05-15 13:56:35,683 INFO CSMF2.step_1_1_1.run :: [h] epoch=28 step=200 total=0.03160 batch=0.00000
2026-05-15 13:56:35,683 INFO CSMF2.step_1_1_1.run :: [lat] epoch=28 step=200 mean_l2=0.01524 std_l2=0.02084
2026-05-15 13:56:35,883 INFO CSMF2.step_1_1_1.run :: epoch=28 step=200/429 train_nll=-3645.071
2026-05-15 13:56:49,955 INFO CSMF2.step_1_1_1.run :: [h] epoch=28 step=250 total=0.03133 batch=0.00000
2026-05-15 13:56:49,956 INFO CSMF2.step_1_1_1.run :: [lat] epoch=28 step=250 mean_l2=0.03247 std_l2=0.02563
2026-05-15 13:56:50,156 INFO CSMF2.step_1_1_1.run :: epoch=28 step=250/429 train_nll=-3641.944
2026-05-15 13:57:04,194 INFO CSMF2.step_1_1_1.run :: [h] epoch=28 step=300 total=0.03143 batch=0.00000
2026-05-15 13:57:04,194 INFO CSMF2.step_1_1_1.run :: [lat] epoch=28 step=300 mean_l2=0.01201 std_l2=0.01684
2026-05-15 13:57:04,393 INFO CSMF2.step_1_1_1.run :: epoch=28 step=300/429 train_nll=-3641.575
2026-05-15 13:57:18,408 INFO CSMF2.step_1_1_1.run :: [h] epoch=28 step=350 total=0.03140 batch=0.00000
2026-05-15 13:57:18,409 INFO CSMF2.step_1_1_1.run :: [lat] epoch=28 step=350 mean_l2=0.01299 std_l2=0.02083
2026-05-15 13:57:18,607 INFO CSMF2.step_1_1_1.run :: epoch=28 step=350/429 train_nll=-3643.379
2026-05-15 13:57:32,608 INFO CSMF2.step_1_1_1.run :: [h] epoch=28 step=400 total=0.03146 batch=0.00000
2026-05-15 13:57:32,608 INFO CSMF2.step_1_1_1.run :: [lat] epoch=28 step=400 mean_l2=0.01446 std_l2=0.02064
2026-05-15 13:57:32,806 INFO CSMF2.step_1_1_1.run :: epoch=28 step=400/429 train_nll=-3645.338
2026-05-15 13:57:44,424 INFO CSMF2.step_1_1_1.run :: epoch=28  train_nll=-3646.074  val_nll=-3650.489  t=125.5s
2026-05-15 13:57:44,424 INFO CSMF2.step_1_1_1.run :: [h_std] total=0.03166 batch=0.00000 (no penalty)
2026-05-15 13:57:44,424 INFO CSMF2.step_1_1_1.run :: [lat_epoch] mean_l2=0.01647 std_l2=0.02081 lambda=0.100
2026-05-15 13:57:44,424 INFO CSMF2.step_1_1_1.run :: [grad] cond=110.0233 film_gain=0.0000
2026-05-15 13:58:00,302 INFO CSMF2.step_1_1_1.run :: [h] epoch=29 step=50 total=0.03145 batch=0.00000
2026-05-15 13:58:00,303 INFO CSMF2.step_1_1_1.run :: [lat] epoch=29 step=50 mean_l2=0.01372 std_l2=0.01878
2026-05-15 13:58:00,483 INFO CSMF2.step_1_1_1.run :: epoch=29 step=50/429 train_nll=-3656.095
2026-05-15 13:58:13,375 INFO CSMF2.step_1_1_1.run :: [h] epoch=29 step=100 total=0.03153 batch=0.00000
2026-05-15 13:58:13,376 INFO CSMF2.step_1_1_1.run :: [lat] epoch=29 step=100 mean_l2=0.01446 std_l2=0.01885
2026-05-15 13:58:13,557 INFO CSMF2.step_1_1_1.run :: epoch=29 step=100/429 train_nll=-3655.370
2026-05-15 13:58:26,448 INFO CSMF2.step_1_1_1.run :: [h] epoch=29 step=150 total=0.03162 batch=0.00000
2026-05-15 13:58:26,449 INFO CSMF2.step_1_1_1.run :: [lat] epoch=29 step=150 mean_l2=0.01958 std_l2=0.02324
2026-05-15 13:58:26,628 INFO CSMF2.step_1_1_1.run :: epoch=29 step=150/429 train_nll=-3652.977
2026-05-15 13:58:39,498 INFO CSMF2.step_1_1_1.run :: [h] epoch=29 step=200 total=0.03164 batch=0.00000
2026-05-15 13:58:39,499 INFO CSMF2.step_1_1_1.run :: [lat] epoch=29 step=200 mean_l2=0.01733 std_l2=0.02049
2026-05-15 13:58:39,678 INFO CSMF2.step_1_1_1.run :: epoch=29 step=200/429 train_nll=-3646.461
2026-05-15 13:58:52,578 INFO CSMF2.step_1_1_1.run :: [h] epoch=29 step=250 total=0.03150 batch=0.00000
2026-05-15 13:58:52,579 INFO CSMF2.step_1_1_1.run :: [lat] epoch=29 step=250 mean_l2=0.01533 std_l2=0.02299
2026-05-15 13:58:52,758 INFO CSMF2.step_1_1_1.run :: epoch=29 step=250/429 train_nll=-3643.431
2026-05-15 13:59:05,605 INFO CSMF2.step_1_1_1.run :: [h] epoch=29 step=300 total=0.03149 batch=0.00000
2026-05-15 13:59:05,606 INFO CSMF2.step_1_1_1.run :: [lat] epoch=29 step=300 mean_l2=0.02238 std_l2=0.02514
2026-05-15 13:59:05,785 INFO CSMF2.step_1_1_1.run :: epoch=29 step=300/429 train_nll=-3642.548
2026-05-15 13:59:18,646 INFO CSMF2.step_1_1_1.run :: [h] epoch=29 step=350 total=0.03127 batch=0.00000
2026-05-15 13:59:18,647 INFO CSMF2.step_1_1_1.run :: [lat] epoch=29 step=350 mean_l2=0.01482 std_l2=0.02545
2026-05-15 13:59:18,826 INFO CSMF2.step_1_1_1.run :: epoch=29 step=350/429 train_nll=-3641.373
2026-05-15 13:59:31,815 INFO CSMF2.step_1_1_1.run :: [h] epoch=29 step=400 total=0.03118 batch=0.00000
2026-05-15 13:59:31,815 INFO CSMF2.step_1_1_1.run :: [lat] epoch=29 step=400 mean_l2=0.02939 std_l2=0.02366
2026-05-15 13:59:32,008 INFO CSMF2.step_1_1_1.run :: epoch=29 step=400/429 train_nll=-3640.914
2026-05-15 13:59:43,014 INFO CSMF2.step_1_1_1.run :: epoch=29  train_nll=-3640.113  val_nll=-3617.008  t=115.5s
2026-05-15 13:59:43,014 INFO CSMF2.step_1_1_1.run :: [h_std] total=0.03138 batch=0.00000 (no penalty)
2026-05-15 13:59:43,014 INFO CSMF2.step_1_1_1.run :: [lat_epoch] mean_l2=0.01929 std_l2=0.02199 lambda=0.100
2026-05-15 13:59:43,014 INFO CSMF2.step_1_1_1.run :: [grad] cond=39.8763 film_gain=0.0000
2026-05-15 13:59:46,042 WARNING CSMF2.step_1_1_1.run :: [exit_gate] fwd_rel=0.873 > target 0.500 (informational; no resume baseline available)
2026-05-15 13:59:52,665 INFO CSMF2.step_1_1_1.run :: [run] FINAL test_nll (sealed 10k) = -3617.717
2026-05-15 13:59:53,283 INFO CSMF2.experiments.step_1_1_1.density_plots :: [plot_latent_density] saved -> CSMF2/experiments/step_1_1_1/results/nsf_s2_n0.10_seed0_6fb3543bf3f8/plots/latent_density.png  (ks=0.0072, mean=-0.016, std=0.992)
2026-05-15 13:59:53,592 INFO CSMF2.experiments.step_1_1_1.density_plots :: [plot_cycle_density] saved -> CSMF2/experiments/step_1_1_1/results/nsf_s2_n0.10_seed0_6fb3543bf3f8/plots/cycle_density.png  (max|err|=3.332e-04 rms=2.986e-06)
2026-05-15 13:59:53,872 INFO CSMF2.experiments.step_1_1_1.density_plots :: [plot_reconstruction_panel] saved -> CSMF2/experiments/step_1_1_1/results/nsf_s2_n0.10_seed0_6fb3543bf3f8/plots/reconstruction_panel.png  rms(enc-prior)=1.846
==============================================================
[1mSTEP-1_1_1 RUN SUMMARY[0m
==============================================================
expert: nsf   scale: 2   noise: 0.1   seed: 0   epochs: 30
train NLL:    -3177.99  ->    -3640.11  (Δ = -462.12)
test  NLL:    -3450.91  ->    -3617.01

[1mHARD GATES (halt on fail)[0m
  [32m 30/30  ✓[0m  invertibility FP64 <1e-5
  [32m 30/30  ✓[0m  latent KS vs N(0,1) <0.05
  [33m 29/30  ✗[0m  cycle_max < 1e-12
  [32m 30/30  ✓[0m  h std > 1e-3
  [32m 30/30  ✓[0m  FiLM γ,β std > 1e-3 aggregate
  [32m 30/30  ✓[0m  (y,seed) max|Δh| < 1e-6
  [32m 30/30  ✓[0m  no NaN/Inf this epoch
  [32m  1/1   ✓[0m  numeric log-det (FP64, once)

[1mINFORMATIONAL (logged, non-blocking)[0m
  [33m 28/30  ✗[0m  null-control gap ≥ 0.10
  [31m  0/30  ✗[0m  h_st Δlogp slope > 1e-3
  [32m 30/30  ✓[0m  grad norm > 1e-6
  [32m 30/30  ✓[0m  fwd residual reported
--------------------------------------------------------------
[1mHARD TOTAL: 210/211[0m  (99.5%)
[1mEXIT_CRITERIA_MET:[0m [31mNO[0m
[1mREMEDY HINTS:[0m
  - hard gate failed: cycle_max (cycle_max < 1e-12) -- check epochs [18]
[33mSTEP-1_1_1 SOFT WARNINGS (non-blocking):[0m
  ! fwd_rel=0.873 > target 0.500 (informational; no resume baseline available)
==============================================================
2026-05-15 13:59:53,933 INFO CSMF2.step_1_1_1.run :: STEP-1_1 run DONE  exit_ok=False  out=CSMF2/experiments/step_1_1_1/results/nsf_s2_n0.10_seed0_6fb3543bf3f8
