2026-05-14 15:54:17,637 INFO CSMF2.step_1_1_1.run :: STEP-1_1 run | tag=nice_s2_n0.10_seed0_43432f53ae30 | cfg=StepCfg(data_root='./mnist_data', scale=2, blur_sigma=1.0, noise_sigma=0.1, batch_size=128, expert='nice', dim=784, cond_width=128, h_dim=256, flow_hidden=256, use_film=True, cache_h=True, use_v2_conditioner=True, film_depth=2, film_hidden=128, film_use_gelu=True, realnvp_n_couplings=6, realnvp_s_max=2.0, glow_n_steps=8, glow_coupling_hidden=256, glow_s_max=2.0, glow_squeeze=True, glow_n_levels=1, glow_image_c=1, glow_image_h=28, glow_image_w=28, glow_film_gain_init=0.3, lr=0.001, epochs=30, weight_decay=0.0, grad_clip=5.0, shuffle_loss_lambda=0.0, shuffle_loss_margin=0.5, h_std_penalty_mu=0.0, h_std_target=0.05, cond_y_residual_alpha_init=0.0, latent_moment_lambda=1.0, latent_ks_target=0.1, fwd_rel_target=0.5, resume_from=None, seed=0, out_root='./CSMF2/experiments/step_1_1_1/results', log_every=50, sanity_every_epoch=True)
2026-05-14 15:54:17,712 INFO CSMF2.step_1_1_1.run :: [run] data sizes: train=55000  val=5000 (per-epoch)  test=10000 (final-only)
2026-05-14 15:54:17,778 INFO CSMF2.step_1_1_1.run :: [y_sanity] y.std(dim=0).mean() = 0.1512  shape=(128, 1, 14, 14)
2026-05-14 15:54:25,700 INFO CSMF2.step_1_1_1.run :: [h] epoch=0 step=50 total=0.06977 batch=0.00175
2026-05-14 15:54:25,701 INFO CSMF2.step_1_1_1.run :: [lat] epoch=0 step=50 mean_l2=0.03778 std_l2=2.70801
2026-05-14 15:54:25,766 INFO CSMF2.step_1_1_1.run :: epoch=0 step=50/429 train_nll=-522.292
2026-05-14 15:54:33,703 INFO CSMF2.step_1_1_1.run :: [h] epoch=0 step=100 total=0.17532 batch=0.00928
2026-05-14 15:54:33,703 INFO CSMF2.step_1_1_1.run :: [lat] epoch=0 step=100 mean_l2=0.05038 std_l2=0.72642
2026-05-14 15:54:33,770 INFO CSMF2.step_1_1_1.run :: epoch=0 step=100/429 train_nll=-744.994
2026-05-14 15:54:41,763 INFO CSMF2.step_1_1_1.run :: [h] epoch=0 step=150 total=0.24332 batch=0.01642
2026-05-14 15:54:41,763 INFO CSMF2.step_1_1_1.run :: [lat] epoch=0 step=150 mean_l2=0.03520 std_l2=0.51608
2026-05-14 15:54:41,839 INFO CSMF2.step_1_1_1.run :: epoch=0 step=150/429 train_nll=-860.623
2026-05-14 15:54:49,864 INFO CSMF2.step_1_1_1.run :: [h] epoch=0 step=200 total=0.29944 batch=0.02531
2026-05-14 15:54:49,865 INFO CSMF2.step_1_1_1.run :: [lat] epoch=0 step=200 mean_l2=0.02866 std_l2=0.41397
2026-05-14 15:54:49,930 INFO CSMF2.step_1_1_1.run :: epoch=0 step=200/429 train_nll=-936.149
2026-05-14 15:54:57,972 INFO CSMF2.step_1_1_1.run :: [h] epoch=0 step=250 total=0.29897 batch=0.02539
2026-05-14 15:54:57,973 INFO CSMF2.step_1_1_1.run :: [lat] epoch=0 step=250 mean_l2=0.02488 std_l2=0.38983
2026-05-14 15:54:58,038 INFO CSMF2.step_1_1_1.run :: epoch=0 step=250/429 train_nll=-991.288
2026-05-14 15:55:05,951 INFO CSMF2.step_1_1_1.run :: [h] epoch=0 step=300 total=0.31874 batch=0.03590
2026-05-14 15:55:05,951 INFO CSMF2.step_1_1_1.run :: [lat] epoch=0 step=300 mean_l2=0.02343 std_l2=0.36123
2026-05-14 15:55:06,027 INFO CSMF2.step_1_1_1.run :: epoch=0 step=300/429 train_nll=-1034.125
2026-05-14 15:55:14,116 INFO CSMF2.step_1_1_1.run :: [h] epoch=0 step=350 total=0.34165 batch=0.05578
2026-05-14 15:55:14,117 INFO CSMF2.step_1_1_1.run :: [lat] epoch=0 step=350 mean_l2=0.02173 std_l2=0.35902
2026-05-14 15:55:14,189 INFO CSMF2.step_1_1_1.run :: epoch=0 step=350/429 train_nll=-1069.000
2026-05-14 15:55:22,189 INFO CSMF2.step_1_1_1.run :: [h] epoch=0 step=400 total=0.36432 batch=0.08612
2026-05-14 15:55:22,189 INFO CSMF2.step_1_1_1.run :: [lat] epoch=0 step=400 mean_l2=0.02719 std_l2=0.38813
2026-05-14 15:55:22,256 INFO CSMF2.step_1_1_1.run :: epoch=0 step=400/429 train_nll=-1098.781
2026-05-14 15:55:30,292 INFO CSMF2.step_1_1_1.run :: epoch=0  train_nll=-1114.196  val_nll=-1336.054  t=72.4s
2026-05-14 15:55:30,292 INFO CSMF2.step_1_1_1.run :: [h_std] total=0.26689 batch=0.03130 (no penalty)
2026-05-14 15:55:30,292 INFO CSMF2.step_1_1_1.run :: [lat_epoch] mean_l2=0.08530 std_l2=1.05255 lambda=1.000
2026-05-14 15:55:30,292 INFO CSMF2.step_1_1_1.run :: [grad] cond=20.2022 film_gain=0.0000
2026-05-14 15:55:41,825 INFO CSMF2.step_1_1_1.run :: [h] epoch=1 step=50 total=0.37520 batch=0.10036
2026-05-14 15:55:41,825 INFO CSMF2.step_1_1_1.run :: [lat] epoch=1 step=50 mean_l2=0.03107 std_l2=0.37542
2026-05-14 15:55:41,890 INFO CSMF2.step_1_1_1.run :: epoch=1 step=50/429 train_nll=-1343.768
2026-05-14 15:55:49,757 INFO CSMF2.step_1_1_1.run :: [h] epoch=1 step=100 total=0.38521 batch=0.11550
2026-05-14 15:55:49,757 INFO CSMF2.step_1_1_1.run :: [lat] epoch=1 step=100 mean_l2=0.02735 std_l2=0.37553
2026-05-14 15:55:49,832 INFO CSMF2.step_1_1_1.run :: epoch=1 step=100/429 train_nll=-1355.703
2026-05-14 15:55:57,765 INFO CSMF2.step_1_1_1.run :: [h] epoch=1 step=150 total=0.38185 batch=0.11173
2026-05-14 15:55:57,765 INFO CSMF2.step_1_1_1.run :: [lat] epoch=1 step=150 mean_l2=0.02716 std_l2=0.35232
2026-05-14 15:55:57,831 INFO CSMF2.step_1_1_1.run :: epoch=1 step=150/429 train_nll=-1367.812
2026-05-14 15:56:05,908 INFO CSMF2.step_1_1_1.run :: [h] epoch=1 step=200 total=0.38115 batch=0.11883
2026-05-14 15:56:05,908 INFO CSMF2.step_1_1_1.run :: [lat] epoch=1 step=200 mean_l2=0.02425 std_l2=0.39199
2026-05-14 15:56:05,975 INFO CSMF2.step_1_1_1.run :: epoch=1 step=200/429 train_nll=-1378.422
2026-05-14 15:56:14,157 INFO CSMF2.step_1_1_1.run :: [h] epoch=1 step=250 total=0.37034 batch=0.09989
2026-05-14 15:56:14,157 INFO CSMF2.step_1_1_1.run :: [lat] epoch=1 step=250 mean_l2=0.02398 std_l2=0.38007
2026-05-14 15:56:14,224 INFO CSMF2.step_1_1_1.run :: epoch=1 step=250/429 train_nll=-1389.064
2026-05-14 15:56:22,545 INFO CSMF2.step_1_1_1.run :: [h] epoch=1 step=300 total=0.37888 batch=0.11891
2026-05-14 15:56:22,546 INFO CSMF2.step_1_1_1.run :: [lat] epoch=1 step=300 mean_l2=0.03004 std_l2=0.33656
2026-05-14 15:56:22,617 INFO CSMF2.step_1_1_1.run :: epoch=1 step=300/429 train_nll=-1399.177
2026-05-14 15:56:31,079 INFO CSMF2.step_1_1_1.run :: [h] epoch=1 step=350 total=0.38114 batch=0.12071
2026-05-14 15:56:31,080 INFO CSMF2.step_1_1_1.run :: [lat] epoch=1 step=350 mean_l2=0.03874 std_l2=0.38989
2026-05-14 15:56:31,151 INFO CSMF2.step_1_1_1.run :: epoch=1 step=350/429 train_nll=-1409.520
2026-05-14 15:56:39,634 INFO CSMF2.step_1_1_1.run :: [h] epoch=1 step=400 total=0.37393 batch=0.13183
2026-05-14 15:56:39,634 INFO CSMF2.step_1_1_1.run :: [lat] epoch=1 step=400 mean_l2=0.02668 std_l2=0.37447
2026-05-14 15:56:39,706 INFO CSMF2.step_1_1_1.run :: epoch=1 step=400/429 train_nll=-1418.920
2026-05-14 15:56:48,248 INFO CSMF2.step_1_1_1.run :: epoch=1  train_nll=-1424.235  val_nll=-1503.575  t=74.0s
2026-05-14 15:56:48,248 INFO CSMF2.step_1_1_1.run :: [h_std] total=0.38048 batch=0.11289 (no penalty)
2026-05-14 15:56:48,248 INFO CSMF2.step_1_1_1.run :: [lat_epoch] mean_l2=0.02954 std_l2=0.37376 lambda=1.000
2026-05-14 15:56:48,248 INFO CSMF2.step_1_1_1.run :: [grad] cond=21.7985 film_gain=0.0000
2026-05-14 15:57:00,075 INFO CSMF2.step_1_1_1.run :: [h] epoch=2 step=50 total=0.34407 batch=0.12637
2026-05-14 15:57:00,075 INFO CSMF2.step_1_1_1.run :: [lat] epoch=2 step=50 mean_l2=0.03319 std_l2=0.36709
2026-05-14 15:57:00,145 INFO CSMF2.step_1_1_1.run :: epoch=2 step=50/429 train_nll=-1506.296
2026-05-14 15:57:08,450 INFO CSMF2.step_1_1_1.run :: [h] epoch=2 step=100 total=0.35925 batch=0.14831
2026-05-14 15:57:08,451 INFO CSMF2.step_1_1_1.run :: [lat] epoch=2 step=100 mean_l2=0.04052 std_l2=0.35849
2026-05-14 15:57:08,521 INFO CSMF2.step_1_1_1.run :: epoch=2 step=100/429 train_nll=-1514.868
2026-05-14 15:57:16,984 INFO CSMF2.step_1_1_1.run :: [h] epoch=2 step=150 total=0.36237 batch=0.14328
2026-05-14 15:57:16,985 INFO CSMF2.step_1_1_1.run :: [lat] epoch=2 step=150 mean_l2=0.04655 std_l2=0.32854
2026-05-14 15:57:17,055 INFO CSMF2.step_1_1_1.run :: epoch=2 step=150/429 train_nll=-1524.525
2026-05-14 15:57:25,345 INFO CSMF2.step_1_1_1.run :: [h] epoch=2 step=200 total=0.35910 batch=0.15680
2026-05-14 15:57:25,345 INFO CSMF2.step_1_1_1.run :: [lat] epoch=2 step=200 mean_l2=0.02797 std_l2=0.36995
2026-05-14 15:57:25,416 INFO CSMF2.step_1_1_1.run :: epoch=2 step=200/429 train_nll=-1531.571
2026-05-14 15:57:33,723 INFO CSMF2.step_1_1_1.run :: [h] epoch=2 step=250 total=0.36095 batch=0.14417
2026-05-14 15:57:33,723 INFO CSMF2.step_1_1_1.run :: [lat] epoch=2 step=250 mean_l2=0.03255 std_l2=0.35918
2026-05-14 15:57:33,812 INFO CSMF2.step_1_1_1.run :: epoch=2 step=250/429 train_nll=-1539.466
2026-05-14 15:57:42,148 INFO CSMF2.step_1_1_1.run :: [h] epoch=2 step=300 total=0.34984 batch=0.14322
2026-05-14 15:57:42,148 INFO CSMF2.step_1_1_1.run :: [lat] epoch=2 step=300 mean_l2=0.03851 std_l2=0.31019
2026-05-14 15:57:42,219 INFO CSMF2.step_1_1_1.run :: epoch=2 step=300/429 train_nll=-1546.523
2026-05-14 15:57:50,488 INFO CSMF2.step_1_1_1.run :: [h] epoch=2 step=350 total=0.36753 batch=0.15628
2026-05-14 15:57:50,489 INFO CSMF2.step_1_1_1.run :: [lat] epoch=2 step=350 mean_l2=0.03806 std_l2=0.36478
2026-05-14 15:57:50,559 INFO CSMF2.step_1_1_1.run :: epoch=2 step=350/429 train_nll=-1553.906
2026-05-14 15:57:58,900 INFO CSMF2.step_1_1_1.run :: [h] epoch=2 step=400 total=0.35205 batch=0.16300
2026-05-14 15:57:58,901 INFO CSMF2.step_1_1_1.run :: [lat] epoch=2 step=400 mean_l2=0.04747 std_l2=0.35139
2026-05-14 15:57:58,989 INFO CSMF2.step_1_1_1.run :: epoch=2 step=400/429 train_nll=-1560.561
2026-05-14 15:58:07,446 INFO CSMF2.step_1_1_1.run :: epoch=2  train_nll=-1564.398  val_nll=-1621.776  t=75.4s
2026-05-14 15:58:07,446 INFO CSMF2.step_1_1_1.run :: [h_std] total=0.36074 batch=0.14836 (no penalty)
2026-05-14 15:58:07,446 INFO CSMF2.step_1_1_1.run :: [lat_epoch] mean_l2=0.03633 std_l2=0.35409 lambda=1.000
2026-05-14 15:58:07,446 INFO CSMF2.step_1_1_1.run :: [grad] cond=16.8937 film_gain=0.0000
2026-05-14 15:58:19,259 INFO CSMF2.step_1_1_1.run :: [h] epoch=3 step=50 total=0.33271 batch=0.14983
2026-05-14 15:58:19,259 INFO CSMF2.step_1_1_1.run :: [lat] epoch=3 step=50 mean_l2=0.03202 std_l2=0.34609
2026-05-14 15:58:19,330 INFO CSMF2.step_1_1_1.run :: epoch=3 step=50/429 train_nll=-1625.830
2026-05-14 15:58:27,605 INFO CSMF2.step_1_1_1.run :: [h] epoch=3 step=100 total=0.34307 batch=0.16970
2026-05-14 15:58:27,605 INFO CSMF2.step_1_1_1.run :: [lat] epoch=3 step=100 mean_l2=0.04720 std_l2=0.33060
2026-05-14 15:58:27,676 INFO CSMF2.step_1_1_1.run :: epoch=3 step=100/429 train_nll=-1631.563
2026-05-14 15:58:35,850 INFO CSMF2.step_1_1_1.run :: [h] epoch=3 step=150 total=0.34150 batch=0.16297
2026-05-14 15:58:35,850 INFO CSMF2.step_1_1_1.run :: [lat] epoch=3 step=150 mean_l2=0.03903 std_l2=0.30033
2026-05-14 15:58:35,921 INFO CSMF2.step_1_1_1.run :: epoch=3 step=150/429 train_nll=-1638.832
2026-05-14 15:58:44,133 INFO CSMF2.step_1_1_1.run :: [h] epoch=3 step=200 total=0.33971 batch=0.16937
2026-05-14 15:58:44,134 INFO CSMF2.step_1_1_1.run :: [lat] epoch=3 step=200 mean_l2=0.04296 std_l2=0.34203
2026-05-14 15:58:44,205 INFO CSMF2.step_1_1_1.run :: epoch=3 step=200/429 train_nll=-1644.211
2026-05-14 15:58:52,497 INFO CSMF2.step_1_1_1.run :: [h] epoch=3 step=250 total=0.33564 batch=0.15932
2026-05-14 15:58:52,498 INFO CSMF2.step_1_1_1.run :: [lat] epoch=3 step=250 mean_l2=0.03841 std_l2=0.33003
2026-05-14 15:58:52,569 INFO CSMF2.step_1_1_1.run :: epoch=3 step=250/429 train_nll=-1650.346
2026-05-14 15:59:00,895 INFO CSMF2.step_1_1_1.run :: [h] epoch=3 step=300 total=0.32380 batch=0.15317
2026-05-14 15:59:00,895 INFO CSMF2.step_1_1_1.run :: [lat] epoch=3 step=300 mean_l2=0.03709 std_l2=0.29064
2026-05-14 15:59:00,966 INFO CSMF2.step_1_1_1.run :: epoch=3 step=300/429 train_nll=-1655.610
2026-05-14 15:59:09,290 INFO CSMF2.step_1_1_1.run :: [h] epoch=3 step=350 total=0.34173 batch=0.17561
2026-05-14 15:59:09,290 INFO CSMF2.step_1_1_1.run :: [lat] epoch=3 step=350 mean_l2=0.03144 std_l2=0.33523
2026-05-14 15:59:09,361 INFO CSMF2.step_1_1_1.run :: epoch=3 step=350/429 train_nll=-1661.319
2026-05-14 15:59:17,911 INFO CSMF2.step_1_1_1.run :: [h] epoch=3 step=400 total=0.34160 batch=0.17746
2026-05-14 15:59:17,912 INFO CSMF2.step_1_1_1.run :: [lat] epoch=3 step=400 mean_l2=0.03964 std_l2=0.32646
2026-05-14 15:59:18,001 INFO CSMF2.step_1_1_1.run :: epoch=3 step=400/429 train_nll=-1666.682
2026-05-14 15:59:26,401 INFO CSMF2.step_1_1_1.run :: epoch=3  train_nll=-1669.901  val_nll=-1716.995  t=75.2s
2026-05-14 15:59:26,401 INFO CSMF2.step_1_1_1.run :: [h_std] total=0.34169 batch=0.16501 (no penalty)
2026-05-14 15:59:26,401 INFO CSMF2.step_1_1_1.run :: [lat_epoch] mean_l2=0.04168 std_l2=0.32755 lambda=1.000
2026-05-14 15:59:26,401 INFO CSMF2.step_1_1_1.run :: [grad] cond=68.4065 film_gain=0.0000
2026-05-14 15:59:38,238 INFO CSMF2.step_1_1_1.run :: [h] epoch=4 step=50 total=0.32770 batch=0.16893
2026-05-14 15:59:38,239 INFO CSMF2.step_1_1_1.run :: [lat] epoch=4 step=50 mean_l2=0.04832 std_l2=0.32407
2026-05-14 15:59:38,328 INFO CSMF2.step_1_1_1.run :: epoch=4 step=50/429 train_nll=-1719.488
2026-05-14 15:59:46,516 INFO CSMF2.step_1_1_1.run :: [h] epoch=4 step=100 total=0.34220 batch=0.19141
2026-05-14 15:59:46,516 INFO CSMF2.step_1_1_1.run :: [lat] epoch=4 step=100 mean_l2=0.04603 std_l2=0.32111
2026-05-14 15:59:46,586 INFO CSMF2.step_1_1_1.run :: epoch=4 step=100/429 train_nll=-1723.584
2026-05-14 15:59:54,875 INFO CSMF2.step_1_1_1.run :: [h] epoch=4 step=150 total=0.34368 batch=0.18867
2026-05-14 15:59:54,876 INFO CSMF2.step_1_1_1.run :: [lat] epoch=4 step=150 mean_l2=0.07354 std_l2=0.28452
2026-05-14 15:59:54,946 INFO CSMF2.step_1_1_1.run :: epoch=4 step=150/429 train_nll=-1729.791
2026-05-14 16:00:03,233 INFO CSMF2.step_1_1_1.run :: [h] epoch=4 step=200 total=0.34327 batch=0.19878
2026-05-14 16:00:03,233 INFO CSMF2.step_1_1_1.run :: [lat] epoch=4 step=200 mean_l2=0.04803 std_l2=0.32085
2026-05-14 16:00:03,300 INFO CSMF2.step_1_1_1.run :: epoch=4 step=200/429 train_nll=-1733.308
2026-05-14 16:00:11,599 INFO CSMF2.step_1_1_1.run :: [h] epoch=4 step=250 total=0.32304 batch=0.17868
2026-05-14 16:00:11,600 INFO CSMF2.step_1_1_1.run :: [lat] epoch=4 step=250 mean_l2=0.04717 std_l2=0.31084
2026-05-14 16:00:11,670 INFO CSMF2.step_1_1_1.run :: epoch=4 step=250/429 train_nll=-1737.771
2026-05-14 16:00:19,984 INFO CSMF2.step_1_1_1.run :: [h] epoch=4 step=300 total=0.33049 batch=0.19155
2026-05-14 16:00:19,985 INFO CSMF2.step_1_1_1.run :: [lat] epoch=4 step=300 mean_l2=0.04249 std_l2=0.28231
2026-05-14 16:00:20,073 INFO CSMF2.step_1_1_1.run :: epoch=4 step=300/429 train_nll=-1741.716
2026-05-14 16:00:28,275 INFO CSMF2.step_1_1_1.run :: [h] epoch=4 step=350 total=0.33268 batch=0.19516
2026-05-14 16:00:28,275 INFO CSMF2.step_1_1_1.run :: [lat] epoch=4 step=350 mean_l2=0.05156 std_l2=0.31395
2026-05-14 16:00:28,345 INFO CSMF2.step_1_1_1.run :: epoch=4 step=350/429 train_nll=-1746.159
2026-05-14 16:00:36,647 INFO CSMF2.step_1_1_1.run :: [h] epoch=4 step=400 total=0.33126 batch=0.19951
2026-05-14 16:00:36,648 INFO CSMF2.step_1_1_1.run :: [lat] epoch=4 step=400 mean_l2=0.04471 std_l2=0.30771
2026-05-14 16:00:36,718 INFO CSMF2.step_1_1_1.run :: epoch=4 step=400/429 train_nll=-1749.952
2026-05-14 16:00:45,156 INFO CSMF2.step_1_1_1.run :: epoch=4  train_nll=-1752.441  val_nll=-1785.613  t=74.9s
2026-05-14 16:00:45,157 INFO CSMF2.step_1_1_1.run :: [h_std] total=0.33611 batch=0.18963 (no penalty)
2026-05-14 16:00:45,157 INFO CSMF2.step_1_1_1.run :: [lat_epoch] mean_l2=0.04950 std_l2=0.30762 lambda=1.000
2026-05-14 16:00:45,157 INFO CSMF2.step_1_1_1.run :: [grad] cond=62.5869 film_gain=0.0000
2026-05-14 16:00:56,910 INFO CSMF2.step_1_1_1.run :: [h] epoch=5 step=50 total=0.32158 batch=0.19615
2026-05-14 16:00:56,911 INFO CSMF2.step_1_1_1.run :: [lat] epoch=5 step=50 mean_l2=0.04615 std_l2=0.30740
2026-05-14 16:00:56,982 INFO CSMF2.step_1_1_1.run :: epoch=5 step=50/429 train_nll=-1792.171
2026-05-14 16:01:05,260 INFO CSMF2.step_1_1_1.run :: [h] epoch=5 step=100 total=0.32766 batch=0.20550
2026-05-14 16:01:05,261 INFO CSMF2.step_1_1_1.run :: [lat] epoch=5 step=100 mean_l2=0.04445 std_l2=0.32782
2026-05-14 16:01:05,331 INFO CSMF2.step_1_1_1.run :: epoch=5 step=100/429 train_nll=-1795.349
2026-05-14 16:01:13,621 INFO CSMF2.step_1_1_1.run :: [h] epoch=5 step=150 total=0.33381 batch=0.20258
2026-05-14 16:01:13,621 INFO CSMF2.step_1_1_1.run :: [lat] epoch=5 step=150 mean_l2=0.04533 std_l2=0.28658
2026-05-14 16:01:13,688 INFO CSMF2.step_1_1_1.run :: epoch=5 step=150/429 train_nll=-1800.811
2026-05-14 16:01:22,056 INFO CSMF2.step_1_1_1.run :: [h] epoch=5 step=200 total=0.34221 batch=0.21614
2026-05-14 16:01:22,057 INFO CSMF2.step_1_1_1.run :: [lat] epoch=5 step=200 mean_l2=0.05515 std_l2=0.31160
2026-05-14 16:01:22,127 INFO CSMF2.step_1_1_1.run :: epoch=5 step=200/429 train_nll=-1805.455
2026-05-14 16:01:30,459 INFO CSMF2.step_1_1_1.run :: [h] epoch=5 step=250 total=0.32626 batch=0.20052
2026-05-14 16:01:30,460 INFO CSMF2.step_1_1_1.run :: [lat] epoch=5 step=250 mean_l2=0.08259 std_l2=0.33270
2026-05-14 16:01:30,530 INFO CSMF2.step_1_1_1.run :: epoch=5 step=250/429 train_nll=-1809.763
2026-05-14 16:01:38,868 INFO CSMF2.step_1_1_1.run :: [h] epoch=5 step=300 total=0.32146 batch=0.20591
2026-05-14 16:01:38,869 INFO CSMF2.step_1_1_1.run :: [lat] epoch=5 step=300 mean_l2=0.05513 std_l2=0.30288
2026-05-14 16:01:38,939 INFO CSMF2.step_1_1_1.run :: epoch=5 step=300/429 train_nll=-1813.147
2026-05-14 16:01:47,329 INFO CSMF2.step_1_1_1.run :: [h] epoch=5 step=350 total=0.32872 batch=0.20555
2026-05-14 16:01:47,330 INFO CSMF2.step_1_1_1.run :: [lat] epoch=5 step=350 mean_l2=0.07368 std_l2=0.30414
2026-05-14 16:01:47,400 INFO CSMF2.step_1_1_1.run :: epoch=5 step=350/429 train_nll=-1817.150
2026-05-14 16:01:55,696 INFO CSMF2.step_1_1_1.run :: [h] epoch=5 step=400 total=0.32497 batch=0.21110
2026-05-14 16:01:55,697 INFO CSMF2.step_1_1_1.run :: [lat] epoch=5 step=400 mean_l2=0.05278 std_l2=0.29487
2026-05-14 16:01:55,785 INFO CSMF2.step_1_1_1.run :: epoch=5 step=400/429 train_nll=-1819.925
2026-05-14 16:02:04,207 INFO CSMF2.step_1_1_1.run :: epoch=5  train_nll=-1822.446  val_nll=-1855.266  t=75.3s
2026-05-14 16:02:04,207 INFO CSMF2.step_1_1_1.run :: [h_std] total=0.33013 batch=0.20621 (no penalty)
2026-05-14 16:02:04,207 INFO CSMF2.step_1_1_1.run :: [lat_epoch] mean_l2=0.05370 std_l2=0.30217 lambda=1.000
2026-05-14 16:02:04,207 INFO CSMF2.step_1_1_1.run :: [grad] cond=81.0984 film_gain=0.0000
2026-05-14 16:02:16,000 INFO CSMF2.step_1_1_1.run :: [h] epoch=6 step=50 total=0.31799 batch=0.20421
2026-05-14 16:02:16,000 INFO CSMF2.step_1_1_1.run :: [lat] epoch=6 step=50 mean_l2=0.05538 std_l2=0.30857
2026-05-14 16:02:16,070 INFO CSMF2.step_1_1_1.run :: epoch=6 step=50/429 train_nll=-1856.179
2026-05-14 16:02:24,302 INFO CSMF2.step_1_1_1.run :: [h] epoch=6 step=100 total=0.31994 batch=0.21197
2026-05-14 16:02:24,303 INFO CSMF2.step_1_1_1.run :: [lat] epoch=6 step=100 mean_l2=0.05895 std_l2=0.36018
2026-05-14 16:02:24,391 INFO CSMF2.step_1_1_1.run :: epoch=6 step=100/429 train_nll=-1860.493
2026-05-14 16:02:32,608 INFO CSMF2.step_1_1_1.run :: [h] epoch=6 step=150 total=0.32907 batch=0.21607
2026-05-14 16:02:32,608 INFO CSMF2.step_1_1_1.run :: [lat] epoch=6 step=150 mean_l2=0.05122 std_l2=0.32386
2026-05-14 16:02:32,697 INFO CSMF2.step_1_1_1.run :: epoch=6 step=150/429 train_nll=-1866.206
2026-05-14 16:02:41,017 INFO CSMF2.step_1_1_1.run :: [h] epoch=6 step=200 total=0.32943 batch=0.22006
2026-05-14 16:02:41,018 INFO CSMF2.step_1_1_1.run :: [lat] epoch=6 step=200 mean_l2=0.04582 std_l2=0.30040
2026-05-14 16:02:41,088 INFO CSMF2.step_1_1_1.run :: epoch=6 step=200/429 train_nll=-1869.187
2026-05-14 16:02:49,380 INFO CSMF2.step_1_1_1.run :: [h] epoch=6 step=250 total=0.31520 batch=0.20690
2026-05-14 16:02:49,380 INFO CSMF2.step_1_1_1.run :: [lat] epoch=6 step=250 mean_l2=0.05294 std_l2=0.37991
2026-05-14 16:02:49,451 INFO CSMF2.step_1_1_1.run :: epoch=6 step=250/429 train_nll=-1872.709
2026-05-14 16:02:57,630 INFO CSMF2.step_1_1_1.run :: [h] epoch=6 step=300 total=0.31180 batch=0.21418
2026-05-14 16:02:57,631 INFO CSMF2.step_1_1_1.run :: [lat] epoch=6 step=300 mean_l2=0.06134 std_l2=0.34298
2026-05-14 16:02:57,719 INFO CSMF2.step_1_1_1.run :: epoch=6 step=300/429 train_nll=-1875.336
2026-05-14 16:03:05,894 INFO CSMF2.step_1_1_1.run :: [h] epoch=6 step=350 total=0.31824 batch=0.21177
2026-05-14 16:03:05,894 INFO CSMF2.step_1_1_1.run :: [lat] epoch=6 step=350 mean_l2=0.07459 std_l2=0.32331
2026-05-14 16:03:05,965 INFO CSMF2.step_1_1_1.run :: epoch=6 step=350/429 train_nll=-1879.619
2026-05-14 16:03:14,331 INFO CSMF2.step_1_1_1.run :: [h] epoch=6 step=400 total=0.31552 batch=0.21359
2026-05-14 16:03:14,332 INFO CSMF2.step_1_1_1.run :: [lat] epoch=6 step=400 mean_l2=0.06076 std_l2=0.31242
2026-05-14 16:03:14,420 INFO CSMF2.step_1_1_1.run :: epoch=6 step=400/429 train_nll=-1882.126
2026-05-14 16:03:22,900 INFO CSMF2.step_1_1_1.run :: epoch=6  train_nll=-1884.144  val_nll=-1919.377  t=74.9s
2026-05-14 16:03:22,900 INFO CSMF2.step_1_1_1.run :: [h_std] total=0.32283 batch=0.21437 (no penalty)
2026-05-14 16:03:22,900 INFO CSMF2.step_1_1_1.run :: [lat_epoch] mean_l2=0.05799 std_l2=0.31314 lambda=1.000
2026-05-14 16:03:22,900 INFO CSMF2.step_1_1_1.run :: [grad] cond=37.9696 film_gain=0.0000
2026-05-14 16:03:34,803 INFO CSMF2.step_1_1_1.run :: [h] epoch=7 step=50 total=0.31056 batch=0.21393
2026-05-14 16:03:34,803 INFO CSMF2.step_1_1_1.run :: [lat] epoch=7 step=50 mean_l2=0.05856 std_l2=0.31987
2026-05-14 16:03:34,873 INFO CSMF2.step_1_1_1.run :: epoch=7 step=50/429 train_nll=-1915.031
2026-05-14 16:03:43,042 INFO CSMF2.step_1_1_1.run :: [h] epoch=7 step=100 total=0.32037 batch=0.22064
2026-05-14 16:03:43,043 INFO CSMF2.step_1_1_1.run :: [lat] epoch=7 step=100 mean_l2=0.05270 std_l2=0.43968
2026-05-14 16:03:43,131 INFO CSMF2.step_1_1_1.run :: epoch=7 step=100/429 train_nll=-1919.057
2026-05-14 16:03:51,450 INFO CSMF2.step_1_1_1.run :: [h] epoch=7 step=150 total=0.31791 batch=0.22034
2026-05-14 16:03:51,450 INFO CSMF2.step_1_1_1.run :: [lat] epoch=7 step=150 mean_l2=0.08102 std_l2=0.35877
2026-05-14 16:03:51,521 INFO CSMF2.step_1_1_1.run :: epoch=7 step=150/429 train_nll=-1923.286
2026-05-14 16:03:59,781 INFO CSMF2.step_1_1_1.run :: [h] epoch=7 step=200 total=0.31846 batch=0.22629
2026-05-14 16:03:59,781 INFO CSMF2.step_1_1_1.run :: [lat] epoch=7 step=200 mean_l2=0.06897 std_l2=0.28889
2026-05-14 16:03:59,870 INFO CSMF2.step_1_1_1.run :: epoch=7 step=200/429 train_nll=-1925.304
2026-05-14 16:04:08,171 INFO CSMF2.step_1_1_1.run :: [h] epoch=7 step=250 total=0.30993 batch=0.21580
2026-05-14 16:04:08,171 INFO CSMF2.step_1_1_1.run :: [lat] epoch=7 step=250 mean_l2=0.07059 std_l2=0.46341
2026-05-14 16:04:08,242 INFO CSMF2.step_1_1_1.run :: epoch=7 step=250/429 train_nll=-1928.001
2026-05-14 16:04:16,427 INFO CSMF2.step_1_1_1.run :: [h] epoch=7 step=300 total=0.31178 batch=0.22408
2026-05-14 16:04:16,428 INFO CSMF2.step_1_1_1.run :: [lat] epoch=7 step=300 mean_l2=0.06204 std_l2=0.44214
2026-05-14 16:04:16,499 INFO CSMF2.step_1_1_1.run :: epoch=7 step=300/429 train_nll=-1930.163
2026-05-14 16:04:24,721 INFO CSMF2.step_1_1_1.run :: [h] epoch=7 step=350 total=0.30978 batch=0.21893
2026-05-14 16:04:24,721 INFO CSMF2.step_1_1_1.run :: [lat] epoch=7 step=350 mean_l2=0.04498 std_l2=0.32531
2026-05-14 16:04:24,792 INFO CSMF2.step_1_1_1.run :: epoch=7 step=350/429 train_nll=-1933.661
2026-05-14 16:04:33,171 INFO CSMF2.step_1_1_1.run :: [h] epoch=7 step=400 total=0.30933 batch=0.22300
2026-05-14 16:04:33,172 INFO CSMF2.step_1_1_1.run :: [lat] epoch=7 step=400 mean_l2=0.06633 std_l2=0.34337
2026-05-14 16:04:33,242 INFO CSMF2.step_1_1_1.run :: epoch=7 step=400/429 train_nll=-1935.470
2026-05-14 16:04:41,518 INFO CSMF2.step_1_1_1.run :: epoch=7  train_nll=-1937.191  val_nll=-1955.067  t=74.8s
2026-05-14 16:04:41,518 INFO CSMF2.step_1_1_1.run :: [h_std] total=0.31421 batch=0.21938 (no penalty)
2026-05-14 16:04:41,518 INFO CSMF2.step_1_1_1.run :: [lat_epoch] mean_l2=0.06249 std_l2=0.33896 lambda=1.000
2026-05-14 16:04:41,518 INFO CSMF2.step_1_1_1.run :: [grad] cond=72.8927 film_gain=0.0000
2026-05-14 16:04:53,259 INFO CSMF2.step_1_1_1.run :: [h] epoch=8 step=50 total=0.30460 batch=0.22206
2026-05-14 16:04:53,259 INFO CSMF2.step_1_1_1.run :: [lat] epoch=8 step=50 mean_l2=0.04668 std_l2=0.32487
2026-05-14 16:04:53,329 INFO CSMF2.step_1_1_1.run :: epoch=8 step=50/429 train_nll=-1963.081
2026-05-14 16:05:01,601 INFO CSMF2.step_1_1_1.run :: [h] epoch=8 step=100 total=0.30637 batch=0.22123
2026-05-14 16:05:01,602 INFO CSMF2.step_1_1_1.run :: [lat] epoch=8 step=100 mean_l2=0.04765 std_l2=0.54829
2026-05-14 16:05:01,672 INFO CSMF2.step_1_1_1.run :: epoch=8 step=100/429 train_nll=-1965.069
2026-05-14 16:05:09,867 INFO CSMF2.step_1_1_1.run :: [h] epoch=8 step=150 total=0.29857 batch=0.21008
2026-05-14 16:05:09,867 INFO CSMF2.step_1_1_1.run :: [lat] epoch=8 step=150 mean_l2=0.06521 std_l2=0.42960
2026-05-14 16:05:09,956 INFO CSMF2.step_1_1_1.run :: epoch=8 step=150/429 train_nll=-1970.726
2026-05-14 16:05:18,375 INFO CSMF2.step_1_1_1.run :: [h] epoch=8 step=200 total=0.30477 batch=0.22300
2026-05-14 16:05:18,376 INFO CSMF2.step_1_1_1.run :: [lat] epoch=8 step=200 mean_l2=0.07376 std_l2=0.28014
2026-05-14 16:05:18,447 INFO CSMF2.step_1_1_1.run :: epoch=8 step=200/429 train_nll=-1971.550
2026-05-14 16:05:26,681 INFO CSMF2.step_1_1_1.run :: [h] epoch=8 step=250 total=0.29552 batch=0.21094
2026-05-14 16:05:26,682 INFO CSMF2.step_1_1_1.run :: [lat] epoch=8 step=250 mean_l2=0.06410 std_l2=0.55678
2026-05-14 16:05:26,753 INFO CSMF2.step_1_1_1.run :: epoch=8 step=250/429 train_nll=-1973.357
2026-05-14 16:05:35,047 INFO CSMF2.step_1_1_1.run :: [h] epoch=8 step=300 total=0.29688 batch=0.22028
2026-05-14 16:05:35,048 INFO CSMF2.step_1_1_1.run :: [lat] epoch=8 step=300 mean_l2=0.06510 std_l2=0.58272
2026-05-14 16:05:35,137 INFO CSMF2.step_1_1_1.run :: epoch=8 step=300/429 train_nll=-1975.257
2026-05-14 16:05:43,385 INFO CSMF2.step_1_1_1.run :: [h] epoch=8 step=350 total=0.29745 batch=0.21575
2026-05-14 16:05:43,386 INFO CSMF2.step_1_1_1.run :: [lat] epoch=8 step=350 mean_l2=0.05744 std_l2=0.38614
2026-05-14 16:05:43,457 INFO CSMF2.step_1_1_1.run :: epoch=8 step=350/429 train_nll=-1979.202
2026-05-14 16:05:51,812 INFO CSMF2.step_1_1_1.run :: [h] epoch=8 step=400 total=0.29259 batch=0.21340
2026-05-14 16:05:51,812 INFO CSMF2.step_1_1_1.run :: [lat] epoch=8 step=400 mean_l2=0.07270 std_l2=0.38659
2026-05-14 16:05:51,882 INFO CSMF2.step_1_1_1.run :: epoch=8 step=400/429 train_nll=-1980.902
2026-05-14 16:06:00,285 INFO CSMF2.step_1_1_1.run :: epoch=8  train_nll=-1982.514  val_nll=-1999.903  t=75.2s
2026-05-14 16:06:00,286 INFO CSMF2.step_1_1_1.run :: [h_std] total=0.30122 batch=0.21808 (no penalty)
2026-05-14 16:06:00,286 INFO CSMF2.step_1_1_1.run :: [lat_epoch] mean_l2=0.06660 std_l2=0.38100 lambda=1.000
2026-05-14 16:06:00,286 INFO CSMF2.step_1_1_1.run :: [grad] cond=37.4169 film_gain=0.0000
2026-05-14 16:06:12,210 INFO CSMF2.step_1_1_1.run :: [h] epoch=9 step=50 total=0.29102 batch=0.21544
2026-05-14 16:06:12,210 INFO CSMF2.step_1_1_1.run :: [lat] epoch=9 step=50 mean_l2=0.05600 std_l2=0.33164
2026-05-14 16:06:12,299 INFO CSMF2.step_1_1_1.run :: epoch=9 step=50/429 train_nll=-2004.124
2026-05-14 16:06:20,516 INFO CSMF2.step_1_1_1.run :: [h] epoch=9 step=100 total=0.29575 batch=0.21788
2026-05-14 16:06:20,517 INFO CSMF2.step_1_1_1.run :: [lat] epoch=9 step=100 mean_l2=0.07033 std_l2=0.67248
2026-05-14 16:06:20,587 INFO CSMF2.step_1_1_1.run :: epoch=9 step=100/429 train_nll=-2007.512
2026-05-14 16:06:28,976 INFO CSMF2.step_1_1_1.run :: [h] epoch=9 step=150 total=0.29239 batch=0.21586
2026-05-14 16:06:28,977 INFO CSMF2.step_1_1_1.run :: [lat] epoch=9 step=150 mean_l2=0.06749 std_l2=0.47097
2026-05-14 16:06:29,047 INFO CSMF2.step_1_1_1.run :: epoch=9 step=150/429 train_nll=-2011.435
2026-05-14 16:06:37,347 INFO CSMF2.step_1_1_1.run :: [h] epoch=9 step=200 total=0.29530 batch=0.22257
2026-05-14 16:06:37,347 INFO CSMF2.step_1_1_1.run :: [lat] epoch=9 step=200 mean_l2=0.06428 std_l2=0.29095
2026-05-14 16:06:37,418 INFO CSMF2.step_1_1_1.run :: epoch=9 step=200/429 train_nll=-2011.801
2026-05-14 16:06:45,751 INFO CSMF2.step_1_1_1.run :: [h] epoch=9 step=250 total=0.28079 batch=0.20577
2026-05-14 16:06:45,751 INFO CSMF2.step_1_1_1.run :: [lat] epoch=9 step=250 mean_l2=0.07156 std_l2=0.66795
2026-05-14 16:06:45,822 INFO CSMF2.step_1_1_1.run :: epoch=9 step=250/429 train_nll=-2013.824
2026-05-14 16:06:54,016 INFO CSMF2.step_1_1_1.run :: [h] epoch=9 step=300 total=0.28404 batch=0.21457
2026-05-14 16:06:54,016 INFO CSMF2.step_1_1_1.run :: [lat] epoch=9 step=300 mean_l2=0.06310 std_l2=0.79379
2026-05-14 16:06:54,084 INFO CSMF2.step_1_1_1.run :: epoch=9 step=300/429 train_nll=-2016.328
2026-05-14 16:07:02,464 INFO CSMF2.step_1_1_1.run :: [h] epoch=9 step=350 total=0.28342 batch=0.21045
2026-05-14 16:07:02,464 INFO CSMF2.step_1_1_1.run :: [lat] epoch=9 step=350 mean_l2=0.08283 std_l2=0.49853
2026-05-14 16:07:02,535 INFO CSMF2.step_1_1_1.run :: epoch=9 step=350/429 train_nll=-2019.952
2026-05-14 16:07:10,825 INFO CSMF2.step_1_1_1.run :: [h] epoch=9 step=400 total=0.28058 batch=0.20935
2026-05-14 16:07:10,825 INFO CSMF2.step_1_1_1.run :: [lat] epoch=9 step=400 mean_l2=0.06649 std_l2=0.48762
2026-05-14 16:07:10,914 INFO CSMF2.step_1_1_1.run :: epoch=9 step=400/429 train_nll=-2021.624
2026-05-14 16:07:19,513 INFO CSMF2.step_1_1_1.run :: epoch=9  train_nll=-2023.346  val_nll=-2047.842  t=75.5s
2026-05-14 16:07:19,514 INFO CSMF2.step_1_1_1.run :: [h_std] total=0.28945 batch=0.21466 (no penalty)
2026-05-14 16:07:19,514 INFO CSMF2.step_1_1_1.run :: [lat_epoch] mean_l2=0.06969 std_l2=0.43381 lambda=1.000
2026-05-14 16:07:19,514 INFO CSMF2.step_1_1_1.run :: [grad] cond=33.1614 film_gain=0.0000
2026-05-14 16:07:31,253 INFO CSMF2.step_1_1_1.run :: [h] epoch=10 step=50 total=0.28313 batch=0.21394
2026-05-14 16:07:31,253 INFO CSMF2.step_1_1_1.run :: [lat] epoch=10 step=50 mean_l2=0.05295 std_l2=0.33936
2026-05-14 16:07:31,323 INFO CSMF2.step_1_1_1.run :: epoch=10 step=50/429 train_nll=-2045.790
2026-05-14 16:07:39,671 INFO CSMF2.step_1_1_1.run :: [h] epoch=10 step=100 total=0.27903 batch=0.20811
2026-05-14 16:07:39,672 INFO CSMF2.step_1_1_1.run :: [lat] epoch=10 step=100 mean_l2=0.07718 std_l2=0.82867
2026-05-14 16:07:39,742 INFO CSMF2.step_1_1_1.run :: epoch=10 step=100/429 train_nll=-2045.348
2026-05-14 16:07:48,075 INFO CSMF2.step_1_1_1.run :: [h] epoch=10 step=150 total=0.27857 batch=0.20782
2026-05-14 16:07:48,075 INFO CSMF2.step_1_1_1.run :: [lat] epoch=10 step=150 mean_l2=0.08754 std_l2=0.52076
2026-05-14 16:07:48,146 INFO CSMF2.step_1_1_1.run :: epoch=10 step=150/429 train_nll=-2049.243
2026-05-14 16:07:56,535 INFO CSMF2.step_1_1_1.run :: [h] epoch=10 step=200 total=0.27841 batch=0.21394
2026-05-14 16:07:56,536 INFO CSMF2.step_1_1_1.run :: [lat] epoch=10 step=200 mean_l2=0.10187 std_l2=0.27725
2026-05-14 16:07:56,607 INFO CSMF2.step_1_1_1.run :: epoch=10 step=200/429 train_nll=-2049.220
2026-05-14 16:08:05,058 INFO CSMF2.step_1_1_1.run :: [h] epoch=10 step=250 total=0.26892 batch=0.20097
2026-05-14 16:08:05,058 INFO CSMF2.step_1_1_1.run :: [lat] epoch=10 step=250 mean_l2=0.07792 std_l2=0.66475
2026-05-14 16:08:05,129 INFO CSMF2.step_1_1_1.run :: epoch=10 step=250/429 train_nll=-2051.359
2026-05-14 16:08:13,392 INFO CSMF2.step_1_1_1.run :: [h] epoch=10 step=300 total=0.27111 batch=0.20947
2026-05-14 16:08:13,393 INFO CSMF2.step_1_1_1.run :: [lat] epoch=10 step=300 mean_l2=0.07029 std_l2=1.07779
2026-05-14 16:08:13,464 INFO CSMF2.step_1_1_1.run :: epoch=10 step=300/429 train_nll=-2052.857
2026-05-14 16:08:21,767 INFO CSMF2.step_1_1_1.run :: [h] epoch=10 step=350 total=0.27077 batch=0.20390
2026-05-14 16:08:21,767 INFO CSMF2.step_1_1_1.run :: [lat] epoch=10 step=350 mean_l2=0.08813 std_l2=0.53853
2026-05-14 16:08:21,838 INFO CSMF2.step_1_1_1.run :: epoch=10 step=350/429 train_nll=-2055.740
2026-05-14 16:08:30,151 INFO CSMF2.step_1_1_1.run :: [h] epoch=10 step=400 total=0.27051 batch=0.20750
2026-05-14 16:08:30,152 INFO CSMF2.step_1_1_1.run :: [lat] epoch=10 step=400 mean_l2=0.11418 std_l2=0.58748
2026-05-14 16:08:30,222 INFO CSMF2.step_1_1_1.run :: epoch=10 step=400/429 train_nll=-2056.646
2026-05-14 16:08:38,595 INFO CSMF2.step_1_1_1.run :: epoch=10  train_nll=-2057.816  val_nll=-2071.632  t=75.3s
2026-05-14 16:08:38,595 INFO CSMF2.step_1_1_1.run :: [h_std] total=0.27613 batch=0.20865 (no penalty)
2026-05-14 16:08:38,595 INFO CSMF2.step_1_1_1.run :: [lat_epoch] mean_l2=0.07455 std_l2=0.49146 lambda=1.000
2026-05-14 16:08:38,595 INFO CSMF2.step_1_1_1.run :: [grad] cond=91.8828 film_gain=0.0000
2026-05-14 16:08:50,455 INFO CSMF2.step_1_1_1.run :: [h] epoch=11 step=50 total=0.26775 batch=0.20843
2026-05-14 16:08:50,455 INFO CSMF2.step_1_1_1.run :: [lat] epoch=11 step=50 mean_l2=0.06955 std_l2=0.35383
2026-05-14 16:08:50,525 INFO CSMF2.step_1_1_1.run :: epoch=11 step=50/429 train_nll=-2073.209
2026-05-14 16:08:58,771 INFO CSMF2.step_1_1_1.run :: [h] epoch=11 step=100 total=0.26200 batch=0.19760
2026-05-14 16:08:58,772 INFO CSMF2.step_1_1_1.run :: [lat] epoch=11 step=100 mean_l2=0.07112 std_l2=0.96167
2026-05-14 16:08:58,861 INFO CSMF2.step_1_1_1.run :: epoch=11 step=100/429 train_nll=-2076.405
2026-05-14 16:09:07,138 INFO CSMF2.step_1_1_1.run :: [h] epoch=11 step=150 total=0.26423 batch=0.20184
2026-05-14 16:09:07,138 INFO CSMF2.step_1_1_1.run :: [lat] epoch=11 step=150 mean_l2=0.07044 std_l2=0.56106
2026-05-14 16:09:07,228 INFO CSMF2.step_1_1_1.run :: epoch=11 step=150/429 train_nll=-2081.992
2026-05-14 16:09:15,476 INFO CSMF2.step_1_1_1.run :: [h] epoch=11 step=200 total=0.26915 batch=0.20812
2026-05-14 16:09:15,477 INFO CSMF2.step_1_1_1.run :: [lat] epoch=11 step=200 mean_l2=0.07660 std_l2=0.28803
2026-05-14 16:09:15,547 INFO CSMF2.step_1_1_1.run :: epoch=11 step=200/429 train_nll=-2082.236
2026-05-14 16:09:23,852 INFO CSMF2.step_1_1_1.run :: [h] epoch=11 step=250 total=0.25595 batch=0.19610
2026-05-14 16:09:23,853 INFO CSMF2.step_1_1_1.run :: [lat] epoch=11 step=250 mean_l2=0.08172 std_l2=0.66671
2026-05-14 16:09:23,923 INFO CSMF2.step_1_1_1.run :: epoch=11 step=250/429 train_nll=-2083.433
2026-05-14 16:09:32,224 INFO CSMF2.step_1_1_1.run :: [h] epoch=11 step=300 total=0.25793 batch=0.20098
2026-05-14 16:09:32,224 INFO CSMF2.step_1_1_1.run :: [lat] epoch=11 step=300 mean_l2=0.08203 std_l2=1.46289
2026-05-14 16:09:32,295 INFO CSMF2.step_1_1_1.run :: epoch=11 step=300/429 train_nll=-2083.945
2026-05-14 16:09:40,610 INFO CSMF2.step_1_1_1.run :: [h] epoch=11 step=350 total=0.25840 batch=0.19803
2026-05-14 16:09:40,610 INFO CSMF2.step_1_1_1.run :: [lat] epoch=11 step=350 mean_l2=0.10066 std_l2=0.73913
2026-05-14 16:09:40,680 INFO CSMF2.step_1_1_1.run :: epoch=11 step=350/429 train_nll=-2086.624
2026-05-14 16:09:48,897 INFO CSMF2.step_1_1_1.run :: [h] epoch=11 step=400 total=0.25774 batch=0.20079
2026-05-14 16:09:48,897 INFO CSMF2.step_1_1_1.run :: [lat] epoch=11 step=400 mean_l2=0.07900 std_l2=0.72203
2026-05-14 16:09:48,968 INFO CSMF2.step_1_1_1.run :: epoch=11 step=400/429 train_nll=-2087.568
2026-05-14 16:09:57,486 INFO CSMF2.step_1_1_1.run :: epoch=11  train_nll=-2088.898  val_nll=-2101.491  t=75.1s
2026-05-14 16:09:57,486 INFO CSMF2.step_1_1_1.run :: [h_std] total=0.26259 batch=0.20138 (no penalty)
2026-05-14 16:09:57,486 INFO CSMF2.step_1_1_1.run :: [lat_epoch] mean_l2=0.07737 std_l2=0.54650 lambda=1.000
2026-05-14 16:09:57,486 INFO CSMF2.step_1_1_1.run :: [grad] cond=67.6957 film_gain=0.0000
2026-05-14 16:10:09,196 INFO CSMF2.step_1_1_1.run :: [h] epoch=12 step=50 total=0.25801 batch=0.20296
2026-05-14 16:10:09,197 INFO CSMF2.step_1_1_1.run :: [lat] epoch=12 step=50 mean_l2=0.07377 std_l2=0.35851
2026-05-14 16:10:09,267 INFO CSMF2.step_1_1_1.run :: epoch=12 step=50/429 train_nll=-2107.202
2026-05-14 16:10:17,528 INFO CSMF2.step_1_1_1.run :: [h] epoch=12 step=100 total=0.24811 batch=0.19062
2026-05-14 16:10:17,529 INFO CSMF2.step_1_1_1.run :: [lat] epoch=12 step=100 mean_l2=0.06586 std_l2=0.99064
2026-05-14 16:10:17,600 INFO CSMF2.step_1_1_1.run :: epoch=12 step=100/429 train_nll=-2108.217
2026-05-14 16:10:25,993 INFO CSMF2.step_1_1_1.run :: [h] epoch=12 step=150 total=0.25287 batch=0.19452
2026-05-14 16:10:25,994 INFO CSMF2.step_1_1_1.run :: [lat] epoch=12 step=150 mean_l2=0.06934 std_l2=0.56268
2026-05-14 16:10:26,082 INFO CSMF2.step_1_1_1.run :: epoch=12 step=150/429 train_nll=-2111.080
2026-05-14 16:10:34,345 INFO CSMF2.step_1_1_1.run :: [h] epoch=12 step=200 total=0.25286 batch=0.19831
2026-05-14 16:10:34,346 INFO CSMF2.step_1_1_1.run :: [lat] epoch=12 step=200 mean_l2=0.08352 std_l2=0.27879
2026-05-14 16:10:34,417 INFO CSMF2.step_1_1_1.run :: epoch=12 step=200/429 train_nll=-2111.653
2026-05-14 16:10:42,683 INFO CSMF2.step_1_1_1.run :: [h] epoch=12 step=250 total=0.24911 batch=0.19154
2026-05-14 16:10:42,684 INFO CSMF2.step_1_1_1.run :: [lat] epoch=12 step=250 mean_l2=0.08678 std_l2=0.52740
2026-05-14 16:10:42,755 INFO CSMF2.step_1_1_1.run :: epoch=12 step=250/429 train_nll=-2113.036
2026-05-14 16:10:51,029 INFO CSMF2.step_1_1_1.run :: [h] epoch=12 step=300 total=0.24953 batch=0.19823
2026-05-14 16:10:51,030 INFO CSMF2.step_1_1_1.run :: [lat] epoch=12 step=300 mean_l2=0.08706 std_l2=1.88857
2026-05-14 16:10:51,100 INFO CSMF2.step_1_1_1.run :: epoch=12 step=300/429 train_nll=-2113.508
2026-05-14 16:10:59,319 INFO CSMF2.step_1_1_1.run :: [h] epoch=12 step=350 total=0.24554 batch=0.19074
2026-05-14 16:10:59,319 INFO CSMF2.step_1_1_1.run :: [lat] epoch=12 step=350 mean_l2=0.11137 std_l2=0.99398
2026-05-14 16:10:59,390 INFO CSMF2.step_1_1_1.run :: epoch=12 step=350/429 train_nll=-2116.186
2026-05-14 16:11:07,964 INFO CSMF2.step_1_1_1.run :: [h] epoch=12 step=400 total=0.24183 batch=0.18967
2026-05-14 16:11:07,965 INFO CSMF2.step_1_1_1.run :: [lat] epoch=12 step=400 mean_l2=0.07959 std_l2=0.82864
2026-05-14 16:11:08,035 INFO CSMF2.step_1_1_1.run :: epoch=12 step=400/429 train_nll=-2116.195
2026-05-14 16:11:16,677 INFO CSMF2.step_1_1_1.run :: epoch=12  train_nll=-2117.033  val_nll=-2124.471  t=75.5s
2026-05-14 16:11:16,677 INFO CSMF2.step_1_1_1.run :: [h_std] total=0.24996 batch=0.19435 (no penalty)
2026-05-14 16:11:16,677 INFO CSMF2.step_1_1_1.run :: [lat_epoch] mean_l2=0.07974 std_l2=0.60920 lambda=1.000
2026-05-14 16:11:16,677 INFO CSMF2.step_1_1_1.run :: [grad] cond=89.6129 film_gain=0.0000
2026-05-14 16:11:28,456 INFO CSMF2.step_1_1_1.run :: [h] epoch=13 step=50 total=0.24033 batch=0.18854
2026-05-14 16:11:28,457 INFO CSMF2.step_1_1_1.run :: [lat] epoch=13 step=50 mean_l2=0.09153 std_l2=0.32821
2026-05-14 16:11:28,528 INFO CSMF2.step_1_1_1.run :: epoch=13 step=50/429 train_nll=-2128.996
2026-05-14 16:11:36,859 INFO CSMF2.step_1_1_1.run :: [h] epoch=13 step=100 total=0.23512 batch=0.18194
2026-05-14 16:11:36,860 INFO CSMF2.step_1_1_1.run :: [lat] epoch=13 step=100 mean_l2=0.06844 std_l2=0.95429
2026-05-14 16:11:36,930 INFO CSMF2.step_1_1_1.run :: epoch=13 step=100/429 train_nll=-2129.899
2026-05-14 16:11:45,234 INFO CSMF2.step_1_1_1.run :: [h] epoch=13 step=150 total=0.24295 batch=0.19096
2026-05-14 16:11:45,234 INFO CSMF2.step_1_1_1.run :: [lat] epoch=13 step=150 mean_l2=0.08220 std_l2=0.49134
2026-05-14 16:11:45,305 INFO CSMF2.step_1_1_1.run :: epoch=13 step=150/429 train_nll=-2134.708
2026-05-14 16:11:53,744 INFO CSMF2.step_1_1_1.run :: [h] epoch=13 step=200 total=0.24075 batch=0.19078
2026-05-14 16:11:53,744 INFO CSMF2.step_1_1_1.run :: [lat] epoch=13 step=200 mean_l2=0.08808 std_l2=0.24921
2026-05-14 16:11:53,815 INFO CSMF2.step_1_1_1.run :: epoch=13 step=200/429 train_nll=-2134.907
2026-05-14 16:12:02,059 INFO CSMF2.step_1_1_1.run :: [h] epoch=13 step=250 total=0.23404 batch=0.18195
2026-05-14 16:12:02,060 INFO CSMF2.step_1_1_1.run :: [lat] epoch=13 step=250 mean_l2=0.08400 std_l2=0.60653
2026-05-14 16:12:02,148 INFO CSMF2.step_1_1_1.run :: epoch=13 step=250/429 train_nll=-2136.107
2026-05-14 16:12:10,415 INFO CSMF2.step_1_1_1.run :: [h] epoch=13 step=300 total=0.23578 batch=0.18927
2026-05-14 16:12:10,415 INFO CSMF2.step_1_1_1.run :: [lat] epoch=13 step=300 mean_l2=0.06526 std_l2=2.28636
2026-05-14 16:12:10,487 INFO CSMF2.step_1_1_1.run :: epoch=13 step=300/429 train_nll=-2137.152
2026-05-14 16:12:18,689 INFO CSMF2.step_1_1_1.run :: [h] epoch=13 step=350 total=0.23320 batch=0.18255
2026-05-14 16:12:18,689 INFO CSMF2.step_1_1_1.run :: [lat] epoch=13 step=350 mean_l2=0.08874 std_l2=1.20950
2026-05-14 16:12:18,760 INFO CSMF2.step_1_1_1.run :: epoch=13 step=350/429 train_nll=-2139.877
2026-05-14 16:12:26,971 INFO CSMF2.step_1_1_1.run :: [h] epoch=13 step=400 total=0.23396 batch=0.18427
2026-05-14 16:12:26,972 INFO CSMF2.step_1_1_1.run :: [lat] epoch=13 step=400 mean_l2=0.07595 std_l2=1.01043
2026-05-14 16:12:27,043 INFO CSMF2.step_1_1_1.run :: epoch=13 step=400/429 train_nll=-2140.625
2026-05-14 16:12:35,581 INFO CSMF2.step_1_1_1.run :: epoch=13  train_nll=-2141.805  val_nll=-2153.137  t=75.3s
2026-05-14 16:12:35,581 INFO CSMF2.step_1_1_1.run :: [h_std] total=0.23700 batch=0.18585 (no penalty)
2026-05-14 16:12:35,581 INFO CSMF2.step_1_1_1.run :: [lat_epoch] mean_l2=0.08180 std_l2=0.66712 lambda=1.000
2026-05-14 16:12:35,582 INFO CSMF2.step_1_1_1.run :: [grad] cond=134.9550 film_gain=0.0000
2026-05-14 16:12:47,425 INFO CSMF2.step_1_1_1.run :: [h] epoch=14 step=50 total=0.23336 batch=0.18684
2026-05-14 16:12:47,425 INFO CSMF2.step_1_1_1.run :: [lat] epoch=14 step=50 mean_l2=0.08005 std_l2=0.28521
2026-05-14 16:12:47,515 INFO CSMF2.step_1_1_1.run :: epoch=14 step=50/429 train_nll=-2158.195
2026-05-14 16:12:55,897 INFO CSMF2.step_1_1_1.run :: [h] epoch=14 step=100 total=0.22442 batch=0.17410
2026-05-14 16:12:55,898 INFO CSMF2.step_1_1_1.run :: [lat] epoch=14 step=100 mean_l2=0.08098 std_l2=0.89338
2026-05-14 16:12:55,969 INFO CSMF2.step_1_1_1.run :: epoch=14 step=100/429 train_nll=-2157.159
2026-05-14 16:13:04,347 INFO CSMF2.step_1_1_1.run :: [h] epoch=14 step=150 total=0.23263 batch=0.18368
2026-05-14 16:13:04,348 INFO CSMF2.step_1_1_1.run :: [lat] epoch=14 step=150 mean_l2=0.08291 std_l2=0.46696
2026-05-14 16:13:04,438 INFO CSMF2.step_1_1_1.run :: epoch=14 step=150/429 train_nll=-2160.453
2026-05-14 16:13:12,817 INFO CSMF2.step_1_1_1.run :: [h] epoch=14 step=200 total=0.22995 batch=0.18388
2026-05-14 16:13:12,818 INFO CSMF2.step_1_1_1.run :: [lat] epoch=14 step=200 mean_l2=0.07751 std_l2=0.28096
2026-05-14 16:13:12,907 INFO CSMF2.step_1_1_1.run :: epoch=14 step=200/429 train_nll=-2161.152
2026-05-14 16:13:21,361 INFO CSMF2.step_1_1_1.run :: [h] epoch=14 step=250 total=0.22647 batch=0.17752
2026-05-14 16:13:21,362 INFO CSMF2.step_1_1_1.run :: [lat] epoch=14 step=250 mean_l2=0.08429 std_l2=0.51662
2026-05-14 16:13:21,453 INFO CSMF2.step_1_1_1.run :: epoch=14 step=250/429 train_nll=-2161.821
2026-05-14 16:13:29,901 INFO CSMF2.step_1_1_1.run :: [h] epoch=14 step=300 total=0.22730 batch=0.18271
2026-05-14 16:13:29,901 INFO CSMF2.step_1_1_1.run :: [lat] epoch=14 step=300 mean_l2=0.07782 std_l2=2.49176
2026-05-14 16:13:29,972 INFO CSMF2.step_1_1_1.run :: epoch=14 step=300/429 train_nll=-2161.364
2026-05-14 16:13:38,352 INFO CSMF2.step_1_1_1.run :: [h] epoch=14 step=350 total=0.22446 batch=0.17760
2026-05-14 16:13:38,353 INFO CSMF2.step_1_1_1.run :: [lat] epoch=14 step=350 mean_l2=0.11264 std_l2=1.36699
2026-05-14 16:13:38,443 INFO CSMF2.step_1_1_1.run :: epoch=14 step=350/429 train_nll=-2163.182
2026-05-14 16:13:46,815 INFO CSMF2.step_1_1_1.run :: [h] epoch=14 step=400 total=0.22183 batch=0.17696
2026-05-14 16:13:46,816 INFO CSMF2.step_1_1_1.run :: [lat] epoch=14 step=400 mean_l2=0.07563 std_l2=1.04003
2026-05-14 16:13:46,906 INFO CSMF2.step_1_1_1.run :: epoch=14 step=400/429 train_nll=-2163.138
2026-05-14 16:13:55,362 INFO CSMF2.step_1_1_1.run :: epoch=14  train_nll=-2164.106  val_nll=-2170.242  t=76.1s
2026-05-14 16:13:55,363 INFO CSMF2.step_1_1_1.run :: [h_std] total=0.22745 batch=0.17972 (no penalty)
2026-05-14 16:13:55,363 INFO CSMF2.step_1_1_1.run :: [lat_epoch] mean_l2=0.08293 std_l2=0.72162 lambda=1.000
2026-05-14 16:13:55,363 INFO CSMF2.step_1_1_1.run :: [grad] cond=159.5882 film_gain=0.0000
2026-05-14 16:14:07,194 INFO CSMF2.step_1_1_1.run :: [h] epoch=15 step=50 total=0.22285 batch=0.18040
2026-05-14 16:14:07,194 INFO CSMF2.step_1_1_1.run :: [lat] epoch=15 step=50 mean_l2=0.08075 std_l2=0.29588
2026-05-14 16:14:07,284 INFO CSMF2.step_1_1_1.run :: epoch=15 step=50/429 train_nll=-2174.623
2026-05-14 16:14:15,540 INFO CSMF2.step_1_1_1.run :: [h] epoch=15 step=100 total=0.21644 batch=0.17100
2026-05-14 16:14:15,541 INFO CSMF2.step_1_1_1.run :: [lat] epoch=15 step=100 mean_l2=0.10739 std_l2=0.81462
2026-05-14 16:14:15,611 INFO CSMF2.step_1_1_1.run :: epoch=15 step=100/429 train_nll=-2175.851
2026-05-14 16:14:23,923 INFO CSMF2.step_1_1_1.run :: [h] epoch=15 step=150 total=0.21734 batch=0.17063
2026-05-14 16:14:23,923 INFO CSMF2.step_1_1_1.run :: [lat] epoch=15 step=150 mean_l2=0.09676 std_l2=0.43664
2026-05-14 16:14:23,994 INFO CSMF2.step_1_1_1.run :: epoch=15 step=150/429 train_nll=-2179.331
2026-05-14 16:14:32,336 INFO CSMF2.step_1_1_1.run :: [h] epoch=15 step=200 total=0.21641 batch=0.17271
2026-05-14 16:14:32,337 INFO CSMF2.step_1_1_1.run :: [lat] epoch=15 step=200 mean_l2=0.06772 std_l2=0.25756
2026-05-14 16:14:32,407 INFO CSMF2.step_1_1_1.run :: epoch=15 step=200/429 train_nll=-2179.507
2026-05-14 16:14:40,614 INFO CSMF2.step_1_1_1.run :: [h] epoch=15 step=250 total=0.21540 batch=0.17073
2026-05-14 16:14:40,614 INFO CSMF2.step_1_1_1.run :: [lat] epoch=15 step=250 mean_l2=0.08528 std_l2=0.52903
2026-05-14 16:14:40,685 INFO CSMF2.step_1_1_1.run :: epoch=15 step=250/429 train_nll=-2179.577
2026-05-14 16:14:49,027 INFO CSMF2.step_1_1_1.run :: [h] epoch=15 step=300 total=0.21665 batch=0.17544
2026-05-14 16:14:49,027 INFO CSMF2.step_1_1_1.run :: [lat] epoch=15 step=300 mean_l2=0.10742 std_l2=2.88909
2026-05-14 16:14:49,098 INFO CSMF2.step_1_1_1.run :: epoch=15 step=300/429 train_nll=-2179.972
2026-05-14 16:14:57,521 INFO CSMF2.step_1_1_1.run :: [h] epoch=15 step=350 total=0.21398 batch=0.16882
2026-05-14 16:14:57,521 INFO CSMF2.step_1_1_1.run :: [lat] epoch=15 step=350 mean_l2=0.09153 std_l2=1.52416
2026-05-14 16:14:57,611 INFO CSMF2.step_1_1_1.run :: epoch=15 step=350/429 train_nll=-2181.969
2026-05-14 16:15:06,038 INFO CSMF2.step_1_1_1.run :: [h] epoch=15 step=400 total=0.21363 batch=0.17183
2026-05-14 16:15:06,038 INFO CSMF2.step_1_1_1.run :: [lat] epoch=15 step=400 mean_l2=0.08147 std_l2=1.16847
2026-05-14 16:15:06,109 INFO CSMF2.step_1_1_1.run :: epoch=15 step=400/429 train_nll=-2181.570
2026-05-14 16:15:14,551 INFO CSMF2.step_1_1_1.run :: epoch=15  train_nll=-2182.046  val_nll=-2179.470  t=75.5s
2026-05-14 16:15:14,551 INFO CSMF2.step_1_1_1.run :: [h_std] total=0.21762 batch=0.17252 (no penalty)
2026-05-14 16:15:14,552 INFO CSMF2.step_1_1_1.run :: [lat_epoch] mean_l2=0.08502 std_l2=0.77746 lambda=1.000
2026-05-14 16:15:14,552 INFO CSMF2.step_1_1_1.run :: [grad] cond=90.1468 film_gain=0.0000
2026-05-14 16:15:26,322 INFO CSMF2.step_1_1_1.run :: [h] epoch=16 step=50 total=0.21229 batch=0.17150
2026-05-14 16:15:26,322 INFO CSMF2.step_1_1_1.run :: [lat] epoch=16 step=50 mean_l2=0.12988 std_l2=0.22883
2026-05-14 16:15:26,393 INFO CSMF2.step_1_1_1.run :: epoch=16 step=50/429 train_nll=-2189.146
2026-05-14 16:15:34,839 INFO CSMF2.step_1_1_1.run :: [h] epoch=16 step=100 total=0.20528 batch=0.16164
2026-05-14 16:15:34,840 INFO CSMF2.step_1_1_1.run :: [lat] epoch=16 step=100 mean_l2=0.09989 std_l2=0.81142
2026-05-14 16:15:34,914 INFO CSMF2.step_1_1_1.run :: epoch=16 step=100/429 train_nll=-2188.681
2026-05-14 16:15:43,283 INFO CSMF2.step_1_1_1.run :: [h] epoch=16 step=150 total=0.21207 batch=0.16864
2026-05-14 16:15:43,283 INFO CSMF2.step_1_1_1.run :: [lat] epoch=16 step=150 mean_l2=0.07162 std_l2=0.37745
2026-05-14 16:15:43,355 INFO CSMF2.step_1_1_1.run :: epoch=16 step=150/429 train_nll=-2192.096
2026-05-14 16:15:51,950 INFO CSMF2.step_1_1_1.run :: [h] epoch=16 step=200 total=0.20883 batch=0.16785
2026-05-14 16:15:51,950 INFO CSMF2.step_1_1_1.run :: [lat] epoch=16 step=200 mean_l2=0.08134 std_l2=0.30474
2026-05-14 16:15:52,021 INFO CSMF2.step_1_1_1.run :: epoch=16 step=200/429 train_nll=-2192.622
2026-05-14 16:16:00,338 INFO CSMF2.step_1_1_1.run :: [h] epoch=16 step=250 total=0.20609 batch=0.16450
2026-05-14 16:16:00,338 INFO CSMF2.step_1_1_1.run :: [lat] epoch=16 step=250 mean_l2=0.10016 std_l2=0.56087
2026-05-14 16:16:00,412 INFO CSMF2.step_1_1_1.run :: epoch=16 step=250/429 train_nll=-2193.332
2026-05-14 16:16:08,769 INFO CSMF2.step_1_1_1.run :: [h] epoch=16 step=300 total=0.21031 batch=0.17160
2026-05-14 16:16:08,769 INFO CSMF2.step_1_1_1.run :: [lat] epoch=16 step=300 mean_l2=0.08840 std_l2=3.26979
2026-05-14 16:16:08,860 INFO CSMF2.step_1_1_1.run :: epoch=16 step=300/429 train_nll=-2192.826
2026-05-14 16:16:17,256 INFO CSMF2.step_1_1_1.run :: [h] epoch=16 step=350 total=0.20505 batch=0.16307
2026-05-14 16:16:17,256 INFO CSMF2.step_1_1_1.run :: [lat] epoch=16 step=350 mean_l2=0.09151 std_l2=1.53469
2026-05-14 16:16:17,346 INFO CSMF2.step_1_1_1.run :: epoch=16 step=350/429 train_nll=-2194.750
2026-05-14 16:16:25,831 INFO CSMF2.step_1_1_1.run :: [h] epoch=16 step=400 total=0.20380 batch=0.16302
2026-05-14 16:16:25,832 INFO CSMF2.step_1_1_1.run :: [lat] epoch=16 step=400 mean_l2=0.10298 std_l2=1.36699
2026-05-14 16:16:25,903 INFO CSMF2.step_1_1_1.run :: epoch=16 step=400/429 train_nll=-2194.832
2026-05-14 16:16:34,469 INFO CSMF2.step_1_1_1.run :: epoch=16  train_nll=-2195.438  val_nll=-2196.581  t=76.3s
2026-05-14 16:16:34,469 INFO CSMF2.step_1_1_1.run :: [h_std] total=0.20853 batch=0.16613 (no penalty)
2026-05-14 16:16:34,469 INFO CSMF2.step_1_1_1.run :: [lat_epoch] mean_l2=0.08776 std_l2=0.83914 lambda=1.000
2026-05-14 16:16:34,469 INFO CSMF2.step_1_1_1.run :: [grad] cond=62.0234 film_gain=0.0000
2026-05-14 16:16:46,422 INFO CSMF2.step_1_1_1.run :: [h] epoch=17 step=50 total=0.20332 batch=0.16499
2026-05-14 16:16:46,422 INFO CSMF2.step_1_1_1.run :: [lat] epoch=17 step=50 mean_l2=0.09576 std_l2=0.26718
2026-05-14 16:16:46,512 INFO CSMF2.step_1_1_1.run :: epoch=17 step=50/429 train_nll=-2203.522
2026-05-14 16:16:54,806 INFO CSMF2.step_1_1_1.run :: [h] epoch=17 step=100 total=0.19779 batch=0.15703
2026-05-14 16:16:54,806 INFO CSMF2.step_1_1_1.run :: [lat] epoch=17 step=100 mean_l2=0.07027 std_l2=0.88795
2026-05-14 16:16:54,873 INFO CSMF2.step_1_1_1.run :: epoch=17 step=100/429 train_nll=-2203.389
2026-05-14 16:17:03,381 INFO CSMF2.step_1_1_1.run :: [h] epoch=17 step=150 total=0.19955 batch=0.15804
2026-05-14 16:17:03,381 INFO CSMF2.step_1_1_1.run :: [lat] epoch=17 step=150 mean_l2=0.07215 std_l2=0.46410
2026-05-14 16:17:03,452 INFO CSMF2.step_1_1_1.run :: epoch=17 step=150/429 train_nll=-2206.938
2026-05-14 16:17:11,763 INFO CSMF2.step_1_1_1.run :: [h] epoch=17 step=200 total=0.20036 batch=0.16215
2026-05-14 16:17:11,763 INFO CSMF2.step_1_1_1.run :: [lat] epoch=17 step=200 mean_l2=0.07941 std_l2=0.29721
2026-05-14 16:17:11,834 INFO CSMF2.step_1_1_1.run :: epoch=17 step=200/429 train_nll=-2206.896
2026-05-14 16:17:20,142 INFO CSMF2.step_1_1_1.run :: [h] epoch=17 step=250 total=0.19832 batch=0.15771
2026-05-14 16:17:20,142 INFO CSMF2.step_1_1_1.run :: [lat] epoch=17 step=250 mean_l2=0.09547 std_l2=0.56625
2026-05-14 16:17:20,214 INFO CSMF2.step_1_1_1.run :: epoch=17 step=250/429 train_nll=-2207.205
2026-05-14 16:17:28,537 INFO CSMF2.step_1_1_1.run :: [h] epoch=17 step=300 total=0.20102 batch=0.16249
2026-05-14 16:17:28,537 INFO CSMF2.step_1_1_1.run :: [lat] epoch=17 step=300 mean_l2=0.10702 std_l2=3.51957
2026-05-14 16:17:28,608 INFO CSMF2.step_1_1_1.run :: epoch=17 step=300/429 train_nll=-2206.865
2026-05-14 16:17:37,045 INFO CSMF2.step_1_1_1.run :: [h] epoch=17 step=350 total=0.19707 batch=0.15548
2026-05-14 16:17:37,046 INFO CSMF2.step_1_1_1.run :: [lat] epoch=17 step=350 mean_l2=0.09248 std_l2=1.66969
2026-05-14 16:17:37,116 INFO CSMF2.step_1_1_1.run :: epoch=17 step=350/429 train_nll=-2208.960
2026-05-14 16:17:45,384 INFO CSMF2.step_1_1_1.run :: [h] epoch=17 step=400 total=0.19658 batch=0.15924
2026-05-14 16:17:45,385 INFO CSMF2.step_1_1_1.run :: [lat] epoch=17 step=400 mean_l2=0.07898 std_l2=1.41596
2026-05-14 16:17:45,456 INFO CSMF2.step_1_1_1.run :: epoch=17 step=400/429 train_nll=-2209.110
2026-05-14 16:17:53,879 INFO CSMF2.step_1_1_1.run :: epoch=17  train_nll=-2209.820  val_nll=-2214.258  t=75.8s
2026-05-14 16:17:53,879 INFO CSMF2.step_1_1_1.run :: [h_std] total=0.19912 batch=0.15889 (no penalty)
2026-05-14 16:17:53,879 INFO CSMF2.step_1_1_1.run :: [lat_epoch] mean_l2=0.08637 std_l2=0.89731 lambda=1.000
2026-05-14 16:17:53,879 INFO CSMF2.step_1_1_1.run :: [grad] cond=128.0027 film_gain=0.0000
2026-05-14 16:18:05,648 INFO CSMF2.step_1_1_1.run :: [h] epoch=18 step=50 total=0.19536 batch=0.15883
2026-05-14 16:18:05,648 INFO CSMF2.step_1_1_1.run :: [lat] epoch=18 step=50 mean_l2=0.08761 std_l2=0.27626
2026-05-14 16:18:05,718 INFO CSMF2.step_1_1_1.run :: epoch=18 step=50/429 train_nll=-2219.876
2026-05-14 16:18:14,165 INFO CSMF2.step_1_1_1.run :: [h] epoch=18 step=100 total=0.19016 batch=0.15138
2026-05-14 16:18:14,166 INFO CSMF2.step_1_1_1.run :: [lat] epoch=18 step=100 mean_l2=0.09827 std_l2=0.78118
2026-05-14 16:18:14,256 INFO CSMF2.step_1_1_1.run :: epoch=18 step=100/429 train_nll=-2219.854
2026-05-14 16:18:22,645 INFO CSMF2.step_1_1_1.run :: [h] epoch=18 step=150 total=0.19372 batch=0.15386
2026-05-14 16:18:22,645 INFO CSMF2.step_1_1_1.run :: [lat] epoch=18 step=150 mean_l2=0.07671 std_l2=0.36250
2026-05-14 16:18:22,716 INFO CSMF2.step_1_1_1.run :: epoch=18 step=150/429 train_nll=-2222.715
2026-05-14 16:18:31,083 INFO CSMF2.step_1_1_1.run :: [h] epoch=18 step=200 total=0.19080 batch=0.15259
2026-05-14 16:18:31,084 INFO CSMF2.step_1_1_1.run :: [lat] epoch=18 step=200 mean_l2=0.08997 std_l2=0.27020
2026-05-14 16:18:31,155 INFO CSMF2.step_1_1_1.run :: epoch=18 step=200/429 train_nll=-2221.542
2026-05-14 16:18:39,547 INFO CSMF2.step_1_1_1.run :: [h] epoch=18 step=250 total=0.19119 batch=0.15146
2026-05-14 16:18:39,547 INFO CSMF2.step_1_1_1.run :: [lat] epoch=18 step=250 mean_l2=0.09355 std_l2=0.52890
2026-05-14 16:18:39,619 INFO CSMF2.step_1_1_1.run :: epoch=18 step=250/429 train_nll=-2220.637
2026-05-14 16:18:48,152 INFO CSMF2.step_1_1_1.run :: [h] epoch=18 step=300 total=0.19411 batch=0.15835
2026-05-14 16:18:48,152 INFO CSMF2.step_1_1_1.run :: [lat] epoch=18 step=300 mean_l2=0.08573 std_l2=3.48468
2026-05-14 16:18:48,223 INFO CSMF2.step_1_1_1.run :: epoch=18 step=300/429 train_nll=-2219.869
2026-05-14 16:18:56,620 INFO CSMF2.step_1_1_1.run :: [h] epoch=18 step=350 total=0.18982 batch=0.15192
2026-05-14 16:18:56,620 INFO CSMF2.step_1_1_1.run :: [lat] epoch=18 step=350 mean_l2=0.07284 std_l2=1.86027
2026-05-14 16:18:56,711 INFO CSMF2.step_1_1_1.run :: epoch=18 step=350/429 train_nll=-2222.077
2026-05-14 16:19:04,997 INFO CSMF2.step_1_1_1.run :: [h] epoch=18 step=400 total=0.18960 batch=0.15234
2026-05-14 16:19:04,997 INFO CSMF2.step_1_1_1.run :: [lat] epoch=18 step=400 mean_l2=0.09959 std_l2=1.62239
2026-05-14 16:19:05,068 INFO CSMF2.step_1_1_1.run :: epoch=18 step=400/429 train_nll=-2222.060
2026-05-14 16:19:13,655 INFO CSMF2.step_1_1_1.run :: epoch=18  train_nll=-2222.880  val_nll=-2224.798  t=76.1s
2026-05-14 16:19:13,656 INFO CSMF2.step_1_1_1.run :: [h_std] total=0.19202 batch=0.15326 (no penalty)
2026-05-14 16:19:13,656 INFO CSMF2.step_1_1_1.run :: [lat_epoch] mean_l2=0.08705 std_l2=0.93722 lambda=1.000
2026-05-14 16:19:13,656 INFO CSMF2.step_1_1_1.run :: [grad] cond=209.2153 film_gain=0.0000
2026-05-14 16:19:25,313 INFO CSMF2.step_1_1_1.run :: [h] epoch=19 step=50 total=0.18782 batch=0.15313
2026-05-14 16:19:25,314 INFO CSMF2.step_1_1_1.run :: [lat] epoch=19 step=50 mean_l2=0.06368 std_l2=0.21062
2026-05-14 16:19:25,384 INFO CSMF2.step_1_1_1.run :: epoch=19 step=50/429 train_nll=-2232.588
2026-05-14 16:19:33,644 INFO CSMF2.step_1_1_1.run :: [h] epoch=19 step=100 total=0.18468 batch=0.14599
2026-05-14 16:19:33,645 INFO CSMF2.step_1_1_1.run :: [lat] epoch=19 step=100 mean_l2=0.10033 std_l2=0.87635
2026-05-14 16:19:33,716 INFO CSMF2.step_1_1_1.run :: epoch=19 step=100/429 train_nll=-2230.346
2026-05-14 16:19:42,196 INFO CSMF2.step_1_1_1.run :: [h] epoch=19 step=150 total=0.18442 batch=0.14452
2026-05-14 16:19:42,196 INFO CSMF2.step_1_1_1.run :: [lat] epoch=19 step=150 mean_l2=0.08103 std_l2=0.42152
2026-05-14 16:19:42,267 INFO CSMF2.step_1_1_1.run :: epoch=19 step=150/429 train_nll=-2232.932
2026-05-14 16:19:50,630 INFO CSMF2.step_1_1_1.run :: [h] epoch=19 step=200 total=0.18685 batch=0.15006
2026-05-14 16:19:50,630 INFO CSMF2.step_1_1_1.run :: [lat] epoch=19 step=200 mean_l2=0.06932 std_l2=0.30368
2026-05-14 16:19:50,700 INFO CSMF2.step_1_1_1.run :: epoch=19 step=200/429 train_nll=-2231.818
2026-05-14 16:19:58,818 INFO CSMF2.step_1_1_1.run :: [h] epoch=19 step=250 total=0.18178 batch=0.14548
2026-05-14 16:19:58,819 INFO CSMF2.step_1_1_1.run :: [lat] epoch=19 step=250 mean_l2=0.09277 std_l2=0.55235
2026-05-14 16:19:58,909 INFO CSMF2.step_1_1_1.run :: epoch=19 step=250/429 train_nll=-2231.072
2026-05-14 16:20:07,295 INFO CSMF2.step_1_1_1.run :: [h] epoch=19 step=300 total=0.18663 batch=0.15292
2026-05-14 16:20:07,296 INFO CSMF2.step_1_1_1.run :: [lat] epoch=19 step=300 mean_l2=0.10087 std_l2=3.53484
2026-05-14 16:20:07,386 INFO CSMF2.step_1_1_1.run :: epoch=19 step=300/429 train_nll=-2231.071
2026-05-14 16:20:15,788 INFO CSMF2.step_1_1_1.run :: [h] epoch=19 step=350 total=0.18232 batch=0.14431
2026-05-14 16:20:15,788 INFO CSMF2.step_1_1_1.run :: [lat] epoch=19 step=350 mean_l2=0.07262 std_l2=1.68058
2026-05-14 16:20:15,859 INFO CSMF2.step_1_1_1.run :: epoch=19 step=350/429 train_nll=-2233.200
2026-05-14 16:20:24,171 INFO CSMF2.step_1_1_1.run :: [h] epoch=19 step=400 total=0.18304 batch=0.14685
2026-05-14 16:20:24,171 INFO CSMF2.step_1_1_1.run :: [lat] epoch=19 step=400 mean_l2=0.09859 std_l2=1.55264
2026-05-14 16:20:24,243 INFO CSMF2.step_1_1_1.run :: epoch=19 step=400/429 train_nll=-2233.275
2026-05-14 16:20:32,838 INFO CSMF2.step_1_1_1.run :: epoch=19  train_nll=-2234.169  val_nll=-2226.797  t=75.7s
2026-05-14 16:20:32,838 INFO CSMF2.step_1_1_1.run :: [h_std] total=0.18434 batch=0.14695 (no penalty)
2026-05-14 16:20:32,838 INFO CSMF2.step_1_1_1.run :: [lat_epoch] mean_l2=0.08781 std_l2=0.98108 lambda=1.000
2026-05-14 16:20:32,838 INFO CSMF2.step_1_1_1.run :: [grad] cond=108.6813 film_gain=0.0000
2026-05-14 16:20:44,604 INFO CSMF2.step_1_1_1.run :: [h] epoch=20 step=50 total=0.18166 batch=0.14849
2026-05-14 16:20:44,605 INFO CSMF2.step_1_1_1.run :: [lat] epoch=20 step=50 mean_l2=0.08492 std_l2=0.28231
2026-05-14 16:20:44,676 INFO CSMF2.step_1_1_1.run :: epoch=20 step=50/429 train_nll=-2240.190
2026-05-14 16:20:52,904 INFO CSMF2.step_1_1_1.run :: [h] epoch=20 step=100 total=0.17482 batch=0.13776
2026-05-14 16:20:52,904 INFO CSMF2.step_1_1_1.run :: [lat] epoch=20 step=100 mean_l2=0.08717 std_l2=0.74413
2026-05-14 16:20:52,976 INFO CSMF2.step_1_1_1.run :: epoch=20 step=100/429 train_nll=-2237.189
2026-05-14 16:21:01,310 INFO CSMF2.step_1_1_1.run :: [h] epoch=20 step=150 total=0.17833 batch=0.14227
2026-05-14 16:21:01,311 INFO CSMF2.step_1_1_1.run :: [lat] epoch=20 step=150 mean_l2=0.07994 std_l2=0.41375
2026-05-14 16:21:01,401 INFO CSMF2.step_1_1_1.run :: epoch=20 step=150/429 train_nll=-2239.305
2026-05-14 16:21:09,777 INFO CSMF2.step_1_1_1.run :: [h] epoch=20 step=200 total=0.17888 batch=0.14326
2026-05-14 16:21:09,778 INFO CSMF2.step_1_1_1.run :: [lat] epoch=20 step=200 mean_l2=0.09813 std_l2=0.32524
2026-05-14 16:21:09,849 INFO CSMF2.step_1_1_1.run :: epoch=20 step=200/429 train_nll=-2239.286
2026-05-14 16:21:18,152 INFO CSMF2.step_1_1_1.run :: [h] epoch=20 step=250 total=0.17298 batch=0.13627
2026-05-14 16:21:18,152 INFO CSMF2.step_1_1_1.run :: [lat] epoch=20 step=250 mean_l2=0.08224 std_l2=1.39508
2026-05-14 16:21:18,243 INFO CSMF2.step_1_1_1.run :: epoch=20 step=250/429 train_nll=-2239.335
2026-05-14 16:21:26,563 INFO CSMF2.step_1_1_1.run :: [h] epoch=20 step=300 total=0.17642 batch=0.14339
2026-05-14 16:21:26,564 INFO CSMF2.step_1_1_1.run :: [lat] epoch=20 step=300 mean_l2=0.08195 std_l2=3.89332
2026-05-14 16:21:26,634 INFO CSMF2.step_1_1_1.run :: epoch=20 step=300/429 train_nll=-2238.013
2026-05-14 16:21:34,914 INFO CSMF2.step_1_1_1.run :: [h] epoch=20 step=350 total=0.17667 batch=0.14045
2026-05-14 16:21:34,915 INFO CSMF2.step_1_1_1.run :: [lat] epoch=20 step=350 mean_l2=0.07509 std_l2=1.89095
2026-05-14 16:21:34,986 INFO CSMF2.step_1_1_1.run :: epoch=20 step=350/429 train_nll=-2240.584
2026-05-14 16:21:43,585 INFO CSMF2.step_1_1_1.run :: [h] epoch=20 step=400 total=0.17925 batch=0.14437
2026-05-14 16:21:43,585 INFO CSMF2.step_1_1_1.run :: [lat] epoch=20 step=400 mean_l2=0.08454 std_l2=2.27395
2026-05-14 16:21:43,656 INFO CSMF2.step_1_1_1.run :: epoch=20 step=400/429 train_nll=-2241.489
2026-05-14 16:21:52,316 INFO CSMF2.step_1_1_1.run :: epoch=20  train_nll=-2242.505  val_nll=-2243.306  t=75.8s
2026-05-14 16:21:52,317 INFO CSMF2.step_1_1_1.run :: [h_std] total=0.17783 batch=0.14175 (no penalty)
2026-05-14 16:21:52,317 INFO CSMF2.step_1_1_1.run :: [lat_epoch] mean_l2=0.08807 std_l2=1.04827 lambda=1.000
2026-05-14 16:21:52,317 INFO CSMF2.step_1_1_1.run :: [grad] cond=109.0948 film_gain=0.0000
2026-05-14 16:22:04,075 INFO CSMF2.step_1_1_1.run :: [h] epoch=21 step=50 total=0.17507 batch=0.14174
2026-05-14 16:22:04,075 INFO CSMF2.step_1_1_1.run :: [lat] epoch=21 step=50 mean_l2=0.07559 std_l2=0.24166
2026-05-14 16:22:04,165 INFO CSMF2.step_1_1_1.run :: epoch=21 step=50/429 train_nll=-2254.675
2026-05-14 16:22:12,529 INFO CSMF2.step_1_1_1.run :: [h] epoch=21 step=100 total=0.17008 batch=0.13460
2026-05-14 16:22:12,529 INFO CSMF2.step_1_1_1.run :: [lat] epoch=21 step=100 mean_l2=0.08380 std_l2=0.99461
2026-05-14 16:22:12,600 INFO CSMF2.step_1_1_1.run :: epoch=21 step=100/429 train_nll=-2253.754
2026-05-14 16:22:20,897 INFO CSMF2.step_1_1_1.run :: [h] epoch=21 step=150 total=0.17482 batch=0.13786
2026-05-14 16:22:20,898 INFO CSMF2.step_1_1_1.run :: [lat] epoch=21 step=150 mean_l2=0.06850 std_l2=0.39831
2026-05-14 16:22:20,969 INFO CSMF2.step_1_1_1.run :: epoch=21 step=150/429 train_nll=-2257.347
2026-05-14 16:22:29,348 INFO CSMF2.step_1_1_1.run :: [h] epoch=21 step=200 total=0.17288 batch=0.13916
2026-05-14 16:22:29,348 INFO CSMF2.step_1_1_1.run :: [lat] epoch=21 step=200 mean_l2=0.07491 std_l2=0.41226
2026-05-14 16:22:29,419 INFO CSMF2.step_1_1_1.run :: epoch=21 step=200/429 train_nll=-2256.466
2026-05-14 16:22:37,669 INFO CSMF2.step_1_1_1.run :: [h] epoch=21 step=250 total=0.16816 batch=0.13195
2026-05-14 16:22:37,669 INFO CSMF2.step_1_1_1.run :: [lat] epoch=21 step=250 mean_l2=0.08707 std_l2=0.49689
2026-05-14 16:22:37,760 INFO CSMF2.step_1_1_1.run :: epoch=21 step=250/429 train_nll=-2255.939
2026-05-14 16:22:46,016 INFO CSMF2.step_1_1_1.run :: [h] epoch=21 step=300 total=0.17444 batch=0.14209
2026-05-14 16:22:46,017 INFO CSMF2.step_1_1_1.run :: [lat] epoch=21 step=300 mean_l2=0.07708 std_l2=3.35709
2026-05-14 16:22:46,088 INFO CSMF2.step_1_1_1.run :: epoch=21 step=300/429 train_nll=-2255.150
2026-05-14 16:22:54,240 INFO CSMF2.step_1_1_1.run :: [h] epoch=21 step=350 total=0.16779 batch=0.13302
2026-05-14 16:22:54,240 INFO CSMF2.step_1_1_1.run :: [lat] epoch=21 step=350 mean_l2=0.07133 std_l2=1.70593
2026-05-14 16:22:54,311 INFO CSMF2.step_1_1_1.run :: epoch=21 step=350/429 train_nll=-2257.459
2026-05-14 16:23:02,697 INFO CSMF2.step_1_1_1.run :: [h] epoch=21 step=400 total=0.17142 batch=0.13704
2026-05-14 16:23:02,697 INFO CSMF2.step_1_1_1.run :: [lat] epoch=21 step=400 mean_l2=0.08388 std_l2=1.75703
2026-05-14 16:23:02,787 INFO CSMF2.step_1_1_1.run :: epoch=21 step=400/429 train_nll=-2257.242
2026-05-14 16:23:11,286 INFO CSMF2.step_1_1_1.run :: epoch=21  train_nll=-2257.857  val_nll=-2247.354  t=75.3s
2026-05-14 16:23:11,286 INFO CSMF2.step_1_1_1.run :: [h_std] total=0.17261 batch=0.13730 (no penalty)
2026-05-14 16:23:11,286 INFO CSMF2.step_1_1_1.run :: [lat_epoch] mean_l2=0.08437 std_l2=1.06071 lambda=1.000
2026-05-14 16:23:11,286 INFO CSMF2.step_1_1_1.run :: [grad] cond=179.8853 film_gain=0.0000
2026-05-14 16:23:23,053 INFO CSMF2.step_1_1_1.run :: [h] epoch=22 step=50 total=0.17081 batch=0.13887
2026-05-14 16:23:23,053 INFO CSMF2.step_1_1_1.run :: [lat] epoch=22 step=50 mean_l2=0.06868 std_l2=0.22117
2026-05-14 16:23:23,124 INFO CSMF2.step_1_1_1.run :: epoch=22 step=50/429 train_nll=-2260.606
2026-05-14 16:23:31,593 INFO CSMF2.step_1_1_1.run :: [h] epoch=22 step=100 total=0.16708 batch=0.13164
2026-05-14 16:23:31,593 INFO CSMF2.step_1_1_1.run :: [lat] epoch=22 step=100 mean_l2=0.08032 std_l2=0.73023
2026-05-14 16:23:31,661 INFO CSMF2.step_1_1_1.run :: epoch=22 step=100/429 train_nll=-2260.741
2026-05-14 16:23:39,992 INFO CSMF2.step_1_1_1.run :: [h] epoch=22 step=150 total=0.16708 batch=0.13085
2026-05-14 16:23:39,993 INFO CSMF2.step_1_1_1.run :: [lat] epoch=22 step=150 mean_l2=0.08573 std_l2=0.40645
2026-05-14 16:23:40,064 INFO CSMF2.step_1_1_1.run :: epoch=22 step=150/429 train_nll=-2264.971
2026-05-14 16:23:48,489 INFO CSMF2.step_1_1_1.run :: [h] epoch=22 step=200 total=0.16823 batch=0.13586
2026-05-14 16:23:48,489 INFO CSMF2.step_1_1_1.run :: [lat] epoch=22 step=200 mean_l2=0.08037 std_l2=0.29164
2026-05-14 16:23:48,560 INFO CSMF2.step_1_1_1.run :: epoch=22 step=200/429 train_nll=-2263.271
2026-05-14 16:23:56,911 INFO CSMF2.step_1_1_1.run :: [h] epoch=22 step=250 total=0.16537 batch=0.12872
2026-05-14 16:23:56,912 INFO CSMF2.step_1_1_1.run :: [lat] epoch=22 step=250 mean_l2=0.07145 std_l2=0.53081
2026-05-14 16:23:56,982 INFO CSMF2.step_1_1_1.run :: epoch=22 step=250/429 train_nll=-2261.486
2026-05-14 16:24:05,238 INFO CSMF2.step_1_1_1.run :: [h] epoch=22 step=300 total=0.16981 batch=0.13812
2026-05-14 16:24:05,238 INFO CSMF2.step_1_1_1.run :: [lat] epoch=22 step=300 mean_l2=0.08702 std_l2=3.18017
2026-05-14 16:24:05,309 INFO CSMF2.step_1_1_1.run :: epoch=22 step=300/429 train_nll=-2260.349
2026-05-14 16:24:13,711 INFO CSMF2.step_1_1_1.run :: [h] epoch=22 step=350 total=0.16466 batch=0.13008
2026-05-14 16:24:13,711 INFO CSMF2.step_1_1_1.run :: [lat] epoch=22 step=350 mean_l2=0.09164 std_l2=1.66987
2026-05-14 16:24:13,802 INFO CSMF2.step_1_1_1.run :: epoch=22 step=350/429 train_nll=-2262.947
2026-05-14 16:24:22,141 INFO CSMF2.step_1_1_1.run :: [h] epoch=22 step=400 total=0.16666 batch=0.13299
2026-05-14 16:24:22,142 INFO CSMF2.step_1_1_1.run :: [lat] epoch=22 step=400 mean_l2=0.08148 std_l2=1.69757
2026-05-14 16:24:22,213 INFO CSMF2.step_1_1_1.run :: epoch=22 step=400/429 train_nll=-2263.343
2026-05-14 16:24:30,616 INFO CSMF2.step_1_1_1.run :: epoch=22  train_nll=-2264.272  val_nll=-2262.563  t=75.6s
2026-05-14 16:24:30,616 INFO CSMF2.step_1_1_1.run :: [h_std] total=0.16730 batch=0.13276 (no penalty)
2026-05-14 16:24:30,616 INFO CSMF2.step_1_1_1.run :: [lat_epoch] mean_l2=0.08539 std_l2=1.13577 lambda=1.000
2026-05-14 16:24:30,616 INFO CSMF2.step_1_1_1.run :: [grad] cond=215.1771 film_gain=0.0000
2026-05-14 16:24:42,290 INFO CSMF2.step_1_1_1.run :: [h] epoch=23 step=50 total=0.16698 batch=0.13481
2026-05-14 16:24:42,290 INFO CSMF2.step_1_1_1.run :: [lat] epoch=23 step=50 mean_l2=0.07814 std_l2=0.30906
2026-05-14 16:24:42,361 INFO CSMF2.step_1_1_1.run :: epoch=23 step=50/429 train_nll=-2271.936
2026-05-14 16:24:50,691 INFO CSMF2.step_1_1_1.run :: [h] epoch=23 step=100 total=0.16048 batch=0.12523
2026-05-14 16:24:50,691 INFO CSMF2.step_1_1_1.run :: [lat] epoch=23 step=100 mean_l2=0.07803 std_l2=0.93790
2026-05-14 16:24:50,763 INFO CSMF2.step_1_1_1.run :: epoch=23 step=100/429 train_nll=-2270.556
2026-05-14 16:24:59,011 INFO CSMF2.step_1_1_1.run :: [h] epoch=23 step=150 total=0.16306 batch=0.12745
2026-05-14 16:24:59,012 INFO CSMF2.step_1_1_1.run :: [lat] epoch=23 step=150 mean_l2=0.09046 std_l2=0.38194
2026-05-14 16:24:59,102 INFO CSMF2.step_1_1_1.run :: epoch=23 step=150/429 train_nll=-2273.720
2026-05-14 16:25:07,377 INFO CSMF2.step_1_1_1.run :: [h] epoch=23 step=200 total=0.16313 batch=0.13056
2026-05-14 16:25:07,377 INFO CSMF2.step_1_1_1.run :: [lat] epoch=23 step=200 mean_l2=0.08035 std_l2=0.34515
2026-05-14 16:25:07,448 INFO CSMF2.step_1_1_1.run :: epoch=23 step=200/429 train_nll=-2273.866
2026-05-14 16:25:15,718 INFO CSMF2.step_1_1_1.run :: [h] epoch=23 step=250 total=0.15674 batch=0.12292
2026-05-14 16:25:15,719 INFO CSMF2.step_1_1_1.run :: [lat] epoch=23 step=250 mean_l2=0.07463 std_l2=0.55340
2026-05-14 16:25:15,790 INFO CSMF2.step_1_1_1.run :: epoch=23 step=250/429 train_nll=-2273.426
2026-05-14 16:25:24,184 INFO CSMF2.step_1_1_1.run :: [h] epoch=23 step=300 total=0.16503 batch=0.13378
2026-05-14 16:25:24,185 INFO CSMF2.step_1_1_1.run :: [lat] epoch=23 step=300 mean_l2=0.07601 std_l2=3.25016
2026-05-14 16:25:24,255 INFO CSMF2.step_1_1_1.run :: epoch=23 step=300/429 train_nll=-2273.272
2026-05-14 16:25:32,710 INFO CSMF2.step_1_1_1.run :: [h] epoch=23 step=350 total=0.16076 batch=0.12703
2026-05-14 16:25:32,710 INFO CSMF2.step_1_1_1.run :: [lat] epoch=23 step=350 mean_l2=0.08054 std_l2=1.55387
2026-05-14 16:25:32,781 INFO CSMF2.step_1_1_1.run :: epoch=23 step=350/429 train_nll=-2275.562
2026-05-14 16:25:41,190 INFO CSMF2.step_1_1_1.run :: [h] epoch=23 step=400 total=0.15972 batch=0.12653
2026-05-14 16:25:41,190 INFO CSMF2.step_1_1_1.run :: [lat] epoch=23 step=400 mean_l2=0.07656 std_l2=1.95012
2026-05-14 16:25:41,261 INFO CSMF2.step_1_1_1.run :: epoch=23 step=400/429 train_nll=-2275.278
2026-05-14 16:25:49,664 INFO CSMF2.step_1_1_1.run :: epoch=23  train_nll=-2275.279  val_nll=-2265.527  t=75.4s
2026-05-14 16:25:49,664 INFO CSMF2.step_1_1_1.run :: [h_std] total=0.16266 batch=0.12850 (no penalty)
2026-05-14 16:25:49,664 INFO CSMF2.step_1_1_1.run :: [lat_epoch] mean_l2=0.08544 std_l2=1.08978 lambda=1.000
2026-05-14 16:25:49,664 INFO CSMF2.step_1_1_1.run :: [grad] cond=213.2388 film_gain=0.0000
2026-05-14 16:26:01,405 INFO CSMF2.step_1_1_1.run :: [h] epoch=24 step=50 total=0.16262 batch=0.12994
2026-05-14 16:26:01,406 INFO CSMF2.step_1_1_1.run :: [lat] epoch=24 step=50 mean_l2=0.08639 std_l2=0.26188
2026-05-14 16:26:01,474 INFO CSMF2.step_1_1_1.run :: epoch=24 step=50/429 train_nll=-2280.961
2026-05-14 16:26:09,698 INFO CSMF2.step_1_1_1.run :: [h] epoch=24 step=100 total=0.15807 batch=0.12378
2026-05-14 16:26:09,699 INFO CSMF2.step_1_1_1.run :: [lat] epoch=24 step=100 mean_l2=0.08661 std_l2=0.79188
2026-05-14 16:26:09,769 INFO CSMF2.step_1_1_1.run :: epoch=24 step=100/429 train_nll=-2279.669
2026-05-14 16:26:18,047 INFO CSMF2.step_1_1_1.run :: [h] epoch=24 step=150 total=0.15958 batch=0.12520
2026-05-14 16:26:18,047 INFO CSMF2.step_1_1_1.run :: [lat] epoch=24 step=150 mean_l2=0.08292 std_l2=0.38431
2026-05-14 16:26:18,118 INFO CSMF2.step_1_1_1.run :: epoch=24 step=150/429 train_nll=-2282.526
2026-05-14 16:26:26,281 INFO CSMF2.step_1_1_1.run :: [h] epoch=24 step=200 total=0.16338 batch=0.13069
2026-05-14 16:26:26,282 INFO CSMF2.step_1_1_1.run :: [lat] epoch=24 step=200 mean_l2=0.09415 std_l2=0.37230
2026-05-14 16:26:26,372 INFO CSMF2.step_1_1_1.run :: epoch=24 step=200/429 train_nll=-2280.276
2026-05-14 16:26:34,734 INFO CSMF2.step_1_1_1.run :: [h] epoch=24 step=250 total=0.15477 batch=0.12155
2026-05-14 16:26:34,735 INFO CSMF2.step_1_1_1.run :: [lat] epoch=24 step=250 mean_l2=0.09596 std_l2=0.49393
2026-05-14 16:26:34,805 INFO CSMF2.step_1_1_1.run :: epoch=24 step=250/429 train_nll=-2279.652
2026-05-14 16:26:43,152 INFO CSMF2.step_1_1_1.run :: [h] epoch=24 step=300 total=0.16133 batch=0.12961
2026-05-14 16:26:43,152 INFO CSMF2.step_1_1_1.run :: [lat] epoch=24 step=300 mean_l2=0.09258 std_l2=3.02684
2026-05-14 16:26:43,223 INFO CSMF2.step_1_1_1.run :: epoch=24 step=300/429 train_nll=-2279.359
2026-05-14 16:26:51,554 INFO CSMF2.step_1_1_1.run :: [h] epoch=24 step=350 total=0.15573 batch=0.12293
2026-05-14 16:26:51,555 INFO CSMF2.step_1_1_1.run :: [lat] epoch=24 step=350 mean_l2=0.06095 std_l2=2.07401
2026-05-14 16:26:51,626 INFO CSMF2.step_1_1_1.run :: epoch=24 step=350/429 train_nll=-2281.713
2026-05-14 16:27:00,079 INFO CSMF2.step_1_1_1.run :: [h] epoch=24 step=400 total=0.15911 batch=0.12643
2026-05-14 16:27:00,080 INFO CSMF2.step_1_1_1.run :: [lat] epoch=24 step=400 mean_l2=0.11189 std_l2=1.86823
2026-05-14 16:27:00,170 INFO CSMF2.step_1_1_1.run :: epoch=24 step=400/429 train_nll=-2282.133
2026-05-14 16:27:08,728 INFO CSMF2.step_1_1_1.run :: epoch=24  train_nll=-2282.981  val_nll=-2274.829  t=75.4s
2026-05-14 16:27:08,728 INFO CSMF2.step_1_1_1.run :: [h_std] total=0.15908 batch=0.12507 (no penalty)
2026-05-14 16:27:08,728 INFO CSMF2.step_1_1_1.run :: [lat_epoch] mean_l2=0.08498 std_l2=1.12645 lambda=1.000
2026-05-14 16:27:08,728 INFO CSMF2.step_1_1_1.run :: [grad] cond=101.6851 film_gain=0.0000
2026-05-14 16:27:20,259 INFO CSMF2.step_1_1_1.run :: [h] epoch=25 step=50 total=0.15919 batch=0.12696
2026-05-14 16:27:20,260 INFO CSMF2.step_1_1_1.run :: [lat] epoch=25 step=50 mean_l2=0.08306 std_l2=0.23423
2026-05-14 16:27:20,330 INFO CSMF2.step_1_1_1.run :: epoch=25 step=50/429 train_nll=-2291.611
2026-05-14 16:27:28,700 INFO CSMF2.step_1_1_1.run :: [h] epoch=25 step=100 total=0.15297 batch=0.11910
2026-05-14 16:27:28,701 INFO CSMF2.step_1_1_1.run :: [lat] epoch=25 step=100 mean_l2=0.08416 std_l2=0.80456
2026-05-14 16:27:28,772 INFO CSMF2.step_1_1_1.run :: epoch=25 step=100/429 train_nll=-2289.542
2026-05-14 16:27:37,053 INFO CSMF2.step_1_1_1.run :: [h] epoch=25 step=150 total=0.15302 batch=0.11923
2026-05-14 16:27:37,053 INFO CSMF2.step_1_1_1.run :: [lat] epoch=25 step=150 mean_l2=0.09253 std_l2=0.45958
2026-05-14 16:27:37,124 INFO CSMF2.step_1_1_1.run :: epoch=25 step=150/429 train_nll=-2289.695
2026-05-14 16:27:45,494 INFO CSMF2.step_1_1_1.run :: [h] epoch=25 step=200 total=0.15546 batch=0.12322
2026-05-14 16:27:45,494 INFO CSMF2.step_1_1_1.run :: [lat] epoch=25 step=200 mean_l2=0.09119 std_l2=0.24789
2026-05-14 16:27:45,585 INFO CSMF2.step_1_1_1.run :: epoch=25 step=200/429 train_nll=-2287.487
2026-05-14 16:27:54,105 INFO CSMF2.step_1_1_1.run :: [h] epoch=25 step=250 total=0.15026 batch=0.11746
2026-05-14 16:27:54,105 INFO CSMF2.step_1_1_1.run :: [lat] epoch=25 step=250 mean_l2=0.07681 std_l2=0.48345
2026-05-14 16:27:54,176 INFO CSMF2.step_1_1_1.run :: epoch=25 step=250/429 train_nll=-2286.792
2026-05-14 16:28:02,547 INFO CSMF2.step_1_1_1.run :: [h] epoch=25 step=300 total=0.15686 batch=0.12624
2026-05-14 16:28:02,547 INFO CSMF2.step_1_1_1.run :: [lat] epoch=25 step=300 mean_l2=0.08341 std_l2=3.10772
2026-05-14 16:28:02,618 INFO CSMF2.step_1_1_1.run :: epoch=25 step=300/429 train_nll=-2285.903
2026-05-14 16:28:11,030 INFO CSMF2.step_1_1_1.run :: [h] epoch=25 step=350 total=0.14885 batch=0.11577
2026-05-14 16:28:11,031 INFO CSMF2.step_1_1_1.run :: [lat] epoch=25 step=350 mean_l2=0.08672 std_l2=1.61195
2026-05-14 16:28:11,098 INFO CSMF2.step_1_1_1.run :: epoch=25 step=350/429 train_nll=-2287.106
2026-05-14 16:28:19,483 INFO CSMF2.step_1_1_1.run :: [h] epoch=25 step=400 total=0.15287 batch=0.12176
2026-05-14 16:28:19,483 INFO CSMF2.step_1_1_1.run :: [lat] epoch=25 step=400 mean_l2=0.07721 std_l2=2.11132
2026-05-14 16:28:19,554 INFO CSMF2.step_1_1_1.run :: epoch=25 step=400/429 train_nll=-2286.535
2026-05-14 16:28:28,176 INFO CSMF2.step_1_1_1.run :: epoch=25  train_nll=-2287.583  val_nll=-2282.931  t=75.8s
2026-05-14 16:28:28,176 INFO CSMF2.step_1_1_1.run :: [h_std] total=0.15421 batch=0.12077 (no penalty)
2026-05-14 16:28:28,176 INFO CSMF2.step_1_1_1.run :: [lat_epoch] mean_l2=0.08538 std_l2=1.20687 lambda=1.000
2026-05-14 16:28:28,176 INFO CSMF2.step_1_1_1.run :: [grad] cond=150.2360 film_gain=0.0000
2026-05-14 16:28:40,180 INFO CSMF2.step_1_1_1.run :: [h] epoch=26 step=50 total=0.15379 batch=0.12272
2026-05-14 16:28:40,181 INFO CSMF2.step_1_1_1.run :: [lat] epoch=26 step=50 mean_l2=0.07432 std_l2=0.30443
2026-05-14 16:28:40,252 INFO CSMF2.step_1_1_1.run :: epoch=26 step=50/429 train_nll=-2297.144
2026-05-14 16:28:48,584 INFO CSMF2.step_1_1_1.run :: [h] epoch=26 step=100 total=0.14981 batch=0.11659
2026-05-14 16:28:48,585 INFO CSMF2.step_1_1_1.run :: [lat] epoch=26 step=100 mean_l2=0.08298 std_l2=0.84505
2026-05-14 16:28:48,676 INFO CSMF2.step_1_1_1.run :: epoch=26 step=100/429 train_nll=-2295.019
2026-05-14 16:28:57,107 INFO CSMF2.step_1_1_1.run :: [h] epoch=26 step=150 total=0.15017 batch=0.11780
2026-05-14 16:28:57,107 INFO CSMF2.step_1_1_1.run :: [lat] epoch=26 step=150 mean_l2=0.09279 std_l2=0.33265
2026-05-14 16:28:57,198 INFO CSMF2.step_1_1_1.run :: epoch=26 step=150/429 train_nll=-2298.525
2026-05-14 16:29:05,622 INFO CSMF2.step_1_1_1.run :: [h] epoch=26 step=200 total=0.15493 batch=0.12339
2026-05-14 16:29:05,623 INFO CSMF2.step_1_1_1.run :: [lat] epoch=26 step=200 mean_l2=0.08845 std_l2=0.27815
2026-05-14 16:29:05,694 INFO CSMF2.step_1_1_1.run :: epoch=26 step=200/429 train_nll=-2298.100
2026-05-14 16:29:14,096 INFO CSMF2.step_1_1_1.run :: [h] epoch=26 step=250 total=0.14784 batch=0.11495
2026-05-14 16:29:14,097 INFO CSMF2.step_1_1_1.run :: [lat] epoch=26 step=250 mean_l2=0.07968 std_l2=0.68166
2026-05-14 16:29:14,168 INFO CSMF2.step_1_1_1.run :: epoch=26 step=250/429 train_nll=-2298.080
2026-05-14 16:29:22,586 INFO CSMF2.step_1_1_1.run :: [h] epoch=26 step=300 total=0.15222 batch=0.12211
2026-05-14 16:29:22,586 INFO CSMF2.step_1_1_1.run :: [lat] epoch=26 step=300 mean_l2=0.08015 std_l2=2.94271
2026-05-14 16:29:22,677 INFO CSMF2.step_1_1_1.run :: epoch=26 step=300/429 train_nll=-2297.036
2026-05-14 16:29:31,043 INFO CSMF2.step_1_1_1.run :: [h] epoch=26 step=350 total=0.14986 batch=0.11731
2026-05-14 16:29:31,043 INFO CSMF2.step_1_1_1.run :: [lat] epoch=26 step=350 mean_l2=0.08888 std_l2=1.73089
2026-05-14 16:29:31,115 INFO CSMF2.step_1_1_1.run :: epoch=26 step=350/429 train_nll=-2298.515
2026-05-14 16:29:39,438 INFO CSMF2.step_1_1_1.run :: [h] epoch=26 step=400 total=0.14996 batch=0.11755
2026-05-14 16:29:39,438 INFO CSMF2.step_1_1_1.run :: [lat] epoch=26 step=400 mean_l2=0.09622 std_l2=2.01876
2026-05-14 16:29:39,510 INFO CSMF2.step_1_1_1.run :: epoch=26 step=400/429 train_nll=-2298.053
2026-05-14 16:29:48,061 INFO CSMF2.step_1_1_1.run :: epoch=26  train_nll=-2298.981  val_nll=-2291.473  t=76.2s
2026-05-14 16:29:48,061 INFO CSMF2.step_1_1_1.run :: [h_std] total=0.15098 batch=0.11828 (no penalty)
2026-05-14 16:29:48,061 INFO CSMF2.step_1_1_1.run :: [lat_epoch] mean_l2=0.08321 std_l2=1.16062 lambda=1.000
2026-05-14 16:29:48,061 INFO CSMF2.step_1_1_1.run :: [grad] cond=164.6052 film_gain=0.0000
2026-05-14 16:29:59,634 INFO CSMF2.step_1_1_1.run :: [h] epoch=27 step=50 total=0.14933 batch=0.11798
2026-05-14 16:29:59,634 INFO CSMF2.step_1_1_1.run :: [lat] epoch=27 step=50 mean_l2=0.08087 std_l2=0.37781
2026-05-14 16:29:59,705 INFO CSMF2.step_1_1_1.run :: epoch=27 step=50/429 train_nll=-2301.098
2026-05-14 16:30:08,033 INFO CSMF2.step_1_1_1.run :: [h] epoch=27 step=100 total=0.14603 batch=0.11282
2026-05-14 16:30:08,034 INFO CSMF2.step_1_1_1.run :: [lat] epoch=27 step=100 mean_l2=0.07736 std_l2=0.91919
2026-05-14 16:30:08,101 INFO CSMF2.step_1_1_1.run :: epoch=27 step=100/429 train_nll=-2294.132
2026-05-14 16:30:16,321 INFO CSMF2.step_1_1_1.run :: [h] epoch=27 step=150 total=0.14633 batch=0.11457
2026-05-14 16:30:16,322 INFO CSMF2.step_1_1_1.run :: [lat] epoch=27 step=150 mean_l2=0.09403 std_l2=0.33902
2026-05-14 16:30:16,413 INFO CSMF2.step_1_1_1.run :: epoch=27 step=150/429 train_nll=-2300.809
2026-05-14 16:30:24,795 INFO CSMF2.step_1_1_1.run :: [h] epoch=27 step=200 total=0.15040 batch=0.11924
2026-05-14 16:30:24,795 INFO CSMF2.step_1_1_1.run :: [lat] epoch=27 step=200 mean_l2=0.07705 std_l2=0.25317
2026-05-14 16:30:24,866 INFO CSMF2.step_1_1_1.run :: epoch=27 step=200/429 train_nll=-2300.975
2026-05-14 16:30:33,138 INFO CSMF2.step_1_1_1.run :: [h] epoch=27 step=250 total=0.14298 batch=0.10850
2026-05-14 16:30:33,138 INFO CSMF2.step_1_1_1.run :: [lat] epoch=27 step=250 mean_l2=0.13446 std_l2=0.48092
2026-05-14 16:30:33,209 INFO CSMF2.step_1_1_1.run :: epoch=27 step=250/429 train_nll=-2299.295
2026-05-14 16:30:41,645 INFO CSMF2.step_1_1_1.run :: [h] epoch=27 step=300 total=0.14793 batch=0.11722
2026-05-14 16:30:41,646 INFO CSMF2.step_1_1_1.run :: [lat] epoch=27 step=300 mean_l2=0.06882 std_l2=2.86132
2026-05-14 16:30:41,716 INFO CSMF2.step_1_1_1.run :: epoch=27 step=300/429 train_nll=-2298.748
2026-05-14 16:30:49,972 INFO CSMF2.step_1_1_1.run :: [h] epoch=27 step=350 total=0.14484 batch=0.11312
2026-05-14 16:30:49,972 INFO CSMF2.step_1_1_1.run :: [lat] epoch=27 step=350 mean_l2=0.07748 std_l2=1.85268
2026-05-14 16:30:50,043 INFO CSMF2.step_1_1_1.run :: epoch=27 step=350/429 train_nll=-2300.742
2026-05-14 16:30:58,406 INFO CSMF2.step_1_1_1.run :: [h] epoch=27 step=400 total=0.14738 batch=0.11674
2026-05-14 16:30:58,407 INFO CSMF2.step_1_1_1.run :: [lat] epoch=27 step=400 mean_l2=0.08328 std_l2=2.44780
2026-05-14 16:30:58,479 INFO CSMF2.step_1_1_1.run :: epoch=27 step=400/429 train_nll=-2300.646
2026-05-14 16:31:06,881 INFO CSMF2.step_1_1_1.run :: epoch=27  train_nll=-2301.376  val_nll=-2283.063  t=75.2s
2026-05-14 16:31:06,882 INFO CSMF2.step_1_1_1.run :: [h_std] total=0.14731 batch=0.11466 (no penalty)
2026-05-14 16:31:06,882 INFO CSMF2.step_1_1_1.run :: [lat_epoch] mean_l2=0.08862 std_l2=1.19207 lambda=1.000
2026-05-14 16:31:06,882 INFO CSMF2.step_1_1_1.run :: [grad] cond=178.9299 film_gain=0.0000
2026-05-14 16:31:18,770 INFO CSMF2.step_1_1_1.run :: [h] epoch=28 step=50 total=0.14615 batch=0.11535
2026-05-14 16:31:18,771 INFO CSMF2.step_1_1_1.run :: [lat] epoch=28 step=50 mean_l2=0.06648 std_l2=0.28408
2026-05-14 16:31:18,861 INFO CSMF2.step_1_1_1.run :: epoch=28 step=50/429 train_nll=-2308.910
2026-05-14 16:31:27,284 INFO CSMF2.step_1_1_1.run :: [h] epoch=28 step=100 total=0.14343 batch=0.11125
2026-05-14 16:31:27,284 INFO CSMF2.step_1_1_1.run :: [lat] epoch=28 step=100 mean_l2=0.08819 std_l2=1.16753
2026-05-14 16:31:27,355 INFO CSMF2.step_1_1_1.run :: epoch=28 step=100/429 train_nll=-2309.193
2026-05-14 16:31:35,803 INFO CSMF2.step_1_1_1.run :: [h] epoch=28 step=150 total=0.14408 batch=0.11106
2026-05-14 16:31:35,803 INFO CSMF2.step_1_1_1.run :: [lat] epoch=28 step=150 mean_l2=0.08140 std_l2=0.48030
2026-05-14 16:31:35,873 INFO CSMF2.step_1_1_1.run :: epoch=28 step=150/429 train_nll=-2313.039
2026-05-14 16:31:44,157 INFO CSMF2.step_1_1_1.run :: [h] epoch=28 step=200 total=0.14762 batch=0.11697
2026-05-14 16:31:44,158 INFO CSMF2.step_1_1_1.run :: [lat] epoch=28 step=200 mean_l2=0.07412 std_l2=0.30711
2026-05-14 16:31:44,249 INFO CSMF2.step_1_1_1.run :: epoch=28 step=200/429 train_nll=-2311.736
2026-05-14 16:31:52,730 INFO CSMF2.step_1_1_1.run :: [h] epoch=28 step=250 total=0.14163 batch=0.11028
2026-05-14 16:31:52,731 INFO CSMF2.step_1_1_1.run :: [lat] epoch=28 step=250 mean_l2=0.07931 std_l2=0.43014
2026-05-14 16:31:52,802 INFO CSMF2.step_1_1_1.run :: epoch=28 step=250/429 train_nll=-2311.159
2026-05-14 16:32:01,004 INFO CSMF2.step_1_1_1.run :: [h] epoch=28 step=300 total=0.14740 batch=0.11786
2026-05-14 16:32:01,004 INFO CSMF2.step_1_1_1.run :: [lat] epoch=28 step=300 mean_l2=0.07723 std_l2=2.96307
2026-05-14 16:32:01,075 INFO CSMF2.step_1_1_1.run :: epoch=28 step=300/429 train_nll=-2310.288
2026-05-14 16:32:09,478 INFO CSMF2.step_1_1_1.run :: [h] epoch=28 step=350 total=0.14167 batch=0.11088
2026-05-14 16:32:09,479 INFO CSMF2.step_1_1_1.run :: [lat] epoch=28 step=350 mean_l2=0.08776 std_l2=1.32380
2026-05-14 16:32:09,550 INFO CSMF2.step_1_1_1.run :: epoch=28 step=350/429 train_nll=-2312.382
2026-05-14 16:32:17,874 INFO CSMF2.step_1_1_1.run :: [h] epoch=28 step=400 total=0.14172 batch=0.10789
2026-05-14 16:32:17,874 INFO CSMF2.step_1_1_1.run :: [lat] epoch=28 step=400 mean_l2=0.08726 std_l2=2.12031
2026-05-14 16:32:17,965 INFO CSMF2.step_1_1_1.run :: epoch=28 step=400/429 train_nll=-2311.610
2026-05-14 16:32:26,639 INFO CSMF2.step_1_1_1.run :: epoch=28  train_nll=-2311.589  val_nll=-2290.502  t=76.0s
2026-05-14 16:32:26,639 INFO CSMF2.step_1_1_1.run :: [h_std] total=0.14474 batch=0.11268 (no penalty)
2026-05-14 16:32:26,639 INFO CSMF2.step_1_1_1.run :: [lat_epoch] mean_l2=0.08471 std_l2=1.22341 lambda=1.000
2026-05-14 16:32:26,639 INFO CSMF2.step_1_1_1.run :: [grad] cond=219.4501 film_gain=0.0000
2026-05-14 16:32:38,328 INFO CSMF2.step_1_1_1.run :: [h] epoch=29 step=50 total=0.14365 batch=0.11350
2026-05-14 16:32:38,329 INFO CSMF2.step_1_1_1.run :: [lat] epoch=29 step=50 mean_l2=0.08066 std_l2=0.24074
2026-05-14 16:32:38,399 INFO CSMF2.step_1_1_1.run :: epoch=29 step=50/429 train_nll=-2313.038
2026-05-14 16:32:46,716 INFO CSMF2.step_1_1_1.run :: [h] epoch=29 step=100 total=0.14100 batch=0.10721
2026-05-14 16:32:46,717 INFO CSMF2.step_1_1_1.run :: [lat] epoch=29 step=100 mean_l2=0.08235 std_l2=0.70583
2026-05-14 16:32:46,788 INFO CSMF2.step_1_1_1.run :: epoch=29 step=100/429 train_nll=-2314.044
2026-05-14 16:32:55,047 INFO CSMF2.step_1_1_1.run :: [h] epoch=29 step=150 total=0.14181 batch=0.10938
2026-05-14 16:32:55,047 INFO CSMF2.step_1_1_1.run :: [lat] epoch=29 step=150 mean_l2=0.07333 std_l2=0.32669
2026-05-14 16:32:55,118 INFO CSMF2.step_1_1_1.run :: epoch=29 step=150/429 train_nll=-2318.647
2026-05-14 16:33:03,498 INFO CSMF2.step_1_1_1.run :: [h] epoch=29 step=200 total=0.14590 batch=0.11353
2026-05-14 16:33:03,499 INFO CSMF2.step_1_1_1.run :: [lat] epoch=29 step=200 mean_l2=0.07332 std_l2=0.28782
2026-05-14 16:33:03,570 INFO CSMF2.step_1_1_1.run :: epoch=29 step=200/429 train_nll=-2317.086
2026-05-14 16:33:11,846 INFO CSMF2.step_1_1_1.run :: [h] epoch=29 step=250 total=0.13875 batch=0.10637
2026-05-14 16:33:11,846 INFO CSMF2.step_1_1_1.run :: [lat] epoch=29 step=250 mean_l2=0.07179 std_l2=0.74674
2026-05-14 16:33:11,917 INFO CSMF2.step_1_1_1.run :: epoch=29 step=250/429 train_nll=-2315.919
2026-05-14 16:33:20,190 INFO CSMF2.step_1_1_1.run :: [h] epoch=29 step=300 total=0.14223 batch=0.11233
2026-05-14 16:33:20,190 INFO CSMF2.step_1_1_1.run :: [lat] epoch=29 step=300 mean_l2=0.09297 std_l2=3.00459
2026-05-14 16:33:20,261 INFO CSMF2.step_1_1_1.run :: epoch=29 step=300/429 train_nll=-2314.164
2026-05-14 16:33:28,597 INFO CSMF2.step_1_1_1.run :: [h] epoch=29 step=350 total=0.13932 batch=0.10863
2026-05-14 16:33:28,598 INFO CSMF2.step_1_1_1.run :: [lat] epoch=29 step=350 mean_l2=0.07903 std_l2=1.52601
2026-05-14 16:33:28,669 INFO CSMF2.step_1_1_1.run :: epoch=29 step=350/429 train_nll=-2315.895
2026-05-14 16:33:37,072 INFO CSMF2.step_1_1_1.run :: [h] epoch=29 step=400 total=0.14339 batch=0.11228
2026-05-14 16:33:37,073 INFO CSMF2.step_1_1_1.run :: [lat] epoch=29 step=400 mean_l2=0.07890 std_l2=1.94588
2026-05-14 16:33:37,144 INFO CSMF2.step_1_1_1.run :: epoch=29 step=400/429 train_nll=-2315.517
2026-05-14 16:33:45,554 INFO CSMF2.step_1_1_1.run :: epoch=29  train_nll=-2316.277  val_nll=-2296.329  t=75.3s
2026-05-14 16:33:45,554 INFO CSMF2.step_1_1_1.run :: [h_std] total=0.14152 batch=0.10932 (no penalty)
2026-05-14 16:33:45,554 INFO CSMF2.step_1_1_1.run :: [lat_epoch] mean_l2=0.08386 std_l2=1.28770 lambda=1.000
2026-05-14 16:33:45,554 INFO CSMF2.step_1_1_1.run :: [grad] cond=121.9193 film_gain=0.0000
2026-05-14 16:33:56,390 INFO CSMF2.step_1_1_1.run :: [run] FINAL test_nll (sealed 10k) = -2305.132
2026-05-14 16:33:56,961 INFO CSMF2.experiments.step_1_1_1.density_plots :: [plot_latent_density] saved -> CSMF2/experiments/step_1_1_1/results/nice_s2_n0.10_seed0_43432f53ae30/plots/latent_density.png  (ks=0.0865, mean=0.066, std=1.040)
2026-05-14 16:33:57,131 INFO CSMF2.experiments.step_1_1_1.density_plots :: [plot_cycle_density] saved -> CSMF2/experiments/step_1_1_1/results/nice_s2_n0.10_seed0_43432f53ae30/plots/cycle_density.png  (max|err|=4.768e-06 rms=5.163e-07)
2026-05-14 16:33:57,457 INFO CSMF2.experiments.step_1_1_1.density_plots :: [plot_reconstruction_panel] saved -> CSMF2/experiments/step_1_1_1/results/nice_s2_n0.10_seed0_43432f53ae30/plots/reconstruction_panel.png  rms(enc-prior)=1.182
==============================================================
[1mSTEP-1_1_1 RUN SUMMARY[0m
==============================================================
expert: nice   scale: 2   noise: 0.1   seed: 0   epochs: 30
train NLL:    -1114.20  ->    -2316.28  (Δ = -1202.08)
test  NLL:    -1336.05  ->    -2296.33

[1mHARD GATES (halt on fail)[0m
  [32m 30/30  ✓[0m  invertibility FP64 <1e-5
  [31m  0/30  ✗[0m  latent KS vs N(0,1) <0.05
  [32m 30/30  ✓[0m  cycle_max < 1e-12
  [32m 30/30  ✓[0m  h std > 1e-3
  [32m 30/30  ✓[0m  FiLM γ,β std > 1e-3 aggregate
  [32m 30/30  ✓[0m  (y,seed) max|Δh| < 1e-6
  [32m 30/30  ✓[0m  no NaN/Inf this epoch
  [32m  1/1   ✓[0m  numeric log-det (FP64, once)

[1mINFORMATIONAL (logged, non-blocking)[0m
  [32m 30/30  ✓[0m  null-control gap ≥ 0.10
  [32m 30/30  ✓[0m  h_st Δlogp slope > 1e-3
  [32m 30/30  ✓[0m  grad norm > 1e-6
  [32m 30/30  ✓[0m  fwd residual reported
--------------------------------------------------------------
[1mHARD TOTAL: 181/211[0m  (85.8%)
[1mEXIT_CRITERIA_MET:[0m [31mNO[0m
[1mREMEDY HINTS:[0m
  - hard gate failed: latent_ks (latent KS vs N(0,1) <0.05) -- check epochs [0, 1, 2, 3, 4, 5, 6, 7, 8, 9, 10, 11, 12, 13, 14, 15, 16, 17, 18, 19, 20, 21, 22, 23, 24, 25, 26, 27, 28, 29]
==============================================================
2026-05-14 16:33:57,523 INFO CSMF2.step_1_1_1.run :: STEP-1_1 run DONE  exit_ok=False  out=CSMF2/experiments/step_1_1_1/results/nice_s2_n0.10_seed0_43432f53ae30
