2026-05-15 08:23:29,978 INFO CSMF2.step_1_1_1.run :: STEP-1_1 run | tag=nsf_s2_n0.00_seed0_5e9307fb36d4 | cfg=StepCfg(data_root='./mnist_data', scale=2, blur_sigma=1.0, noise_sigma=0.0, batch_size=128, expert='nsf', dim=784, cond_width=128, h_dim=256, flow_hidden=256, use_film=True, cache_h=True, use_v2_conditioner=False, film_depth=2, film_hidden=128, film_use_gelu=True, realnvp_n_couplings=6, realnvp_s_max=2.0, glow_n_steps=8, glow_coupling_hidden=256, glow_s_max=2.0, glow_squeeze=True, glow_n_levels=1, glow_image_c=1, glow_image_h=28, glow_image_w=28, glow_film_gain_init=0.3, lr=0.001, epochs=30, weight_decay=0.0, grad_clip=5.0, shuffle_loss_lambda=0.0, shuffle_loss_margin=0.5, h_std_penalty_mu=0.0, h_std_target=0.05, cond_y_residual_alpha_init=0.0, latent_moment_lambda=0.1, latent_ks_target=0.1, fwd_rel_target=0.5, resume_from=None, seed=0, out_root='./CSMF2/experiments/step_1_1_1/results', log_every=50, sanity_every_epoch=True)
2026-05-15 08:23:30,044 INFO CSMF2.step_1_1_1.run :: [run] data sizes: train=55000  val=5000 (per-epoch)  test=10000 (final-only)
2026-05-15 08:23:30,100 INFO CSMF2.step_1_1_1.run :: [y_sanity] y.std(dim=0).mean() = 0.1294  shape=(128, 1, 14, 14)
2026-05-15 08:23:42,871 INFO CSMF2.step_1_1_1.run :: [h] epoch=0 step=50 total=0.07470 batch=0.00232
2026-05-15 08:23:42,872 INFO CSMF2.step_1_1_1.run :: [lat] epoch=0 step=50 mean_l2=0.18522 std_l2=0.17005
2026-05-15 08:23:43,001 INFO CSMF2.step_1_1_1.run :: epoch=0 step=50/429 train_nll=-2038.350
2026-05-15 08:23:55,754 INFO CSMF2.step_1_1_1.run :: [h] epoch=0 step=100 total=0.25840 batch=0.00290
2026-05-15 08:23:55,755 INFO CSMF2.step_1_1_1.run :: [lat] epoch=0 step=100 mean_l2=0.11673 std_l2=0.09079
2026-05-15 08:23:55,882 INFO CSMF2.step_1_1_1.run :: epoch=0 step=100/429 train_nll=-2601.887
2026-05-15 08:24:08,671 INFO CSMF2.step_1_1_1.run :: [h] epoch=0 step=150 total=0.21525 batch=0.01194
2026-05-15 08:24:08,672 INFO CSMF2.step_1_1_1.run :: [lat] epoch=0 step=150 mean_l2=0.08993 std_l2=0.03687
2026-05-15 08:24:08,802 INFO CSMF2.step_1_1_1.run :: epoch=0 step=150/429 train_nll=-2837.227
2026-05-15 08:24:21,420 INFO CSMF2.step_1_1_1.run :: [h] epoch=0 step=200 total=0.26013 batch=0.02635
2026-05-15 08:24:21,421 INFO CSMF2.step_1_1_1.run :: [lat] epoch=0 step=200 mean_l2=0.03284 std_l2=0.03274
2026-05-15 08:24:21,554 INFO CSMF2.step_1_1_1.run :: epoch=0 step=200/429 train_nll=-2970.158
2026-05-15 08:24:34,215 INFO CSMF2.step_1_1_1.run :: [h] epoch=0 step=250 total=0.19399 batch=0.02963
2026-05-15 08:24:34,216 INFO CSMF2.step_1_1_1.run :: [lat] epoch=0 step=250 mean_l2=0.05534 std_l2=0.04323
2026-05-15 08:24:34,345 INFO CSMF2.step_1_1_1.run :: epoch=0 step=250/429 train_nll=-3054.362
2026-05-15 08:24:46,880 INFO CSMF2.step_1_1_1.run :: [h] epoch=0 step=300 total=0.23969 batch=0.06194
2026-05-15 08:24:46,881 INFO CSMF2.step_1_1_1.run :: [lat] epoch=0 step=300 mean_l2=0.03669 std_l2=0.03448
2026-05-15 08:24:47,008 INFO CSMF2.step_1_1_1.run :: epoch=0 step=300/429 train_nll=-3111.001
2026-05-15 08:24:59,777 INFO CSMF2.step_1_1_1.run :: [h] epoch=0 step=350 total=0.27860 batch=0.09271
2026-05-15 08:24:59,777 INFO CSMF2.step_1_1_1.run :: [lat] epoch=0 step=350 mean_l2=0.02508 std_l2=0.02856
2026-05-15 08:24:59,906 INFO CSMF2.step_1_1_1.run :: epoch=0 step=350/429 train_nll=-3156.675
2026-05-15 08:25:12,530 INFO CSMF2.step_1_1_1.run :: [h] epoch=0 step=400 total=0.26262 batch=0.09390
2026-05-15 08:25:12,530 INFO CSMF2.step_1_1_1.run :: [lat] epoch=0 step=400 mean_l2=0.06931 std_l2=0.04105
2026-05-15 08:25:12,661 INFO CSMF2.step_1_1_1.run :: epoch=0 step=400/429 train_nll=-3192.269
2026-05-15 08:25:24,759 INFO CSMF2.step_1_1_1.run :: epoch=0  train_nll=-3209.951  val_nll=-3456.348  t=114.5s
2026-05-15 08:25:24,759 INFO CSMF2.step_1_1_1.run :: [h_std] total=0.22381 batch=0.04241 (no penalty)
2026-05-15 08:25:24,759 INFO CSMF2.step_1_1_1.run :: [lat_epoch] mean_l2=0.17038 std_l2=0.11869 lambda=0.100
2026-05-15 08:25:24,759 INFO CSMF2.step_1_1_1.run :: [grad] cond=17.2643 film_gain=0.0000
2026-05-15 08:25:40,600 INFO CSMF2.step_1_1_1.run :: [h] epoch=1 step=50 total=0.24857 batch=0.09748
2026-05-15 08:25:40,600 INFO CSMF2.step_1_1_1.run :: [lat] epoch=1 step=50 mean_l2=0.03206 std_l2=0.02984
2026-05-15 08:25:40,729 INFO CSMF2.step_1_1_1.run :: epoch=1 step=50/429 train_nll=-3450.779
2026-05-15 08:25:53,402 INFO CSMF2.step_1_1_1.run :: [h] epoch=1 step=100 total=0.27088 batch=0.13927
2026-05-15 08:25:53,402 INFO CSMF2.step_1_1_1.run :: [lat] epoch=1 step=100 mean_l2=0.03684 std_l2=0.02817
2026-05-15 08:25:53,529 INFO CSMF2.step_1_1_1.run :: epoch=1 step=100/429 train_nll=-3447.520
2026-05-15 08:26:06,276 INFO CSMF2.step_1_1_1.run :: [h] epoch=1 step=150 total=0.31460 batch=0.17060
2026-05-15 08:26:06,277 INFO CSMF2.step_1_1_1.run :: [lat] epoch=1 step=150 mean_l2=0.07677 std_l2=0.03529
2026-05-15 08:26:06,430 INFO CSMF2.step_1_1_1.run :: epoch=1 step=150/429 train_nll=-3448.416
2026-05-15 08:26:19,320 INFO CSMF2.step_1_1_1.run :: [h] epoch=1 step=200 total=0.35180 batch=0.16513
2026-05-15 08:26:19,321 INFO CSMF2.step_1_1_1.run :: [lat] epoch=1 step=200 mean_l2=0.03933 std_l2=0.02805
2026-05-15 08:26:19,483 INFO CSMF2.step_1_1_1.run :: epoch=1 step=200/429 train_nll=-3454.873
2026-05-15 08:26:32,757 INFO CSMF2.step_1_1_1.run :: [h] epoch=1 step=250 total=0.33978 batch=0.18678
2026-05-15 08:26:32,757 INFO CSMF2.step_1_1_1.run :: [lat] epoch=1 step=250 mean_l2=0.03635 std_l2=0.03378
2026-05-15 08:26:32,899 INFO CSMF2.step_1_1_1.run :: epoch=1 step=250/429 train_nll=-3460.045
2026-05-15 08:26:46,320 INFO CSMF2.step_1_1_1.run :: [h] epoch=1 step=300 total=0.36995 batch=0.19954
2026-05-15 08:26:46,321 INFO CSMF2.step_1_1_1.run :: [lat] epoch=1 step=300 mean_l2=0.01693 std_l2=0.02252
2026-05-15 08:26:46,471 INFO CSMF2.step_1_1_1.run :: epoch=1 step=300/429 train_nll=-3466.382
2026-05-15 08:27:00,133 INFO CSMF2.step_1_1_1.run :: [h] epoch=1 step=350 total=0.39822 batch=0.23327
2026-05-15 08:27:00,134 INFO CSMF2.step_1_1_1.run :: [lat] epoch=1 step=350 mean_l2=0.02117 std_l2=0.02411
2026-05-15 08:27:00,286 INFO CSMF2.step_1_1_1.run :: epoch=1 step=350/429 train_nll=-3471.905
2026-05-15 08:27:13,921 INFO CSMF2.step_1_1_1.run :: [h] epoch=1 step=400 total=0.35245 batch=0.22790
2026-05-15 08:27:13,922 INFO CSMF2.step_1_1_1.run :: [lat] epoch=1 step=400 mean_l2=0.02379 std_l2=0.02712
2026-05-15 08:27:14,102 INFO CSMF2.step_1_1_1.run :: epoch=1 step=400/429 train_nll=-3475.665
2026-05-15 08:27:26,735 INFO CSMF2.step_1_1_1.run :: epoch=1  train_nll=-3477.777  val_nll=-3509.994  t=118.6s
2026-05-15 08:27:26,735 INFO CSMF2.step_1_1_1.run :: [h_std] total=0.33076 batch=0.17547 (no penalty)
2026-05-15 08:27:26,735 INFO CSMF2.step_1_1_1.run :: [lat_epoch] mean_l2=0.03797 std_l2=0.02913 lambda=0.100
2026-05-15 08:27:26,735 INFO CSMF2.step_1_1_1.run :: [grad] cond=196.8962 film_gain=0.0000
2026-05-15 08:27:43,108 INFO CSMF2.step_1_1_1.run :: [h] epoch=2 step=50 total=0.32443 batch=0.20869
2026-05-15 08:27:43,109 INFO CSMF2.step_1_1_1.run :: [lat] epoch=2 step=50 mean_l2=0.03093 std_l2=0.02598
2026-05-15 08:27:43,253 INFO CSMF2.step_1_1_1.run :: epoch=2 step=50/429 train_nll=-3507.703
2026-05-15 08:27:56,752 INFO CSMF2.step_1_1_1.run :: [h] epoch=2 step=100 total=0.36628 batch=0.24080
2026-05-15 08:27:56,752 INFO CSMF2.step_1_1_1.run :: [lat] epoch=2 step=100 mean_l2=0.02745 std_l2=0.02665
2026-05-15 08:27:56,899 INFO CSMF2.step_1_1_1.run :: epoch=2 step=100/429 train_nll=-3515.030
2026-05-15 08:28:10,603 INFO CSMF2.step_1_1_1.run :: [h] epoch=2 step=150 total=0.38683 batch=0.25540
2026-05-15 08:28:10,604 INFO CSMF2.step_1_1_1.run :: [lat] epoch=2 step=150 mean_l2=0.03042 std_l2=0.03079
2026-05-15 08:28:10,750 INFO CSMF2.step_1_1_1.run :: epoch=2 step=150/429 train_nll=-3520.938
2026-05-15 08:28:24,249 INFO CSMF2.step_1_1_1.run :: [h] epoch=2 step=200 total=0.38324 batch=0.24289
2026-05-15 08:28:24,249 INFO CSMF2.step_1_1_1.run :: [lat] epoch=2 step=200 mean_l2=0.02336 std_l2=0.02349
2026-05-15 08:28:24,395 INFO CSMF2.step_1_1_1.run :: epoch=2 step=200/429 train_nll=-3522.836
2026-05-15 08:28:37,795 INFO CSMF2.step_1_1_1.run :: [h] epoch=2 step=250 total=0.39801 batch=0.26667
2026-05-15 08:28:37,796 INFO CSMF2.step_1_1_1.run :: [lat] epoch=2 step=250 mean_l2=0.03701 std_l2=0.02992
2026-05-15 08:28:37,942 INFO CSMF2.step_1_1_1.run :: epoch=2 step=250/429 train_nll=-3524.792
2026-05-15 08:28:51,537 INFO CSMF2.step_1_1_1.run :: [h] epoch=2 step=300 total=0.38718 batch=0.24962
2026-05-15 08:28:51,538 INFO CSMF2.step_1_1_1.run :: [lat] epoch=2 step=300 mean_l2=0.02304 std_l2=0.02251
2026-05-15 08:28:51,687 INFO CSMF2.step_1_1_1.run :: epoch=2 step=300/429 train_nll=-3526.443
2026-05-15 08:29:05,283 INFO CSMF2.step_1_1_1.run :: [h] epoch=2 step=350 total=0.42221 batch=0.28021
2026-05-15 08:29:05,283 INFO CSMF2.step_1_1_1.run :: [lat] epoch=2 step=350 mean_l2=0.01635 std_l2=0.02287
2026-05-15 08:29:05,433 INFO CSMF2.step_1_1_1.run :: epoch=2 step=350/429 train_nll=-3530.744
2026-05-15 08:29:19,040 INFO CSMF2.step_1_1_1.run :: [h] epoch=2 step=400 total=0.40006 batch=0.27268
2026-05-15 08:29:19,041 INFO CSMF2.step_1_1_1.run :: [lat] epoch=2 step=400 mean_l2=0.03016 std_l2=0.02719
2026-05-15 08:29:19,190 INFO CSMF2.step_1_1_1.run :: epoch=2 step=400/429 train_nll=-3532.152
2026-05-15 08:29:31,916 INFO CSMF2.step_1_1_1.run :: epoch=2  train_nll=-3533.518  val_nll=-3566.375  t=122.0s
2026-05-15 08:29:31,916 INFO CSMF2.step_1_1_1.run :: [h_std] total=0.38715 batch=0.25290 (no penalty)
2026-05-15 08:29:31,916 INFO CSMF2.step_1_1_1.run :: [lat_epoch] mean_l2=0.02919 std_l2=0.02578 lambda=0.100
2026-05-15 08:29:31,916 INFO CSMF2.step_1_1_1.run :: [grad] cond=98.3803 film_gain=0.0000
2026-05-15 08:29:48,779 INFO CSMF2.step_1_1_1.run :: [h] epoch=3 step=50 total=0.39084 batch=0.25550
2026-05-15 08:29:48,780 INFO CSMF2.step_1_1_1.run :: [lat] epoch=3 step=50 mean_l2=0.05552 std_l2=0.02564
2026-05-15 08:29:48,931 INFO CSMF2.step_1_1_1.run :: epoch=3 step=50/429 train_nll=-3557.604
2026-05-15 08:30:02,686 INFO CSMF2.step_1_1_1.run :: [h] epoch=3 step=100 total=0.39622 batch=0.26411
2026-05-15 08:30:02,687 INFO CSMF2.step_1_1_1.run :: [lat] epoch=3 step=100 mean_l2=0.02511 std_l2=0.02524
2026-05-15 08:30:02,875 INFO CSMF2.step_1_1_1.run :: epoch=3 step=100/429 train_nll=-3557.445
2026-05-15 08:30:17,100 INFO CSMF2.step_1_1_1.run :: [h] epoch=3 step=150 total=0.40091 batch=0.27605
2026-05-15 08:30:17,100 INFO CSMF2.step_1_1_1.run :: [lat] epoch=3 step=150 mean_l2=0.02274 std_l2=0.02604
2026-05-15 08:30:17,252 INFO CSMF2.step_1_1_1.run :: epoch=3 step=150/429 train_nll=-3562.149
2026-05-15 08:30:30,784 INFO CSMF2.step_1_1_1.run :: [h] epoch=3 step=200 total=0.40986 batch=0.26507
2026-05-15 08:30:30,784 INFO CSMF2.step_1_1_1.run :: [lat] epoch=3 step=200 mean_l2=0.01856 std_l2=0.02040
2026-05-15 08:30:30,937 INFO CSMF2.step_1_1_1.run :: epoch=3 step=200/429 train_nll=-3562.152
2026-05-15 08:30:45,024 INFO CSMF2.step_1_1_1.run :: [h] epoch=3 step=250 total=0.41499 batch=0.28655
2026-05-15 08:30:45,025 INFO CSMF2.step_1_1_1.run :: [lat] epoch=3 step=250 mean_l2=0.01621 std_l2=0.01865
2026-05-15 08:30:45,217 INFO CSMF2.step_1_1_1.run :: epoch=3 step=250/429 train_nll=-3562.794
2026-05-15 08:30:59,083 INFO CSMF2.step_1_1_1.run :: [h] epoch=3 step=300 total=0.39084 batch=0.25632
2026-05-15 08:30:59,084 INFO CSMF2.step_1_1_1.run :: [lat] epoch=3 step=300 mean_l2=0.03717 std_l2=0.03034
2026-05-15 08:30:59,279 INFO CSMF2.step_1_1_1.run :: epoch=3 step=300/429 train_nll=-3563.966
2026-05-15 08:31:13,185 INFO CSMF2.step_1_1_1.run :: [h] epoch=3 step=350 total=0.39867 batch=0.27245
2026-05-15 08:31:13,186 INFO CSMF2.step_1_1_1.run :: [lat] epoch=3 step=350 mean_l2=0.04499 std_l2=0.03013
2026-05-15 08:31:13,338 INFO CSMF2.step_1_1_1.run :: epoch=3 step=350/429 train_nll=-3562.086
2026-05-15 08:31:27,459 INFO CSMF2.step_1_1_1.run :: [h] epoch=3 step=400 total=0.40942 batch=0.27953
2026-05-15 08:31:27,460 INFO CSMF2.step_1_1_1.run :: [lat] epoch=3 step=400 mean_l2=0.01883 std_l2=0.02247
2026-05-15 08:31:27,610 INFO CSMF2.step_1_1_1.run :: epoch=3 step=400/429 train_nll=-3562.635
2026-05-15 08:31:40,342 INFO CSMF2.step_1_1_1.run :: epoch=3  train_nll=-3563.145  val_nll=-3557.611  t=125.2s
2026-05-15 08:31:40,342 INFO CSMF2.step_1_1_1.run :: [h_std] total=0.40571 batch=0.27311 (no penalty)
2026-05-15 08:31:40,342 INFO CSMF2.step_1_1_1.run :: [lat_epoch] mean_l2=0.02890 std_l2=0.02539 lambda=0.100
2026-05-15 08:31:40,342 INFO CSMF2.step_1_1_1.run :: [grad] cond=278.8154 film_gain=0.0000
2026-05-15 08:31:57,414 INFO CSMF2.step_1_1_1.run :: [h] epoch=4 step=50 total=0.39589 batch=0.26227
2026-05-15 08:31:57,415 INFO CSMF2.step_1_1_1.run :: [lat] epoch=4 step=50 mean_l2=0.02213 std_l2=0.02231
2026-05-15 08:31:57,616 INFO CSMF2.step_1_1_1.run :: epoch=4 step=50/429 train_nll=-3579.202
2026-05-15 08:32:12,300 INFO CSMF2.step_1_1_1.run :: [h] epoch=4 step=100 total=0.41963 batch=0.27378
2026-05-15 08:32:12,301 INFO CSMF2.step_1_1_1.run :: [lat] epoch=4 step=100 mean_l2=0.01859 std_l2=0.02272
2026-05-15 08:32:12,457 INFO CSMF2.step_1_1_1.run :: epoch=4 step=100/429 train_nll=-3586.091
2026-05-15 08:32:26,576 INFO CSMF2.step_1_1_1.run :: [h] epoch=4 step=150 total=0.39567 batch=0.27298
2026-05-15 08:32:26,576 INFO CSMF2.step_1_1_1.run :: [lat] epoch=4 step=150 mean_l2=0.03102 std_l2=0.02586
2026-05-15 08:32:26,734 INFO CSMF2.step_1_1_1.run :: epoch=4 step=150/429 train_nll=-3582.988
2026-05-15 08:32:41,187 INFO CSMF2.step_1_1_1.run :: [h] epoch=4 step=200 total=0.38845 batch=0.26106
2026-05-15 08:32:41,187 INFO CSMF2.step_1_1_1.run :: [lat] epoch=4 step=200 mean_l2=0.04357 std_l2=0.03079
2026-05-15 08:32:41,346 INFO CSMF2.step_1_1_1.run :: epoch=4 step=200/429 train_nll=-3580.266
2026-05-15 08:32:55,751 INFO CSMF2.step_1_1_1.run :: [h] epoch=4 step=250 total=0.40915 batch=0.28205
2026-05-15 08:32:55,751 INFO CSMF2.step_1_1_1.run :: [lat] epoch=4 step=250 mean_l2=0.01732 std_l2=0.01958
2026-05-15 08:32:55,949 INFO CSMF2.step_1_1_1.run :: epoch=4 step=250/429 train_nll=-3582.325
2026-05-15 08:33:09,892 INFO CSMF2.step_1_1_1.run :: [h] epoch=4 step=300 total=0.41114 batch=0.26704
2026-05-15 08:33:09,893 INFO CSMF2.step_1_1_1.run :: [lat] epoch=4 step=300 mean_l2=0.02026 std_l2=0.02482
2026-05-15 08:33:10,048 INFO CSMF2.step_1_1_1.run :: epoch=4 step=300/429 train_nll=-3585.384
2026-05-15 08:33:24,507 INFO CSMF2.step_1_1_1.run :: [h] epoch=4 step=350 total=0.41831 batch=0.28446
2026-05-15 08:33:24,507 INFO CSMF2.step_1_1_1.run :: [lat] epoch=4 step=350 mean_l2=0.01507 std_l2=0.02288
2026-05-15 08:33:24,666 INFO CSMF2.step_1_1_1.run :: epoch=4 step=350/429 train_nll=-3586.144
2026-05-15 08:33:39,135 INFO CSMF2.step_1_1_1.run :: [h] epoch=4 step=400 total=0.40098 batch=0.27056
2026-05-15 08:33:39,136 INFO CSMF2.step_1_1_1.run :: [lat] epoch=4 step=400 mean_l2=0.03043 std_l2=0.02213
2026-05-15 08:33:39,294 INFO CSMF2.step_1_1_1.run :: epoch=4 step=400/429 train_nll=-3586.681
2026-05-15 08:33:52,435 INFO CSMF2.step_1_1_1.run :: epoch=4  train_nll=-3587.159  val_nll=-3580.411  t=129.0s
2026-05-15 08:33:52,435 INFO CSMF2.step_1_1_1.run :: [h_std] total=0.40501 batch=0.27267 (no penalty)
2026-05-15 08:33:52,435 INFO CSMF2.step_1_1_1.run :: [lat_epoch] mean_l2=0.02523 std_l2=0.02404 lambda=0.100
2026-05-15 08:33:52,435 INFO CSMF2.step_1_1_1.run :: [grad] cond=201.6520 film_gain=0.0000
2026-05-15 08:34:09,760 INFO CSMF2.step_1_1_1.run :: [h] epoch=5 step=50 total=0.39401 batch=0.25998
2026-05-15 08:34:09,761 INFO CSMF2.step_1_1_1.run :: [lat] epoch=5 step=50 mean_l2=0.01486 std_l2=0.02150
2026-05-15 08:34:09,921 INFO CSMF2.step_1_1_1.run :: epoch=5 step=50/429 train_nll=-3583.317
2026-05-15 08:34:24,362 INFO CSMF2.step_1_1_1.run :: [h] epoch=5 step=100 total=0.41633 batch=0.27194
2026-05-15 08:34:24,363 INFO CSMF2.step_1_1_1.run :: [lat] epoch=5 step=100 mean_l2=0.01577 std_l2=0.02037
2026-05-15 08:34:24,568 INFO CSMF2.step_1_1_1.run :: epoch=5 step=100/429 train_nll=-3597.121
2026-05-15 08:34:39,090 INFO CSMF2.step_1_1_1.run :: [h] epoch=5 step=150 total=0.41494 batch=0.28133
2026-05-15 08:34:39,090 INFO CSMF2.step_1_1_1.run :: [lat] epoch=5 step=150 mean_l2=0.01703 std_l2=0.01972
2026-05-15 08:34:39,251 INFO CSMF2.step_1_1_1.run :: epoch=5 step=150/429 train_nll=-3600.385
2026-05-15 08:34:53,389 INFO CSMF2.step_1_1_1.run :: [h] epoch=5 step=200 total=0.41297 batch=0.26841
2026-05-15 08:34:53,390 INFO CSMF2.step_1_1_1.run :: [lat] epoch=5 step=200 mean_l2=0.01729 std_l2=0.02419
2026-05-15 08:34:53,550 INFO CSMF2.step_1_1_1.run :: epoch=5 step=200/429 train_nll=-3604.601
2026-05-15 08:35:07,720 INFO CSMF2.step_1_1_1.run :: [h] epoch=5 step=250 total=0.40564 batch=0.27567
2026-05-15 08:35:07,720 INFO CSMF2.step_1_1_1.run :: [lat] epoch=5 step=250 mean_l2=0.02612 std_l2=0.02871
2026-05-15 08:35:07,880 INFO CSMF2.step_1_1_1.run :: epoch=5 step=250/429 train_nll=-3603.227
2026-05-15 08:35:22,051 INFO CSMF2.step_1_1_1.run :: [h] epoch=5 step=300 total=0.39630 batch=0.25979
2026-05-15 08:35:22,052 INFO CSMF2.step_1_1_1.run :: [lat] epoch=5 step=300 mean_l2=0.01989 std_l2=0.02535
2026-05-15 08:35:22,210 INFO CSMF2.step_1_1_1.run :: epoch=5 step=300/429 train_nll=-3601.046
2026-05-15 08:35:36,618 INFO CSMF2.step_1_1_1.run :: [h] epoch=5 step=350 total=0.41810 batch=0.28069
2026-05-15 08:35:36,622 INFO CSMF2.step_1_1_1.run :: [lat] epoch=5 step=350 mean_l2=0.02235 std_l2=0.02195
2026-05-15 08:35:36,830 INFO CSMF2.step_1_1_1.run :: epoch=5 step=350/429 train_nll=-3602.929
2026-05-15 08:35:51,407 INFO CSMF2.step_1_1_1.run :: [h] epoch=5 step=400 total=0.41716 batch=0.27663
2026-05-15 08:35:51,407 INFO CSMF2.step_1_1_1.run :: [lat] epoch=5 step=400 mean_l2=0.02675 std_l2=0.02333
2026-05-15 08:35:51,570 INFO CSMF2.step_1_1_1.run :: epoch=5 step=400/429 train_nll=-3605.396
2026-05-15 08:36:04,941 INFO CSMF2.step_1_1_1.run :: epoch=5  train_nll=-3605.687  val_nll=-3596.874  t=129.4s
2026-05-15 08:36:04,941 INFO CSMF2.step_1_1_1.run :: [h_std] total=0.40862 batch=0.27191 (no penalty)
2026-05-15 08:36:04,941 INFO CSMF2.step_1_1_1.run :: [lat_epoch] mean_l2=0.02345 std_l2=0.02389 lambda=0.100
2026-05-15 08:36:04,941 INFO CSMF2.step_1_1_1.run :: [grad] cond=352.9068 film_gain=0.0000
2026-05-15 08:36:22,074 INFO CSMF2.step_1_1_1.run :: [h] epoch=6 step=50 total=0.40838 batch=0.26582
2026-05-15 08:36:22,074 INFO CSMF2.step_1_1_1.run :: [lat] epoch=6 step=50 mean_l2=0.01770 std_l2=0.02160
2026-05-15 08:36:22,237 INFO CSMF2.step_1_1_1.run :: epoch=6 step=50/429 train_nll=-3617.866
2026-05-15 08:36:36,850 INFO CSMF2.step_1_1_1.run :: [h] epoch=6 step=100 total=0.41456 batch=0.26826
2026-05-15 08:36:36,850 INFO CSMF2.step_1_1_1.run :: [lat] epoch=6 step=100 mean_l2=0.02532 std_l2=0.02353
2026-05-15 08:36:37,058 INFO CSMF2.step_1_1_1.run :: epoch=6 step=100/429 train_nll=-3621.387
2026-05-15 08:36:51,467 INFO CSMF2.step_1_1_1.run :: [h] epoch=6 step=150 total=0.41178 batch=0.28047
2026-05-15 08:36:51,467 INFO CSMF2.step_1_1_1.run :: [lat] epoch=6 step=150 mean_l2=0.02349 std_l2=0.02048
2026-05-15 08:36:51,630 INFO CSMF2.step_1_1_1.run :: epoch=6 step=150/429 train_nll=-3614.810
2026-05-15 08:37:05,759 INFO CSMF2.step_1_1_1.run :: [h] epoch=6 step=200 total=0.40040 batch=0.26505
2026-05-15 08:37:05,760 INFO CSMF2.step_1_1_1.run :: [lat] epoch=6 step=200 mean_l2=0.02122 std_l2=0.02852
2026-05-15 08:37:05,919 INFO CSMF2.step_1_1_1.run :: epoch=6 step=200/429 train_nll=-3612.370
2026-05-15 08:37:20,413 INFO CSMF2.step_1_1_1.run :: [h] epoch=6 step=250 total=0.40721 batch=0.27084
2026-05-15 08:37:20,414 INFO CSMF2.step_1_1_1.run :: [lat] epoch=6 step=250 mean_l2=0.02403 std_l2=0.02494
2026-05-15 08:37:20,575 INFO CSMF2.step_1_1_1.run :: epoch=6 step=250/429 train_nll=-3612.108
2026-05-15 08:37:34,895 INFO CSMF2.step_1_1_1.run :: [h] epoch=6 step=300 total=0.40927 batch=0.26223
2026-05-15 08:37:34,896 INFO CSMF2.step_1_1_1.run :: [lat] epoch=6 step=300 mean_l2=0.01789 std_l2=0.02083
2026-05-15 08:37:35,056 INFO CSMF2.step_1_1_1.run :: epoch=6 step=300/429 train_nll=-3612.683
2026-05-15 08:37:49,296 INFO CSMF2.step_1_1_1.run :: [h] epoch=6 step=350 total=0.40862 batch=0.26858
2026-05-15 08:37:49,297 INFO CSMF2.step_1_1_1.run :: [lat] epoch=6 step=350 mean_l2=0.02797 std_l2=0.02344
2026-05-15 08:37:49,456 INFO CSMF2.step_1_1_1.run :: epoch=6 step=350/429 train_nll=-3614.030
2026-05-15 08:38:03,896 INFO CSMF2.step_1_1_1.run :: [h] epoch=6 step=400 total=0.40944 batch=0.26443
2026-05-15 08:38:03,897 INFO CSMF2.step_1_1_1.run :: [lat] epoch=6 step=400 mean_l2=0.01979 std_l2=0.02316
2026-05-15 08:38:04,101 INFO CSMF2.step_1_1_1.run :: epoch=6 step=400/429 train_nll=-3616.955
2026-05-15 08:38:17,267 INFO CSMF2.step_1_1_1.run :: epoch=6  train_nll=-3617.580  val_nll=-3635.975  t=129.2s
2026-05-15 08:38:17,267 INFO CSMF2.step_1_1_1.run :: [h_std] total=0.40877 batch=0.26828 (no penalty)
2026-05-15 08:38:17,267 INFO CSMF2.step_1_1_1.run :: [lat_epoch] mean_l2=0.02307 std_l2=0.02368 lambda=0.100
2026-05-15 08:38:17,267 INFO CSMF2.step_1_1_1.run :: [grad] cond=278.9907 film_gain=0.0000
2026-05-15 08:38:34,942 INFO CSMF2.step_1_1_1.run :: [h] epoch=7 step=50 total=0.41322 batch=0.26103
2026-05-15 08:38:34,943 INFO CSMF2.step_1_1_1.run :: [lat] epoch=7 step=50 mean_l2=0.02150 std_l2=0.02047
2026-05-15 08:38:35,153 INFO CSMF2.step_1_1_1.run :: epoch=7 step=50/429 train_nll=-3642.553
2026-05-15 08:38:49,872 INFO CSMF2.step_1_1_1.run :: [h] epoch=7 step=100 total=0.39601 batch=0.25361
2026-05-15 08:38:49,872 INFO CSMF2.step_1_1_1.run :: [lat] epoch=7 step=100 mean_l2=0.03389 std_l2=0.02514
2026-05-15 08:38:50,036 INFO CSMF2.step_1_1_1.run :: epoch=7 step=100/429 train_nll=-3628.552
2026-05-15 08:39:04,745 INFO CSMF2.step_1_1_1.run :: [h] epoch=7 step=150 total=0.39770 batch=0.25731
2026-05-15 08:39:04,746 INFO CSMF2.step_1_1_1.run :: [lat] epoch=7 step=150 mean_l2=0.02934 std_l2=0.02693
2026-05-15 08:39:04,909 INFO CSMF2.step_1_1_1.run :: epoch=7 step=150/429 train_nll=-3622.998
2026-05-15 08:39:19,313 INFO CSMF2.step_1_1_1.run :: [h] epoch=7 step=200 total=0.38931 batch=0.25417
2026-05-15 08:39:19,314 INFO CSMF2.step_1_1_1.run :: [lat] epoch=7 step=200 mean_l2=0.01562 std_l2=0.02558
2026-05-15 08:39:19,478 INFO CSMF2.step_1_1_1.run :: epoch=7 step=200/429 train_nll=-3621.950
2026-05-15 08:39:33,942 INFO CSMF2.step_1_1_1.run :: [h] epoch=7 step=250 total=0.40159 batch=0.26573
2026-05-15 08:39:33,943 INFO CSMF2.step_1_1_1.run :: [lat] epoch=7 step=250 mean_l2=0.01940 std_l2=0.02472
2026-05-15 08:39:34,109 INFO CSMF2.step_1_1_1.run :: epoch=7 step=250/429 train_nll=-3622.939
2026-05-15 08:39:48,830 INFO CSMF2.step_1_1_1.run :: [h] epoch=7 step=300 total=0.39489 batch=0.25718
2026-05-15 08:39:48,830 INFO CSMF2.step_1_1_1.run :: [lat] epoch=7 step=300 mean_l2=0.02072 std_l2=0.02057
2026-05-15 08:39:48,990 INFO CSMF2.step_1_1_1.run :: epoch=7 step=300/429 train_nll=-3622.333
2026-05-15 08:40:03,678 INFO CSMF2.step_1_1_1.run :: [h] epoch=7 step=350 total=0.40763 batch=0.27314
2026-05-15 08:40:03,678 INFO CSMF2.step_1_1_1.run :: [lat] epoch=7 step=350 mean_l2=0.02055 std_l2=0.02321
2026-05-15 08:40:03,841 INFO CSMF2.step_1_1_1.run :: epoch=7 step=350/429 train_nll=-3625.049
2026-05-15 08:40:18,711 INFO CSMF2.step_1_1_1.run :: [h] epoch=7 step=400 total=0.41232 batch=0.26917
2026-05-15 08:40:18,712 INFO CSMF2.step_1_1_1.run :: [lat] epoch=7 step=400 mean_l2=0.03857 std_l2=0.02268
2026-05-15 08:40:18,876 INFO CSMF2.step_1_1_1.run :: epoch=7 step=400/429 train_nll=-3624.426
2026-05-15 08:40:31,905 INFO CSMF2.step_1_1_1.run :: epoch=7  train_nll=-3624.637  val_nll=-3633.133  t=131.5s
2026-05-15 08:40:31,905 INFO CSMF2.step_1_1_1.run :: [h_std] total=0.39966 batch=0.26210 (no penalty)
2026-05-15 08:40:31,905 INFO CSMF2.step_1_1_1.run :: [lat_epoch] mean_l2=0.02441 std_l2=0.02386 lambda=0.100
2026-05-15 08:40:31,905 INFO CSMF2.step_1_1_1.run :: [grad] cond=104.2983 film_gain=0.0000
2026-05-15 08:40:49,487 INFO CSMF2.step_1_1_1.run :: [h] epoch=8 step=50 total=0.39074 batch=0.25122
2026-05-15 08:40:49,488 INFO CSMF2.step_1_1_1.run :: [lat] epoch=8 step=50 mean_l2=0.01495 std_l2=0.01983
2026-05-15 08:40:49,699 INFO CSMF2.step_1_1_1.run :: epoch=8 step=50/429 train_nll=-3644.775
2026-05-15 08:41:04,372 INFO CSMF2.step_1_1_1.run :: [h] epoch=8 step=100 total=0.40255 batch=0.25731
2026-05-15 08:41:04,373 INFO CSMF2.step_1_1_1.run :: [lat] epoch=8 step=100 mean_l2=0.01467 std_l2=0.01959
2026-05-15 08:41:04,536 INFO CSMF2.step_1_1_1.run :: epoch=8 step=100/429 train_nll=-3648.370
2026-05-15 08:41:18,865 INFO CSMF2.step_1_1_1.run :: [h] epoch=8 step=150 total=0.40011 batch=0.26577
2026-05-15 08:41:18,866 INFO CSMF2.step_1_1_1.run :: [lat] epoch=8 step=150 mean_l2=0.02041 std_l2=0.02179
2026-05-15 08:41:19,063 INFO CSMF2.step_1_1_1.run :: epoch=8 step=150/429 train_nll=-3644.756
2026-05-15 08:41:33,461 INFO CSMF2.step_1_1_1.run :: [h] epoch=8 step=200 total=0.40153 batch=0.25905
2026-05-15 08:41:33,462 INFO CSMF2.step_1_1_1.run :: [lat] epoch=8 step=200 mean_l2=0.01712 std_l2=0.02082
2026-05-15 08:41:33,674 INFO CSMF2.step_1_1_1.run :: epoch=8 step=200/429 train_nll=-3646.059
2026-05-15 08:41:48,364 INFO CSMF2.step_1_1_1.run :: [h] epoch=8 step=250 total=0.40706 batch=0.26436
2026-05-15 08:41:48,365 INFO CSMF2.step_1_1_1.run :: [lat] epoch=8 step=250 mean_l2=0.01873 std_l2=0.02070
2026-05-15 08:41:48,574 INFO CSMF2.step_1_1_1.run :: epoch=8 step=250/429 train_nll=-3647.520
2026-05-15 08:42:03,173 INFO CSMF2.step_1_1_1.run :: [h] epoch=8 step=300 total=0.38995 batch=0.24679
2026-05-15 08:42:03,174 INFO CSMF2.step_1_1_1.run :: [lat] epoch=8 step=300 mean_l2=0.01797 std_l2=0.02457
2026-05-15 08:42:03,340 INFO CSMF2.step_1_1_1.run :: epoch=8 step=300/429 train_nll=-3645.912
2026-05-15 08:42:18,192 INFO CSMF2.step_1_1_1.run :: [h] epoch=8 step=350 total=0.40684 batch=0.26942
2026-05-15 08:42:18,192 INFO CSMF2.step_1_1_1.run :: [lat] epoch=8 step=350 mean_l2=0.01439 std_l2=0.01982
2026-05-15 08:42:18,352 INFO CSMF2.step_1_1_1.run :: epoch=8 step=350/429 train_nll=-3647.108
2026-05-15 08:42:33,343 INFO CSMF2.step_1_1_1.run :: [h] epoch=8 step=400 total=0.40909 batch=0.26193
2026-05-15 08:42:33,344 INFO CSMF2.step_1_1_1.run :: [lat] epoch=8 step=400 mean_l2=0.01513 std_l2=0.01789
2026-05-15 08:42:33,512 INFO CSMF2.step_1_1_1.run :: epoch=8 step=400/429 train_nll=-3648.494
2026-05-15 08:42:46,738 INFO CSMF2.step_1_1_1.run :: epoch=8  train_nll=-3648.600  val_nll=-3652.831  t=131.8s
2026-05-15 08:42:46,738 INFO CSMF2.step_1_1_1.run :: [h_std] total=0.40121 batch=0.26086 (no penalty)
2026-05-15 08:42:46,738 INFO CSMF2.step_1_1_1.run :: [lat_epoch] mean_l2=0.01793 std_l2=0.02159 lambda=0.100
2026-05-15 08:42:46,738 INFO CSMF2.step_1_1_1.run :: [grad] cond=222.4228 film_gain=0.0000
2026-05-15 08:43:04,541 INFO CSMF2.step_1_1_1.run :: [h] epoch=9 step=50 total=0.38356 batch=0.24305
2026-05-15 08:43:04,542 INFO CSMF2.step_1_1_1.run :: [lat] epoch=9 step=50 mean_l2=0.03841 std_l2=0.02735
2026-05-15 08:43:04,756 INFO CSMF2.step_1_1_1.run :: epoch=9 step=50/429 train_nll=-3641.869
2026-05-15 08:43:19,770 INFO CSMF2.step_1_1_1.run :: [h] epoch=9 step=100 total=0.39645 batch=0.25627
2026-05-15 08:43:19,771 INFO CSMF2.step_1_1_1.run :: [lat] epoch=9 step=100 mean_l2=0.02014 std_l2=0.02035
2026-05-15 08:43:19,938 INFO CSMF2.step_1_1_1.run :: epoch=9 step=100/429 train_nll=-3639.741
2026-05-15 08:43:34,775 INFO CSMF2.step_1_1_1.run :: [h] epoch=9 step=150 total=0.40251 batch=0.26569
2026-05-15 08:43:34,776 INFO CSMF2.step_1_1_1.run :: [lat] epoch=9 step=150 mean_l2=0.01525 std_l2=0.02357
2026-05-15 08:43:34,941 INFO CSMF2.step_1_1_1.run :: epoch=9 step=150/429 train_nll=-3645.059
2026-05-15 08:43:49,867 INFO CSMF2.step_1_1_1.run :: [h] epoch=9 step=200 total=0.39112 batch=0.25228
2026-05-15 08:43:49,868 INFO CSMF2.step_1_1_1.run :: [lat] epoch=9 step=200 mean_l2=0.01639 std_l2=0.01992
2026-05-15 08:43:50,034 INFO CSMF2.step_1_1_1.run :: epoch=9 step=200/429 train_nll=-3647.218
2026-05-15 08:44:04,525 INFO CSMF2.step_1_1_1.run :: [h] epoch=9 step=250 total=0.40574 batch=0.26479
2026-05-15 08:44:04,525 INFO CSMF2.step_1_1_1.run :: [lat] epoch=9 step=250 mean_l2=0.02895 std_l2=0.02186
2026-05-15 08:44:04,691 INFO CSMF2.step_1_1_1.run :: epoch=9 step=250/429 train_nll=-3648.325
2026-05-15 08:44:19,159 INFO CSMF2.step_1_1_1.run :: [h] epoch=9 step=300 total=0.38467 batch=0.24414
2026-05-15 08:44:19,160 INFO CSMF2.step_1_1_1.run :: [lat] epoch=9 step=300 mean_l2=0.02669 std_l2=0.02590
2026-05-15 08:44:19,374 INFO CSMF2.step_1_1_1.run :: epoch=9 step=300/429 train_nll=-3645.408
2026-05-15 08:44:33,943 INFO CSMF2.step_1_1_1.run :: [h] epoch=9 step=350 total=0.38945 batch=0.25518
2026-05-15 08:44:33,943 INFO CSMF2.step_1_1_1.run :: [lat] epoch=9 step=350 mean_l2=0.02389 std_l2=0.02517
2026-05-15 08:44:34,111 INFO CSMF2.step_1_1_1.run :: epoch=9 step=350/429 train_nll=-3646.463
2026-05-15 08:44:48,753 INFO CSMF2.step_1_1_1.run :: [h] epoch=9 step=400 total=0.40155 batch=0.25719
2026-05-15 08:44:48,754 INFO CSMF2.step_1_1_1.run :: [lat] epoch=9 step=400 mean_l2=0.01334 std_l2=0.02152
2026-05-15 08:44:48,921 INFO CSMF2.step_1_1_1.run :: epoch=9 step=400/429 train_nll=-3648.523
2026-05-15 08:45:02,233 INFO CSMF2.step_1_1_1.run :: epoch=9  train_nll=-3648.925  val_nll=-3661.249  t=132.4s
2026-05-15 08:45:02,233 INFO CSMF2.step_1_1_1.run :: [h_std] total=0.39577 batch=0.25544 (no penalty)
2026-05-15 08:45:02,233 INFO CSMF2.step_1_1_1.run :: [lat_epoch] mean_l2=0.02088 std_l2=0.02248 lambda=0.100
2026-05-15 08:45:02,233 INFO CSMF2.step_1_1_1.run :: [grad] cond=293.7017 film_gain=0.0000
2026-05-15 08:45:20,198 INFO CSMF2.step_1_1_1.run :: [h] epoch=10 step=50 total=0.39322 batch=0.24550
2026-05-15 08:45:20,199 INFO CSMF2.step_1_1_1.run :: [lat] epoch=10 step=50 mean_l2=0.01639 std_l2=0.01918
2026-05-15 08:45:20,413 INFO CSMF2.step_1_1_1.run :: epoch=10 step=50/429 train_nll=-3664.321
2026-05-15 08:45:35,148 INFO CSMF2.step_1_1_1.run :: [h] epoch=10 step=100 total=0.39972 batch=0.25093
2026-05-15 08:45:35,149 INFO CSMF2.step_1_1_1.run :: [lat] epoch=10 step=100 mean_l2=0.04639 std_l2=0.02413
2026-05-15 08:45:35,320 INFO CSMF2.step_1_1_1.run :: epoch=10 step=100/429 train_nll=-3659.782
2026-05-15 08:45:50,657 INFO CSMF2.step_1_1_1.run :: [h] epoch=10 step=150 total=0.38881 batch=0.25486
2026-05-15 08:45:50,658 INFO CSMF2.step_1_1_1.run :: [lat] epoch=10 step=150 mean_l2=0.02012 std_l2=0.02032
2026-05-15 08:45:50,829 INFO CSMF2.step_1_1_1.run :: epoch=10 step=150/429 train_nll=-3650.495
2026-05-15 08:46:05,696 INFO CSMF2.step_1_1_1.run :: [h] epoch=10 step=200 total=0.38056 batch=0.24539
2026-05-15 08:46:05,697 INFO CSMF2.step_1_1_1.run :: [lat] epoch=10 step=200 mean_l2=0.01694 std_l2=0.02378
2026-05-15 08:46:05,866 INFO CSMF2.step_1_1_1.run :: epoch=10 step=200/429 train_nll=-3652.468
2026-05-15 08:46:20,219 INFO CSMF2.step_1_1_1.run :: [h] epoch=10 step=250 total=0.38420 batch=0.24775
2026-05-15 08:46:20,219 INFO CSMF2.step_1_1_1.run :: [lat] epoch=10 step=250 mean_l2=0.02962 std_l2=0.02472
2026-05-15 08:46:20,387 INFO CSMF2.step_1_1_1.run :: epoch=10 step=250/429 train_nll=-3652.317
2026-05-15 08:46:35,038 INFO CSMF2.step_1_1_1.run :: [h] epoch=10 step=300 total=0.38136 batch=0.24222
2026-05-15 08:46:35,039 INFO CSMF2.step_1_1_1.run :: [lat] epoch=10 step=300 mean_l2=0.01850 std_l2=0.02165
2026-05-15 08:46:35,206 INFO CSMF2.step_1_1_1.run :: epoch=10 step=300/429 train_nll=-3650.001
2026-05-15 08:46:50,164 INFO CSMF2.step_1_1_1.run :: [h] epoch=10 step=350 total=0.38263 batch=0.25309
2026-05-15 08:46:50,165 INFO CSMF2.step_1_1_1.run :: [lat] epoch=10 step=350 mean_l2=0.01669 std_l2=0.02040
2026-05-15 08:46:50,337 INFO CSMF2.step_1_1_1.run :: epoch=10 step=350/429 train_nll=-3649.412
2026-05-15 08:47:05,302 INFO CSMF2.step_1_1_1.run :: [h] epoch=10 step=400 total=0.38928 batch=0.25117
2026-05-15 08:47:05,303 INFO CSMF2.step_1_1_1.run :: [lat] epoch=10 step=400 mean_l2=0.01722 std_l2=0.02021
2026-05-15 08:47:05,519 INFO CSMF2.step_1_1_1.run :: epoch=10 step=400/429 train_nll=-3652.145
2026-05-15 08:47:18,711 INFO CSMF2.step_1_1_1.run :: epoch=10  train_nll=-3653.184  val_nll=-3666.247  t=133.3s
2026-05-15 08:47:18,711 INFO CSMF2.step_1_1_1.run :: [h_std] total=0.38621 batch=0.24864 (no penalty)
2026-05-15 08:47:18,711 INFO CSMF2.step_1_1_1.run :: [lat_epoch] mean_l2=0.02112 std_l2=0.02249 lambda=0.100
2026-05-15 08:47:18,711 INFO CSMF2.step_1_1_1.run :: [grad] cond=335.7091 film_gain=0.0000
2026-05-15 08:47:36,491 INFO CSMF2.step_1_1_1.run :: [h] epoch=11 step=50 total=0.38128 batch=0.24050
2026-05-15 08:47:36,492 INFO CSMF2.step_1_1_1.run :: [lat] epoch=11 step=50 mean_l2=0.01407 std_l2=0.02042
2026-05-15 08:47:36,661 INFO CSMF2.step_1_1_1.run :: epoch=11 step=50/429 train_nll=-3669.029
2026-05-15 08:47:51,674 INFO CSMF2.step_1_1_1.run :: [h] epoch=11 step=100 total=0.37619 batch=0.23889
2026-05-15 08:47:51,674 INFO CSMF2.step_1_1_1.run :: [lat] epoch=11 step=100 mean_l2=0.01599 std_l2=0.02606
2026-05-15 08:47:51,845 INFO CSMF2.step_1_1_1.run :: epoch=11 step=100/429 train_nll=-3661.484
2026-05-15 08:48:06,667 INFO CSMF2.step_1_1_1.run :: [h] epoch=11 step=150 total=0.38916 batch=0.25420
2026-05-15 08:48:06,667 INFO CSMF2.step_1_1_1.run :: [lat] epoch=11 step=150 mean_l2=0.01676 std_l2=0.02045
2026-05-15 08:48:06,835 INFO CSMF2.step_1_1_1.run :: epoch=11 step=150/429 train_nll=-3663.622
2026-05-15 08:48:21,664 INFO CSMF2.step_1_1_1.run :: [h] epoch=11 step=200 total=0.38992 batch=0.24851
2026-05-15 08:48:21,665 INFO CSMF2.step_1_1_1.run :: [lat] epoch=11 step=200 mean_l2=0.05832 std_l2=0.03316
2026-05-15 08:48:21,837 INFO CSMF2.step_1_1_1.run :: epoch=11 step=200/429 train_nll=-3663.561
2026-05-15 08:48:36,816 INFO CSMF2.step_1_1_1.run :: [h] epoch=11 step=250 total=0.38516 batch=0.24833
2026-05-15 08:48:36,817 INFO CSMF2.step_1_1_1.run :: [lat] epoch=11 step=250 mean_l2=0.01426 std_l2=0.02045
2026-05-15 08:48:37,033 INFO CSMF2.step_1_1_1.run :: epoch=11 step=250/429 train_nll=-3662.534
2026-05-15 08:48:51,735 INFO CSMF2.step_1_1_1.run :: [h] epoch=11 step=300 total=0.38162 batch=0.23760
2026-05-15 08:48:51,736 INFO CSMF2.step_1_1_1.run :: [lat] epoch=11 step=300 mean_l2=0.03225 std_l2=0.02309
2026-05-15 08:48:51,907 INFO CSMF2.step_1_1_1.run :: epoch=11 step=300/429 train_nll=-3661.058
2026-05-15 08:49:07,068 INFO CSMF2.step_1_1_1.run :: [h] epoch=11 step=350 total=0.37631 batch=0.24520
2026-05-15 08:49:07,068 INFO CSMF2.step_1_1_1.run :: [lat] epoch=11 step=350 mean_l2=0.02686 std_l2=0.02352
2026-05-15 08:49:07,287 INFO CSMF2.step_1_1_1.run :: epoch=11 step=350/429 train_nll=-3661.203
2026-05-15 08:49:22,155 INFO CSMF2.step_1_1_1.run :: [h] epoch=11 step=400 total=0.38059 batch=0.24379
2026-05-15 08:49:22,155 INFO CSMF2.step_1_1_1.run :: [lat] epoch=11 step=400 mean_l2=0.01429 std_l2=0.02147
2026-05-15 08:49:22,328 INFO CSMF2.step_1_1_1.run :: epoch=11 step=400/429 train_nll=-3660.215
2026-05-15 08:49:35,554 INFO CSMF2.step_1_1_1.run :: epoch=11  train_nll=-3661.190  val_nll=-3676.023  t=133.7s
2026-05-15 08:49:35,554 INFO CSMF2.step_1_1_1.run :: [h_std] total=0.38134 batch=0.24446 (no penalty)
2026-05-15 08:49:35,554 INFO CSMF2.step_1_1_1.run :: [lat_epoch] mean_l2=0.02041 std_l2=0.02239 lambda=0.100
2026-05-15 08:49:35,554 INFO CSMF2.step_1_1_1.run :: [grad] cond=202.3812 film_gain=0.0000
2026-05-15 08:49:53,772 INFO CSMF2.step_1_1_1.run :: [h] epoch=12 step=50 total=0.37727 batch=0.23576
2026-05-15 08:49:53,773 INFO CSMF2.step_1_1_1.run :: [lat] epoch=12 step=50 mean_l2=0.01599 std_l2=0.02233
2026-05-15 08:49:53,992 INFO CSMF2.step_1_1_1.run :: epoch=12 step=50/429 train_nll=-3676.208
2026-05-15 08:50:08,965 INFO CSMF2.step_1_1_1.run :: [h] epoch=12 step=100 total=0.37651 batch=0.23333
2026-05-15 08:50:08,965 INFO CSMF2.step_1_1_1.run :: [lat] epoch=12 step=100 mean_l2=0.02711 std_l2=0.02093
2026-05-15 08:50:09,143 INFO CSMF2.step_1_1_1.run :: epoch=12 step=100/429 train_nll=-3671.164
2026-05-15 08:50:23,848 INFO CSMF2.step_1_1_1.run :: [h] epoch=12 step=150 total=0.37925 batch=0.24499
2026-05-15 08:50:23,848 INFO CSMF2.step_1_1_1.run :: [lat] epoch=12 step=150 mean_l2=0.01682 std_l2=0.02143
2026-05-15 08:50:24,018 INFO CSMF2.step_1_1_1.run :: epoch=12 step=150/429 train_nll=-3667.962
2026-05-15 08:50:39,220 INFO CSMF2.step_1_1_1.run :: [h] epoch=12 step=200 total=0.36524 batch=0.23154
2026-05-15 08:50:39,221 INFO CSMF2.step_1_1_1.run :: [lat] epoch=12 step=200 mean_l2=0.02171 std_l2=0.02669
2026-05-15 08:50:39,393 INFO CSMF2.step_1_1_1.run :: epoch=12 step=200/429 train_nll=-3665.474
2026-05-15 08:50:54,537 INFO CSMF2.step_1_1_1.run :: [h] epoch=12 step=250 total=0.36511 batch=0.23815
2026-05-15 08:50:54,538 INFO CSMF2.step_1_1_1.run :: [lat] epoch=12 step=250 mean_l2=0.01624 std_l2=0.02154
2026-05-15 08:50:54,757 INFO CSMF2.step_1_1_1.run :: epoch=12 step=250/429 train_nll=-3659.254
2026-05-15 08:51:09,687 INFO CSMF2.step_1_1_1.run :: [h] epoch=12 step=300 total=0.36988 batch=0.23343
2026-05-15 08:51:09,688 INFO CSMF2.step_1_1_1.run :: [lat] epoch=12 step=300 mean_l2=0.01331 std_l2=0.01945
2026-05-15 08:51:09,859 INFO CSMF2.step_1_1_1.run :: epoch=12 step=300/429 train_nll=-3661.293
2026-05-15 08:51:24,499 INFO CSMF2.step_1_1_1.run :: [h] epoch=12 step=350 total=0.36112 batch=0.23403
2026-05-15 08:51:24,499 INFO CSMF2.step_1_1_1.run :: [lat] epoch=12 step=350 mean_l2=0.02555 std_l2=0.02467
2026-05-15 08:51:24,673 INFO CSMF2.step_1_1_1.run :: epoch=12 step=350/429 train_nll=-3661.439
2026-05-15 08:51:40,007 INFO CSMF2.step_1_1_1.run :: [h] epoch=12 step=400 total=0.37542 batch=0.23930
2026-05-15 08:51:40,007 INFO CSMF2.step_1_1_1.run :: [lat] epoch=12 step=400 mean_l2=0.01486 std_l2=0.02468
2026-05-15 08:51:40,179 INFO CSMF2.step_1_1_1.run :: epoch=12 step=400/429 train_nll=-3662.297
2026-05-15 08:51:53,739 INFO CSMF2.step_1_1_1.run :: epoch=12  train_nll=-3661.976  val_nll=-3671.248  t=135.1s
2026-05-15 08:51:53,739 INFO CSMF2.step_1_1_1.run :: [h_std] total=0.37155 batch=0.23728 (no penalty)
2026-05-15 08:51:53,739 INFO CSMF2.step_1_1_1.run :: [lat_epoch] mean_l2=0.02150 std_l2=0.02266 lambda=0.100
2026-05-15 08:51:53,739 INFO CSMF2.step_1_1_1.run :: [grad] cond=364.8477 film_gain=0.0000
2026-05-15 08:52:11,487 INFO CSMF2.step_1_1_1.run :: [h] epoch=13 step=50 total=0.36435 batch=0.23129
2026-05-15 08:52:11,488 INFO CSMF2.step_1_1_1.run :: [lat] epoch=13 step=50 mean_l2=0.01564 std_l2=0.01800
2026-05-15 08:52:11,711 INFO CSMF2.step_1_1_1.run :: epoch=13 step=50/429 train_nll=-3679.215
2026-05-15 08:52:26,470 INFO CSMF2.step_1_1_1.run :: [h] epoch=13 step=100 total=0.36915 batch=0.23294
2026-05-15 08:52:26,470 INFO CSMF2.step_1_1_1.run :: [lat] epoch=13 step=100 mean_l2=0.02817 std_l2=0.02176
2026-05-15 08:52:26,641 INFO CSMF2.step_1_1_1.run :: epoch=13 step=100/429 train_nll=-3678.110
2026-05-15 08:52:41,806 INFO CSMF2.step_1_1_1.run :: [h] epoch=13 step=150 total=0.37016 batch=0.24034
2026-05-15 08:52:41,807 INFO CSMF2.step_1_1_1.run :: [lat] epoch=13 step=150 mean_l2=0.01337 std_l2=0.02083
2026-05-15 08:52:41,979 INFO CSMF2.step_1_1_1.run :: epoch=13 step=150/429 train_nll=-3675.309
2026-05-15 08:52:57,131 INFO CSMF2.step_1_1_1.run :: [h] epoch=13 step=200 total=0.36790 batch=0.23400
2026-05-15 08:52:57,131 INFO CSMF2.step_1_1_1.run :: [lat] epoch=13 step=200 mean_l2=0.02424 std_l2=0.02414
2026-05-15 08:52:57,301 INFO CSMF2.step_1_1_1.run :: epoch=13 step=200/429 train_nll=-3675.175
2026-05-15 08:53:11,919 INFO CSMF2.step_1_1_1.run :: [h] epoch=13 step=250 total=0.37416 batch=0.24212
2026-05-15 08:53:11,919 INFO CSMF2.step_1_1_1.run :: [lat] epoch=13 step=250 mean_l2=0.01674 std_l2=0.01787
2026-05-15 08:53:12,090 INFO CSMF2.step_1_1_1.run :: epoch=13 step=250/429 train_nll=-3675.734
2026-05-15 08:53:26,607 INFO CSMF2.step_1_1_1.run :: [h] epoch=13 step=300 total=0.36819 batch=0.23023
2026-05-15 08:53:26,607 INFO CSMF2.step_1_1_1.run :: [lat] epoch=13 step=300 mean_l2=0.01541 std_l2=0.02123
2026-05-15 08:53:26,780 INFO CSMF2.step_1_1_1.run :: epoch=13 step=300/429 train_nll=-3676.920
2026-05-15 08:53:41,712 INFO CSMF2.step_1_1_1.run :: [h] epoch=13 step=350 total=0.37539 batch=0.24114
2026-05-15 08:53:41,713 INFO CSMF2.step_1_1_1.run :: [lat] epoch=13 step=350 mean_l2=0.02534 std_l2=0.01943
2026-05-15 08:53:41,887 INFO CSMF2.step_1_1_1.run :: epoch=13 step=350/429 train_nll=-3678.123
2026-05-15 08:53:56,920 INFO CSMF2.step_1_1_1.run :: [h] epoch=13 step=400 total=0.37381 batch=0.23752
2026-05-15 08:53:56,920 INFO CSMF2.step_1_1_1.run :: [lat] epoch=13 step=400 mean_l2=0.01636 std_l2=0.02068
2026-05-15 08:53:57,141 INFO CSMF2.step_1_1_1.run :: epoch=13 step=400/429 train_nll=-3678.372
2026-05-15 08:54:10,558 INFO CSMF2.step_1_1_1.run :: epoch=13  train_nll=-3678.254  val_nll=-3672.900  t=133.9s
2026-05-15 08:54:10,558 INFO CSMF2.step_1_1_1.run :: [h_std] total=0.36936 batch=0.23612 (no penalty)
2026-05-15 08:54:10,558 INFO CSMF2.step_1_1_1.run :: [lat_epoch] mean_l2=0.01771 std_l2=0.02108 lambda=0.100
2026-05-15 08:54:10,558 INFO CSMF2.step_1_1_1.run :: [grad] cond=471.6769 film_gain=0.0000
2026-05-15 08:54:28,543 INFO CSMF2.step_1_1_1.run :: [h] epoch=14 step=50 total=0.36570 batch=0.22906
2026-05-15 08:54:28,544 INFO CSMF2.step_1_1_1.run :: [lat] epoch=14 step=50 mean_l2=0.01613 std_l2=0.02047
2026-05-15 08:54:28,713 INFO CSMF2.step_1_1_1.run :: epoch=14 step=50/429 train_nll=-3684.876
2026-05-15 08:54:43,561 INFO CSMF2.step_1_1_1.run :: [h] epoch=14 step=100 total=0.37702 batch=0.23406
2026-05-15 08:54:43,562 INFO CSMF2.step_1_1_1.run :: [lat] epoch=14 step=100 mean_l2=0.01927 std_l2=0.01848
2026-05-15 08:54:43,780 INFO CSMF2.step_1_1_1.run :: epoch=14 step=100/429 train_nll=-3684.999
2026-05-15 08:54:58,607 INFO CSMF2.step_1_1_1.run :: [h] epoch=14 step=150 total=0.37324 batch=0.23848
2026-05-15 08:54:58,608 INFO CSMF2.step_1_1_1.run :: [lat] epoch=14 step=150 mean_l2=0.01693 std_l2=0.02222
2026-05-15 08:54:58,777 INFO CSMF2.step_1_1_1.run :: epoch=14 step=150/429 train_nll=-3683.773
2026-05-15 08:55:13,674 INFO CSMF2.step_1_1_1.run :: [h] epoch=14 step=200 total=0.35518 batch=0.22553
2026-05-15 08:55:13,675 INFO CSMF2.step_1_1_1.run :: [lat] epoch=14 step=200 mean_l2=0.02352 std_l2=0.02361
2026-05-15 08:55:13,844 INFO CSMF2.step_1_1_1.run :: epoch=14 step=200/429 train_nll=-3679.179
2026-05-15 08:55:28,943 INFO CSMF2.step_1_1_1.run :: [h] epoch=14 step=250 total=0.36193 batch=0.23474
2026-05-15 08:55:28,943 INFO CSMF2.step_1_1_1.run :: [lat] epoch=14 step=250 mean_l2=0.01922 std_l2=0.01972
2026-05-15 08:55:29,114 INFO CSMF2.step_1_1_1.run :: epoch=14 step=250/429 train_nll=-3676.049
2026-05-15 08:55:44,196 INFO CSMF2.step_1_1_1.run :: [h] epoch=14 step=300 total=0.36233 batch=0.22758
2026-05-15 08:55:44,196 INFO CSMF2.step_1_1_1.run :: [lat] epoch=14 step=300 mean_l2=0.01492 std_l2=0.01989
2026-05-15 08:55:44,366 INFO CSMF2.step_1_1_1.run :: epoch=14 step=300/429 train_nll=-3676.993
2026-05-15 08:55:59,348 INFO CSMF2.step_1_1_1.run :: [h] epoch=14 step=350 total=0.35848 batch=0.23404
2026-05-15 08:55:59,349 INFO CSMF2.step_1_1_1.run :: [lat] epoch=14 step=350 mean_l2=0.02100 std_l2=0.02904
2026-05-15 08:55:59,521 INFO CSMF2.step_1_1_1.run :: epoch=14 step=350/429 train_nll=-3676.135
2026-05-15 08:56:14,323 INFO CSMF2.step_1_1_1.run :: [h] epoch=14 step=400 total=0.36299 batch=0.23248
2026-05-15 08:56:14,324 INFO CSMF2.step_1_1_1.run :: [lat] epoch=14 step=400 mean_l2=0.01963 std_l2=0.02262
2026-05-15 08:56:14,491 INFO CSMF2.step_1_1_1.run :: epoch=14 step=400/429 train_nll=-3677.103
2026-05-15 08:56:27,808 INFO CSMF2.step_1_1_1.run :: epoch=14  train_nll=-3676.075  val_nll=-3661.712  t=134.1s
2026-05-15 08:56:27,808 INFO CSMF2.step_1_1_1.run :: [h_std] total=0.36458 batch=0.23184 (no penalty)
2026-05-15 08:56:27,808 INFO CSMF2.step_1_1_1.run :: [lat_epoch] mean_l2=0.01998 std_l2=0.02197 lambda=0.100
2026-05-15 08:56:27,808 INFO CSMF2.step_1_1_1.run :: [grad] cond=376.5367 film_gain=0.0000
2026-05-15 08:56:46,158 INFO CSMF2.step_1_1_1.run :: [h] epoch=15 step=50 total=0.34275 batch=0.21598
2026-05-15 08:56:46,158 INFO CSMF2.step_1_1_1.run :: [lat] epoch=15 step=50 mean_l2=0.02399 std_l2=0.02363
2026-05-15 08:56:46,332 INFO CSMF2.step_1_1_1.run :: epoch=15 step=50/429 train_nll=-3658.562
2026-05-15 08:57:01,481 INFO CSMF2.step_1_1_1.run :: [h] epoch=15 step=100 total=0.35232 batch=0.22510
2026-05-15 08:57:01,482 INFO CSMF2.step_1_1_1.run :: [lat] epoch=15 step=100 mean_l2=0.01692 std_l2=0.02308
2026-05-15 08:57:01,656 INFO CSMF2.step_1_1_1.run :: epoch=15 step=100/429 train_nll=-3664.799
2026-05-15 08:57:16,679 INFO CSMF2.step_1_1_1.run :: [h] epoch=15 step=150 total=0.35855 batch=0.23327
2026-05-15 08:57:16,680 INFO CSMF2.step_1_1_1.run :: [lat] epoch=15 step=150 mean_l2=0.01553 std_l2=0.01871
2026-05-15 08:57:16,855 INFO CSMF2.step_1_1_1.run :: epoch=15 step=150/429 train_nll=-3672.537
2026-05-15 08:57:31,510 INFO CSMF2.step_1_1_1.run :: [h] epoch=15 step=200 total=0.35271 batch=0.22517
2026-05-15 08:57:31,510 INFO CSMF2.step_1_1_1.run :: [lat] epoch=15 step=200 mean_l2=0.01870 std_l2=0.01960
2026-05-15 08:57:31,683 INFO CSMF2.step_1_1_1.run :: epoch=15 step=200/429 train_nll=-3676.187
2026-05-15 08:57:47,194 INFO CSMF2.step_1_1_1.run :: [h] epoch=15 step=250 total=0.35986 batch=0.23339
2026-05-15 08:57:47,195 INFO CSMF2.step_1_1_1.run :: [lat] epoch=15 step=250 mean_l2=0.01348 std_l2=0.01881
2026-05-15 08:57:47,369 INFO CSMF2.step_1_1_1.run :: epoch=15 step=250/429 train_nll=-3679.002
2026-05-15 08:58:02,281 INFO CSMF2.step_1_1_1.run :: [h] epoch=15 step=300 total=0.35892 batch=0.22499
2026-05-15 08:58:02,282 INFO CSMF2.step_1_1_1.run :: [lat] epoch=15 step=300 mean_l2=0.01460 std_l2=0.01844
2026-05-15 08:58:02,454 INFO CSMF2.step_1_1_1.run :: epoch=15 step=300/429 train_nll=-3681.452
2026-05-15 08:58:17,552 INFO CSMF2.step_1_1_1.run :: [h] epoch=15 step=350 total=0.35006 batch=0.22813
2026-05-15 08:58:17,552 INFO CSMF2.step_1_1_1.run :: [lat] epoch=15 step=350 mean_l2=0.02279 std_l2=0.02326
2026-05-15 08:58:17,726 INFO CSMF2.step_1_1_1.run :: epoch=15 step=350/429 train_nll=-3681.042
2026-05-15 08:58:32,717 INFO CSMF2.step_1_1_1.run :: [h] epoch=15 step=400 total=0.35079 batch=0.22505
2026-05-15 08:58:32,718 INFO CSMF2.step_1_1_1.run :: [lat] epoch=15 step=400 mean_l2=0.01743 std_l2=0.02144
2026-05-15 08:58:32,939 INFO CSMF2.step_1_1_1.run :: epoch=15 step=400/429 train_nll=-3678.026
2026-05-15 08:58:46,441 INFO CSMF2.step_1_1_1.run :: epoch=15  train_nll=-3677.871  val_nll=-3680.114  t=135.5s
2026-05-15 08:58:46,441 INFO CSMF2.step_1_1_1.run :: [h_std] total=0.35209 batch=0.22647 (no penalty)
2026-05-15 08:58:46,441 INFO CSMF2.step_1_1_1.run :: [lat_epoch] mean_l2=0.02039 std_l2=0.02202 lambda=0.100
2026-05-15 08:58:46,441 INFO CSMF2.step_1_1_1.run :: [grad] cond=272.8288 film_gain=0.0000
2026-05-15 08:59:04,751 INFO CSMF2.step_1_1_1.run :: [h] epoch=16 step=50 total=0.34378 batch=0.21831
2026-05-15 08:59:04,751 INFO CSMF2.step_1_1_1.run :: [lat] epoch=16 step=50 mean_l2=0.01301 std_l2=0.01854
2026-05-15 08:59:04,925 INFO CSMF2.step_1_1_1.run :: epoch=16 step=50/429 train_nll=-3691.437
2026-05-15 08:59:19,642 INFO CSMF2.step_1_1_1.run :: [h] epoch=16 step=100 total=0.35210 batch=0.22345
2026-05-15 08:59:19,643 INFO CSMF2.step_1_1_1.run :: [lat] epoch=16 step=100 mean_l2=0.01400 std_l2=0.01916
2026-05-15 08:59:19,817 INFO CSMF2.step_1_1_1.run :: epoch=16 step=100/429 train_nll=-3693.166
2026-05-15 08:59:34,735 INFO CSMF2.step_1_1_1.run :: [h] epoch=16 step=150 total=0.35241 batch=0.22966
2026-05-15 08:59:34,736 INFO CSMF2.step_1_1_1.run :: [lat] epoch=16 step=150 mean_l2=0.03102 std_l2=0.02599
2026-05-15 08:59:34,957 INFO CSMF2.step_1_1_1.run :: epoch=16 step=150/429 train_nll=-3685.577
2026-05-15 08:59:49,867 INFO CSMF2.step_1_1_1.run :: [h] epoch=16 step=200 total=0.34239 batch=0.21765
2026-05-15 08:59:49,868 INFO CSMF2.step_1_1_1.run :: [lat] epoch=16 step=200 mean_l2=0.01442 std_l2=0.02219
2026-05-15 08:59:50,042 INFO CSMF2.step_1_1_1.run :: epoch=16 step=200/429 train_nll=-3685.736
2026-05-15 09:00:05,274 INFO CSMF2.step_1_1_1.run :: [h] epoch=16 step=250 total=0.35479 batch=0.22866
2026-05-15 09:00:05,275 INFO CSMF2.step_1_1_1.run :: [lat] epoch=16 step=250 mean_l2=0.01519 std_l2=0.01743
2026-05-15 09:00:05,501 INFO CSMF2.step_1_1_1.run :: epoch=16 step=250/429 train_nll=-3687.903
2026-05-15 09:00:20,671 INFO CSMF2.step_1_1_1.run :: [h] epoch=16 step=300 total=0.35183 batch=0.21936
2026-05-15 09:00:20,672 INFO CSMF2.step_1_1_1.run :: [lat] epoch=16 step=300 mean_l2=0.01585 std_l2=0.02163
2026-05-15 09:00:20,847 INFO CSMF2.step_1_1_1.run :: epoch=16 step=300/429 train_nll=-3689.082
2026-05-15 09:00:36,051 INFO CSMF2.step_1_1_1.run :: [h] epoch=16 step=350 total=0.33710 batch=0.21923
2026-05-15 09:00:36,052 INFO CSMF2.step_1_1_1.run :: [lat] epoch=16 step=350 mean_l2=0.02110 std_l2=0.02398
2026-05-15 09:00:36,274 INFO CSMF2.step_1_1_1.run :: epoch=16 step=350/429 train_nll=-3683.722
2026-05-15 09:00:51,355 INFO CSMF2.step_1_1_1.run :: [h] epoch=16 step=400 total=0.34753 batch=0.21969
2026-05-15 09:00:51,355 INFO CSMF2.step_1_1_1.run :: [lat] epoch=16 step=400 mean_l2=0.01446 std_l2=0.02183
2026-05-15 09:00:51,529 INFO CSMF2.step_1_1_1.run :: epoch=16 step=400/429 train_nll=-3684.207
2026-05-15 09:01:05,030 INFO CSMF2.step_1_1_1.run :: epoch=16  train_nll=-3684.748  val_nll=-3693.541  t=135.6s
2026-05-15 09:01:05,030 INFO CSMF2.step_1_1_1.run :: [h_std] total=0.34783 batch=0.22230 (no penalty)
2026-05-15 09:01:05,030 INFO CSMF2.step_1_1_1.run :: [lat_epoch] mean_l2=0.01906 std_l2=0.02178 lambda=0.100
2026-05-15 09:01:05,030 INFO CSMF2.step_1_1_1.run :: [grad] cond=220.6615 film_gain=0.0000
2026-05-15 09:01:22,942 INFO CSMF2.step_1_1_1.run :: [h] epoch=17 step=50 total=0.34036 batch=0.21327
2026-05-15 09:01:22,943 INFO CSMF2.step_1_1_1.run :: [lat] epoch=17 step=50 mean_l2=0.01513 std_l2=0.01888
2026-05-15 09:01:23,122 INFO CSMF2.step_1_1_1.run :: epoch=17 step=50/429 train_nll=-3690.924
2026-05-15 09:01:38,097 INFO CSMF2.step_1_1_1.run :: [h] epoch=17 step=100 total=0.34500 batch=0.21586
2026-05-15 09:01:38,098 INFO CSMF2.step_1_1_1.run :: [lat] epoch=17 step=100 mean_l2=0.01796 std_l2=0.02219
2026-05-15 09:01:38,275 INFO CSMF2.step_1_1_1.run :: epoch=17 step=100/429 train_nll=-3692.998
2026-05-15 09:01:53,687 INFO CSMF2.step_1_1_1.run :: [h] epoch=17 step=150 total=0.35107 batch=0.22048
2026-05-15 09:01:53,688 INFO CSMF2.step_1_1_1.run :: [lat] epoch=17 step=150 mean_l2=0.01783 std_l2=0.01886
2026-05-15 09:01:53,863 INFO CSMF2.step_1_1_1.run :: epoch=17 step=150/429 train_nll=-3693.030
2026-05-15 09:02:08,958 INFO CSMF2.step_1_1_1.run :: [h] epoch=17 step=200 total=0.34114 batch=0.21459
2026-05-15 09:02:08,959 INFO CSMF2.step_1_1_1.run :: [lat] epoch=17 step=200 mean_l2=0.01533 std_l2=0.02098
2026-05-15 09:02:09,182 INFO CSMF2.step_1_1_1.run :: epoch=17 step=200/429 train_nll=-3691.977
2026-05-15 09:02:24,595 INFO CSMF2.step_1_1_1.run :: [h] epoch=17 step=250 total=0.35091 batch=0.22475
2026-05-15 09:02:24,595 INFO CSMF2.step_1_1_1.run :: [lat] epoch=17 step=250 mean_l2=0.01357 std_l2=0.01754
2026-05-15 09:02:24,774 INFO CSMF2.step_1_1_1.run :: epoch=17 step=250/429 train_nll=-3693.749
2026-05-15 09:02:40,190 INFO CSMF2.step_1_1_1.run :: [h] epoch=17 step=300 total=0.34087 batch=0.21295
2026-05-15 09:02:40,191 INFO CSMF2.step_1_1_1.run :: [lat] epoch=17 step=300 mean_l2=0.02053 std_l2=0.02274
2026-05-15 09:02:40,415 INFO CSMF2.step_1_1_1.run :: epoch=17 step=300/429 train_nll=-3692.730
2026-05-15 09:02:55,541 INFO CSMF2.step_1_1_1.run :: [h] epoch=17 step=350 total=0.34541 batch=0.22340
2026-05-15 09:02:55,541 INFO CSMF2.step_1_1_1.run :: [lat] epoch=17 step=350 mean_l2=0.01601 std_l2=0.01978
2026-05-15 09:02:55,717 INFO CSMF2.step_1_1_1.run :: epoch=17 step=350/429 train_nll=-3692.260
2026-05-15 09:03:11,118 INFO CSMF2.step_1_1_1.run :: [h] epoch=17 step=400 total=0.34874 batch=0.21912
2026-05-15 09:03:11,119 INFO CSMF2.step_1_1_1.run :: [lat] epoch=17 step=400 mean_l2=0.02527 std_l2=0.02473
2026-05-15 09:03:11,342 INFO CSMF2.step_1_1_1.run :: epoch=17 step=400/429 train_nll=-3692.649
2026-05-15 09:03:24,711 INFO CSMF2.step_1_1_1.run :: epoch=17  train_nll=-3692.395  val_nll=-3696.885  t=136.6s
2026-05-15 09:03:24,711 INFO CSMF2.step_1_1_1.run :: [h_std] total=0.34482 batch=0.21870 (no penalty)
2026-05-15 09:03:24,711 INFO CSMF2.step_1_1_1.run :: [lat_epoch] mean_l2=0.01771 std_l2=0.02106 lambda=0.100
2026-05-15 09:03:24,711 INFO CSMF2.step_1_1_1.run :: [grad] cond=137.6175 film_gain=0.0000
2026-05-15 09:03:42,671 INFO CSMF2.step_1_1_1.run :: [h] epoch=18 step=50 total=0.34083 batch=0.21258
2026-05-15 09:03:42,671 INFO CSMF2.step_1_1_1.run :: [lat] epoch=18 step=50 mean_l2=0.01582 std_l2=0.01763
2026-05-15 09:03:42,895 INFO CSMF2.step_1_1_1.run :: epoch=18 step=50/429 train_nll=-3703.542
2026-05-15 09:03:58,524 INFO CSMF2.step_1_1_1.run :: [h] epoch=18 step=100 total=0.33600 batch=0.21004
2026-05-15 09:03:58,524 INFO CSMF2.step_1_1_1.run :: [lat] epoch=18 step=100 mean_l2=0.02861 std_l2=0.02151
2026-05-15 09:03:58,749 INFO CSMF2.step_1_1_1.run :: epoch=18 step=100/429 train_nll=-3692.264
2026-05-15 09:04:14,213 INFO CSMF2.step_1_1_1.run :: [h] epoch=18 step=150 total=0.32725 batch=0.21098
2026-05-15 09:04:14,213 INFO CSMF2.step_1_1_1.run :: [lat] epoch=18 step=150 mean_l2=0.03013 std_l2=0.02197
2026-05-15 09:04:14,393 INFO CSMF2.step_1_1_1.run :: epoch=18 step=150/429 train_nll=-3686.468
2026-05-15 09:04:29,350 INFO CSMF2.step_1_1_1.run :: [h] epoch=18 step=200 total=0.32565 batch=0.20824
2026-05-15 09:04:29,351 INFO CSMF2.step_1_1_1.run :: [lat] epoch=18 step=200 mean_l2=0.01549 std_l2=0.02414
2026-05-15 09:04:29,576 INFO CSMF2.step_1_1_1.run :: epoch=18 step=200/429 train_nll=-3682.961
2026-05-15 09:04:44,706 INFO CSMF2.step_1_1_1.run :: [h] epoch=18 step=250 total=0.34131 batch=0.22021
2026-05-15 09:04:44,706 INFO CSMF2.step_1_1_1.run :: [lat] epoch=18 step=250 mean_l2=0.01331 std_l2=0.01769
2026-05-15 09:04:44,882 INFO CSMF2.step_1_1_1.run :: epoch=18 step=250/429 train_nll=-3686.891
2026-05-15 09:05:00,398 INFO CSMF2.step_1_1_1.run :: [h] epoch=18 step=300 total=0.34015 batch=0.21398
2026-05-15 09:05:00,399 INFO CSMF2.step_1_1_1.run :: [lat] epoch=18 step=300 mean_l2=0.01303 std_l2=0.01979
2026-05-15 09:05:00,623 INFO CSMF2.step_1_1_1.run :: epoch=18 step=300/429 train_nll=-3689.934
2026-05-15 09:05:16,000 INFO CSMF2.step_1_1_1.run :: [h] epoch=18 step=350 total=0.34097 batch=0.21986
2026-05-15 09:05:16,001 INFO CSMF2.step_1_1_1.run :: [lat] epoch=18 step=350 mean_l2=0.01415 std_l2=0.01858
2026-05-15 09:05:16,181 INFO CSMF2.step_1_1_1.run :: epoch=18 step=350/429 train_nll=-3692.233
2026-05-15 09:05:31,600 INFO CSMF2.step_1_1_1.run :: [h] epoch=18 step=400 total=0.33498 batch=0.21384
2026-05-15 09:05:31,601 INFO CSMF2.step_1_1_1.run :: [lat] epoch=18 step=400 mean_l2=0.03300 std_l2=0.02705
2026-05-15 09:05:31,780 INFO CSMF2.step_1_1_1.run :: epoch=18 step=400/429 train_nll=-3688.869
2026-05-15 09:05:45,504 INFO CSMF2.step_1_1_1.run :: epoch=18  train_nll=-3688.347  val_nll=-3689.138  t=137.8s
2026-05-15 09:05:45,504 INFO CSMF2.step_1_1_1.run :: [h_std] total=0.33705 batch=0.21388 (no penalty)
2026-05-15 09:05:45,504 INFO CSMF2.step_1_1_1.run :: [lat_epoch] mean_l2=0.02021 std_l2=0.02212 lambda=0.100
2026-05-15 09:05:45,504 INFO CSMF2.step_1_1_1.run :: [grad] cond=150.2861 film_gain=0.0000
2026-05-15 09:06:03,702 INFO CSMF2.step_1_1_1.run :: [h] epoch=19 step=50 total=0.32428 batch=0.20007
2026-05-15 09:06:03,703 INFO CSMF2.step_1_1_1.run :: [lat] epoch=19 step=50 mean_l2=0.02807 std_l2=0.02131
2026-05-15 09:06:03,926 INFO CSMF2.step_1_1_1.run :: epoch=19 step=50/429 train_nll=-3682.120
2026-05-15 09:06:18,928 INFO CSMF2.step_1_1_1.run :: [h] epoch=19 step=100 total=0.32972 batch=0.20832
2026-05-15 09:06:18,929 INFO CSMF2.step_1_1_1.run :: [lat] epoch=19 step=100 mean_l2=0.01502 std_l2=0.02181
2026-05-15 09:06:19,153 INFO CSMF2.step_1_1_1.run :: epoch=19 step=100/429 train_nll=-3685.154
2026-05-15 09:06:34,225 INFO CSMF2.step_1_1_1.run :: [h] epoch=19 step=150 total=0.33984 batch=0.22029
2026-05-15 09:06:34,225 INFO CSMF2.step_1_1_1.run :: [lat] epoch=19 step=150 mean_l2=0.01568 std_l2=0.01824
2026-05-15 09:06:34,401 INFO CSMF2.step_1_1_1.run :: epoch=19 step=150/429 train_nll=-3691.440
2026-05-15 09:06:49,601 INFO CSMF2.step_1_1_1.run :: [h] epoch=19 step=200 total=0.33224 batch=0.21038
2026-05-15 09:06:49,602 INFO CSMF2.step_1_1_1.run :: [lat] epoch=19 step=200 mean_l2=0.01396 std_l2=0.01996
2026-05-15 09:06:49,826 INFO CSMF2.step_1_1_1.run :: epoch=19 step=200/429 train_nll=-3695.574
2026-05-15 09:07:05,011 INFO CSMF2.step_1_1_1.run :: [h] epoch=19 step=250 total=0.34079 batch=0.21874
2026-05-15 09:07:05,011 INFO CSMF2.step_1_1_1.run :: [lat] epoch=19 step=250 mean_l2=0.01526 std_l2=0.01859
2026-05-15 09:07:05,183 INFO CSMF2.step_1_1_1.run :: epoch=19 step=250/429 train_nll=-3698.415
2026-05-15 09:07:20,072 INFO CSMF2.step_1_1_1.run :: [h] epoch=19 step=300 total=0.34037 batch=0.21374
2026-05-15 09:07:20,073 INFO CSMF2.step_1_1_1.run :: [lat] epoch=19 step=300 mean_l2=0.03231 std_l2=0.01967
2026-05-15 09:07:20,250 INFO CSMF2.step_1_1_1.run :: epoch=19 step=300/429 train_nll=-3696.022
2026-05-15 09:07:35,390 INFO CSMF2.step_1_1_1.run :: [h] epoch=19 step=350 total=0.32266 batch=0.21221
2026-05-15 09:07:35,390 INFO CSMF2.step_1_1_1.run :: [lat] epoch=19 step=350 mean_l2=0.01397 std_l2=0.02668
2026-05-15 09:07:35,568 INFO CSMF2.step_1_1_1.run :: epoch=19 step=350/429 train_nll=-3692.741
2026-05-15 09:07:50,784 INFO CSMF2.step_1_1_1.run :: [h] epoch=19 step=400 total=0.33518 batch=0.20986
2026-05-15 09:07:50,784 INFO CSMF2.step_1_1_1.run :: [lat] epoch=19 step=400 mean_l2=0.04878 std_l2=0.03084
2026-05-15 09:07:50,962 INFO CSMF2.step_1_1_1.run :: epoch=19 step=400/429 train_nll=-3693.597
2026-05-15 09:08:04,432 INFO CSMF2.step_1_1_1.run :: epoch=19  train_nll=-3692.493  val_nll=-3686.106  t=135.9s
2026-05-15 09:08:04,432 INFO CSMF2.step_1_1_1.run :: [h_std] total=0.32953 batch=0.21057 (no penalty)
2026-05-15 09:08:04,432 INFO CSMF2.step_1_1_1.run :: [lat_epoch] mean_l2=0.01961 std_l2=0.02169 lambda=0.100
2026-05-15 09:08:04,432 INFO CSMF2.step_1_1_1.run :: [grad] cond=356.7256 film_gain=0.0000
2026-05-15 09:08:22,918 INFO CSMF2.step_1_1_1.run :: [h] epoch=20 step=50 total=0.31458 batch=0.19884
2026-05-15 09:08:22,919 INFO CSMF2.step_1_1_1.run :: [lat] epoch=20 step=50 mean_l2=0.01825 std_l2=0.02299
2026-05-15 09:08:23,096 INFO CSMF2.step_1_1_1.run :: epoch=20 step=50/429 train_nll=-3697.954
2026-05-15 09:08:38,228 INFO CSMF2.step_1_1_1.run :: [h] epoch=20 step=100 total=0.32389 batch=0.20436
2026-05-15 09:08:38,229 INFO CSMF2.step_1_1_1.run :: [lat] epoch=20 step=100 mean_l2=0.01453 std_l2=0.01898
2026-05-15 09:08:38,405 INFO CSMF2.step_1_1_1.run :: epoch=20 step=100/429 train_nll=-3695.817
2026-05-15 09:08:53,787 INFO CSMF2.step_1_1_1.run :: [h] epoch=20 step=150 total=0.33215 batch=0.21429
2026-05-15 09:08:53,788 INFO CSMF2.step_1_1_1.run :: [lat] epoch=20 step=150 mean_l2=0.01507 std_l2=0.02025
2026-05-15 09:08:53,966 INFO CSMF2.step_1_1_1.run :: epoch=20 step=150/429 train_nll=-3699.333
2026-05-15 09:09:09,208 INFO CSMF2.step_1_1_1.run :: [h] epoch=20 step=200 total=0.32908 batch=0.20535
2026-05-15 09:09:09,209 INFO CSMF2.step_1_1_1.run :: [lat] epoch=20 step=200 mean_l2=0.01685 std_l2=0.01793
2026-05-15 09:09:09,387 INFO CSMF2.step_1_1_1.run :: epoch=20 step=200/429 train_nll=-3701.912
2026-05-15 09:09:24,923 INFO CSMF2.step_1_1_1.run :: [h] epoch=20 step=250 total=0.33322 batch=0.21480
2026-05-15 09:09:24,923 INFO CSMF2.step_1_1_1.run :: [lat] epoch=20 step=250 mean_l2=0.01406 std_l2=0.01704
2026-05-15 09:09:25,101 INFO CSMF2.step_1_1_1.run :: epoch=20 step=250/429 train_nll=-3702.607
2026-05-15 09:09:40,218 INFO CSMF2.step_1_1_1.run :: [h] epoch=20 step=300 total=0.32876 batch=0.20735
2026-05-15 09:09:40,218 INFO CSMF2.step_1_1_1.run :: [lat] epoch=20 step=300 mean_l2=0.01578 std_l2=0.02138
2026-05-15 09:09:40,396 INFO CSMF2.step_1_1_1.run :: epoch=20 step=300/429 train_nll=-3703.918
2026-05-15 09:09:55,514 INFO CSMF2.step_1_1_1.run :: [h] epoch=20 step=350 total=0.33346 batch=0.21566
2026-05-15 09:09:55,515 INFO CSMF2.step_1_1_1.run :: [lat] epoch=20 step=350 mean_l2=0.02167 std_l2=0.02388
2026-05-15 09:09:55,691 INFO CSMF2.step_1_1_1.run :: epoch=20 step=350/429 train_nll=-3704.404
2026-05-15 09:10:10,943 INFO CSMF2.step_1_1_1.run :: [h] epoch=20 step=400 total=0.33299 batch=0.21208
2026-05-15 09:10:10,943 INFO CSMF2.step_1_1_1.run :: [lat] epoch=20 step=400 mean_l2=0.01798 std_l2=0.02063
2026-05-15 09:10:11,121 INFO CSMF2.step_1_1_1.run :: epoch=20 step=400/429 train_nll=-3704.232
2026-05-15 09:10:24,854 INFO CSMF2.step_1_1_1.run :: epoch=20  train_nll=-3704.508  val_nll=-3709.677  t=137.2s
2026-05-15 09:10:24,854 INFO CSMF2.step_1_1_1.run :: [h_std] total=0.32737 batch=0.20896 (no penalty)
2026-05-15 09:10:24,854 INFO CSMF2.step_1_1_1.run :: [lat_epoch] mean_l2=0.01647 std_l2=0.02049 lambda=0.100
2026-05-15 09:10:24,854 INFO CSMF2.step_1_1_1.run :: [grad] cond=302.5339 film_gain=0.0000
2026-05-15 09:10:42,864 INFO CSMF2.step_1_1_1.run :: [h] epoch=21 step=50 total=0.32394 batch=0.20275
2026-05-15 09:10:42,864 INFO CSMF2.step_1_1_1.run :: [lat] epoch=21 step=50 mean_l2=0.02506 std_l2=0.02281
2026-05-15 09:10:43,043 INFO CSMF2.step_1_1_1.run :: epoch=21 step=50/429 train_nll=-3706.181
2026-05-15 09:10:58,297 INFO CSMF2.step_1_1_1.run :: [h] epoch=21 step=100 total=0.32556 batch=0.20138
2026-05-15 09:10:58,297 INFO CSMF2.step_1_1_1.run :: [lat] epoch=21 step=100 mean_l2=0.02934 std_l2=0.02051
2026-05-15 09:10:58,524 INFO CSMF2.step_1_1_1.run :: epoch=21 step=100/429 train_nll=-3694.969
2026-05-15 09:11:13,903 INFO CSMF2.step_1_1_1.run :: [h] epoch=21 step=150 total=0.31107 batch=0.20216
2026-05-15 09:11:13,904 INFO CSMF2.step_1_1_1.run :: [lat] epoch=21 step=150 mean_l2=0.02361 std_l2=0.02314
2026-05-15 09:11:14,131 INFO CSMF2.step_1_1_1.run :: epoch=21 step=150/429 train_nll=-3683.020
2026-05-15 09:11:29,399 INFO CSMF2.step_1_1_1.run :: [h] epoch=21 step=200 total=0.30435 batch=0.19691
2026-05-15 09:11:29,400 INFO CSMF2.step_1_1_1.run :: [lat] epoch=21 step=200 mean_l2=0.02457 std_l2=0.02449
2026-05-15 09:11:29,576 INFO CSMF2.step_1_1_1.run :: epoch=21 step=200/429 train_nll=-3678.185
2026-05-15 09:11:44,669 INFO CSMF2.step_1_1_1.run :: [h] epoch=21 step=250 total=0.30820 batch=0.20447
2026-05-15 09:11:44,669 INFO CSMF2.step_1_1_1.run :: [lat] epoch=21 step=250 mean_l2=0.01550 std_l2=0.02124
2026-05-15 09:11:44,846 INFO CSMF2.step_1_1_1.run :: epoch=21 step=250/429 train_nll=-3675.885
2026-05-15 09:11:59,721 INFO CSMF2.step_1_1_1.run :: [h] epoch=21 step=300 total=0.31213 batch=0.20096
2026-05-15 09:11:59,721 INFO CSMF2.step_1_1_1.run :: [lat] epoch=21 step=300 mean_l2=0.01387 std_l2=0.01702
2026-05-15 09:11:59,898 INFO CSMF2.step_1_1_1.run :: epoch=21 step=300/429 train_nll=-3680.511
2026-05-15 09:12:15,111 INFO CSMF2.step_1_1_1.run :: [h] epoch=21 step=350 total=0.31402 batch=0.20684
2026-05-15 09:12:15,111 INFO CSMF2.step_1_1_1.run :: [lat] epoch=21 step=350 mean_l2=0.01398 std_l2=0.01987
2026-05-15 09:12:15,288 INFO CSMF2.step_1_1_1.run :: epoch=21 step=350/429 train_nll=-3685.163
2026-05-15 09:12:30,282 INFO CSMF2.step_1_1_1.run :: [h] epoch=21 step=400 total=0.32167 batch=0.20640
2026-05-15 09:12:30,283 INFO CSMF2.step_1_1_1.run :: [lat] epoch=21 step=400 mean_l2=0.01336 std_l2=0.01982
2026-05-15 09:12:30,459 INFO CSMF2.step_1_1_1.run :: epoch=21 step=400/429 train_nll=-3689.224
2026-05-15 09:12:44,139 INFO CSMF2.step_1_1_1.run :: epoch=21  train_nll=-3690.939  val_nll=-3711.614  t=136.2s
2026-05-15 09:12:44,139 INFO CSMF2.step_1_1_1.run :: [h_std] total=0.31376 batch=0.20214 (no penalty)
2026-05-15 09:12:44,139 INFO CSMF2.step_1_1_1.run :: [lat_epoch] mean_l2=0.02217 std_l2=0.02224 lambda=0.100
2026-05-15 09:12:44,139 INFO CSMF2.step_1_1_1.run :: [grad] cond=216.1866 film_gain=0.0000
2026-05-15 09:13:02,781 INFO CSMF2.step_1_1_1.run :: [h] epoch=22 step=50 total=0.31401 batch=0.19866
2026-05-15 09:13:02,781 INFO CSMF2.step_1_1_1.run :: [lat] epoch=22 step=50 mean_l2=0.01713 std_l2=0.01664
2026-05-15 09:13:02,959 INFO CSMF2.step_1_1_1.run :: epoch=22 step=50/429 train_nll=-3710.018
2026-05-15 09:13:18,171 INFO CSMF2.step_1_1_1.run :: [h] epoch=22 step=100 total=0.30739 batch=0.19717
2026-05-15 09:13:18,172 INFO CSMF2.step_1_1_1.run :: [lat] epoch=22 step=100 mean_l2=0.02290 std_l2=0.02243
2026-05-15 09:13:18,350 INFO CSMF2.step_1_1_1.run :: epoch=22 step=100/429 train_nll=-3702.780
2026-05-15 09:13:33,778 INFO CSMF2.step_1_1_1.run :: [h] epoch=22 step=150 total=0.31333 batch=0.20650
2026-05-15 09:13:33,778 INFO CSMF2.step_1_1_1.run :: [lat] epoch=22 step=150 mean_l2=0.01451 std_l2=0.02341
2026-05-15 09:13:33,955 INFO CSMF2.step_1_1_1.run :: epoch=22 step=150/429 train_nll=-3699.300
2026-05-15 09:13:49,245 INFO CSMF2.step_1_1_1.run :: [h] epoch=22 step=200 total=0.30969 batch=0.19871
2026-05-15 09:13:49,245 INFO CSMF2.step_1_1_1.run :: [lat] epoch=22 step=200 mean_l2=0.01341 std_l2=0.01799
2026-05-15 09:13:49,424 INFO CSMF2.step_1_1_1.run :: epoch=22 step=200/429 train_nll=-3702.897
2026-05-15 09:14:04,822 INFO CSMF2.step_1_1_1.run :: [h] epoch=22 step=250 total=0.31955 batch=0.20792
2026-05-15 09:14:04,823 INFO CSMF2.step_1_1_1.run :: [lat] epoch=22 step=250 mean_l2=0.02133 std_l2=0.01855
2026-05-15 09:14:04,999 INFO CSMF2.step_1_1_1.run :: epoch=22 step=250/429 train_nll=-3705.612
2026-05-15 09:14:19,912 INFO CSMF2.step_1_1_1.run :: [h] epoch=22 step=300 total=0.31855 batch=0.20269
2026-05-15 09:14:19,912 INFO CSMF2.step_1_1_1.run :: [lat] epoch=22 step=300 mean_l2=0.01616 std_l2=0.02085
2026-05-15 09:14:20,089 INFO CSMF2.step_1_1_1.run :: epoch=22 step=300/429 train_nll=-3706.972
2026-05-15 09:14:35,312 INFO CSMF2.step_1_1_1.run :: [h] epoch=22 step=350 total=0.31969 batch=0.20955
2026-05-15 09:14:35,313 INFO CSMF2.step_1_1_1.run :: [lat] epoch=22 step=350 mean_l2=0.01575 std_l2=0.01965
2026-05-15 09:14:35,538 INFO CSMF2.step_1_1_1.run :: epoch=22 step=350/429 train_nll=-3707.501
2026-05-15 09:14:50,759 INFO CSMF2.step_1_1_1.run :: [h] epoch=22 step=400 total=0.32383 batch=0.20718
2026-05-15 09:14:50,760 INFO CSMF2.step_1_1_1.run :: [lat] epoch=22 step=400 mean_l2=0.01426 std_l2=0.01855
2026-05-15 09:14:50,938 INFO CSMF2.step_1_1_1.run :: epoch=22 step=400/429 train_nll=-3708.941
2026-05-15 09:15:04,438 INFO CSMF2.step_1_1_1.run :: epoch=22  train_nll=-3709.369  val_nll=-3712.428  t=137.3s
2026-05-15 09:15:04,438 INFO CSMF2.step_1_1_1.run :: [h_std] total=0.31491 batch=0.20259 (no penalty)
2026-05-15 09:15:04,438 INFO CSMF2.step_1_1_1.run :: [lat_epoch] mean_l2=0.01666 std_l2=0.02044 lambda=0.100
2026-05-15 09:15:04,438 INFO CSMF2.step_1_1_1.run :: [grad] cond=276.7506 film_gain=0.0000
2026-05-15 09:15:22,897 INFO CSMF2.step_1_1_1.run :: [h] epoch=23 step=50 total=0.31208 batch=0.19623
2026-05-15 09:15:22,898 INFO CSMF2.step_1_1_1.run :: [lat] epoch=23 step=50 mean_l2=0.01777 std_l2=0.02340
2026-05-15 09:15:23,078 INFO CSMF2.step_1_1_1.run :: epoch=23 step=50/429 train_nll=-3715.885
2026-05-15 09:15:38,630 INFO CSMF2.step_1_1_1.run :: [h] epoch=23 step=100 total=0.31098 batch=0.19589
2026-05-15 09:15:38,631 INFO CSMF2.step_1_1_1.run :: [lat] epoch=23 step=100 mean_l2=0.02098 std_l2=0.02163
2026-05-15 09:15:38,810 INFO CSMF2.step_1_1_1.run :: epoch=23 step=100/429 train_nll=-3713.801
2026-05-15 09:15:54,204 INFO CSMF2.step_1_1_1.run :: [h] epoch=23 step=150 total=0.31669 batch=0.20351
2026-05-15 09:15:54,204 INFO CSMF2.step_1_1_1.run :: [lat] epoch=23 step=150 mean_l2=0.01904 std_l2=0.02026
2026-05-15 09:15:54,433 INFO CSMF2.step_1_1_1.run :: epoch=23 step=150/429 train_nll=-3709.588
2026-05-15 09:16:09,867 INFO CSMF2.step_1_1_1.run :: [h] epoch=23 step=200 total=0.31099 batch=0.19793
2026-05-15 09:16:09,868 INFO CSMF2.step_1_1_1.run :: [lat] epoch=23 step=200 mean_l2=0.01774 std_l2=0.01972
2026-05-15 09:16:10,049 INFO CSMF2.step_1_1_1.run :: epoch=23 step=200/429 train_nll=-3710.422
2026-05-15 09:16:25,395 INFO CSMF2.step_1_1_1.run :: [h] epoch=23 step=250 total=0.31814 batch=0.20441
2026-05-15 09:16:25,395 INFO CSMF2.step_1_1_1.run :: [lat] epoch=23 step=250 mean_l2=0.01344 std_l2=0.01927
2026-05-15 09:16:25,576 INFO CSMF2.step_1_1_1.run :: epoch=23 step=250/429 train_nll=-3711.588
2026-05-15 09:16:41,188 INFO CSMF2.step_1_1_1.run :: [h] epoch=23 step=300 total=0.31542 batch=0.19865
2026-05-15 09:16:41,189 INFO CSMF2.step_1_1_1.run :: [lat] epoch=23 step=300 mean_l2=0.01388 std_l2=0.01913
2026-05-15 09:16:41,369 INFO CSMF2.step_1_1_1.run :: epoch=23 step=300/429 train_nll=-3712.772
2026-05-15 09:16:56,911 INFO CSMF2.step_1_1_1.run :: [h] epoch=23 step=350 total=0.31655 batch=0.20556
2026-05-15 09:16:56,911 INFO CSMF2.step_1_1_1.run :: [lat] epoch=23 step=350 mean_l2=0.01517 std_l2=0.01988
2026-05-15 09:16:57,092 INFO CSMF2.step_1_1_1.run :: epoch=23 step=350/429 train_nll=-3713.037
2026-05-15 09:17:12,899 INFO CSMF2.step_1_1_1.run :: [h] epoch=23 step=400 total=0.30867 batch=0.19715
2026-05-15 09:17:12,899 INFO CSMF2.step_1_1_1.run :: [lat] epoch=23 step=400 mean_l2=0.02811 std_l2=0.02163
2026-05-15 09:17:13,081 INFO CSMF2.step_1_1_1.run :: epoch=23 step=400/429 train_nll=-3710.959
2026-05-15 09:17:26,481 INFO CSMF2.step_1_1_1.run :: epoch=23  train_nll=-3710.820  val_nll=-3714.259  t=138.9s
2026-05-15 09:17:26,481 INFO CSMF2.step_1_1_1.run :: [h_std] total=0.31388 batch=0.20041 (no penalty)
2026-05-15 09:17:26,481 INFO CSMF2.step_1_1_1.run :: [lat_epoch] mean_l2=0.01732 std_l2=0.02062 lambda=0.100
2026-05-15 09:17:26,481 INFO CSMF2.step_1_1_1.run :: [grad] cond=228.5662 film_gain=0.0000
2026-05-15 09:17:44,859 INFO CSMF2.step_1_1_1.run :: [h] epoch=24 step=50 total=0.29594 batch=0.19069
2026-05-15 09:17:44,859 INFO CSMF2.step_1_1_1.run :: [lat] epoch=24 step=50 mean_l2=0.01848 std_l2=0.01913
2026-05-15 09:17:45,041 INFO CSMF2.step_1_1_1.run :: epoch=24 step=50/429 train_nll=-3699.374
2026-05-15 09:18:00,919 INFO CSMF2.step_1_1_1.run :: [h] epoch=24 step=100 total=0.29306 batch=0.18817
2026-05-15 09:18:00,919 INFO CSMF2.step_1_1_1.run :: [lat] epoch=24 step=100 mean_l2=0.03103 std_l2=0.02230
2026-05-15 09:18:01,100 INFO CSMF2.step_1_1_1.run :: epoch=24 step=100/429 train_nll=-3692.586
2026-05-15 09:18:16,475 INFO CSMF2.step_1_1_1.run :: [h] epoch=24 step=150 total=0.30013 batch=0.19581
2026-05-15 09:18:16,476 INFO CSMF2.step_1_1_1.run :: [lat] epoch=24 step=150 mean_l2=0.02513 std_l2=0.02561
2026-05-15 09:18:16,657 INFO CSMF2.step_1_1_1.run :: epoch=24 step=150/429 train_nll=-3688.613
2026-05-15 09:18:32,309 INFO CSMF2.step_1_1_1.run :: [h] epoch=24 step=200 total=0.29078 batch=0.18727
2026-05-15 09:18:32,310 INFO CSMF2.step_1_1_1.run :: [lat] epoch=24 step=200 mean_l2=0.01337 std_l2=0.02075
2026-05-15 09:18:32,539 INFO CSMF2.step_1_1_1.run :: epoch=24 step=200/429 train_nll=-3691.284
2026-05-15 09:18:48,307 INFO CSMF2.step_1_1_1.run :: [h] epoch=24 step=250 total=0.30609 batch=0.19885
2026-05-15 09:18:48,308 INFO CSMF2.step_1_1_1.run :: [lat] epoch=24 step=250 mean_l2=0.01385 std_l2=0.01845
2026-05-15 09:18:48,537 INFO CSMF2.step_1_1_1.run :: epoch=24 step=250/429 train_nll=-3695.472
2026-05-15 09:19:04,119 INFO CSMF2.step_1_1_1.run :: [h] epoch=24 step=300 total=0.30480 batch=0.19510
2026-05-15 09:19:04,119 INFO CSMF2.step_1_1_1.run :: [lat] epoch=24 step=300 mean_l2=0.01387 std_l2=0.02044
2026-05-15 09:19:04,300 INFO CSMF2.step_1_1_1.run :: epoch=24 step=300/429 train_nll=-3699.808
2026-05-15 09:19:19,707 INFO CSMF2.step_1_1_1.run :: [h] epoch=24 step=350 total=0.30686 batch=0.20085
2026-05-15 09:19:19,708 INFO CSMF2.step_1_1_1.run :: [lat] epoch=24 step=350 mean_l2=0.01358 std_l2=0.01883
2026-05-15 09:19:19,936 INFO CSMF2.step_1_1_1.run :: epoch=24 step=350/429 train_nll=-3703.014
2026-05-15 09:19:35,268 INFO CSMF2.step_1_1_1.run :: [h] epoch=24 step=400 total=0.31164 batch=0.19757
2026-05-15 09:19:35,268 INFO CSMF2.step_1_1_1.run :: [lat] epoch=24 step=400 mean_l2=0.01544 std_l2=0.01783
2026-05-15 09:19:35,449 INFO CSMF2.step_1_1_1.run :: epoch=24 step=400/429 train_nll=-3705.082
2026-05-15 09:19:49,035 INFO CSMF2.step_1_1_1.run :: epoch=24  train_nll=-3706.160  val_nll=-3717.155  t=139.5s
2026-05-15 09:19:49,035 INFO CSMF2.step_1_1_1.run :: [h_std] total=0.30183 batch=0.19437 (no penalty)
2026-05-15 09:19:49,035 INFO CSMF2.step_1_1_1.run :: [lat_epoch] mean_l2=0.01911 std_l2=0.02114 lambda=0.100
2026-05-15 09:19:49,035 INFO CSMF2.step_1_1_1.run :: [grad] cond=268.4480 film_gain=0.0000
2026-05-15 09:20:07,498 INFO CSMF2.step_1_1_1.run :: [h] epoch=25 step=50 total=0.29655 batch=0.18845
2026-05-15 09:20:07,499 INFO CSMF2.step_1_1_1.run :: [lat] epoch=25 step=50 mean_l2=0.01388 std_l2=0.01896
2026-05-15 09:20:07,680 INFO CSMF2.step_1_1_1.run :: epoch=25 step=50/429 train_nll=-3703.844
2026-05-15 09:20:23,000 INFO CSMF2.step_1_1_1.run :: [h] epoch=25 step=100 total=0.29910 batch=0.18837
2026-05-15 09:20:23,000 INFO CSMF2.step_1_1_1.run :: [lat] epoch=25 step=100 mean_l2=0.01246 std_l2=0.01903
2026-05-15 09:20:23,181 INFO CSMF2.step_1_1_1.run :: epoch=25 step=100/429 train_nll=-3711.005
2026-05-15 09:20:38,524 INFO CSMF2.step_1_1_1.run :: [h] epoch=25 step=150 total=0.30395 batch=0.19674
2026-05-15 09:20:38,525 INFO CSMF2.step_1_1_1.run :: [lat] epoch=25 step=150 mean_l2=0.01697 std_l2=0.02092
2026-05-15 09:20:38,709 INFO CSMF2.step_1_1_1.run :: epoch=25 step=150/429 train_nll=-3713.546
2026-05-15 09:20:54,575 INFO CSMF2.step_1_1_1.run :: [h] epoch=25 step=200 total=0.29882 batch=0.18939
2026-05-15 09:20:54,576 INFO CSMF2.step_1_1_1.run :: [lat] epoch=25 step=200 mean_l2=0.01506 std_l2=0.02052
2026-05-15 09:20:54,759 INFO CSMF2.step_1_1_1.run :: epoch=25 step=200/429 train_nll=-3715.597
2026-05-15 09:21:10,277 INFO CSMF2.step_1_1_1.run :: [h] epoch=25 step=250 total=0.30490 batch=0.19593
2026-05-15 09:21:10,277 INFO CSMF2.step_1_1_1.run :: [lat] epoch=25 step=250 mean_l2=0.02178 std_l2=0.02276
2026-05-15 09:21:10,458 INFO CSMF2.step_1_1_1.run :: epoch=25 step=250/429 train_nll=-3712.879
2026-05-15 09:21:26,332 INFO CSMF2.step_1_1_1.run :: [h] epoch=25 step=300 total=0.29923 batch=0.19048
2026-05-15 09:21:26,333 INFO CSMF2.step_1_1_1.run :: [lat] epoch=25 step=300 mean_l2=0.01273 std_l2=0.01755
2026-05-15 09:21:26,563 INFO CSMF2.step_1_1_1.run :: epoch=25 step=300/429 train_nll=-3713.421
2026-05-15 09:21:42,068 INFO CSMF2.step_1_1_1.run :: [h] epoch=25 step=350 total=0.30394 batch=0.19751
2026-05-15 09:21:42,069 INFO CSMF2.step_1_1_1.run :: [lat] epoch=25 step=350 mean_l2=0.01463 std_l2=0.01950
2026-05-15 09:21:42,298 INFO CSMF2.step_1_1_1.run :: epoch=25 step=350/429 train_nll=-3714.992
2026-05-15 09:21:58,096 INFO CSMF2.step_1_1_1.run :: [h] epoch=25 step=400 total=0.31099 batch=0.19691
2026-05-15 09:21:58,097 INFO CSMF2.step_1_1_1.run :: [lat] epoch=25 step=400 mean_l2=0.01416 std_l2=0.01865
2026-05-15 09:21:58,279 INFO CSMF2.step_1_1_1.run :: epoch=25 step=400/429 train_nll=-3716.523
2026-05-15 09:22:11,842 INFO CSMF2.step_1_1_1.run :: epoch=25  train_nll=-3717.021  val_nll=-3718.261  t=139.7s
2026-05-15 09:22:11,842 INFO CSMF2.step_1_1_1.run :: [h_std] total=0.30214 batch=0.19314 (no penalty)
2026-05-15 09:22:11,842 INFO CSMF2.step_1_1_1.run :: [lat_epoch] mean_l2=0.01642 std_l2=0.02013 lambda=0.100
2026-05-15 09:22:11,842 INFO CSMF2.step_1_1_1.run :: [grad] cond=275.3067 film_gain=0.0000
2026-05-15 09:22:30,188 INFO CSMF2.step_1_1_1.run :: [h] epoch=26 step=50 total=0.29969 batch=0.18848
2026-05-15 09:22:30,188 INFO CSMF2.step_1_1_1.run :: [lat] epoch=26 step=50 mean_l2=0.01345 std_l2=0.01816
2026-05-15 09:22:30,420 INFO CSMF2.step_1_1_1.run :: epoch=26 step=50/429 train_nll=-3726.045
2026-05-15 09:22:45,889 INFO CSMF2.step_1_1_1.run :: [h] epoch=26 step=100 total=0.30395 batch=0.19021
2026-05-15 09:22:45,890 INFO CSMF2.step_1_1_1.run :: [lat] epoch=26 step=100 mean_l2=0.01613 std_l2=0.01758
2026-05-15 09:22:46,070 INFO CSMF2.step_1_1_1.run :: epoch=26 step=100/429 train_nll=-3724.329
2026-05-15 09:23:01,546 INFO CSMF2.step_1_1_1.run :: [h] epoch=26 step=150 total=0.31375 batch=0.20124
2026-05-15 09:23:01,547 INFO CSMF2.step_1_1_1.run :: [lat] epoch=26 step=150 mean_l2=0.01745 std_l2=0.02157
2026-05-15 09:23:01,777 INFO CSMF2.step_1_1_1.run :: epoch=26 step=150/429 train_nll=-3722.790
2026-05-15 09:23:17,019 INFO CSMF2.step_1_1_1.run :: [h] epoch=26 step=200 total=0.28951 batch=0.18413
2026-05-15 09:23:17,020 INFO CSMF2.step_1_1_1.run :: [lat] epoch=26 step=200 mean_l2=0.01625 std_l2=0.02216
2026-05-15 09:23:17,254 INFO CSMF2.step_1_1_1.run :: epoch=26 step=200/429 train_nll=-3716.104
2026-05-15 09:23:32,602 INFO CSMF2.step_1_1_1.run :: [h] epoch=26 step=250 total=0.29883 batch=0.19150
2026-05-15 09:23:32,603 INFO CSMF2.step_1_1_1.run :: [lat] epoch=26 step=250 mean_l2=0.01538 std_l2=0.01919
2026-05-15 09:23:32,784 INFO CSMF2.step_1_1_1.run :: epoch=26 step=250/429 train_nll=-3716.824
2026-05-15 09:23:48,398 INFO CSMF2.step_1_1_1.run :: [h] epoch=26 step=300 total=0.29388 batch=0.18794
2026-05-15 09:23:48,398 INFO CSMF2.step_1_1_1.run :: [lat] epoch=26 step=300 mean_l2=0.01192 std_l2=0.02011
2026-05-15 09:23:48,630 INFO CSMF2.step_1_1_1.run :: epoch=26 step=300/429 train_nll=-3715.141
2026-05-15 09:24:04,654 INFO CSMF2.step_1_1_1.run :: [h] epoch=26 step=350 total=0.29869 batch=0.19404
2026-05-15 09:24:04,655 INFO CSMF2.step_1_1_1.run :: [lat] epoch=26 step=350 mean_l2=0.02187 std_l2=0.01927
2026-05-15 09:24:04,838 INFO CSMF2.step_1_1_1.run :: epoch=26 step=350/429 train_nll=-3716.435
2026-05-15 09:24:20,738 INFO CSMF2.step_1_1_1.run :: [h] epoch=26 step=400 total=0.29786 batch=0.18952
2026-05-15 09:24:20,739 INFO CSMF2.step_1_1_1.run :: [lat] epoch=26 step=400 mean_l2=0.02522 std_l2=0.02384
2026-05-15 09:24:20,921 INFO CSMF2.step_1_1_1.run :: epoch=26 step=400/429 train_nll=-3717.274
2026-05-15 09:24:34,964 INFO CSMF2.step_1_1_1.run :: epoch=26  train_nll=-3714.557  val_nll=-3686.989  t=140.0s
2026-05-15 09:24:34,964 INFO CSMF2.step_1_1_1.run :: [h_std] total=0.29819 batch=0.18998 (no penalty)
2026-05-15 09:24:34,964 INFO CSMF2.step_1_1_1.run :: [lat_epoch] mean_l2=0.01792 std_l2=0.02054 lambda=0.100
2026-05-15 09:24:34,964 INFO CSMF2.step_1_1_1.run :: [grad] cond=386.3373 film_gain=0.0000
2026-05-15 09:24:53,729 INFO CSMF2.step_1_1_1.run :: [h] epoch=27 step=50 total=0.28144 batch=0.17983
2026-05-15 09:24:53,730 INFO CSMF2.step_1_1_1.run :: [lat] epoch=27 step=50 mean_l2=0.01390 std_l2=0.01763
2026-05-15 09:24:53,911 INFO CSMF2.step_1_1_1.run :: epoch=27 step=50/429 train_nll=-3706.560
2026-05-15 09:25:09,473 INFO CSMF2.step_1_1_1.run :: [h] epoch=27 step=100 total=0.29040 batch=0.18390
2026-05-15 09:25:09,474 INFO CSMF2.step_1_1_1.run :: [lat] epoch=27 step=100 mean_l2=0.01252 std_l2=0.02175
2026-05-15 09:25:09,655 INFO CSMF2.step_1_1_1.run :: epoch=27 step=100/429 train_nll=-3715.755
2026-05-15 09:25:25,143 INFO CSMF2.step_1_1_1.run :: [h] epoch=27 step=150 total=0.28846 batch=0.18739
2026-05-15 09:25:25,144 INFO CSMF2.step_1_1_1.run :: [lat] epoch=27 step=150 mean_l2=0.02372 std_l2=0.02438
2026-05-15 09:25:25,376 INFO CSMF2.step_1_1_1.run :: epoch=27 step=150/429 train_nll=-3713.789
2026-05-15 09:25:40,633 INFO CSMF2.step_1_1_1.run :: [h] epoch=27 step=200 total=0.27949 batch=0.17975
2026-05-15 09:25:40,634 INFO CSMF2.step_1_1_1.run :: [lat] epoch=27 step=200 mean_l2=0.01783 std_l2=0.02047
2026-05-15 09:25:40,815 INFO CSMF2.step_1_1_1.run :: epoch=27 step=200/429 train_nll=-3708.682
2026-05-15 09:25:56,362 INFO CSMF2.step_1_1_1.run :: [h] epoch=27 step=250 total=0.28813 batch=0.18880
2026-05-15 09:25:56,362 INFO CSMF2.step_1_1_1.run :: [lat] epoch=27 step=250 mean_l2=0.01444 std_l2=0.01807
2026-05-15 09:25:56,543 INFO CSMF2.step_1_1_1.run :: epoch=27 step=250/429 train_nll=-3708.745
2026-05-15 09:26:11,898 INFO CSMF2.step_1_1_1.run :: [h] epoch=27 step=300 total=0.28780 batch=0.18542
2026-05-15 09:26:11,898 INFO CSMF2.step_1_1_1.run :: [lat] epoch=27 step=300 mean_l2=0.01162 std_l2=0.01823
2026-05-15 09:26:12,077 INFO CSMF2.step_1_1_1.run :: epoch=27 step=300/429 train_nll=-3710.925
2026-05-15 09:26:28,015 INFO CSMF2.step_1_1_1.run :: [h] epoch=27 step=350 total=0.29020 batch=0.19073
2026-05-15 09:26:28,015 INFO CSMF2.step_1_1_1.run :: [lat] epoch=27 step=350 mean_l2=0.01569 std_l2=0.01861
2026-05-15 09:26:28,197 INFO CSMF2.step_1_1_1.run :: epoch=27 step=350/429 train_nll=-3713.483
2026-05-15 09:26:43,959 INFO CSMF2.step_1_1_1.run :: [h] epoch=27 step=400 total=0.29652 batch=0.18877
2026-05-15 09:26:43,960 INFO CSMF2.step_1_1_1.run :: [lat] epoch=27 step=400 mean_l2=0.01104 std_l2=0.01835
2026-05-15 09:26:44,141 INFO CSMF2.step_1_1_1.run :: epoch=27 step=400/429 train_nll=-3715.924
2026-05-15 09:26:57,764 INFO CSMF2.step_1_1_1.run :: epoch=27  train_nll=-3716.715  val_nll=-3718.944  t=139.6s
2026-05-15 09:26:57,764 INFO CSMF2.step_1_1_1.run :: [h_std] total=0.28691 batch=0.18512 (no penalty)
2026-05-15 09:26:57,764 INFO CSMF2.step_1_1_1.run :: [lat_epoch] mean_l2=0.01706 std_l2=0.02034 lambda=0.100
2026-05-15 09:26:57,764 INFO CSMF2.step_1_1_1.run :: [grad] cond=163.5989 film_gain=0.0000
2026-05-15 09:27:16,295 INFO CSMF2.step_1_1_1.run :: [h] epoch=28 step=50 total=0.28678 batch=0.18200
2026-05-15 09:27:16,295 INFO CSMF2.step_1_1_1.run :: [lat] epoch=28 step=50 mean_l2=0.01408 std_l2=0.01897
2026-05-15 09:27:16,479 INFO CSMF2.step_1_1_1.run :: epoch=28 step=50/429 train_nll=-3727.228
2026-05-15 09:27:31,806 INFO CSMF2.step_1_1_1.run :: [h] epoch=28 step=100 total=0.29032 batch=0.18277
2026-05-15 09:27:31,807 INFO CSMF2.step_1_1_1.run :: [lat] epoch=28 step=100 mean_l2=0.01384 std_l2=0.01821
2026-05-15 09:27:31,989 INFO CSMF2.step_1_1_1.run :: epoch=28 step=100/429 train_nll=-3728.138
2026-05-15 09:27:47,577 INFO CSMF2.step_1_1_1.run :: [h] epoch=28 step=150 total=0.29927 batch=0.19310
2026-05-15 09:27:47,578 INFO CSMF2.step_1_1_1.run :: [lat] epoch=28 step=150 mean_l2=0.02015 std_l2=0.02476
2026-05-15 09:27:47,760 INFO CSMF2.step_1_1_1.run :: epoch=28 step=150/429 train_nll=-3726.822
2026-05-15 09:28:03,250 INFO CSMF2.step_1_1_1.run :: [h] epoch=28 step=200 total=0.27919 batch=0.17894
2026-05-15 09:28:03,251 INFO CSMF2.step_1_1_1.run :: [lat] epoch=28 step=200 mean_l2=0.01741 std_l2=0.01840
2026-05-15 09:28:03,433 INFO CSMF2.step_1_1_1.run :: epoch=28 step=200/429 train_nll=-3721.927
2026-05-15 09:28:19,276 INFO CSMF2.step_1_1_1.run :: [h] epoch=28 step=250 total=0.28221 batch=0.18526
2026-05-15 09:28:19,277 INFO CSMF2.step_1_1_1.run :: [lat] epoch=28 step=250 mean_l2=0.01879 std_l2=0.02407
2026-05-15 09:28:19,459 INFO CSMF2.step_1_1_1.run :: epoch=28 step=250/429 train_nll=-3718.347
2026-05-15 09:28:34,791 INFO CSMF2.step_1_1_1.run :: [h] epoch=28 step=300 total=0.27641 batch=0.17924
2026-05-15 09:28:34,792 INFO CSMF2.step_1_1_1.run :: [lat] epoch=28 step=300 mean_l2=0.01855 std_l2=0.02271
2026-05-15 09:28:34,975 INFO CSMF2.step_1_1_1.run :: epoch=28 step=300/429 train_nll=-3713.563
2026-05-15 09:28:50,888 INFO CSMF2.step_1_1_1.run :: [h] epoch=28 step=350 total=0.27926 batch=0.18506
2026-05-15 09:28:50,888 INFO CSMF2.step_1_1_1.run :: [lat] epoch=28 step=350 mean_l2=0.01185 std_l2=0.01944
2026-05-15 09:28:51,071 INFO CSMF2.step_1_1_1.run :: epoch=28 step=350/429 train_nll=-3714.454
2026-05-15 09:29:06,576 INFO CSMF2.step_1_1_1.run :: [h] epoch=28 step=400 total=0.28690 batch=0.18447
2026-05-15 09:29:06,576 INFO CSMF2.step_1_1_1.run :: [lat] epoch=28 step=400 mean_l2=0.01201 std_l2=0.01884
2026-05-15 09:29:06,759 INFO CSMF2.step_1_1_1.run :: epoch=28 step=400/429 train_nll=-3716.742
2026-05-15 09:29:20,307 INFO CSMF2.step_1_1_1.run :: epoch=28  train_nll=-3717.662  val_nll=-3725.040  t=139.5s
2026-05-15 09:29:20,307 INFO CSMF2.step_1_1_1.run :: [h_std] total=0.28408 batch=0.18319 (no penalty)
2026-05-15 09:29:20,307 INFO CSMF2.step_1_1_1.run :: [lat_epoch] mean_l2=0.01790 std_l2=0.02035 lambda=0.100
2026-05-15 09:29:20,307 INFO CSMF2.step_1_1_1.run :: [grad] cond=278.4677 film_gain=0.0000
2026-05-15 09:29:38,629 INFO CSMF2.step_1_1_1.run :: [h] epoch=29 step=50 total=0.27865 batch=0.17861
2026-05-15 09:29:38,630 INFO CSMF2.step_1_1_1.run :: [lat] epoch=29 step=50 mean_l2=0.01495 std_l2=0.02158
2026-05-15 09:29:38,810 INFO CSMF2.step_1_1_1.run :: epoch=29 step=50/429 train_nll=-3728.374
2026-05-15 09:29:54,414 INFO CSMF2.step_1_1_1.run :: [h] epoch=29 step=100 total=0.28252 batch=0.17918
2026-05-15 09:29:54,415 INFO CSMF2.step_1_1_1.run :: [lat] epoch=29 step=100 mean_l2=0.01575 std_l2=0.01992
2026-05-15 09:29:54,598 INFO CSMF2.step_1_1_1.run :: epoch=29 step=100/429 train_nll=-3727.039
2026-05-15 09:30:10,522 INFO CSMF2.step_1_1_1.run :: [h] epoch=29 step=150 total=0.28133 batch=0.18439
2026-05-15 09:30:10,523 INFO CSMF2.step_1_1_1.run :: [lat] epoch=29 step=150 mean_l2=0.01976 std_l2=0.02566
2026-05-15 09:30:10,703 INFO CSMF2.step_1_1_1.run :: epoch=29 step=150/429 train_nll=-3720.170
2026-05-15 09:30:25,953 INFO CSMF2.step_1_1_1.run :: [h] epoch=29 step=200 total=0.26062 batch=0.16825
2026-05-15 09:30:25,953 INFO CSMF2.step_1_1_1.run :: [lat] epoch=29 step=200 mean_l2=0.03758 std_l2=0.02297
2026-05-15 09:30:26,135 INFO CSMF2.step_1_1_1.run :: epoch=29 step=200/429 train_nll=-3714.170
2026-05-15 09:30:41,816 INFO CSMF2.step_1_1_1.run :: [h] epoch=29 step=250 total=0.27290 batch=0.18022
2026-05-15 09:30:41,817 INFO CSMF2.step_1_1_1.run :: [lat] epoch=29 step=250 mean_l2=0.01383 std_l2=0.01787
2026-05-15 09:30:42,048 INFO CSMF2.step_1_1_1.run :: epoch=29 step=250/429 train_nll=-3710.956
2026-05-15 09:30:57,686 INFO CSMF2.step_1_1_1.run :: [h] epoch=29 step=300 total=0.27549 batch=0.17869
2026-05-15 09:30:57,686 INFO CSMF2.step_1_1_1.run :: [lat] epoch=29 step=300 mean_l2=0.01209 std_l2=0.01766
2026-05-15 09:30:57,869 INFO CSMF2.step_1_1_1.run :: epoch=29 step=300/429 train_nll=-3713.809
2026-05-15 09:31:13,243 INFO CSMF2.step_1_1_1.run :: [h] epoch=29 step=350 total=0.27892 batch=0.18434
2026-05-15 09:31:13,244 INFO CSMF2.step_1_1_1.run :: [lat] epoch=29 step=350 mean_l2=0.01299 std_l2=0.01945
2026-05-15 09:31:13,426 INFO CSMF2.step_1_1_1.run :: epoch=29 step=350/429 train_nll=-3716.435
2026-05-15 09:31:29,348 INFO CSMF2.step_1_1_1.run :: [h] epoch=29 step=400 total=0.28371 batch=0.18237
2026-05-15 09:31:29,349 INFO CSMF2.step_1_1_1.run :: [lat] epoch=29 step=400 mean_l2=0.01198 std_l2=0.01913
2026-05-15 09:31:29,580 INFO CSMF2.step_1_1_1.run :: epoch=29 step=400/429 train_nll=-3718.517
2026-05-15 09:31:43,348 INFO CSMF2.step_1_1_1.run :: epoch=29  train_nll=-3719.474  val_nll=-3727.793  t=140.0s
2026-05-15 09:31:43,348 INFO CSMF2.step_1_1_1.run :: [h_std] total=0.27701 batch=0.17972 (no penalty)
2026-05-15 09:31:43,348 INFO CSMF2.step_1_1_1.run :: [lat_epoch] mean_l2=0.01751 std_l2=0.02034 lambda=0.100
2026-05-15 09:31:43,348 INFO CSMF2.step_1_1_1.run :: [grad] cond=160.0673 film_gain=0.0000
2026-05-15 09:31:55,662 INFO CSMF2.step_1_1_1.run :: [run] FINAL test_nll (sealed 10k) = -3729.947
2026-05-15 09:31:56,316 INFO CSMF2.experiments.step_1_1_1.density_plots :: [plot_latent_density] saved -> CSMF2/experiments/step_1_1_1/results/nsf_s2_n0.00_seed0_5e9307fb36d4/plots/latent_density.png  (ks=0.0064, mean=0.018, std=0.989)
2026-05-15 09:31:56,547 INFO CSMF2.experiments.step_1_1_1.density_plots :: [plot_cycle_density] saved -> CSMF2/experiments/step_1_1_1/results/nsf_s2_n0.00_seed0_5e9307fb36d4/plots/cycle_density.png  (max|err|=1.618e-04 rms=1.924e-06)
2026-05-15 09:31:56,920 INFO CSMF2.experiments.step_1_1_1.density_plots :: [plot_reconstruction_panel] saved -> CSMF2/experiments/step_1_1_1/results/nsf_s2_n0.00_seed0_5e9307fb36d4/plots/reconstruction_panel.png  rms(enc-prior)=0.710
==============================================================
[1mSTEP-1_1_1 RUN SUMMARY[0m
==============================================================
expert: nsf   scale: 2   noise: 0.0   seed: 0   epochs: 30
train NLL:    -3209.95  ->    -3719.47  (Δ = -509.52)
test  NLL:    -3456.35  ->    -3727.79

[1mHARD GATES (halt on fail)[0m
  [32m 30/30  ✓[0m  invertibility FP64 <1e-5
  [33m 29/30  ✗[0m  latent KS vs N(0,1) <0.05
  [33m 28/30  ✗[0m  cycle_max < 1e-12
  [32m 30/30  ✓[0m  h std > 1e-3
  [32m 30/30  ✓[0m  FiLM γ,β std > 1e-3 aggregate
  [32m 30/30  ✓[0m  (y,seed) max|Δh| < 1e-6
  [32m 30/30  ✓[0m  no NaN/Inf this epoch
  [32m  1/1   ✓[0m  numeric log-det (FP64, once)

[1mINFORMATIONAL (logged, non-blocking)[0m
  [33m 29/30  ✗[0m  null-control gap ≥ 0.10
  [32m 30/30  ✓[0m  h_st Δlogp slope > 1e-3
  [32m 30/30  ✓[0m  grad norm > 1e-6
  [32m 30/30  ✓[0m  fwd residual reported
--------------------------------------------------------------
[1mHARD TOTAL: 208/211[0m  (98.6%)
[1mEXIT_CRITERIA_MET:[0m [31mNO[0m
[1mREMEDY HINTS:[0m
  - hard gate failed: latent_ks (latent KS vs N(0,1) <0.05) -- check epochs [3]
  - hard gate failed: cycle_max (cycle_max < 1e-12) -- check epochs [11, 28]
==============================================================
2026-05-15 09:31:56,984 INFO CSMF2.step_1_1_1.run :: STEP-1_1 run DONE  exit_ok=False  out=CSMF2/experiments/step_1_1_1/results/nsf_s2_n0.00_seed0_5e9307fb36d4
