2026-04-24 22:17:12,709 INFO CSMF2.step_1_1.run :: STEP-1_1 run | tag=nice_s2_n0.00_seed0_282a869c5022 | cfg=StepCfg(data_root='./mnist_data', scale=2, blur_sigma=1.0, noise_sigma=0.0, batch_size=128, expert='nice', dim=784, cond_width=64, h_dim=128, flow_hidden=256, use_film=True, cache_h=True, lr=0.001, epochs=30, weight_decay=0.0, grad_clip=5.0, seed=0, out_root='./CSMF2/experiments/step_1_1/results', log_every=50, sanity_every_epoch=True)
2026-04-24 22:17:16,245 INFO CSMF2.step_1_1.run :: epoch=0 step=50/468 train_nll=-544.325
2026-04-24 22:17:19,191 INFO CSMF2.step_1_1.run :: epoch=0 step=100/468 train_nll=-762.709
2026-04-24 22:17:22,124 INFO CSMF2.step_1_1.run :: epoch=0 step=150/468 train_nll=-873.273
2026-04-24 22:17:25,084 INFO CSMF2.step_1_1.run :: epoch=0 step=200/468 train_nll=-946.585
2026-04-24 22:17:28,033 INFO CSMF2.step_1_1.run :: epoch=0 step=250/468 train_nll=-1000.715
2026-04-24 22:17:30,886 INFO CSMF2.step_1_1.run :: epoch=0 step=300/468 train_nll=-1042.182
2026-04-24 22:17:33,776 INFO CSMF2.step_1_1.run :: epoch=0 step=350/468 train_nll=-1076.002
2026-04-24 22:17:36,670 INFO CSMF2.step_1_1.run :: epoch=0 step=400/468 train_nll=-1105.479
2026-04-24 22:17:39,567 INFO CSMF2.step_1_1.run :: epoch=0 step=450/468 train_nll=-1131.205
2026-04-24 22:17:44,704 INFO CSMF2.step_1_1.run :: epoch=0  train_nll=-1139.637  test_nll=-1362.207  t=31.6s
2026-04-24 22:17:49,924 INFO CSMF2.step_1_1.run :: epoch=1 step=50/468 train_nll=-1368.680
2026-04-24 22:17:52,847 INFO CSMF2.step_1_1.run :: epoch=1 step=100/468 train_nll=-1377.257
2026-04-24 22:17:55,735 INFO CSMF2.step_1_1.run :: epoch=1 step=150/468 train_nll=-1388.913
2026-04-24 22:17:58,639 INFO CSMF2.step_1_1.run :: epoch=1 step=200/468 train_nll=-1399.356
2026-04-24 22:18:01,597 INFO CSMF2.step_1_1.run :: epoch=1 step=250/468 train_nll=-1408.734
2026-04-24 22:18:04,466 INFO CSMF2.step_1_1.run :: epoch=1 step=300/468 train_nll=-1418.042
2026-04-24 22:18:07,359 INFO CSMF2.step_1_1.run :: epoch=1 step=350/468 train_nll=-1427.327
2026-04-24 22:18:10,272 INFO CSMF2.step_1_1.run :: epoch=1 step=400/468 train_nll=-1436.548
2026-04-24 22:18:13,304 INFO CSMF2.step_1_1.run :: epoch=1 step=450/468 train_nll=-1445.407
2026-04-24 22:18:18,449 INFO CSMF2.step_1_1.run :: epoch=1  train_nll=-1448.522  test_nll=-1535.670  t=31.4s
2026-04-24 22:18:23,493 INFO CSMF2.step_1_1.run :: epoch=2 step=50/468 train_nll=-1537.761
2026-04-24 22:18:26,421 INFO CSMF2.step_1_1.run :: epoch=2 step=100/468 train_nll=-1544.565
2026-04-24 22:18:29,331 INFO CSMF2.step_1_1.run :: epoch=2 step=150/468 train_nll=-1551.972
2026-04-24 22:18:32,265 INFO CSMF2.step_1_1.run :: epoch=2 step=200/468 train_nll=-1559.383
2026-04-24 22:18:35,201 INFO CSMF2.step_1_1.run :: epoch=2 step=250/468 train_nll=-1565.729
2026-04-24 22:18:38,147 INFO CSMF2.step_1_1.run :: epoch=2 step=300/468 train_nll=-1572.093
2026-04-24 22:18:41,064 INFO CSMF2.step_1_1.run :: epoch=2 step=350/468 train_nll=-1579.017
2026-04-24 22:18:43,937 INFO CSMF2.step_1_1.run :: epoch=2 step=400/468 train_nll=-1585.750
2026-04-24 22:18:46,823 INFO CSMF2.step_1_1.run :: epoch=2 step=450/468 train_nll=-1591.947
2026-04-24 22:18:51,990 INFO CSMF2.step_1_1.run :: epoch=2  train_nll=-1594.249  test_nll=-1659.555  t=31.4s
2026-04-24 22:18:57,043 INFO CSMF2.step_1_1.run :: epoch=3 step=50/468 train_nll=-1659.662
Traceback (most recent call last):
  File "<frozen runpy>", line 198, in _run_module_as_main
  File "<frozen runpy>", line 88, in _run_code
  File "/home/benjamin/CSMFII/CSMF2/experiments/step_1_1/run.py", line 475, in <module>
    report = run(cfg)
             ^^^^^^^^
  File "/home/benjamin/CSMFII/CSMF2/experiments/step_1_1/run.py", line 293, in run
    for step, (x_img, y_img) in enumerate(train_loader):
  File "/home/benjamin/CSMFII/CSMF2/CSMFII-ENV/lib/python3.12/site-packages/torch/utils/data/dataloader.py", line 741, in __next__
    data = self._next_data()
           ^^^^^^^^^^^^^^^^^
  File "/home/benjamin/CSMFII/CSMF2/CSMFII-ENV/lib/python3.12/site-packages/torch/utils/data/dataloader.py", line 801, in _next_data
    data = self._dataset_fetcher.fetch(index)  # may raise StopIteration
           ^^^^^^^^^^^^^^^^^^^^^^^^^^^^^^^^^^
  File "/home/benjamin/CSMFII/CSMF2/CSMFII-ENV/lib/python3.12/site-packages/torch/utils/data/_utils/fetch.py", line 54, in fetch
    data = [self.dataset[idx] for idx in possibly_batched_index]
            ~~~~~~~~~~~~^^^^^
  File "/home/benjamin/CSMFII/CSMF2/data/degrade.py", line 120, in __getitem__
    x, _ = self.base[idx]                    # (1,28,28) in [0,1]
           ~~~~~~~~~^^^^^
  File "/home/benjamin/CSMFII/CSMF2/CSMFII-ENV/lib/python3.12/site-packages/torchvision/datasets/mnist.py", line 146, in __getitem__
    img = self.transform(img)
          ^^^^^^^^^^^^^^^^^^^
  File "/home/benjamin/CSMFII/CSMF2/CSMFII-ENV/lib/python3.12/site-packages/torchvision/transforms/transforms.py", line 137, in __call__
    return F.to_tensor(pic)
           ^^^^^^^^^^^^^^^^
  File "/home/benjamin/CSMFII/CSMF2/CSMFII-ENV/lib/python3.12/site-packages/torchvision/transforms/functional.py", line 176, in to_tensor
    return img.to(dtype=default_float_dtype).div(255)
           ^^^^^^^^^^^^^^^^^^^^^^^^^^^^^^^^^^^^^^^^^^
KeyboardInterrupt
