=== smoke: nice (v2) ===
+++ python -m CSMF2.experiments.step_1_1.run --expert nice --scale 2 --noise-sigma 0.0 --seed 0 --epochs 1
2026-05-11 17:37:14,715 INFO CSMF2.step_1_1.run :: STEP-1_1 run | tag=nice_s2_n0.00_seed0_381b76dc2078 | cfg=StepCfg(data_root='./mnist_data', scale=2, blur_sigma=1.0, noise_sigma=0.0, batch_size=128, expert='nice', dim=784, cond_width=128, h_dim=256, flow_hidden=256, use_film=True, cache_h=True, use_v2_conditioner=True, film_depth=2, film_hidden=128, film_use_gelu=True, realnvp_n_couplings=6, realnvp_s_max=2.0, glow_n_steps=8, glow_coupling_hidden=256, glow_s_max=2.0, glow_squeeze=True, glow_n_levels=1, glow_image_c=1, glow_image_h=28, glow_image_w=28, lr=0.001, epochs=1, weight_decay=0.0, grad_clip=5.0, seed=0, out_root='./CSMF2/experiments/step_1_1/results', log_every=50, sanity_every_epoch=True)
2026-05-11 17:37:14,801 INFO CSMF2.step_1_1.run :: [run] data sizes: train=55000  val=5000 (per-epoch)  test=10000 (final-only)
2026-05-11 17:37:18,451 INFO CSMF2.step_1_1.run :: epoch=0 step=50/429 train_nll=-501.608
2026-05-11 17:37:21,513 INFO CSMF2.step_1_1.run :: epoch=0 step=100/429 train_nll=-731.283
2026-05-11 17:37:24,608 INFO CSMF2.step_1_1.run :: epoch=0 step=150/429 train_nll=-853.063
2026-05-11 17:37:27,712 INFO CSMF2.step_1_1.run :: epoch=0 step=200/429 train_nll=-930.875
2026-05-11 17:37:30,844 INFO CSMF2.step_1_1.run :: epoch=0 step=250/429 train_nll=-986.156
2026-05-11 17:37:33,905 INFO CSMF2.step_1_1.run :: epoch=0 step=300/429 train_nll=-1029.871
2026-05-11 17:37:36,996 INFO CSMF2.step_1_1.run :: epoch=0 step=350/429 train_nll=-1065.441
2026-05-11 17:37:40,099 INFO CSMF2.step_1_1.run :: epoch=0 step=400/429 train_nll=-1095.833
2026-05-11 17:37:43,996 INFO CSMF2.step_1_1.run :: epoch=0  train_nll=-1111.864  val_nll=-1343.492  t=28.9s
2026-05-11 17:37:52,269 INFO CSMF2.step_1_1.run :: [run] FINAL test_nll (sealed 10k) = -1346.453
==============================================================
[1mSTEP-1_1 RUN SUMMARY[0m
==============================================================
expert: nice   scale: 2   noise: 0.0   seed: 0   epochs: 1
[1mv2 conditioner ACTIVE[0m  cw=128  h_dim=256  film_depth=2  film_hidden=128
train NLL:    -1111.86  ->    -1111.86  (Δ = +0.00)
test  NLL:    -1343.49  ->    -1343.49

[1mHARD GATES (halt on fail)[0m
  [32m  1/1   ✓[0m  invertibility FP64 <1e-5
  [31m  0/1   ✗[0m  latent KS vs N(0,1) <0.05
  [32m  1/1   ✓[0m  cycle_max < 1e-12
  [32m  1/1   ✓[0m  h std > 1e-3
  [32m  1/1   ✓[0m  FiLM γ,β std > 1e-3 aggregate
  [32m  1/1   ✓[0m  (y,seed) max|Δh| < 1e-6
  [32m  1/1   ✓[0m  no NaN/Inf this epoch
  [32m  1/1   ✓[0m  numeric log-det (FP64, once)

[1mv0.5 V2 HARD GATES (active)[0m
  [31mFAIL[0m  v2_nll_not_regressed          {'value': -1343.4916198730468, 'baseline': None, 'note': 'baseline_report missing'}
  [31mFAIL[0m  v2_fwd_rel_improved           {'value': 0.8156694173812866, 'baseline': None, 'note': 'baseline_report missing'}
  [31mFAIL[0m  v2_shuffle_gap_strong         {'gap_mean': 0.12340497970581055, 'min_nats': 1.0, 'min_ratio': 0.8, 'ratio_ok': True}
  [32mPASS[0m  v2_film_alive                 {'gamma_std_min': 0.01199592649936676, 'beta_std_min': 0.006622663699090481, 'eps': 0.001}

[1mINFORMATIONAL (logged, non-blocking)[0m
  [32m  1/1   ✓[0m  null-control gap ≥ 0.10
  [32m  1/1   ✓[0m  h_st Δlogp slope > 1e-3
  [32m  1/1   ✓[0m  grad norm > 1e-6
  [32m  1/1   ✓[0m  fwd residual reported
[1mv0.5 V2 SOFT WARNINGS[0m
  [32mok  [0m  sw2_diversity                 {'intra_std_X': 1.221307635307312, 'intra_std_Y': 1.2350053787231445, 'sw2_xy': 0.043712981045246124}
  [32mok  [0m  spectral_entropy              {'H_norm': 1.0}
--------------------------------------------------------------
[1mHARD TOTAL: 8/12[0m  (66.7%)
[1mEXIT_CRITERIA_MET:[0m [31mNO[0m
[1mREMEDY HINTS:[0m
  - hard gate failed: latent_ks (latent KS vs N(0,1) <0.05) -- check epochs [0]
  - NLL did not decrease -- check LR / init / data pipeline
  - v2 hard gate failed: no baseline_report cfg field, cannot evaluate NLL regression
  - v2 hard gate failed: shuffle gap_mean 0.12 (need >=1.0, ratio>=0.8)
==============================================================
2026-05-11 17:37:52,331 INFO CSMF2.step_1_1.run :: STEP-1_1 run DONE  exit_ok=False  out=CSMF2/experiments/step_1_1/results/nice_s2_n0.00_seed0_381b76dc2078
--- exit 2 (gates failed but training ok)
=== smoke: realnvp (v2) ===
+++ python -m CSMF2.experiments.step_1_1.run --expert realnvp --scale 2 --noise-sigma 0.0 --seed 0 --epochs 1
2026-05-11 17:37:54,016 INFO CSMF2.step_1_1.run :: STEP-1_1 run | tag=realnvp_s2_n0.00_seed0_093ea1d9e8b5 | cfg=StepCfg(data_root='./mnist_data', scale=2, blur_sigma=1.0, noise_sigma=0.0, batch_size=128, expert='realnvp', dim=784, cond_width=128, h_dim=256, flow_hidden=256, use_film=True, cache_h=True, use_v2_conditioner=True, film_depth=2, film_hidden=128, film_use_gelu=True, realnvp_n_couplings=6, realnvp_s_max=2.0, glow_n_steps=8, glow_coupling_hidden=256, glow_s_max=2.0, glow_squeeze=True, glow_n_levels=1, glow_image_c=1, glow_image_h=28, glow_image_w=28, lr=0.001, epochs=1, weight_decay=0.0, grad_clip=5.0, seed=0, out_root='./CSMF2/experiments/step_1_1/results', log_every=50, sanity_every_epoch=True)
2026-05-11 17:37:54,087 INFO CSMF2.step_1_1.run :: [run] data sizes: train=55000  val=5000 (per-epoch)  test=10000 (final-only)
2026-05-11 17:37:57,803 INFO CSMF2.step_1_1.run :: epoch=0 step=50/429 train_nll=-726.282
2026-05-11 17:38:01,030 INFO CSMF2.step_1_1.run :: epoch=0 step=100/429 train_nll=-1124.852
2026-05-11 17:38:04,302 INFO CSMF2.step_1_1.run :: epoch=0 step=150/429 train_nll=-1308.377
2026-05-11 17:38:07,596 INFO CSMF2.step_1_1.run :: epoch=0 step=200/429 train_nll=-1432.042
2026-05-11 17:38:10,819 INFO CSMF2.step_1_1.run :: epoch=0 step=250/429 train_nll=-1547.834
2026-05-11 17:38:14,001 INFO CSMF2.step_1_1.run :: epoch=0 step=300/429 train_nll=-1639.133
2026-05-11 17:38:17,243 INFO CSMF2.step_1_1.run :: epoch=0 step=350/429 train_nll=-1713.777
2026-05-11 17:38:20,505 INFO CSMF2.step_1_1.run :: epoch=0 step=400/429 train_nll=-1773.010
2026-05-11 17:38:24,441 INFO CSMF2.step_1_1.run :: epoch=0  train_nll=-1802.629  val_nll=-2268.175  t=30.1s
2026-05-11 17:38:32,229 INFO CSMF2.step_1_1.run :: [run] FINAL test_nll (sealed 10k) = -2261.461
==============================================================
[1mSTEP-1_1 RUN SUMMARY[0m
==============================================================
expert: realnvp   scale: 2   noise: 0.0   seed: 0   epochs: 1
[1mv2 conditioner ACTIVE[0m  cw=128  h_dim=256  film_depth=2  film_hidden=128
train NLL:    -1802.63  ->    -1802.63  (Δ = +0.00)
test  NLL:    -2268.17  ->    -2268.17

[1mHARD GATES (halt on fail)[0m
  [32m  1/1   ✓[0m  invertibility FP64 <1e-5
  [31m  0/1   ✗[0m  latent KS vs N(0,1) <0.05
  [32m  1/1   ✓[0m  cycle_max < 1e-12
  [32m  1/1   ✓[0m  h std > 1e-3
  [32m  1/1   ✓[0m  FiLM γ,β std > 1e-3 aggregate
  [32m  1/1   ✓[0m  (y,seed) max|Δh| < 1e-6
  [32m  1/1   ✓[0m  no NaN/Inf this epoch
  [32m  1/1   ✓[0m  numeric log-det (FP64, once)

[1mv0.5 V2 HARD GATES (active)[0m
  [31mFAIL[0m  v2_nll_not_regressed          {'value': -2268.174591064453, 'baseline': None, 'note': 'baseline_report missing'}
  [31mFAIL[0m  v2_fwd_rel_improved           {'value': 0.7363919019699097, 'baseline': None, 'note': 'baseline_report missing'}
  [31mFAIL[0m  v2_shuffle_gap_strong         {'gap_mean': -0.008228302001953125, 'min_nats': 1.0, 'min_ratio': 0.8, 'ratio_ok': True}
  [32mPASS[0m  v2_film_alive                 {'gamma_std_min': 0.005907025653868914, 'beta_std_min': 0.01007630955427885, 'eps': 0.001}

[1mINFORMATIONAL (logged, non-blocking)[0m
  [32m  1/1   ✓[0m  null-control gap ≥ 0.10
  [32m  1/1   ✓[0m  h_st Δlogp slope > 1e-3
  [32m  1/1   ✓[0m  grad norm > 1e-6
  [32m  1/1   ✓[0m  fwd residual reported
[1mv0.5 V2 SOFT WARNINGS[0m
  [32mok  [0m  sw2_diversity                 {'intra_std_X': 0.7975180149078369, 'intra_std_Y': 0.8025003671646118, 'sw2_xy': 0.03434963524341583}
  [32mok  [0m  spectral_entropy              {'H_norm': 1.0}
--------------------------------------------------------------
[1mHARD TOTAL: 8/12[0m  (66.7%)
[1mEXIT_CRITERIA_MET:[0m [31mNO[0m
[1mREMEDY HINTS:[0m
  - hard gate failed: latent_ks (latent KS vs N(0,1) <0.05) -- check epochs [0]
  - NLL did not decrease -- check LR / init / data pipeline
  - v2 hard gate failed: no baseline_report cfg field, cannot evaluate NLL regression
  - v2 hard gate failed: shuffle gap_mean -0.01 (need >=1.0, ratio>=0.8)
==============================================================
2026-05-11 17:38:32,288 INFO CSMF2.step_1_1.run :: STEP-1_1 run DONE  exit_ok=False  out=CSMF2/experiments/step_1_1/results/realnvp_s2_n0.00_seed0_093ea1d9e8b5
--- exit 2 (gates failed but training ok)
=== smoke: glow (v2) ===
+++ python -m CSMF2.experiments.step_1_1.run --expert glow --scale 2 --noise-sigma 0.0 --seed 0 --epochs 1
2026-05-11 17:38:33,933 INFO CSMF2.step_1_1.run :: STEP-1_1 run | tag=glow_s2_n0.00_seed0_1be1e12bac43 | cfg=StepCfg(data_root='./mnist_data', scale=2, blur_sigma=1.0, noise_sigma=0.0, batch_size=128, expert='glow', dim=784, cond_width=128, h_dim=256, flow_hidden=256, use_film=True, cache_h=True, use_v2_conditioner=True, film_depth=2, film_hidden=128, film_use_gelu=True, realnvp_n_couplings=6, realnvp_s_max=2.0, glow_n_steps=8, glow_coupling_hidden=256, glow_s_max=2.0, glow_squeeze=True, glow_n_levels=1, glow_image_c=1, glow_image_h=28, glow_image_w=28, lr=0.001, epochs=1, weight_decay=0.0, grad_clip=5.0, seed=0, out_root='./CSMF2/experiments/step_1_1/results', log_every=50, sanity_every_epoch=True)
2026-05-11 17:38:34,004 INFO CSMF2.step_1_1.run :: [run] data sizes: train=55000  val=5000 (per-epoch)  test=10000 (final-only)
2026-05-11 17:38:34,352 INFO CSMF2.models.flows.glow.actnorm :: [Actnorm] data-init: C=4  s_mean=0.570  b_mean=1.216
2026-05-11 17:38:34,374 INFO CSMF2.models.experts :: [CondGlow.init_actnorm] step 0 done
2026-05-11 17:38:34,375 INFO CSMF2.models.flows.glow.actnorm :: [Actnorm] data-init: C=4  s_mean=1.296  b_mean=0.000
2026-05-11 17:38:34,378 INFO CSMF2.models.experts :: [CondGlow.init_actnorm] step 1 done
2026-05-11 17:38:34,378 INFO CSMF2.models.flows.glow.actnorm :: [Actnorm] data-init: C=4  s_mean=1.027  b_mean=0.000
2026-05-11 17:38:34,381 INFO CSMF2.models.experts :: [CondGlow.init_actnorm] step 2 done
2026-05-11 17:38:34,382 INFO CSMF2.models.flows.glow.actnorm :: [Actnorm] data-init: C=4  s_mean=1.089  b_mean=-0.000
2026-05-11 17:38:34,385 INFO CSMF2.models.experts :: [CondGlow.init_actnorm] step 3 done
2026-05-11 17:38:34,385 INFO CSMF2.models.flows.glow.actnorm :: [Actnorm] data-init: C=4  s_mean=1.061  b_mean=-0.000
2026-05-11 17:38:34,388 INFO CSMF2.models.experts :: [CondGlow.init_actnorm] step 4 done
2026-05-11 17:38:34,388 INFO CSMF2.models.flows.glow.actnorm :: [Actnorm] data-init: C=4  s_mean=1.160  b_mean=0.000
2026-05-11 17:38:34,391 INFO CSMF2.models.experts :: [CondGlow.init_actnorm] step 5 done
2026-05-11 17:38:34,391 INFO CSMF2.models.flows.glow.actnorm :: [Actnorm] data-init: C=4  s_mean=1.165  b_mean=-0.000
2026-05-11 17:38:34,395 INFO CSMF2.models.experts :: [CondGlow.init_actnorm] step 6 done
2026-05-11 17:38:34,395 INFO CSMF2.models.flows.glow.actnorm :: [Actnorm] data-init: C=4  s_mean=1.019  b_mean=0.000
2026-05-11 17:38:34,398 INFO CSMF2.models.experts :: [CondGlow.init_actnorm] step 7 done
2026-05-11 17:38:34,398 INFO CSMF2.step_1_1.run :: [run] logdet twin check SKIPPED for Glow: twin-flow logdet check incompatible with image-shape Glow; per-epoch invertibility_check covers correctness
2026-05-11 17:38:40,315 INFO CSMF2.step_1_1.run :: epoch=0 step=50/429 train_nll=-2020.501
2026-05-11 17:38:46,033 INFO CSMF2.step_1_1.run :: epoch=0 step=100/429 train_nll=-2429.793
2026-05-11 17:38:51,790 INFO CSMF2.step_1_1.run :: epoch=0 step=150/429 train_nll=-2614.452
2026-05-11 17:38:57,522 INFO CSMF2.step_1_1.run :: epoch=0 step=200/429 train_nll=-2727.900
2026-05-11 17:39:03,300 INFO CSMF2.step_1_1.run :: epoch=0 step=250/429 train_nll=-2810.632
2026-05-11 17:39:09,135 INFO CSMF2.step_1_1.run :: epoch=0 step=300/429 train_nll=-2875.206
2026-05-11 17:39:14,914 INFO CSMF2.step_1_1.run :: epoch=0 step=350/429 train_nll=-2924.221
2026-05-11 17:39:20,670 INFO CSMF2.step_1_1.run :: epoch=0 step=400/429 train_nll=-2965.731
2026-05-11 17:39:27,026 INFO CSMF2.step_1_1.run :: epoch=0  train_nll=-2985.204  val_nll=-3293.201  t=52.6s
2026-05-11 17:39:41,651 INFO CSMF2.step_1_1.run :: [run] FINAL test_nll (sealed 10k) = -3287.753
==============================================================
[1mSTEP-1_1 RUN SUMMARY[0m
==============================================================
expert: glow   scale: 2   noise: 0.0   seed: 0   epochs: 1
[1mv2 conditioner ACTIVE[0m  cw=128  h_dim=256  film_depth=2  film_hidden=128
train NLL:    -2985.20  ->    -2985.20  (Δ = +0.00)
test  NLL:    -3293.20  ->    -3293.20

[1mHARD GATES (halt on fail)[0m
  [32m  1/1   ✓[0m  invertibility FP64 <1e-5
  [31m  0/1   ✗[0m  latent KS vs N(0,1) <0.05
  [32m  1/1   ✓[0m  cycle_max < 1e-12
  [31m  0/1   ✗[0m  h std > 1e-3
  [31m  0/1   ✗[0m  FiLM γ,β std > 1e-3 aggregate
  [31m  0/1   ✗[0m  (y,seed) max|Δh| < 1e-6
  [32m  1/1   ✓[0m  no NaN/Inf this epoch
  [32m  1/1   ✓[0m  numeric log-det (FP64, once)

[1mv0.5 V2 HARD GATES (active)[0m
  [31mFAIL[0m  v2_nll_not_regressed          {'value': -3293.2006652832033, 'baseline': None, 'note': 'baseline_report missing'}
  [31mFAIL[0m  v2_fwd_rel_improved           {'value': 1.0158076286315918, 'baseline': None, 'note': 'baseline_report missing'}
  [31mFAIL[0m  v2_shuffle_gap_strong         {'gap_mean': 2.002716064453125e-05, 'min_nats': 1.0, 'min_ratio': 0.8, 'ratio_ok': True}
  [32mPASS[0m  v2_film_alive                 {'gamma_std_min': 0.012522175908088684, 'beta_std_min': 0.0027036811225116253, 'eps': 0.001}

[1mINFORMATIONAL (logged, non-blocking)[0m
  [31m  0/1   ✗[0m  null-control gap ≥ 0.10
  [31m  0/1   ✗[0m  h_st Δlogp slope > 1e-3
  [31m  0/1   ✗[0m  grad norm > 1e-6
  [32m  1/1   ✓[0m  fwd residual reported
[1mv0.5 V2 SOFT WARNINGS[0m
  [32mok  [0m  sw2_diversity                 {'intra_std_X': 0.825904369354248, 'intra_std_Y': 0.7704509496688843, 'sw2_xy': 0.027107346802949905}
  [32mok  [0m  spectral_entropy              {'H_norm': 1.0}
--------------------------------------------------------------
[1mHARD TOTAL: 5/12[0m  (41.7%)
[1mEXIT_CRITERIA_MET:[0m [31mNO[0m
[1mREMEDY HINTS:[0m
  - hard gate failed: latent_ks (latent KS vs N(0,1) <0.05) -- check epochs [0]
  - hard gate failed: h_alive (h std > 1e-3) -- check epochs [0]
  - hard gate failed: film_alive (FiLM γ,β std > 1e-3 aggregate) -- check epochs [0]
  - hard gate failed: determinism ((y,seed) max|Δh| < 1e-6) -- check epochs [0]
  - NLL did not decrease -- check LR / init / data pipeline
  - v2 hard gate failed: no baseline_report cfg field, cannot evaluate NLL regression
  - v2 hard gate failed: shuffle gap_mean 0.00 (need >=1.0, ratio>=0.8)
==============================================================
2026-05-11 17:39:41,713 INFO CSMF2.step_1_1.run :: STEP-1_1 run DONE  exit_ok=False  out=CSMF2/experiments/step_1_1/results/glow_s2_n0.00_seed0_1be1e12bac43
--- exit 2 (gates failed but training ok)
=== smoke: nsf (legacy v1 cond) ===
+++ python -m CSMF2.experiments.step_1_1.run --expert nsf --scale 2 --noise-sigma 0.0 --seed 0 --epochs 1 --no-use-v2-conditioner --cond-width 64 --h-dim 128 --film-depth 1 --film-hidden 64 --no-film-use-gelu
2026-05-11 17:39:43,396 INFO CSMF2.step_1_1.run :: STEP-1_1 run | tag=nsf_s2_n0.00_seed0_ad10b23fe8e5 | cfg=StepCfg(data_root='./mnist_data', scale=2, blur_sigma=1.0, noise_sigma=0.0, batch_size=128, expert='nsf', dim=784, cond_width=64, h_dim=128, flow_hidden=256, use_film=True, cache_h=True, use_v2_conditioner=False, film_depth=1, film_hidden=64, film_use_gelu=False, realnvp_n_couplings=6, realnvp_s_max=2.0, glow_n_steps=8, glow_coupling_hidden=256, glow_s_max=2.0, glow_squeeze=True, glow_n_levels=1, glow_image_c=1, glow_image_h=28, glow_image_w=28, lr=0.001, epochs=1, weight_decay=0.0, grad_clip=5.0, seed=0, out_root='./CSMF2/experiments/step_1_1/results', log_every=50, sanity_every_epoch=True)
2026-05-11 17:39:43,473 INFO CSMF2.step_1_1.run :: [run] data sizes: train=55000  val=5000 (per-epoch)  test=10000 (final-only)
2026-05-11 17:39:50,191 INFO CSMF2.step_1_1.run :: epoch=0 step=50/429 train_nll=-1931.339
2026-05-11 17:39:56,126 INFO CSMF2.step_1_1.run :: epoch=0 step=100/429 train_nll=-2544.964
2026-05-11 17:40:02,224 INFO CSMF2.step_1_1.run :: epoch=0 step=150/429 train_nll=-2808.181
2026-05-11 17:40:08,269 INFO CSMF2.step_1_1.run :: epoch=0 step=200/429 train_nll=-2942.523
2026-05-11 17:40:14,227 INFO CSMF2.step_1_1.run :: epoch=0 step=250/429 train_nll=-3023.667
2026-05-11 17:40:20,259 INFO CSMF2.step_1_1.run :: epoch=0 step=300/429 train_nll=-3080.240
2026-05-11 17:40:26,296 INFO CSMF2.step_1_1.run :: epoch=0 step=350/429 train_nll=-3129.709
2026-05-11 17:40:32,301 INFO CSMF2.step_1_1.run :: epoch=0 step=400/429 train_nll=-3168.464
2026-05-11 17:40:38,941 INFO CSMF2.step_1_1.run :: epoch=0  train_nll=-3186.280  val_nll=-3422.730  t=55.0s
2026-05-11 17:40:48,290 INFO CSMF2.step_1_1.run :: [run] FINAL test_nll (sealed 10k) = -3422.109
==============================================================
[1mSTEP-1_1 RUN SUMMARY[0m
==============================================================
expert: nsf   scale: 2   noise: 0.0   seed: 0   epochs: 1
train NLL:    -3186.28  ->    -3186.28  (Δ = +0.00)
test  NLL:    -3422.73  ->    -3422.73

[1mHARD GATES (halt on fail)[0m
  [32m  1/1   ✓[0m  invertibility FP64 <1e-5
  [32m  1/1   ✓[0m  latent KS vs N(0,1) <0.05
  [32m  1/1   ✓[0m  cycle_max < 1e-12
  [32m  1/1   ✓[0m  h std > 1e-3
  [32m  1/1   ✓[0m  FiLM γ,β std > 1e-3 aggregate
  [32m  1/1   ✓[0m  (y,seed) max|Δh| < 1e-6
  [32m  1/1   ✓[0m  no NaN/Inf this epoch
  [32m  1/1   ✓[0m  numeric log-det (FP64, once)

[1mINFORMATIONAL (logged, non-blocking)[0m
  [31m  0/1   ✗[0m  null-control gap ≥ 0.10
  [32m  1/1   ✓[0m  h_st Δlogp slope > 1e-3
  [32m  1/1   ✓[0m  grad norm > 1e-6
  [32m  1/1   ✓[0m  fwd residual reported
--------------------------------------------------------------
[1mHARD TOTAL: 8/8[0m  (100.0%)
[1mEXIT_CRITERIA_MET:[0m [31mNO[0m
[1mREMEDY HINTS:[0m
  - NLL did not decrease -- check LR / init / data pipeline
==============================================================
2026-05-11 17:40:48,348 INFO CSMF2.step_1_1.run :: STEP-1_1 run DONE  exit_ok=False  out=CSMF2/experiments/step_1_1/results/nsf_s2_n0.00_seed0_ad10b23fe8e5
--- exit 0 (gates passed)
